  eval: e=0.3898  p=[0.950 0.450 0.750 0.020 0.150 0.450 0.450]
 
 Iteration   Func-count         f(x)         Procedure
     0            1         0.389802         
  eval: e=0.3898  p=[0.997 0.450 0.750 0.020 0.150 0.450 0.450]
  eval: e=0.3898  p=[0.950 0.473 0.750 0.020 0.150 0.450 0.450]
  eval: e=0.3898  p=[0.950 0.450 0.788 0.020 0.150 0.450 0.450]
  eval: e=0.3898  p=[0.950 0.450 0.750 0.021 0.150 0.450 0.450]
  eval: e=0.3896  p=[0.950 0.450 0.750 0.020 0.158 0.450 0.450]
  eval: e=0.3902  p=[0.950 0.450 0.750 0.020 0.150 0.473 0.450]
  eval: e=0.3898  p=[0.950 0.450 0.750 0.020 0.150 0.450 0.473]
     1            8         0.389562         initial simplex
  eval: e=0.3892  p=[0.964 0.456 0.761 0.020 0.152 0.428 0.456]
  eval: e=0.3886  p=[0.970 0.460 0.766 0.020 0.153 0.405 0.460]
     2           10         0.388579         expand
  eval: e=0.3894  p=[0.908 0.459 0.765 0.020 0.153 0.437 0.459]
     3           11         0.388579         reflect
  eval: e=0.3893  p=[0.944 0.462 0.770 0.021 0.154 0.433 0.433]
     4           12         0.388579         reflect
  eval: e=0.3891  p=[0.942 0.465 0.775 0.021 0.155 0.429 0.450]
     5           13         0.388579         reflect
  eval: e=0.3889  p=[0.940 0.470 0.783 0.020 0.157 0.423 0.451]
     6           14         0.388579         reflect
  eval: e=0.3887  p=[0.937 0.475 0.744 0.020 0.158 0.415 0.451]
     7           15         0.388579         reflect
  eval: e=0.3883  p=[0.933 0.453 0.779 0.021 0.161 0.405 0.451]
  eval: e=0.3874  p=[0.925 0.444 0.794 0.021 0.166 0.382 0.452]
     8           17         0.387361         expand
  eval: e=0.3879  p=[0.926 0.474 0.792 0.021 0.156 0.385 0.451]
     9           18         0.387361         reflect
  eval: e=0.3876  p=[0.973 0.469 0.784 0.021 0.161 0.384 0.440]
    10           19         0.387361         reflect
  eval: e=0.3872  p=[0.946 0.469 0.784 0.020 0.162 0.373 0.468]
  eval: e=0.3857  p=[0.947 0.472 0.791 0.020 0.166 0.343 0.486]
    11           21         0.385724         expand
  eval: e=0.3863  p=[0.949 0.467 0.783 0.020 0.164 0.353 0.461]
    12           22         0.385724         reflect
  eval: e=0.3857  p=[0.954 0.462 0.776 0.022 0.165 0.339 0.464]
  eval: e=0.3835  p=[0.960 0.458 0.772 0.022 0.169 0.298 0.471]
    13           24         0.383482         expand
  eval: e=0.3844  p=[0.963 0.452 0.823 0.021 0.166 0.314 0.469]
    14           25         0.383482         reflect
  eval: e=0.3829  p=[0.928 0.465 0.816 0.021 0.175 0.297 0.463]
  eval: e=0.3782  p=[0.906 0.468 0.841 0.022 0.185 0.244 0.465]
    15           27         0.378207         expand
  eval: e=0.3814  p=[0.966 0.449 0.805 0.021 0.181 0.276 0.475]
    16           28         0.378207         reflect
  eval: e=0.3794  p=[0.917 0.448 0.818 0.022 0.181 0.248 0.497]
    17           29         0.378207         reflect
  eval: e=0.3760  p=[0.963 0.474 0.815 0.022 0.180 0.211 0.498]
  eval: e=0.3669  p=[0.982 0.490 0.826 0.022 0.187 0.125 0.522]
    18           31         0.366936         expand
  eval: e=0.3724  p=[0.949 0.458 0.839 0.023 0.189 0.174 0.506]
    19           32         0.366936         reflect
  eval: e=0.3698  p=[0.952 0.449 0.844 0.024 0.194 0.137 0.487]
    20           33         0.366936         reflect
  eval: e=0.3661  p=[0.932 0.468 0.819 0.024 0.202 0.115 0.509]
  eval: e=0.3604  p=[0.917 0.476 0.817 0.025 0.219 0.016 0.528]
    21           35         0.360416         expand
  eval: e=0.3608  p=[0.922 0.466 0.883 0.023 0.213 0.051 0.524]
    22           36         0.360416         reflect
  eval: e=0.3598  p=[0.904 0.481 0.872 0.025 0.210 0.008 0.533]
  eval: e=0.3594  p=[0.873  0.497  0.906  0.026  0.225 -0.127  0.561]
    23           38         0.359367         expand
  eval: e=0.3574  p=[0.940  0.496  0.884  0.025  0.222 -0.071  0.530]
  eval: e=0.3685  p=[0.951  0.520  0.916  0.027  0.243 -0.230  0.546]
    24           40         0.357369         reflect
  eval: e=0.3625  p=[0.961  0.484  0.873  0.026  0.229 -0.156  0.580]
    25           41         0.357369         reflect
  eval: e=0.3635  p=[0.921  0.502  0.885  0.026  0.237 -0.182  0.560]
    26           42         0.357369         reflect
  eval: e=0.3689  p=[0.910  0.526  0.891  0.026  0.244 -0.235  0.600]
  eval: e=0.3594  p=[0.920  0.506  0.879  0.025  0.232 -0.142  0.572]
    27           44         0.357369         contract outside
  eval: e=0.3751  p=[0.862  0.489  0.924  0.028  0.263 -0.299  0.580]
  eval: e=0.3600  p=[0.952 0.490 0.851 0.024 0.206 0.019 0.536]
    28           46         0.357369         contract inside
  eval: e=0.3619  p=[0.931 0.474 0.856 0.024 0.205 0.065 0.535]
    29           47         0.357369         reflect
  eval: e=0.3621  p=[0.884 0.489 0.863 0.023 0.206 0.102 0.502]
  eval: e=0.3593  p=[0.903 0.488 0.865 0.024 0.212 0.038 0.521]
    30           49         0.357369         contract outside
  eval: e=0.3583  p=[0.905  0.503  0.883  0.025  0.232 -0.126  0.543]
    31           50         0.357369         reflect
  eval: e=0.3617  p=[0.909  0.521  0.856  0.027  0.230 -0.163  0.560]
  eval: e=0.3590  p=[0.919  0.480  0.876  0.024  0.217 -0.003  0.533]
    32           52         0.357369         contract inside
  eval: e=0.3595  p=[0.916  0.512  0.938  0.025  0.223 -0.134  0.557]
    33           53         0.357369         reflect
  eval: e=0.3623  p=[0.870  0.505  0.930  0.026  0.240 -0.180  0.554]
  eval: e=0.3582  p=[0.931  0.493  0.870  0.024  0.215 -0.031  0.541]
    34           55         0.357369         contract inside
  eval: e=0.3599  p=[0.911 0.477 0.823 0.025 0.222 0.002 0.529]
  eval: e=0.3576  p=[0.914  0.503  0.909  0.025  0.222 -0.100  0.550]
    35           57         0.357369         contract inside
  eval: e=0.3597  p=[0.904 0.482 0.890 0.024 0.210 0.022 0.508]
  eval: e=0.3575  p=[0.916  0.500  0.882  0.025  0.226 -0.101  0.556]
    36           59         0.357369         contract inside
  eval: e=0.3585  p=[0.964 0.493 0.857 0.023 0.217 0.014 0.517]
    37           60         0.357369         reflect
  eval: e=0.3612  p=[0.951  0.503  0.895  0.025  0.231 -0.157  0.556]
  eval: e=0.3581  p=[0.915  0.492  0.873  0.024  0.217 -0.011  0.530]
    38           62         0.357369         contract inside
  eval: e=0.3580  p=[0.934  0.514  0.883  0.025  0.226 -0.119  0.543]
    39           63         0.357369         reflect
  eval: e=0.3632  p=[0.881  0.508  0.910  0.027  0.229 -0.174  0.567]
  eval: e=0.3574  p=[0.943  0.496  0.870  0.024  0.220 -0.033  0.529]
    40           65         0.357369         contract inside
  eval: e=0.3584  p=[0.951  0.496  0.881  0.024  0.211 -0.007  0.536]
  eval: e=0.3573  p=[0.916  0.501  0.882  0.025  0.227 -0.096  0.541]
    41           67         0.357271         contract inside
  eval: e=0.3576  p=[0.920  0.507  0.896  0.025  0.231 -0.121  0.539]
    42           68         0.357271         reflect
  eval: e=0.3623  p=[0.938  0.514  0.900  0.026  0.233 -0.172  0.553]
  eval: e=0.3571  p=[0.921  0.497  0.880  0.025  0.221 -0.051  0.536]
    43           70         0.357115         contract inside
  eval: e=0.3575  p=[0.915  0.486  0.889  0.025  0.222 -0.045  0.537]
    44           71         0.357115         reflect
  eval: e=0.3572  p=[0.935  0.492  0.857  0.025  0.226 -0.048  0.527]
    45           72         0.357115         reflect
  eval: e=0.3591  p=[0.933  0.484  0.859  0.024  0.216 -0.006  0.534]
  eval: e=0.3569  p=[0.923  0.501  0.887  0.025  0.227 -0.092  0.538]
    46           74           0.3569         contract inside
  eval: e=0.3571  p=[0.941  0.509  0.866  0.025  0.226 -0.096  0.536]
    47           75           0.3569         reflect
  eval: e=0.3572  p=[0.946  0.498  0.868  0.025  0.222 -0.038  0.512]
    48           76           0.3569         reflect
  eval: e=0.3576  p=[0.920  0.502  0.880  0.026  0.229 -0.108  0.533]
  eval: e=0.3571  p=[0.937  0.498  0.872  0.025  0.222 -0.052  0.530]
    49           78           0.3569         contract inside
  eval: e=0.3564  p=[0.923  0.503  0.863  0.024  0.226 -0.064  0.533]
  eval: e=0.3559  p=[0.914  0.507  0.852  0.024  0.228 -0.061  0.535]
    50           80         0.355918         expand
  eval: e=0.3571  p=[0.946  0.500  0.856  0.024  0.223 -0.029  0.519]
    51           81         0.355918         reflect
  eval: e=0.3566  p=[0.916  0.504  0.866  0.025  0.228 -0.084  0.551]
    52           82         0.355918         reflect
  eval: e=0.3564  p=[0.922  0.513  0.880  0.024  0.224 -0.085  0.543]
    53           83         0.355918         reflect
  eval: e=0.3562  p=[0.936  0.512  0.857  0.025  0.230 -0.091  0.537]
    54           84         0.355918         reflect
  eval: e=0.3584  p=[0.908  0.513  0.881  0.025  0.230 -0.132  0.558]
  eval: e=0.3565  p=[0.936  0.503  0.862  0.024  0.225 -0.055  0.529]
    55           86         0.355918         contract inside
  eval: e=0.3561  p=[0.912  0.501  0.870  0.024  0.227 -0.053  0.539]
    56           87         0.355918         reflect
  eval: e=0.3559  p=[0.908  0.514  0.863  0.024  0.232 -0.098  0.547]
    57           88         0.355918         reflect
  eval: e=0.3556  p=[0.918  0.514  0.842  0.024  0.228 -0.059  0.543]
  eval: e=0.3553  p=[0.915  0.520  0.819  0.023  0.228 -0.042  0.545]
    58           90         0.355309         expand
  eval: e=0.3554  p=[0.925  0.516  0.849  0.023  0.228 -0.054  0.527]
    59           91         0.355309         reflect
  eval: e=0.3551  p=[0.901  0.521  0.850  0.023  0.231 -0.084  0.549]
  eval: e=0.3547  p=[0.884  0.530  0.843  0.023  0.235 -0.098  0.559]
    60           93         0.354718         expand
  eval: e=0.3547  p=[0.905  0.516  0.822  0.023  0.235 -0.057  0.539]
    61           94         0.354718         reflect
  eval: e=0.3548  p=[0.882  0.518  0.834  0.022  0.231 -0.041  0.547]
    62           95         0.354718         reflect
  eval: e=0.3541  p=[0.898  0.533  0.811  0.022  0.235 -0.076  0.547]
  eval: e=0.3534  p=[0.891  0.549  0.781  0.022  0.240 -0.088  0.551]
    63           97         0.353395         expand
  eval: e=0.3545  p=[0.897  0.531  0.794  0.021  0.233 -0.029  0.539]
    64           98         0.353395         reflect
  eval: e=0.3531  p=[0.886  0.544  0.789  0.021  0.237 -0.055  0.553]
  eval: e=0.3519  p=[0.872  0.563  0.757  0.019  0.241 -0.052  0.563]
    65          100         0.351859         expand
  eval: e=0.3525  p=[0.859  0.548  0.765  0.020  0.242 -0.062  0.571]
    66          101         0.351859         reflect
  eval: e=0.3520  p=[0.853  0.552  0.780  0.020  0.245 -0.080  0.560]
    67          102         0.351859         reflect
  eval: e=0.3522  p=[0.878  0.565  0.749  0.020  0.247 -0.092  0.562]
    68          103         0.351859         reflect
  eval: e=0.3513  p=[0.847  0.580  0.741  0.019  0.245 -0.086  0.576]
  eval: e=0.3503  p=[0.818  0.613  0.700  0.017  0.250 -0.101  0.595]
    69          105         0.350286         expand
  eval: e=0.3508  p=[0.850  0.590  0.678  0.017  0.250 -0.046  0.567]
    70          106         0.350286         reflect
  eval: e=0.3509  p=[0.823  0.607  0.694  0.017  0.257 -0.121  0.594]
    71          107         0.350286         reflect
  eval: e=0.3490  p=[0.810  0.605  0.683  0.016  0.255 -0.071  0.595]
  eval: e=0.3473  p=[0.770  0.632  0.634  0.013  0.263 -0.062  0.618]
    72          109         0.347305         expand
  eval: e=0.3487  p=[0.816  0.630  0.661  0.015  0.259 -0.096  0.589]
    73          110         0.347305         reflect
  eval: e=0.3478  p=[0.780  0.632  0.652  0.014  0.258 -0.067  0.605]
    74          111         0.347305         reflect
  eval: e=0.3472  p=[0.784  0.666  0.585  0.012  0.263 -0.075  0.620]
  eval: e=0.3459  p=[0.749  0.723  0.488  0.008  0.272 -0.073  0.650]
    75          113         0.345947         expand
  eval: e=0.3464  p=[0.730  0.702  0.531  0.010  0.276 -0.109  0.642]
    76          114         0.345947         reflect
  eval: e=0.3468  p=[0.752  0.686  0.547  0.009  0.265 -0.038  0.624]
    77          115         0.345947         reflect
  eval: e=0.3451  p=[0.698  0.729  0.526  0.007  0.277 -0.110  0.668]
  eval: e=0.3450  p=[0.622  0.798  0.449  0.002  0.290 -0.143  0.719]
    78          117         0.344979         expand
  eval: e=0.3434  p=[0.673  0.760  0.432  0.003  0.288 -0.067  0.676]
  eval: e=0.3427  p=[0.600  0.833  0.298 -0.003  0.307 -0.050  0.716]
    79          119         0.342671         expand
  eval: e=0.3425  p=[0.613  0.801  0.368 -0.000  0.292 -0.059  0.718]
  eval: e=0.3422  p=[0.511  0.886  0.221 -0.008  0.309 -0.040  0.782]
    80          121         0.342238         expand
  eval: e=0.3423  p=[0.573  0.872  0.253 -0.005  0.308 -0.080  0.753]
    81          122         0.342238         reflect
  eval: e=0.3435  p=[0.527  0.939  0.163 -0.009  0.317 -0.090  0.778]
    82          123         0.342238         reflect
  eval: e=0.3405  p=[0.480  0.958  0.140 -0.011  0.329 -0.129  0.816]
  eval: e=0.3467  p=[0.344  1.095 -0.064 -0.021  0.361 -0.175  0.912]
    83          125         0.340456         reflect
  eval: e=0.3458  p=[0.430  1.015  0.044 -0.017  0.333 -0.064  0.848]
    84          126         0.340456         reflect
  eval: e=0.3470  p=[0.320  1.077 -0.040 -0.023  0.354 -0.098  0.897]
  eval: e=0.3431  p=[0.642  0.812  0.356  0.000  0.293 -0.079  0.711]
    85          128         0.340456         contract inside
  eval: e=0.3454  p=[0.700  0.727  0.494  0.007  0.282 -0.111  0.660]
  eval: e=0.3429  p=[0.632  0.799  0.381  0.001  0.295 -0.099  0.707]
    86          130         0.340456         contract outside
  eval: e=0.3537  p=[0.511  0.945  0.068 -0.012  0.326 -0.020  0.785]
  eval: e=0.3419  p=[0.594  0.835  0.354 -0.002  0.299 -0.112  0.736]
    87          132         0.340456         contract inside
  eval: e=0.3419  p=[0.626  0.774  0.410  0.001  0.295 -0.078  0.713]
    88          133         0.340456         reflect
  eval: e=0.3400  p=[0.506  0.890  0.232 -0.008  0.319 -0.089  0.781]
  eval: e=0.3390  p=[0.438  0.930  0.170 -0.012  0.332 -0.094  0.816]
    89          135         0.338983         expand
  eval: e=0.3403  p=[0.460  0.940  0.146 -0.013  0.328 -0.068  0.817]
    90          136         0.338983         reflect
  eval: e=0.3399  p=[0.452  0.937  0.185 -0.011  0.322 -0.122  0.836]
    91          137         0.338983         reflect
  eval: e=0.3387  p=[0.444  0.917  0.211 -0.010  0.324 -0.104  0.823]
  eval: e=0.3376  p=[0.380  0.940  0.190 -0.013  0.332 -0.116  0.858]
    92          139          0.33756         expand
  eval: e=0.3422  p=[0.469  0.917  0.235 -0.009  0.330 -0.165  0.815]
  eval: e=0.3401  p=[0.479  0.910  0.231 -0.009  0.325 -0.134  0.807]
    93          141          0.33756         contract outside
  eval: e=0.3377  p=[0.353  0.990  0.066 -0.017  0.347 -0.100  0.882]
    94          142          0.33756         reflect
  eval: e=0.3454  p=[0.243  1.113 -0.087 -0.026  0.367 -0.140  0.953]
  eval: e=0.3398  p=[0.530  0.859  0.286 -0.005  0.313 -0.094  0.773]
    95          144          0.33756         contract inside
  eval: e=0.3377  p=[0.403  0.900  0.225 -0.012  0.328 -0.078  0.838]
    96          145          0.33756         reflect
  eval: e=0.3402  p=[0.407  0.907  0.240 -0.010  0.329 -0.143  0.844]
  eval: e=0.3389  p=[0.420  0.915  0.217 -0.010  0.328 -0.124  0.837]
    97          147          0.33756         contract outside
  eval: e=0.3384  p=[0.371  0.939  0.151 -0.014  0.333 -0.074  0.862]
    98          148          0.33756         reflect
  eval: e=0.3374  p=[0.375  0.913  0.187 -0.013  0.339 -0.072  0.840]
  eval: e=0.3378  p=[0.337  0.900  0.188 -0.014  0.348 -0.048  0.842]
    99          150         0.337402         reflect
  eval: e=0.3384  p=[0.253  1.006  0.059 -0.021  0.356 -0.095  0.922]
   100          151         0.337402         reflect
  eval: e=0.3368  p=[0.293  0.957  0.143 -0.017  0.343 -0.094  0.910]
  eval: e=0.3376  p=[0.220  0.971  0.130 -0.019  0.349 -0.094  0.957]
   101          153         0.336798         reflect
  eval: e=0.3397  p=[0.273  0.983  0.075 -0.020  0.351 -0.055  0.910]
  eval: e=0.3377  p=[0.384  0.932  0.181 -0.013  0.334 -0.107  0.855]
   102          155         0.336798         contract inside
  eval: e=0.3356  p=[0.326  0.957  0.149 -0.016  0.347 -0.115  0.883]
  eval: e=0.3348  p=[0.304  0.967  0.149 -0.017  0.354 -0.136  0.893]
   103          157          0.33479         expand
  eval: e=0.3380  p=[0.459  0.879  0.267 -0.008  0.323 -0.106  0.814]
  eval: e=0.3375  p=[0.407  0.911  0.215 -0.011  0.331 -0.103  0.841]
   104          159          0.33479         contract outside
  eval: e=0.3372  p=[0.375  0.872  0.302 -0.010  0.327 -0.102  0.842]
   105          160          0.33479         reflect
  eval: e=0.3365  p=[0.341  0.913  0.222 -0.013  0.339 -0.093  0.866]
   106          161          0.33479         reflect
  eval: e=0.3359  p=[0.304  0.949  0.177 -0.015  0.348 -0.126  0.891]
   107          162          0.33479         reflect
  eval: e=0.3360  p=[0.305  0.912  0.209 -0.015  0.348 -0.092  0.880]
   108          163          0.33479         reflect
  eval: e=0.3360  p=[0.249  0.941  0.182 -0.017  0.354 -0.101  0.908]
   109          164          0.33479         reflect
  eval: e=0.3369  p=[0.245  0.948  0.208 -0.016  0.350 -0.140  0.928]
   110          165          0.33479         reflect
  eval: e=0.3363  p=[0.208  1.010  0.066 -0.022  0.369 -0.122  0.951]
   111          166          0.33479         reflect
  eval: e=0.3371  p=[0.328  0.952  0.120 -0.017  0.351 -0.078  0.871]
  eval: e=0.3359  p=[0.265  0.949  0.186 -0.016  0.351 -0.125  0.914]
   112          168          0.33479         contract inside
  eval: e=0.3349  p=[0.272  0.941  0.197 -0.016  0.360 -0.133  0.891]
   113          169          0.33479         reflect
  eval: e=0.3338  p=[0.204  0.992  0.111 -0.020  0.371 -0.145  0.942]
  eval: e=0.3394  p=[0.135  1.032  0.056 -0.024  0.387 -0.171  0.980]
   114          171         0.333825         reflect
  eval: e=0.3365  p=[0.335  0.890  0.280 -0.012  0.342 -0.124  0.855]
  eval: e=0.3344  p=[0.240  0.980  0.120 -0.019  0.362 -0.122  0.927]
   115          173         0.333825         contract inside
  eval: e=0.3351  p=[0.220  1.007  0.112 -0.020  0.366 -0.162  0.939]
   116          174         0.333825         reflect
  eval: e=0.3340  p=[0.268  0.997  0.119 -0.018  0.364 -0.170  0.920]
   117          175         0.333825         reflect
  eval: e=0.3334  p=[0.252  1.003  0.095 -0.019  0.371 -0.159  0.915]
  eval: e=0.3383  p=[0.246  1.031  0.050 -0.021  0.381 -0.177  0.916]
   118          177         0.333377         reflect
  eval: e=0.3357  p=[0.199  1.019  0.080 -0.022  0.379 -0.167  0.946]
  eval: e=0.3332  p=[0.225  1.001  0.105 -0.020  0.372 -0.157  0.932]
   119          179         0.333184         contract outside
  eval: e=0.3340  p=[0.284  0.959  0.144 -0.017  0.364 -0.131  0.895]
   120          180         0.333184         reflect
  eval: e=0.3395  p=[0.236  1.031  0.044 -0.021  0.370 -0.158  0.945]
  eval: e=0.3342  p=[0.263  0.963  0.159 -0.017  0.363 -0.140  0.904]
   121          182         0.333184         contract inside
  eval: e=0.3334  p=[0.193  1.004  0.095 -0.021  0.379 -0.157  0.946]
   122          183         0.333184         reflect
  eval: e=0.3332  p=[0.243  0.997  0.117 -0.019  0.376 -0.180  0.917]
   123          184         0.333184         reflect
  eval: e=0.3371  p=[0.214  1.024  0.066 -0.021  0.379 -0.175  0.944]
  eval: e=0.3335  p=[0.251  0.978  0.135 -0.018  0.367 -0.148  0.914]
   124          186         0.333184         contract inside
  eval: e=0.3329  p=[0.204  0.984  0.111 -0.021  0.379 -0.138  0.926]
  eval: e=0.3335  p=[0.172  0.977  0.106 -0.022  0.387 -0.122  0.930]
   125          188         0.332921         reflect
  eval: e=0.3386  p=[0.164  1.030  0.076 -0.022  0.383 -0.179  0.960]
  eval: e=0.3333  p=[0.254  0.976  0.127 -0.019  0.369 -0.143  0.911]
   126          190         0.332921         contract inside
  eval: e=0.3323  p=[0.259  0.992  0.113 -0.019  0.375 -0.164  0.904]
  eval: e=0.3320  p=[0.287  0.992  0.114 -0.018  0.377 -0.174  0.885]
   127          192         0.332007         expand
  eval: e=0.3335  p=[0.223  1.010  0.083 -0.021  0.382 -0.168  0.924]
  eval: e=0.3324  p=[0.230  1.002  0.096 -0.020  0.379 -0.163  0.921]
   128          194         0.332007         contract outside
  eval: e=0.3323  p=[0.215  0.984  0.123 -0.020  0.381 -0.158  0.924]
   129          195         0.332007         reflect
  eval: e=0.3327  p=[0.281  0.978  0.131 -0.018  0.373 -0.161  0.888]
   130          196         0.332007         reflect
  eval: e=0.3328  p=[0.227  1.006  0.100 -0.020  0.385 -0.180  0.916]
   131          197         0.332007         reflect
  eval: e=0.3319  p=[0.234  0.988  0.106 -0.020  0.380 -0.143  0.909]
  eval: e=0.3322  p=[0.230  0.983  0.100 -0.021  0.382 -0.124  0.905]
   132          199         0.331876         reflect
  eval: e=0.3310  p=[0.254  0.979  0.118 -0.019  0.386 -0.162  0.888]
  eval: e=0.3304  p=[0.269  0.969  0.125 -0.019  0.394 -0.165  0.866]
   133          201          0.33038         expand
  eval: e=0.3320  p=[0.294  0.992  0.116 -0.018  0.383 -0.189  0.877]
   134          202          0.33038         reflect
  eval: e=0.3320  p=[0.291  0.967  0.131 -0.018  0.377 -0.149  0.876]
   135          203          0.33038         reflect
  eval: e=0.3304  p=[0.239  0.991  0.100 -0.020  0.390 -0.165  0.900]
   136          204          0.33038         reflect
  eval: e=0.3309  p=[0.293  0.965  0.137 -0.018  0.388 -0.163  0.861]
   137          205          0.33038         reflect
  eval: e=0.3308  p=[0.330  0.977  0.114 -0.017  0.388 -0.170  0.840]
   138          206          0.33038         reflect
  eval: e=0.3300  p=[0.266  0.997  0.101 -0.020  0.394 -0.185  0.878]
  eval: e=0.3320  p=[0.253  1.012  0.086 -0.020  0.403 -0.203  0.878]
   139          208         0.329995         reflect
  eval: e=0.3304  p=[0.254  0.973  0.111 -0.020  0.391 -0.143  0.877]
   140          209         0.329995         reflect
  eval: e=0.3292  p=[0.251  0.968  0.113 -0.020  0.401 -0.150  0.867]
  eval: e=0.3283  p=[0.233  0.956  0.113 -0.021  0.413 -0.138  0.858]
   141          211         0.328306         expand
  eval: e=0.3289  p=[0.304  0.963  0.123 -0.018  0.408 -0.179  0.828]
   142          212         0.328306         reflect
  eval: e=0.3285  p=[0.248  0.985  0.088 -0.020  0.406 -0.164  0.867]
   143          213         0.328306         reflect
  eval: e=0.3288  p=[0.188  0.976  0.104 -0.022  0.411 -0.156  0.895]
   144          214         0.328306         reflect
  eval: e=0.3276  p=[0.264  0.957  0.118 -0.019  0.415 -0.158  0.834]
  eval: e=0.3264  p=[0.277  0.940  0.127 -0.019  0.427 -0.155  0.801]
   145          216         0.326392         expand
  eval: e=0.3267  p=[0.236  0.971  0.094 -0.021  0.421 -0.156  0.849]
   146          217         0.326392         reflect
  eval: e=0.3255  p=[0.247  0.967  0.103 -0.021  0.432 -0.181  0.830]
  eval: e=0.3233  p=[0.244  0.964  0.099 -0.021  0.452 -0.199  0.806]
   147          219         0.323331         expand
  eval: e=0.3248  p=[0.229  0.933  0.113 -0.021  0.445 -0.143  0.809]
   148          220         0.323331         reflect
  eval: e=0.3264  p=[0.169  0.959  0.087 -0.024  0.442 -0.138  0.853]
   149          221         0.323331         reflect
  eval: e=0.3244  p=[0.280  0.941  0.103 -0.020  0.447 -0.156  0.774]
   150          222         0.323331         reflect
  eval: e=0.3219  p=[0.228  0.919  0.122 -0.022  0.464 -0.146  0.776]
  eval: e=0.3188  p=[0.218  0.885  0.139 -0.022  0.494 -0.137  0.730]
   151          224         0.318837         expand
  eval: e=0.3196  p=[0.239  0.927  0.105 -0.022  0.481 -0.172  0.748]
   152          225         0.318837         reflect
  eval: e=0.3179  p=[0.237  0.900  0.127 -0.022  0.490 -0.159  0.728]
  eval: e=0.3130  p=[0.237  0.864  0.143 -0.022  0.524 -0.161  0.668]
   153          227          0.31301         expand
  eval: e=0.3171  p=[0.323  0.885  0.149 -0.019  0.493 -0.183  0.671]
   154          228          0.31301         reflect
  eval: e=0.3123  p=[0.229  0.889  0.116 -0.023  0.526 -0.174  0.687]
  eval: e=0.3045  p=[0.204  0.864  0.111 -0.025  0.576 -0.183  0.630]
   155          230         0.304517         expand
  eval: e=0.3080  p=[0.270  0.876  0.130 -0.022  0.545 -0.197  0.627]
   156          231         0.304517         reflect
  eval: e=0.3028  p=[0.216  0.849  0.148 -0.023  0.571 -0.196  0.621]
  eval: e=0.2906  p=[0.185  0.803  0.170 -0.025  0.633 -0.215  0.545]
   157          233         0.290635         expand
  eval: e=0.3034  p=[0.235  0.780  0.172 -0.023  0.618 -0.157  0.514]
   158          234         0.290635         reflect
  eval: e=0.2964  p=[0.239  0.775  0.185 -0.023  0.629 -0.181  0.504]
   159          235         0.290635         reflect
  eval: e=0.2855  p=[0.265  0.785  0.163 -0.023  0.654 -0.228  0.458]
  eval: e=0.2687  p=[0.289  0.735  0.175 -0.023  0.735 -0.273  0.323]
   160          237         0.268681         expand
  eval: e=0.2817  p=[0.151  0.742  0.161 -0.028  0.725 -0.208  0.418]
   161          238         0.268681         reflect
  eval: e=0.2691  p=[0.212  0.729  0.173 -0.027  0.750 -0.243  0.349]
   162          239         0.268681         reflect
  eval: e=0.2724  p=[0.163  0.675  0.198 -0.028  0.788 -0.220  0.310]
   163          240         0.268681         reflect
  eval: e=0.2621  p=[0.216  0.633  0.242 -0.026  0.818 -0.245  0.217]
  eval: e=0.2537  p=[0.222  0.518  0.307 -0.027  0.939 -0.275  0.010]
   164          242         0.253669         expand
  eval: e=0.2567  p=[0.182  0.642  0.219 -0.028  0.867 -0.304  0.188]
   165          243         0.253669         reflect
  eval: e=0.2615  p=[0.163  0.609  0.216 -0.030  0.925 -0.316  0.108]
   166          244         0.253669         reflect
  eval: e=0.2676  p=[0.210  0.526  0.244 -0.030  1.003 -0.310 -0.057]
   167          245         0.253669         reflect
  eval: e=0.2879  p=[0.261  0.525  0.277 -0.027  0.991 -0.347 -0.066]
  eval: e=0.2654  p=[0.178  0.688  0.190 -0.028  0.791 -0.243  0.297]
   168          247         0.253669         contract inside
  eval: e=0.2689  p=[0.253  0.595  0.237 -0.027  0.929 -0.341  0.038]
   169          248         0.253669         reflect
  eval: e=0.2727  p=[0.215  0.504  0.281 -0.028  1.018 -0.346 -0.090]
  eval: e=0.2586  p=[0.213  0.672  0.200 -0.027  0.817 -0.269  0.239]
   170          250         0.253669         contract inside
  eval: e=0.2685  p=[0.163  0.659  0.206 -0.028  0.807 -0.228  0.279]
   171          251         0.253669         reflect
  eval: e=0.2539  p=[0.092  0.497  0.276 -0.033  1.022 -0.283 -0.018]
   172          252         0.253669         reflect
  eval: e=0.2796  p=[0.197  0.527  0.266 -0.030  1.012 -0.344 -0.060]
  eval: e=0.2577  p=[0.172  0.626  0.221 -0.028  0.858 -0.257  0.194]
   173          254         0.253669         contract inside
  eval: e=0.2673  p=[0.139  0.689  0.222 -0.028  0.774 -0.246  0.348]
  eval: e=0.2589  p=[0.157  0.648  0.227 -0.028  0.831 -0.262  0.247]
   174          256         0.253669         contract outside
  eval: e=0.2730  p=[0.165  0.516  0.286 -0.030  0.997 -0.319 -0.020]
  eval: e=0.2579  p=[0.175  0.645  0.214 -0.028  0.843 -0.262  0.218]
   175          258         0.253669         contract inside
  eval: e=0.2648  p=[0.184  0.604  0.259 -0.027  0.841 -0.230  0.200]
  eval: e=0.2565  p=[0.168  0.608  0.227 -0.029  0.904 -0.294  0.131]
   176          260         0.253669         contract inside
  eval: e=0.2582  p=[0.193  0.554  0.248 -0.029  0.955 -0.294  0.028]
   177          261         0.253669         reflect
  eval: e=0.2578  p=[0.131  0.496  0.289 -0.031  1.008 -0.294 -0.025]
   178          262         0.253669         reflect
  eval: e=0.2557  p=[0.133  0.598  0.253 -0.029  0.886 -0.269  0.171]
   179          263         0.253669         reflect
  eval: e=0.2610  p=[0.139  0.494  0.298 -0.030  1.010 -0.303 -0.031]
  eval: e=0.2552  p=[0.166  0.607  0.235 -0.029  0.885 -0.272  0.155]
   180          265         0.253669         contract inside
  eval: e=0.2597  p=[0.194  0.674  0.207 -0.027  0.809 -0.265  0.262]
  eval: e=0.2562  p=[0.146  0.541  0.269 -0.030  0.958 -0.286  0.047]
   181          267         0.253669         contract inside
  eval: e=0.2669  p=[0.145  0.520  0.290 -0.030  0.988 -0.310  0.001]
  eval: e=0.2551  p=[0.165  0.600  0.238 -0.029  0.891 -0.270  0.146]
   182          269         0.253669         contract inside
  eval: e=0.2537  p=[0.130  0.492  0.296 -0.030  0.986 -0.253 -0.005]
  eval: e=0.2640  p=[0.104  0.417  0.335 -0.032  1.045 -0.227 -0.101]
   183          271         0.253663         reflect
  eval: e=0.2543  p=[0.133  0.493  0.309 -0.030  0.972 -0.251  0.014]
   184          272         0.253663         reflect
  eval: e=0.2562  p=[0.151  0.546  0.278 -0.029  0.922 -0.249  0.088]
  eval: e=0.2545  p=[0.147  0.542  0.271 -0.030  0.949 -0.277  0.057]
   185          274         0.253663         contract inside
  eval: e=0.2521  p=[0.168  0.473  0.299 -0.030  1.013 -0.269 -0.068]
  eval: e=0.2525  p=[0.186  0.410  0.322 -0.030  1.076 -0.268 -0.188]
   186          276         0.252141         reflect
  eval: e=0.2528  p=[0.136  0.426  0.335 -0.031  1.050 -0.265 -0.116]
   187          277         0.252141         reflect
  eval: e=0.2561  p=[0.129  0.383  0.360 -0.031  1.090 -0.265 -0.182]
  eval: e=0.2539  p=[0.156  0.546  0.269 -0.029  0.940 -0.269  0.064]
   188          279         0.252141         contract inside
  eval: e=0.2532  p=[0.149  0.442  0.326 -0.030  1.029 -0.256 -0.092]
   189          280         0.252141         reflect
  eval: e=0.2534  p=[0.168  0.477  0.294 -0.030  1.022 -0.283 -0.078]
   190          281         0.252141         reflect
  eval: e=0.2532  p=[0.148  0.404  0.341 -0.031  1.077 -0.269 -0.169]
   191          282         0.252141         reflect
  eval: e=0.2519  p=[0.229  0.426  0.352 -0.027  1.010 -0.251 -0.130]
  eval: e=0.2551  p=[0.298  0.391  0.390 -0.024  1.004 -0.235 -0.186]
   192          284         0.251937         reflect
  eval: e=0.2652  p=[0.100  0.379  0.334 -0.033  1.114 -0.252 -0.198]
  eval: e=0.2527  p=[0.192  0.483  0.314 -0.028  0.983 -0.269 -0.042]
   193          286         0.251937         contract inside
  eval: e=0.2498  p=[0.210  0.402  0.350 -0.029  1.067 -0.279 -0.194]
  eval: e=0.2503  p=[0.251  0.358  0.377 -0.028  1.107 -0.292 -0.289]
   194          288          0.24983         reflect
  eval: e=0.2551  p=[0.185  0.396  0.368 -0.029  1.044 -0.248 -0.154]
  eval: e=0.2518  p=[0.172  0.457  0.312 -0.030  1.027 -0.274 -0.097]
   195          290          0.24983         contract inside
  eval: e=0.2509  p=[0.210  0.436  0.332 -0.028  1.036 -0.280 -0.142]
   196          291          0.24983         reflect
  eval: e=0.2524  p=[0.228  0.482  0.314 -0.027  0.976 -0.270 -0.057]
   197          292          0.24983         reflect
  eval: e=0.2528  p=[0.266  0.477  0.314 -0.026  0.982 -0.276 -0.092]
  eval: e=0.2517  p=[0.169  0.438  0.330 -0.030  1.033 -0.267 -0.110]
   198          294          0.24983         contract inside
  eval: e=0.2510  p=[0.204  0.407  0.340 -0.029  1.063 -0.271 -0.186]
   199          295          0.24983         reflect
  eval: e=0.2546  p=[0.161  0.386  0.347 -0.031  1.095 -0.270 -0.209]
  eval: e=0.2518  p=[0.211  0.458  0.323 -0.028  1.006 -0.270 -0.095]
   200          297          0.24983         contract inside
  eval: e=0.2499  p=[0.233  0.391  0.369 -0.027  1.057 -0.272 -0.204]
   201          298          0.24983         reflect
  eval: e=0.2496  p=[0.174  0.428  0.321 -0.030  1.072 -0.296 -0.164]
  eval: e=0.2495  p=[0.146  0.429  0.306 -0.032  1.103 -0.318 -0.181]
   202          300         0.249521         expand
  eval: e=0.2488  p=[0.224  0.389  0.359 -0.028  1.077 -0.285 -0.221]
  eval: e=0.2496  p=[0.249  0.356  0.382 -0.027  1.102 -0.291 -0.282]
   203          302         0.248799         reflect
  eval: e=0.2540  p=[0.188  0.368  0.359 -0.030  1.119 -0.294 -0.259]
  eval: e=0.2509  p=[0.205  0.436  0.332 -0.028  1.034 -0.276 -0.136]
   204          304         0.248799         contract inside
  eval: e=0.2472  p=[0.241  0.387  0.352 -0.028  1.092 -0.299 -0.251]
  eval: e=0.2512  p=[0.277  0.362  0.363 -0.027  1.121 -0.314 -0.321]
   205          306         0.247169         reflect
  eval: e=0.2482  p=[0.215  0.413  0.345 -0.029  1.070 -0.303 -0.193]
   206          307         0.247169         reflect
  eval: e=0.2495  p=[0.212  0.378  0.358 -0.029  1.107 -0.300 -0.252]
   207          308         0.247169         reflect
  eval: e=0.2553  p=[0.218  0.362  0.365 -0.029  1.129 -0.312 -0.292]
  eval: e=0.2497  p=[0.209  0.417  0.340 -0.029  1.058 -0.285 -0.175]
   208          310         0.247169         contract inside
  eval: e=0.2489  p=[0.183  0.414  0.319 -0.031  1.107 -0.319 -0.215]
   209          311         0.247169         reflect
  eval: e=0.2485  p=[0.198  0.406  0.330 -0.030  1.109 -0.324 -0.231]
   210          312         0.247169         reflect
  eval: e=0.2562  p=[0.197  0.387  0.337 -0.031  1.132 -0.329 -0.266]
  eval: e=0.2485  p=[0.206  0.410  0.339 -0.029  1.076 -0.296 -0.198]
   211          314         0.247169         contract inside
  eval: e=0.2486  p=[0.192  0.436  0.314 -0.030  1.074 -0.312 -0.173]
   212          315         0.247169         reflect
  eval: e=0.2466  p=[0.270  0.387  0.368 -0.026  1.070 -0.293 -0.242]
  eval: e=0.2463  p=[0.332  0.366  0.399 -0.024  1.053 -0.280 -0.273]
   213          317         0.246271         expand
  eval: e=0.2480  p=[0.276  0.388  0.378 -0.026  1.050 -0.281 -0.225]
   214          318         0.246271         reflect
  eval: e=0.2465  p=[0.251  0.412  0.343 -0.028  1.073 -0.313 -0.220]
   215          319         0.246271         reflect
  eval: e=0.2461  p=[0.299  0.359  0.396 -0.025  1.075 -0.287 -0.281]
  eval: e=0.2482  p=[0.353  0.321  0.437 -0.023  1.075 -0.274 -0.335]
   216          321         0.246108         reflect
  eval: e=0.2488  p=[0.322  0.376  0.399 -0.023  1.031 -0.265 -0.238]
  eval: e=0.2464  p=[0.229  0.398  0.347 -0.028  1.089 -0.309 -0.233]
   217          323         0.246108         contract inside
  eval: e=0.2442  p=[0.321  0.369  0.392 -0.024  1.067 -0.296 -0.281]
  eval: e=0.2416  p=[0.379  0.348  0.419 -0.022  1.062 -0.296 -0.323]
   218          325         0.241639         expand
  eval: e=0.2443  p=[0.358  0.346  0.408 -0.023  1.072 -0.287 -0.322]
   219          326         0.241639         reflect
  eval: e=0.2435  p=[0.320  0.359  0.384 -0.025  1.097 -0.311 -0.319]
   220          327         0.241639         reflect
  eval: e=0.2421  p=[0.379  0.352  0.418 -0.022  1.057 -0.297 -0.312]
   221          328         0.241639         reflect
  eval: e=0.2465  p=[0.405  0.310  0.449 -0.021  1.072 -0.277 -0.369]
  eval: e=0.2441  p=[0.367  0.336  0.422 -0.022  1.072 -0.286 -0.332]
   222          330         0.241639         contract outside
  eval: e=0.2439  p=[0.467  0.307  0.466 -0.018  1.050 -0.275 -0.385]
   223          331         0.241639         reflect
  eval: e=0.2417  p=[0.402  0.322  0.433 -0.021  1.085 -0.302 -0.377]
   224          332         0.241639         reflect
  eval: e=0.2380  p=[0.464  0.318  0.447 -0.019  1.067 -0.300 -0.396]
  eval: e=0.2367  p=[0.547  0.297  0.472 -0.016  1.062 -0.307 -0.454]
   225          334         0.236681         expand
  eval: e=0.2366  p=[0.459  0.317  0.454 -0.019  1.067 -0.306 -0.392]
  eval: e=0.2335  p=[0.510  0.303  0.477 -0.017  1.065 -0.315 -0.427]
   226          336         0.233478         expand
  eval: e=0.2337  p=[0.491  0.318  0.454 -0.018  1.065 -0.315 -0.410]
   227          337         0.233478         reflect
  eval: e=0.2383  p=[0.399  0.351  0.408 -0.022  1.091 -0.337 -0.364]
   228          338         0.233478         reflect
  eval: e=0.2303  p=[0.567  0.295  0.496 -0.014  1.042 -0.309 -0.443]
  eval: e=0.2242  p=[0.690  0.264  0.553 -0.009  1.015 -0.308 -0.506]
   229          340         0.224213         expand
  eval: e=0.2443  p=[0.597  0.277  0.500 -0.014  1.071 -0.326 -0.505]
  eval: e=0.2377  p=[0.434  0.334  0.439 -0.020  1.060 -0.304 -0.361]
   230          342         0.224213         contract inside
  eval: e=0.2269  p=[0.584  0.310  0.487 -0.014  1.035 -0.321 -0.435]
   231          343         0.224213         reflect
  eval: e=0.2338  p=[0.665  0.274  0.521 -0.011  1.050 -0.334 -0.522]
   232          344         0.224213         reflect
  eval: e=0.2301  p=[0.721  0.249  0.564 -0.007  1.010 -0.292 -0.526]
   233          345         0.224213         reflect
  eval: e=0.2334  p=[0.769  0.242  0.569 -0.006  1.026 -0.322 -0.577]
   234          346         0.224213         reflect
  eval: e=0.2177  p=[0.719  0.263  0.564 -0.007  1.014 -0.324 -0.519]
  eval: e=0.2118  p=[0.805  0.245  0.610 -0.003  0.989 -0.333 -0.551]
   235          348         0.211828         expand
  eval: e=0.2308  p=[0.641  0.278  0.540 -0.010  1.008 -0.296 -0.459]
   236          349         0.211828         reflect
  eval: e=0.2208  p=[0.857  0.222  0.631 -0.001  0.977 -0.310 -0.584]
   237          350         0.211828         reflect
  eval: e=0.2256  p=[0.938  0.215  0.653  0.002  0.952 -0.309 -0.612]
   238          351         0.211828         reflect
  eval: e=0.2324  p=[0.727  0.267  0.585 -0.006  0.970 -0.297 -0.473]
  eval: e=0.2262  p=[0.738  0.261  0.581 -0.006  0.984 -0.304 -0.499]
   239          353         0.211828         contract outside
  eval: e=0.2164  p=[0.883  0.227  0.625 -0.000  0.981 -0.326 -0.602]
   240          354         0.211828         reflect
  eval: e=0.2132  p=[0.848  0.249  0.618 -0.001  0.971 -0.339 -0.557]
   241          355         0.211828         reflect
  eval: e=0.2297  p=[1.062  0.170  0.733  0.009  0.928 -0.315 -0.682]
  eval: e=0.2197  p=[0.703  0.275  0.549 -0.008  1.008 -0.320 -0.497]
   242          357         0.211828         contract inside
  eval: e=0.2153  p=[0.898  0.224  0.630  0.000  0.986 -0.337 -0.618]
   243          358         0.211828         reflect
  eval: e=0.2177  p=[0.686  0.273  0.551 -0.009  1.027 -0.341 -0.507]
   244          359         0.211828         reflect
  eval: e=0.2115  p=[0.933  0.226  0.651  0.002  0.968 -0.351 -0.614]
  eval: e=0.2230  p=[1.054  0.208  0.701  0.007  0.944 -0.373 -0.668]
   245          361          0.21151         reflect
  eval: e=0.2065  p=[0.788  0.269  0.579 -0.005  1.003 -0.360 -0.543]
  eval: e=0.2125  p=[0.753  0.292  0.552 -0.007  1.015 -0.385 -0.523]
   246          363         0.206502         reflect
  eval: e=0.2152  p=[0.966  0.214  0.670  0.003  0.970 -0.362 -0.644]
   247          364         0.206502         reflect
  eval: e=0.2250  p=[1.062  0.200  0.701  0.008  0.935 -0.347 -0.673]
  eval: e=0.2094  p=[0.780  0.254  0.589 -0.005  1.004 -0.343 -0.548]
   248          366         0.206502         contract inside
  eval: e=0.2060  p=[0.836  0.254  0.617 -0.002  0.988 -0.367 -0.562]
  eval: e=0.2068  p=[0.813  0.267  0.613 -0.003  0.991 -0.388 -0.542]
   249          368         0.205985         reflect
  eval: e=0.2097  p=[0.804  0.265  0.608 -0.003  0.984 -0.364 -0.530]
   250          369         0.205985         reflect
  eval: e=0.2193  p=[0.690  0.290  0.551 -0.008  1.003 -0.340 -0.472]
  eval: e=0.2083  p=[0.897  0.233  0.640  0.000  0.979 -0.357 -0.601]
   251          371         0.205985         contract inside
  eval: e=0.2055  p=[0.821  0.250  0.609 -0.003  1.004 -0.368 -0.571]
  eval: e=0.2178  p=[0.807  0.251  0.604 -0.004  1.020 -0.382 -0.579]
   252          373         0.205535         reflect
  eval: e=0.2065  p=[0.869  0.255  0.617 -0.001  0.990 -0.384 -0.583]
   253          374         0.205535         reflect
  eval: e=0.2122  p=[0.723  0.282  0.565 -0.007  1.018 -0.375 -0.512]
  eval: e=0.2077  p=[0.880  0.240  0.630 -0.000  0.980 -0.357 -0.588]
   254          376         0.205535         contract inside
  eval: e=0.2122  p=[0.874  0.236  0.615 -0.001  1.001 -0.361 -0.612]
  eval: e=0.2068  p=[0.821  0.258  0.610 -0.003  0.988 -0.363 -0.551]
   255          378         0.205535         contract inside
  eval: e=0.2100  p=[0.909  0.248  0.640  0.001  0.977 -0.388 -0.594]
  eval: e=0.2058  p=[0.812  0.253  0.602 -0.003  0.997 -0.354 -0.560]
   256          380         0.205535         contract inside
  eval: e=0.2077  p=[0.769  0.276  0.578 -0.005  1.007 -0.373 -0.530]
   257          381         0.205535         reflect
  eval: e=0.2101  p=[0.753  0.278  0.573 -0.006  1.013 -0.377 -0.526]
  eval: e=0.2060  p=[0.848  0.250  0.616 -0.002  0.989 -0.362 -0.573]
   258          383         0.205535         contract inside
  eval: e=0.2076  p=[0.888  0.236  0.636  0.000  0.981 -0.358 -0.596]
  eval: e=0.2061  p=[0.858  0.246  0.622 -0.001  0.988 -0.362 -0.580]
   259          385         0.205535         contract outside
  eval: e=0.2048  p=[0.845  0.249  0.607 -0.002  1.000 -0.368 -0.584]
  eval: e=0.2129  p=[0.857  0.245  0.606 -0.002  1.006 -0.370 -0.601]
   260          387         0.204784         reflect
  eval: e=0.2081  p=[0.791  0.251  0.598 -0.004  1.000 -0.342 -0.552]
  eval: e=0.2051  p=[0.849  0.254  0.612 -0.002  0.993 -0.374 -0.575]
   261          389         0.204784         contract inside
  eval: e=0.2060  p=[0.890  0.233  0.645  0.000  0.985 -0.370 -0.601]
   262          390         0.204784         reflect
  eval: e=0.2036  p=[0.829  0.252  0.609 -0.003  1.000 -0.370 -0.571]
  eval: e=0.2067  p=[0.814  0.256  0.603 -0.004  1.006 -0.375 -0.566]
   263          392         0.203586         reflect
  eval: e=0.2076  p=[0.779  0.271  0.575 -0.005  1.006 -0.363 -0.541]
  eval: e=0.2051  p=[0.862  0.242  0.628 -0.001  0.991 -0.368 -0.586]
   264          394         0.203586         contract inside
  eval: e=0.2054  p=[0.824  0.252  0.608 -0.003  1.003 -0.372 -0.573]
   265          395         0.203586         reflect
  eval: e=0.2106  p=[0.833  0.247  0.604 -0.003  1.009 -0.368 -0.587]
  eval: e=0.2048  p=[0.836  0.252  0.614 -0.002  0.993 -0.367 -0.568]
   266          397         0.203586         contract inside
  eval: e=0.2049  p=[0.864  0.248  0.623 -0.001  0.998 -0.385 -0.591]
   267          398         0.203586         reflect
  eval: e=0.2059  p=[0.867  0.250  0.620 -0.001  0.990 -0.376 -0.585]
  eval: e=0.2038  p=[0.833  0.250  0.612 -0.003  1.000 -0.370 -0.575]
   268          400         0.203586         contract inside
  eval: e=0.2056  p=[0.866  0.248  0.622 -0.001  0.989 -0.372 -0.584]
  eval: e=0.2036  p=[0.835  0.251  0.612 -0.003  1.000 -0.372 -0.576]
   269          402         0.203586         contract inside
  eval: e=0.2045  p=[0.837  0.244  0.618 -0.002  1.002 -0.369 -0.582]
   270          403         0.203586         reflect
  eval: e=0.2082  p=[0.817  0.257  0.599 -0.004  1.008 -0.375 -0.570]
  eval: e=0.2044  p=[0.851  0.246  0.621 -0.002  0.995 -0.370 -0.582]
   271          405         0.203586         contract inside
  eval: e=0.2054  p=[0.812  0.251  0.603 -0.003  0.999 -0.354 -0.563]
  eval: e=0.2041  p=[0.851  0.249  0.618 -0.002  0.998 -0.377 -0.584]
   272          407         0.203586         contract inside
  eval: e=0.2080  p=[0.844  0.245  0.614 -0.002  1.006 -0.374 -0.590]
  eval: e=0.2042  p=[0.838  0.250  0.614 -0.002  0.996 -0.369 -0.574]
   273          409         0.203586         contract inside
  eval: e=0.2033  p=[0.833  0.248  0.622 -0.002  0.998 -0.375 -0.571]
  eval: e=0.2035  p=[0.827  0.248  0.630 -0.002  0.997 -0.378 -0.564]
   274          411         0.203337         reflect
  eval: e=0.2046  p=[0.840  0.255  0.613 -0.002  0.994 -0.374 -0.570]
  eval: e=0.2034  p=[0.838  0.247  0.617 -0.002  1.000 -0.371 -0.579]
   275          413         0.203337         contract inside
  eval: e=0.2049  p=[0.822  0.253  0.609 -0.003  1.003 -0.374 -0.569]
  eval: e=0.2040  p=[0.844  0.248  0.618 -0.002  0.997 -0.371 -0.579]
   276          415         0.203337         contract inside
  eval: e=0.2044  p=[0.837  0.248  0.617 -0.002  1.002 -0.375 -0.579]
  eval: e=0.2039  p=[0.838  0.250  0.615 -0.002  0.998 -0.371 -0.575]
   277          417         0.203337         contract inside
  eval: e=0.2037  p=[0.820  0.250  0.611 -0.003  0.999 -0.365 -0.566]
   278          418         0.203337         reflect
  eval: e=0.2042  p=[0.820  0.252  0.610 -0.003  1.002 -0.370 -0.568]
  eval: e=0.2037  p=[0.838  0.249  0.616 -0.002  0.998 -0.371 -0.576]
   279          420         0.203337         contract inside
  eval: e=0.2038  p=[0.827  0.250  0.613 -0.003  1.001 -0.370 -0.572]
  eval: e=0.2034  p=[0.829  0.250  0.614 -0.003  1.000 -0.370 -0.573]
   280          422         0.203337         contract outside
  eval: e=0.2035  p=[0.831  0.249  0.617 -0.003  0.998 -0.371 -0.571]
   281          423         0.203337         reflect
  eval: e=0.2035  p=[0.823  0.251  0.613 -0.003  1.001 -0.370 -0.569]
   282          424         0.203337         reflect
  eval: e=0.2035  p=[0.842  0.249  0.618 -0.002  1.000 -0.377 -0.579]
   283          425         0.203337         reflect
  eval: e=0.2031  p=[0.829  0.248  0.620 -0.003  0.999 -0.372 -0.571]
  eval: e=0.2030  p=[0.826  0.247  0.624 -0.003  0.999 -0.373 -0.568]
   284          427         0.203044         expand
  eval: e=0.2029  p=[0.835  0.245  0.627 -0.002  0.999 -0.374 -0.575]
  eval: e=0.2028  p=[0.838  0.241  0.635 -0.002  0.998 -0.376 -0.577]
   285          429         0.202781         expand
  eval: e=0.2033  p=[0.844  0.244  0.629 -0.002  0.997 -0.376 -0.580]
   286          430         0.202781         reflect
  eval: e=0.2033  p=[0.826  0.244  0.627 -0.002  0.998 -0.369 -0.569]
   287          431         0.202781         reflect
  eval: e=0.2028  p=[0.836  0.243  0.631 -0.002  0.999 -0.375 -0.576]
  eval: e=0.2025  p=[0.839  0.239  0.638 -0.002  0.999 -0.377 -0.579]
   288          433         0.202494         expand
  eval: e=0.2032  p=[0.830  0.243  0.637 -0.002  0.997 -0.377 -0.568]
   289          434         0.202494         reflect
  eval: e=0.2034  p=[0.838  0.238  0.647 -0.002  0.995 -0.379 -0.574]
  eval: e=0.2031  p=[0.836  0.241  0.639 -0.002  0.997 -0.377 -0.573]
   290          436         0.202494         contract outside
  eval: e=0.2027  p=[0.836  0.237  0.643 -0.002  0.998 -0.375 -0.576]
   291          437         0.202494         reflect
  eval: e=0.2028  p=[0.822  0.239  0.641 -0.002  0.998 -0.373 -0.566]
   292          438         0.202494         reflect
  eval: e=0.2028  p=[0.839  0.238  0.646 -0.002  0.998 -0.382 -0.576]
   293          439         0.202494         reflect
  eval: e=0.2023  p=[0.838  0.238  0.639 -0.002  0.999 -0.375 -0.579]
  eval: e=0.2026  p=[0.842  0.236  0.639 -0.002  1.001 -0.375 -0.585]
   294          441         0.202321         reflect
  eval: e=0.2023  p=[0.832  0.239  0.637 -0.002  1.000 -0.375 -0.576]
  eval: e=0.2031  p=[0.830  0.238  0.637 -0.002  1.002 -0.374 -0.577]
   295          443         0.202271         reflect
  eval: e=0.2023  p=[0.843  0.231  0.656 -0.001  0.999 -0.380 -0.583]
  eval: e=0.2024  p=[0.851  0.223  0.671 -0.001  0.999 -0.384 -0.591]
   296          445         0.202269         reflect
  eval: e=0.2027  p=[0.854  0.236  0.643 -0.001  0.999 -0.381 -0.590]
   297          446         0.202269         reflect
  eval: e=0.2021  p=[0.842  0.233  0.651 -0.002  1.000 -0.379 -0.583]
  eval: e=0.2021  p=[0.844  0.228  0.659 -0.002  1.000 -0.381 -0.585]
   298          448         0.202058         reflect
  eval: e=0.2022  p=[0.842  0.234  0.641 -0.002  1.000 -0.373 -0.585]
   299          449         0.202058         reflect
  eval: e=0.2024  p=[0.824  0.236  0.644 -0.002  0.999 -0.372 -0.570]
   300          450         0.202058         reflect
  eval: e=0.2026  p=[0.839  0.234  0.644 -0.002  1.001 -0.377 -0.583]
  eval: e=0.2022  p=[0.838  0.235  0.644 -0.002  1.000 -0.376 -0.581]
   301          452         0.202058         contract outside
  eval: e=0.2020  p=[0.835  0.231  0.651 -0.002  1.000 -0.375 -0.580]
  eval: e=0.2022  p=[0.832  0.227  0.658 -0.002  1.001 -0.375 -0.581]
   302          454         0.202013         reflect
  eval: e=0.2025  p=[0.853  0.233  0.648 -0.001  1.000 -0.381 -0.592]
  eval: e=0.2021  p=[0.831  0.235  0.645 -0.002  1.000 -0.374 -0.576]
   303          456         0.202013         contract inside
  eval: e=0.2020  p=[0.838  0.230  0.654 -0.002  1.000 -0.377 -0.582]
  eval: e=0.2021  p=[0.837  0.226  0.662 -0.002  1.001 -0.378 -0.583]
   304          458         0.201968         reflect
  eval: e=0.2018  p=[0.845  0.226  0.660 -0.001  1.000 -0.378 -0.587]
  eval: e=0.2019  p=[0.852  0.220  0.672 -0.001  0.999 -0.379 -0.593]
   305          460         0.201843         reflect
  eval: e=0.2026  p=[0.834  0.233  0.643 -0.002  1.001 -0.372 -0.581]
  eval: e=0.2020  p=[0.841  0.231  0.652 -0.002  0.999 -0.378 -0.583]
   306          462         0.201843         contract inside
  eval: e=0.2022  p=[0.835  0.229  0.661 -0.002  1.000 -0.380 -0.578]
   307          463         0.201843         reflect
  eval: e=0.2021  p=[0.838  0.226  0.663 -0.002  0.999 -0.378 -0.581]
   308          464         0.201843         reflect
  eval: e=0.2020  p=[0.842  0.232  0.647 -0.002  1.000 -0.374 -0.585]
   309          465         0.201843         reflect
  eval: e=0.2018  p=[0.849  0.225  0.664 -0.001  1.000 -0.380 -0.590]
  eval: e=0.2021  p=[0.858  0.219  0.673 -0.001  1.000 -0.383 -0.598]
   310          467          0.20182         reflect
  eval: e=0.2023  p=[0.845  0.233  0.645 -0.002  1.001 -0.376 -0.587]
  eval: e=0.2019  p=[0.840  0.228  0.659 -0.002  1.000 -0.378 -0.583]
   311          469          0.20182         contract inside
  eval: e=0.2017  p=[0.841  0.225  0.660 -0.002  1.000 -0.375 -0.586]
  eval: e=0.2018  p=[0.840  0.222  0.664 -0.001  1.000 -0.372 -0.588]
   312          471         0.201731         reflect
  eval: e=0.2019  p=[0.842  0.225  0.660 -0.002  1.001 -0.375 -0.587]
   313          472         0.201731         reflect
  eval: e=0.2018  p=[0.850  0.224  0.664 -0.001  1.000 -0.378 -0.591]
   314          473         0.201731         reflect
  eval: e=0.2018  p=[0.851  0.223  0.664 -0.001  0.999 -0.377 -0.592]
   315          474         0.201731         reflect
  eval: e=0.2019  p=[0.848  0.218  0.676 -0.001  1.000 -0.381 -0.591]
  eval: e=0.2018  p=[0.847  0.222  0.669 -0.001  1.000 -0.379 -0.590]
   316          476         0.201731         contract outside
  eval: e=0.2017  p=[0.852  0.220  0.667 -0.001  1.000 -0.377 -0.595]
   317          477         0.201731         reflect
  eval: e=0.2020  p=[0.854  0.222  0.668 -0.001  0.999 -0.380 -0.594]
  eval: e=0.2018  p=[0.845  0.224  0.662 -0.001  1.000 -0.376 -0.589]
   318          479         0.201731         contract inside
  eval: e=0.2017  p=[0.850  0.220  0.668 -0.001  1.000 -0.377 -0.594]
   319          480         0.201731         reflect
  eval: e=0.2016  p=[0.847  0.221  0.666 -0.001  1.000 -0.374 -0.592]
  eval: e=0.2016  p=[0.846  0.219  0.667 -0.001  1.000 -0.371 -0.593]
   320          482         0.201612         reflect
  eval: e=0.2018  p=[0.845  0.221  0.666 -0.001  1.000 -0.375 -0.591]
   321          483         0.201612         reflect
  eval: e=0.2020  p=[0.843  0.221  0.667 -0.001  1.001 -0.375 -0.590]
  eval: e=0.2017  p=[0.849  0.223  0.665 -0.001  1.000 -0.376 -0.592]
   322          485         0.201612         contract inside
  eval: e=0.2018  p=[0.847  0.222  0.661 -0.001  1.000 -0.373 -0.593]
  eval: e=0.2017  p=[0.847  0.222  0.667 -0.001  1.000 -0.377 -0.590]
   323          487         0.201612         contract inside
  eval: e=0.2018  p=[0.849  0.224  0.664 -0.001  1.000 -0.377 -0.591]
  eval: e=0.2017  p=[0.848  0.223  0.664 -0.001  1.000 -0.377 -0.591]
   324          489         0.201612         contract outside
  eval: e=0.2017  p=[0.851  0.220  0.668 -0.001  1.000 -0.376 -0.594]
   325          490         0.201612         reflect
  eval: e=0.2017  p=[0.845  0.224  0.662 -0.001  1.000 -0.375 -0.589]
   326          491         0.201612         reflect
  eval: e=0.2018  p=[0.841  0.224  0.662 -0.001  1.000 -0.375 -0.586]
  eval: e=0.2016  p=[0.850  0.221  0.666 -0.001  1.000 -0.376 -0.593]
   327          493         0.201612         contract inside
  eval: e=0.2017  p=[0.855  0.218  0.671 -0.001  1.000 -0.377 -0.597]
  eval: e=0.2017  p=[0.852  0.220  0.668 -0.001  1.000 -0.376 -0.595]
   328          495         0.201612         contract outside
  eval: e=0.2017  p=[0.853  0.219  0.670 -0.001  1.000 -0.377 -0.596]
   329          496         0.201612         reflect
  eval: e=0.2016  p=[0.850  0.219  0.670 -0.001  1.000 -0.376 -0.594]
   330          497         0.201612         reflect
  eval: e=0.2016  p=[0.851  0.218  0.672 -0.001  1.000 -0.376 -0.596]
  eval: e=0.2016  p=[0.853  0.215  0.675 -0.001  1.000 -0.375 -0.598]
   331          499         0.201587         reflect
  eval: e=0.2017  p=[0.848  0.220  0.668 -0.001  1.000 -0.376 -0.593]
  eval: e=0.2016  p=[0.851  0.220  0.668 -0.001  1.000 -0.376 -0.594]
   332          501         0.201587         contract inside
  eval: e=0.2016  p=[0.854  0.218  0.670 -0.001  1.000 -0.374 -0.598]
  eval: e=0.2016  p=[0.857  0.215  0.672 -0.001  1.000 -0.373 -0.602]
   333          503         0.201584         reflect
  eval: e=0.2016  p=[0.848  0.220  0.667 -0.001  1.000 -0.374 -0.593]
   334          504         0.201584         reflect
  eval: e=0.2016  p=[0.850  0.219  0.668 -0.001  1.000 -0.374 -0.594]
   335          505         0.201584         reflect
  eval: e=0.2016  p=[0.849  0.219  0.668 -0.001  1.000 -0.374 -0.595]
   336          506         0.201584         reflect
  eval: e=0.2016  p=[0.850  0.217  0.672 -0.001  1.000 -0.373 -0.596]
  eval: e=0.2016  p=[0.851  0.214  0.674 -0.001  1.000 -0.371 -0.597]
   337          508         0.201563         reflect
  eval: e=0.2016  p=[0.849  0.218  0.668 -0.001  1.000 -0.372 -0.595]
   338          509         0.201563         reflect
  eval: e=0.2016  p=[0.852  0.217  0.672 -0.001  1.000 -0.374 -0.597]
   339          510         0.201563         reflect
  eval: e=0.2016  p=[0.852  0.217  0.671 -0.001  1.000 -0.374 -0.596]
   340          511         0.201563         reflect
  eval: e=0.2016  p=[0.849  0.220  0.668 -0.001  1.000 -0.374 -0.594]
  eval: e=0.2016  p=[0.851  0.218  0.671 -0.001  1.000 -0.374 -0.596]
   341          513         0.201563         contract inside
  eval: e=0.2016  p=[0.855  0.215  0.675 -0.001  1.000 -0.374 -0.600]
   342          514         0.201563         reflect
  eval: e=0.2016  p=[0.854  0.215  0.674 -0.001  1.000 -0.373 -0.599]
   343          515         0.201563         reflect
  eval: e=0.2016  p=[0.853  0.216  0.672 -0.001  1.000 -0.373 -0.598]
   344          516         0.201563         reflect
  eval: e=0.2016  p=[0.850  0.219  0.669 -0.001  1.000 -0.374 -0.595]
  eval: e=0.2016  p=[0.853  0.216  0.673 -0.001  1.000 -0.373 -0.598]
   345          518         0.201563         contract inside
  eval: e=0.2016  p=[0.856  0.215  0.675 -0.001  1.000 -0.376 -0.600]
  eval: e=0.2016  p=[0.851  0.217  0.670 -0.001  1.000 -0.373 -0.596]
   346          520         0.201563         contract inside
  eval: e=0.2016  p=[0.854  0.215  0.672 -0.001  1.000 -0.371 -0.599]
   347          521         0.201563         reflect
  eval: e=0.2016  p=[0.851  0.215  0.673 -0.001  1.000 -0.372 -0.598]
  eval: e=0.2016  p=[0.850  0.214  0.675 -0.001  1.000 -0.370 -0.597]
   348          523         0.201554         reflect
  eval: e=0.2016  p=[0.848  0.218  0.669 -0.001  1.000 -0.372 -0.595]
  eval: e=0.2016  p=[0.854  0.215  0.673 -0.001  1.000 -0.373 -0.599]
   349          525         0.201554         contract inside
  eval: e=0.2016  p=[0.851  0.216  0.672 -0.001  1.000 -0.372 -0.597]
   350          526         0.201554         reflect
  eval: e=0.2016  p=[0.853  0.214  0.673 -0.001  1.000 -0.371 -0.599]
  eval: e=0.2016  p=[0.852  0.217  0.671 -0.001  1.000 -0.373 -0.597]
   351          528          0.20155         contract inside
  eval: e=0.2016  p=[0.850  0.216  0.671 -0.001  1.000 -0.372 -0.597]
   352          529          0.20155         reflect
  eval: e=0.2016  p=[0.852  0.216  0.672 -0.001  1.000 -0.373 -0.598]
  eval: e=0.2016  p=[0.851  0.216  0.672 -0.001  1.000 -0.372 -0.597]
   353          531          0.20155         contract inside
  eval: e=0.2016  p=[0.852  0.215  0.674 -0.001  1.000 -0.372 -0.599]
   354          532          0.20155         reflect
  eval: e=0.2016  p=[0.849  0.216  0.673 -0.001  1.000 -0.373 -0.595]
  eval: e=0.2016  p=[0.853  0.216  0.672 -0.001  1.000 -0.372 -0.598]
   355          534          0.20155         contract inside
  eval: e=0.2016  p=[0.853  0.215  0.673 -0.001  1.000 -0.372 -0.599]
  eval: e=0.2016  p=[0.851  0.216  0.672 -0.001  1.000 -0.373 -0.597]
   356          536          0.20155         contract inside
  eval: e=0.2016  p=[0.853  0.215  0.674 -0.001  1.000 -0.373 -0.599]
   357          537          0.20155         reflect
  eval: e=0.2016  p=[0.853  0.215  0.674 -0.001  1.000 -0.373 -0.599]
  eval: e=0.2016  p=[0.852  0.216  0.672 -0.001  1.000 -0.372 -0.597]
   358          539          0.20155         contract inside
  eval: e=0.2016  p=[0.852  0.217  0.671 -0.001  1.000 -0.373 -0.597]
  eval: e=0.2015  p=[0.852  0.215  0.673 -0.001  1.000 -0.372 -0.598]
   359          541         0.201549         contract inside
  eval: e=0.2016  p=[0.851  0.216  0.671 -0.001  1.000 -0.372 -0.597]
  eval: e=0.2016  p=[0.853  0.215  0.673 -0.001  1.000 -0.373 -0.598]
   360          543         0.201549         contract inside
  eval: e=0.2016  p=[0.850  0.216  0.672 -0.001  1.000 -0.372 -0.597]
  eval: e=0.2015  p=[0.853  0.216  0.673 -0.001  1.000 -0.373 -0.598]
   361          545         0.201547         contract inside
  eval: e=0.2016  p=[0.853  0.217  0.671 -0.001  1.000 -0.373 -0.598]
  eval: e=0.2015  p=[0.852  0.215  0.673 -0.001  1.000 -0.372 -0.598]
   362          547         0.201546         contract inside
  eval: e=0.2016  p=[0.853  0.215  0.673 -0.001  1.000 -0.373 -0.599]
   363          548         0.201546         reflect
  eval: e=0.2016  p=[0.852  0.216  0.673 -0.001  1.000 -0.373 -0.597]
   364          549         0.201546         reflect
  eval: e=0.2016  p=[0.853  0.215  0.673 -0.001  1.000 -0.373 -0.598]
  eval: e=0.2015  p=[0.852  0.216  0.673 -0.001  1.000 -0.373 -0.598]
   365          551         0.201546         contract inside
  eval: e=0.2016  p=[0.853  0.216  0.672 -0.001  1.000 -0.372 -0.598]
  eval: e=0.2015  p=[0.852  0.216  0.672 -0.001  1.000 -0.372 -0.598]
   366          553         0.201546         contract outside
  eval: e=0.2016  p=[0.852  0.216  0.672 -0.001  1.000 -0.372 -0.598]
  eval: e=0.2015  p=[0.853  0.215  0.673 -0.001  1.000 -0.373 -0.598]
   367          555         0.201546         contract inside
  eval: e=0.2016  p=[0.851  0.216  0.672 -0.001  1.000 -0.373 -0.597]
  eval: e=0.2015  p=[0.853  0.215  0.673 -0.001  1.000 -0.373 -0.598]
   368          557         0.201546         contract inside
  eval: e=0.2015  p=[0.853  0.214  0.674 -0.001  1.000 -0.372 -0.599]
  eval: e=0.2016  p=[0.854  0.213  0.676 -0.001  1.000 -0.371 -0.600]
   369          559         0.201546         reflect
  eval: e=0.2015  p=[0.853  0.215  0.673 -0.001  1.000 -0.373 -0.598]
  eval: e=0.2015  p=[0.852  0.215  0.673 -0.001  1.000 -0.372 -0.598]
   370          561         0.201546         contract inside
  eval: e=0.2016  p=[0.853  0.215  0.674 -0.001  1.000 -0.372 -0.599]
  eval: e=0.2015  p=[0.852  0.215  0.673 -0.001  1.000 -0.373 -0.598]
   371          563         0.201546         contract inside
  eval: e=0.2015  p=[0.852  0.215  0.673 -0.001  1.000 -0.372 -0.598]
  eval: e=0.2015  p=[0.852  0.215  0.673 -0.001  1.000 -0.373 -0.598]
   372          565         0.201546         contract inside
  eval: e=0.2015  p=[0.852  0.215  0.674 -0.001  1.000 -0.372 -0.598]
   373          566         0.201546         reflect
  eval: e=0.2015  p=[0.852  0.215  0.674 -0.001  1.000 -0.372 -0.598]
  eval: e=0.2015  p=[0.852  0.215  0.674 -0.001  1.000 -0.372 -0.598]
   374          568         0.201545         reflect
  eval: e=0.2015  p=[0.852  0.214  0.674 -0.001  1.000 -0.372 -0.598]
  eval: e=0.2015  p=[0.853  0.215  0.673 -0.001  1.000 -0.373 -0.598]
   375          570         0.201545         contract inside
  eval: e=0.2015  p=[0.852  0.215  0.673 -0.001  1.000 -0.372 -0.598]
  eval: e=0.2015  p=[0.852  0.215  0.674 -0.001  1.000 -0.372 -0.598]
   376          572         0.201545         contract inside
  eval: e=0.2015  p=[0.852  0.215  0.674 -0.001  1.000 -0.372 -0.599]
  eval: e=0.2015  p=[0.852  0.215  0.673 -0.001  1.000 -0.372 -0.598]
   377          574         0.201545         contract inside
  eval: e=0.2015  p=[0.852  0.215  0.674 -0.001  1.000 -0.372 -0.598]
   378          575         0.201545         reflect
  eval: e=0.2015  p=[0.853  0.215  0.674 -0.001  1.000 -0.372 -0.599]
   379          576         0.201545         reflect
  eval: e=0.2015  p=[0.852  0.216  0.673 -0.001  1.000 -0.373 -0.597]
  eval: e=0.2015  p=[0.853  0.215  0.674 -0.001  1.000 -0.372 -0.599]
   380          578         0.201545         contract inside
  eval: e=0.2015  p=[0.851  0.215  0.673 -0.001  1.000 -0.372 -0.597]
  eval: e=0.2015  p=[0.853  0.215  0.674 -0.001  1.000 -0.372 -0.599]
   381          580         0.201545         contract inside
  eval: e=0.2015  p=[0.853  0.215  0.674 -0.001  1.000 -0.372 -0.599]
  eval: e=0.2015  p=[0.853  0.214  0.675 -0.001  1.000 -0.372 -0.599]
   382          582         0.201544         reflect
  eval: e=0.2015  p=[0.853  0.215  0.673 -0.001  1.000 -0.372 -0.598]
  eval: e=0.2015  p=[0.853  0.215  0.674 -0.001  1.000 -0.372 -0.598]
   383          584         0.201544         contract outside
  eval: e=0.2015  p=[0.853  0.215  0.674 -0.001  1.000 -0.372 -0.599]
  eval: e=0.2015  p=[0.852  0.215  0.674 -0.001  1.000 -0.372 -0.598]
   384          586         0.201544         contract inside
  eval: e=0.2015  p=[0.853  0.215  0.673 -0.001  1.000 -0.372 -0.599]
   385          587         0.201544         reflect
  eval: e=0.2015  p=[0.852  0.215  0.673 -0.001  1.000 -0.372 -0.598]
  eval: e=0.2015  p=[0.853  0.215  0.674 -0.001  1.000 -0.372 -0.599]
   386          589         0.201544         contract inside
  eval: e=0.2015  p=[0.853  0.214  0.674 -0.001  1.000 -0.372 -0.599]
  eval: e=0.2015  p=[0.853  0.215  0.673 -0.001  1.000 -0.372 -0.598]
   387          591         0.201544         contract inside
  eval: e=0.2015  p=[0.852  0.215  0.674 -0.001  1.000 -0.372 -0.598]
  eval: e=0.2015  p=[0.853  0.215  0.674 -0.001  1.000 -0.372 -0.599]
   388          593         0.201544         contract inside
  eval: e=0.2015  p=[0.853  0.214  0.674 -0.001  1.000 -0.372 -0.599]
  eval: e=0.2015  p=[0.853  0.215  0.674 -0.001  1.000 -0.372 -0.599]
   389          595         0.201544         contract outside
  eval: e=0.2015  p=[0.852  0.215  0.673 -0.001  1.000 -0.372 -0.598]
   390          596         0.201544         reflect
  eval: e=0.2015  p=[0.852  0.215  0.674 -0.001  1.000 -0.372 -0.598]
  eval: e=0.2015  p=[0.853  0.215  0.674 -0.001  1.000 -0.372 -0.598]
   391          598         0.201544         contract inside
  eval: e=0.2015  p=[0.853  0.215  0.674 -0.001  1.000 -0.372 -0.599]
  eval: e=0.2015  p=[0.853  0.215  0.673 -0.001  1.000 -0.372 -0.598]
   392          600         0.201544         contract inside
  eval: e=0.2015  p=[0.852  0.215  0.673 -0.001  1.000 -0.373 -0.598]
  eval: e=0.2015  p=[0.853  0.215  0.674 -0.001  1.000 -0.372 -0.599]
   393          602         0.201544         contract inside
  eval: e=0.2015  p=[0.853  0.215  0.674 -0.001  1.000 -0.372 -0.599]
  eval: e=0.2015  p=[0.853  0.215  0.674 -0.001  1.000 -0.372 -0.598]
   394          604         0.201544         contract inside
  eval: e=0.2015  p=[0.852  0.215  0.674 -0.001  1.000 -0.372 -0.598]
   395          605         0.201544         reflect
  eval: e=0.2015  p=[0.853  0.215  0.673 -0.001  1.000 -0.373 -0.598]
  eval: e=0.2015  p=[0.853  0.215  0.674 -0.001  1.000 -0.372 -0.598]
   396          607         0.201544         contract inside
  eval: e=0.2015  p=[0.853  0.215  0.674 -0.001  1.000 -0.372 -0.598]
   397          608         0.201544         reflect
  eval: e=0.2015  p=[0.852  0.215  0.674 -0.001  1.000 -0.372 -0.598]
  eval: e=0.2015  p=[0.853  0.215  0.674 -0.001  1.000 -0.372 -0.598]
   398          610         0.201544         contract inside
  eval: e=0.2015  p=[0.852  0.215  0.674 -0.001  1.000 -0.372 -0.598]
  eval: e=0.2015  p=[0.853  0.215  0.674 -0.001  1.000 -0.372 -0.598]
   399          612         0.201544         contract inside
  eval: e=0.2015  p=[0.852  0.215  0.674 -0.001  1.000 -0.372 -0.598]
  eval: e=0.2015  p=[0.853  0.215  0.674 -0.001  1.000 -0.372 -0.598]
   400          614         0.201544         contract inside
  eval: e=0.2015  p=[0.853  0.215  0.674 -0.001  1.000 -0.372 -0.598]
  eval: e=0.2015  p=[0.853  0.215  0.674 -0.001  1.000 -0.372 -0.598]
  eval: e=0.2015  p=[0.853  0.215  0.674 -0.001  1.000 -0.372 -0.598]
  eval: e=0.2015  p=[0.853  0.215  0.674 -0.001  1.000 -0.372 -0.598]
  eval: e=0.2015  p=[0.853  0.215  0.674 -0.001  1.000 -0.372 -0.598]
  eval: e=0.2015  p=[0.852  0.215  0.674 -0.001  1.000 -0.372 -0.598]
  eval: e=0.2015  p=[0.853  0.215  0.674 -0.001  1.000 -0.372 -0.598]
  eval: e=0.2015  p=[0.853  0.215  0.674 -0.001  1.000 -0.372 -0.598]
  eval: e=0.2015  p=[0.853  0.215  0.674 -0.001  1.000 -0.372 -0.598]
   401          623         0.201544         shrink
  eval: e=0.2015  p=[0.853  0.215  0.674 -0.001  1.000 -0.372 -0.598]
   402          624         0.201544         reflect
  eval: e=0.2015  p=[0.852  0.215  0.674 -0.001  1.000 -0.372 -0.598]
   403          625         0.201544         reflect
  eval: e=0.2015  p=[0.853  0.215  0.674 -0.001  1.000 -0.372 -0.598]
  eval: e=0.2015  p=[0.853  0.215  0.674 -0.001  1.000 -0.372 -0.598]
   404          627         0.201544         contract inside
  eval: e=0.2015  p=[0.852  0.215  0.674 -0.001  1.000 -0.372 -0.598]
   405          628         0.201544         reflect
  eval: e=0.2015  p=[0.853  0.215  0.674 -0.001  1.000 -0.372 -0.598]
  eval: e=0.2015  p=[0.852  0.215  0.674 -0.001  1.000 -0.372 -0.598]
   406          630         0.201544         contract inside
  eval: e=0.2015  p=[0.852  0.215  0.674 -0.001  1.000 -0.372 -0.598]
  eval: e=0.2015  p=[0.853  0.215  0.674 -0.001  1.000 -0.372 -0.598]
   407          632         0.201544         contract inside
  eval: e=0.2015  p=[0.852  0.215  0.674 -0.001  1.000 -0.372 -0.598]
   408          633         0.201544         reflect
  eval: e=0.2015  p=[0.853  0.215  0.674 -0.001  1.000 -0.372 -0.598]
   409          634         0.201544         reflect
  eval: e=0.2015  p=[0.853  0.215  0.674 -0.001  1.000 -0.372 -0.598]
  eval: e=0.2015  p=[0.853  0.215  0.674 -0.001  1.000 -0.372 -0.598]
   410          636         0.201544         contract inside
  eval: e=0.2015  p=[0.853  0.215  0.674 -0.001  1.000 -0.372 -0.598]
  eval: e=0.2015  p=[0.852  0.215  0.674 -0.001  1.000 -0.372 -0.598]
  eval: e=0.2015  p=[0.853  0.215  0.674 -0.001  1.000 -0.372 -0.598]
  eval: e=0.2015  p=[0.853  0.215  0.674 -0.001  1.000 -0.372 -0.598]
  eval: e=0.2015  p=[0.853  0.215  0.674 -0.001  1.000 -0.372 -0.598]
  eval: e=0.2015  p=[0.853  0.215  0.674 -0.001  1.000 -0.372 -0.598]
  eval: e=0.2015  p=[0.852  0.215  0.674 -0.001  1.000 -0.372 -0.598]
  eval: e=0.2015  p=[0.853  0.215  0.674 -0.001  1.000 -0.372 -0.598]
  eval: e=0.2015  p=[0.852  0.215  0.674 -0.001  1.000 -0.372 -0.598]
   411          645         0.201544         shrink
 
Optimization terminated:
 the current x satisfies the termination criteria using OPTIONS.TolX of 1.000000e-04 
 and F(X) satisfies the convergence criteria using OPTIONS.TolFun of 1.000000e-06 

=== Fit complete: error=0.201544  AIC=-1554.1 ===
