  eval: e=0.3595  p=[0.500 0.450 0.750 0.020 0.300 0.450 0.450]
 
 Iteration   Func-count         f(x)         Procedure
     0            1         0.359538         
  eval: e=0.3595  p=[0.525 0.450 0.750 0.020 0.300 0.450 0.450]
  eval: e=0.3593  p=[0.500 0.473 0.750 0.020 0.300 0.450 0.450]
  eval: e=0.3595  p=[0.500 0.450 0.788 0.020 0.300 0.450 0.450]
  eval: e=0.3595  p=[0.500 0.450 0.750 0.021 0.300 0.450 0.450]
  eval: e=0.3549  p=[0.500 0.450 0.750 0.020 0.315 0.450 0.450]
  eval: e=0.3619  p=[0.500 0.450 0.750 0.020 0.300 0.473 0.450]
  eval: e=0.3595  p=[0.500 0.450 0.750 0.020 0.300 0.450 0.473]
     1            8         0.354936         initial simplex
  eval: e=0.3551  p=[0.507 0.456 0.761 0.020 0.304 0.428 0.456]
     2            9         0.354936         reflect
  eval: e=0.3570  p=[0.509 0.458 0.764 0.019 0.306 0.444 0.458]
     3           10         0.354936         reflect
  eval: e=0.3562  p=[0.480 0.461 0.768 0.020 0.307 0.442 0.461]
     4           11         0.354936         reflect
  eval: e=0.3552  p=[0.499 0.464 0.773 0.020 0.309 0.439 0.464]
     5           12         0.354936         reflect
  eval: e=0.3538  p=[0.499 0.468 0.731 0.020 0.312 0.436 0.468]
  eval: e=0.3506  p=[0.498 0.476 0.703 0.020 0.318 0.430 0.476]
     6           14         0.350633         expand
  eval: e=0.3511  p=[0.498 0.475 0.755 0.020 0.317 0.430 0.446]
     7           15         0.350633         reflect
  eval: e=0.3487  p=[0.497 0.453 0.757 0.019 0.322 0.425 0.468]
  eval: e=0.3421  p=[0.496 0.444 0.760 0.019 0.332 0.412 0.476]
     8           17         0.342128         expand
  eval: e=0.3473  p=[0.484 0.463 0.742 0.020 0.324 0.422 0.464]
     9           18         0.342128         reflect
  eval: e=0.3454  p=[0.515 0.462 0.730 0.020 0.327 0.419 0.463]
    10           19         0.342128         reflect
  eval: e=0.3436  p=[0.501 0.458 0.713 0.020 0.330 0.415 0.460]
    11           20         0.342128         reflect
  eval: e=0.3400  p=[0.491 0.466 0.711 0.019 0.342 0.424 0.468]
  eval: e=0.3307  p=[0.482 0.471 0.687 0.019 0.361 0.422 0.474]
    12           22         0.330739         expand
  eval: e=0.3313  p=[0.493 0.478 0.704 0.019 0.344 0.393 0.482]
    13           23         0.330739         reflect
  eval: e=0.3311  p=[0.493 0.454 0.685 0.020 0.350 0.402 0.496]
    14           24         0.330739         reflect
  eval: e=0.3248  p=[0.492 0.447 0.732 0.020 0.359 0.395 0.471]
  eval: e=0.3071  p=[0.489 0.432 0.746 0.019 0.380 0.377 0.468]
    15           26         0.307145         expand
  eval: e=0.3174  p=[0.507 0.451 0.694 0.018 0.369 0.389 0.484]
    16           27         0.307145         reflect
  eval: e=0.3104  p=[0.473 0.449 0.695 0.019 0.378 0.384 0.491]
    17           28         0.307145         reflect
  eval: e=0.3015  p=[0.480 0.450 0.707 0.018 0.389 0.379 0.503]
  eval: e=0.2750  p=[0.470 0.446 0.704 0.017 0.418 0.361 0.525]
    18           30         0.275014         expand
  eval: e=0.2822  p=[0.478 0.465 0.644 0.018 0.411 0.367 0.501]
    19           31         0.275014         reflect
  eval: e=0.2832  p=[0.477 0.427 0.683 0.018 0.418 0.379 0.501]
    20           32         0.275014         reflect
  eval: e=0.2684  p=[0.471 0.443 0.702 0.017 0.431 0.364 0.488]
  eval: e=0.2525  p=[0.460 0.438 0.711 0.016 0.471 0.345 0.485]
    21           34          0.25249         expand
  eval: e=0.2540  p=[0.476 0.417 0.706 0.017 0.452 0.322 0.513]
    22           35          0.25249         reflect
  eval: e=0.2527  p=[0.443 0.428 0.703 0.017 0.467 0.335 0.511]
    23           36          0.25249         reflect
  eval: e=0.2558  p=[0.467 0.423 0.704 0.017 0.484 0.326 0.510]
    24           37          0.25249         reflect
  eval: e=0.2640  p=[0.445 0.437 0.641 0.015 0.511 0.318 0.545]
    25           38          0.25249         reflect
  eval: e=0.2592  p=[0.449 0.446 0.693 0.016 0.500 0.299 0.524]
    26           39          0.25249         reflect
  eval: e=0.2629  p=[0.440 0.402 0.745 0.015 0.533 0.292 0.531]
    27           40          0.25249         reflect
  eval: e=0.2600  p=[0.439 0.408 0.697 0.015 0.559 0.278 0.509]
    28           41          0.25249         reflect
  eval: e=0.2563  p=[0.461 0.408 0.775 0.017 0.479 0.309 0.479]
    29           42          0.25249         reflect
  eval: e=0.2576  p=[0.473 0.446 0.681 0.018 0.441 0.341 0.478]
    30           43          0.25249         reflect
  eval: e=0.3030  p=[0.484 0.451 0.724 0.019 0.382 0.372 0.491]
  eval: e=0.2616  p=[0.450 0.419 0.704 0.016 0.515 0.302 0.505]
  eval: e=0.2526  p=[0.451 0.433 0.707 0.017 0.469 0.340 0.498]
  eval: e=0.2530  p=[0.468 0.427 0.709 0.017 0.461 0.333 0.499]
  eval: e=0.2538  p=[0.464 0.430 0.707 0.017 0.477 0.335 0.497]
  eval: e=0.2546  p=[0.461 0.423 0.743 0.017 0.475 0.327 0.482]
  eval: e=0.2536  p=[0.467 0.442 0.696 0.017 0.456 0.343 0.481]
  eval: e=0.2575  p=[0.455 0.442 0.702 0.016 0.486 0.322 0.505]
  eval: e=0.2646  p=[0.449 0.423 0.704 0.016 0.515 0.311 0.497]
    31           52          0.25249         shrink
  eval: e=0.2690  p=[0.472 0.444 0.717 0.018 0.427 0.358 0.488]
  eval: e=0.2588  p=[0.455 0.428 0.707 0.016 0.493 0.323 0.495]
    32           54          0.25249         contract inside
  eval: e=0.2559  p=[0.467 0.439 0.714 0.017 0.449 0.347 0.490]
    33           55          0.25249         reflect
  eval: e=0.2588  p=[0.470 0.424 0.723 0.018 0.445 0.355 0.476]
  eval: e=0.2544  p=[0.459 0.437 0.707 0.016 0.475 0.330 0.497]
    34           57          0.25249         contract inside
  eval: e=0.2577  p=[0.456 0.427 0.709 0.016 0.490 0.325 0.493]
  eval: e=0.2532  p=[0.464 0.436 0.713 0.017 0.459 0.341 0.491]
    35           59          0.25249         contract inside
  eval: e=0.2532  p=[0.463 0.446 0.671 0.017 0.459 0.349 0.503]
    36           60          0.25249         reflect
  eval: e=0.2548  p=[0.466 0.435 0.697 0.017 0.454 0.352 0.489]
  eval: e=0.2531  p=[0.461 0.437 0.704 0.017 0.470 0.335 0.495]
    37           62          0.25249         contract inside
  eval: e=0.2554  p=[0.460 0.443 0.695 0.017 0.450 0.347 0.489]
  eval: e=0.2528  p=[0.463 0.434 0.704 0.017 0.470 0.338 0.495]
    38           64          0.25249         contract inside
  eval: e=0.2533  p=[0.456 0.429 0.710 0.016 0.475 0.338 0.509]
  eval: e=0.2528  p=[0.459 0.433 0.706 0.016 0.470 0.339 0.502]
    39           66          0.25249         contract outside
  eval: e=0.2531  p=[0.457 0.435 0.691 0.016 0.476 0.338 0.503]
    40           67          0.25249         reflect
  eval: e=0.2554  p=[0.457 0.421 0.738 0.016 0.480 0.327 0.490]
  eval: e=0.2524  p=[0.461 0.440 0.688 0.017 0.464 0.344 0.500]
    41           69         0.252449         contract inside
  eval: e=0.2522  p=[0.460 0.431 0.700 0.016 0.468 0.344 0.499]
  eval: e=0.2521  p=[0.459 0.429 0.698 0.016 0.466 0.348 0.501]
    42           71         0.252075         expand
  eval: e=0.2531  p=[0.463 0.432 0.715 0.017 0.459 0.343 0.491]
  eval: e=0.2526  p=[0.459 0.434 0.697 0.016 0.471 0.340 0.500]
    43           73         0.252075         contract inside
  eval: e=0.2523  p=[0.450 0.441 0.694 0.016 0.477 0.350 0.496]
    44           74         0.252075         reflect
  eval: e=0.2520  p=[0.451 0.437 0.696 0.016 0.469 0.349 0.500]
  eval: e=0.2519  p=[0.446 0.438 0.691 0.016 0.469 0.355 0.502]
    45           76          0.25192         expand
  eval: e=0.2519  p=[0.452 0.439 0.690 0.016 0.469 0.353 0.493]
  eval: e=0.2520  p=[0.448 0.443 0.682 0.016 0.468 0.359 0.488]
    46           78         0.251901         reflect
  eval: e=0.2522  p=[0.450 0.440 0.697 0.016 0.467 0.356 0.493]
    47           79         0.251901         reflect
  eval: e=0.2519  p=[0.456 0.443 0.684 0.016 0.469 0.360 0.493]
  eval: e=0.2524  p=[0.459 0.448 0.673 0.015 0.469 0.370 0.491]
    48           81         0.251897         reflect
  eval: e=0.2521  p=[0.447 0.440 0.673 0.016 0.467 0.360 0.509]
    49           82         0.251897         reflect
  eval: e=0.2513  p=[0.441 0.437 0.691 0.016 0.474 0.365 0.496]
  eval: e=0.2509  p=[0.431 0.436 0.693 0.015 0.478 0.375 0.494]
    50           84          0.25092         expand
  eval: e=0.2539  p=[0.447 0.435 0.684 0.016 0.462 0.365 0.500]
  eval: e=0.2517  p=[0.449 0.439 0.692 0.016 0.473 0.354 0.497]
    51           86          0.25092         contract inside
  eval: e=0.2513  p=[0.448 0.436 0.681 0.016 0.473 0.360 0.504]
    52           87          0.25092         reflect
  eval: e=0.2517  p=[0.451 0.435 0.707 0.016 0.475 0.356 0.487]
    53           88          0.25092         reflect
  eval: e=0.2511  p=[0.436 0.447 0.685 0.015 0.478 0.370 0.490]
    54           89          0.25092         reflect
  eval: e=0.2509  p=[0.447 0.440 0.689 0.016 0.479 0.368 0.486]
    55           90          0.25092         reflect
  eval: e=0.2507  p=[0.439 0.440 0.690 0.015 0.481 0.374 0.493]
  eval: e=0.2501  p=[0.433 0.440 0.691 0.014 0.488 0.385 0.494]
    56           92         0.250133         expand
  eval: e=0.2507  p=[0.427 0.435 0.698 0.015 0.487 0.374 0.493]
    57           93         0.250133         reflect
  eval: e=0.2501  p=[0.428 0.438 0.692 0.015 0.487 0.385 0.488]
  eval: e=0.2495  p=[0.418 0.437 0.692 0.014 0.494 0.400 0.484]
    58           95         0.249536         expand
  eval: e=0.2499  p=[0.417 0.443 0.672 0.014 0.489 0.396 0.498]
    59           96         0.249536         reflect
  eval: e=0.2496  p=[0.412 0.444 0.696 0.014 0.496 0.402 0.478]
    60           97         0.249536         reflect
  eval: e=0.2492  p=[0.417 0.431 0.696 0.014 0.496 0.401 0.489]
  eval: e=0.2483  p=[0.408 0.422 0.701 0.013 0.505 0.417 0.489]
    61           99         0.248316         expand
  eval: e=0.2488  p=[0.395 0.433 0.695 0.013 0.503 0.418 0.494]
    62          100         0.248316         reflect
  eval: e=0.2482  p=[0.401 0.436 0.691 0.012 0.511 0.422 0.485]
  eval: e=0.2471  p=[0.385 0.437 0.690 0.011 0.527 0.446 0.481]
    63          102         0.247127         expand
  eval: e=0.2487  p=[0.392 0.438 0.684 0.012 0.514 0.445 0.483]
    64          103         0.247127         reflect
  eval: e=0.2478  p=[0.376 0.432 0.690 0.012 0.520 0.451 0.480]
    65          104         0.247127         reflect
  eval: e=0.2471  p=[0.379 0.427 0.713 0.011 0.527 0.455 0.470]
  eval: e=0.2460  p=[0.359 0.419 0.733 0.009 0.546 0.485 0.457]
    66          106         0.245981         expand
  eval: e=0.2462  p=[0.369 0.419 0.699 0.010 0.535 0.472 0.484]
    67          107         0.245981         reflect
  eval: e=0.2454  p=[0.349 0.420 0.706 0.009 0.549 0.495 0.478]
  eval: e=0.2434  p=[0.315 0.412 0.713 0.007 0.577 0.542 0.475]
    68          109         0.243414         expand
  eval: e=0.2445  p=[0.349 0.418 0.708 0.008 0.561 0.513 0.463]
    69          110         0.243414         reflect
  eval: e=0.2442  p=[0.339 0.408 0.726 0.008 0.564 0.506 0.468]
    70          111         0.243414         reflect
  eval: e=0.2432  p=[0.304 0.419 0.715 0.005 0.590 0.559 0.456]
  eval: e=0.2429  p=[0.252 0.417 0.722 0.001 0.632 0.630 0.440]
    71          113          0.24293         expand
  eval: e=0.2428  p=[0.301 0.404 0.737 0.004 0.606 0.576 0.454]
  eval: e=0.2440  p=[0.264  0.390  0.760 -0.000  0.649  0.638  0.441]
    72          115         0.242795         reflect
  eval: e=0.2410  p=[0.267 0.391 0.750 0.002 0.622 0.618 0.445]
  eval: e=0.2389  p=[0.208  0.368  0.779 -0.002  0.670  0.704  0.427]
    73          117         0.238897         expand
  eval: e=0.2436  p=[0.238  0.394  0.763 -0.000  0.653  0.658  0.426]
    74          118         0.238897         reflect
  eval: e=0.2399  p=[0.212  0.388  0.738 -0.002  0.672  0.695  0.444]
    75          119         0.238897         reflect
  eval: e=0.2437  p=[0.184  0.379  0.771 -0.004  0.689  0.718  0.432]
    76          120         0.238897         reflect
  eval: e=0.2470  p=[0.149  0.381  0.767 -0.007  0.722  0.787  0.418]
  eval: e=0.2422  p=[0.292 0.401 0.736 0.004 0.603 0.576 0.455]
    77          122         0.238897         contract inside
  eval: e=0.2438  p=[0.335 0.416 0.711 0.007 0.572 0.533 0.459]
  eval: e=0.2419  p=[0.222  0.388  0.756 -0.001  0.660  0.672  0.439]
    78          124         0.238897         contract inside
  eval: e=0.2406  p=[0.277 0.399 0.717 0.003 0.610 0.598 0.470]
    79          125         0.238897         reflect
  eval: e=0.2431  p=[0.190  0.378  0.768 -0.005  0.695  0.729  0.419]
  eval: e=0.2414  p=[0.221  0.387  0.755 -0.002  0.666  0.682  0.433]
    80          127         0.238897         contract outside
  eval: e=0.2382  p=[0.243 0.365 0.769 0.000 0.650 0.657 0.452]
  eval: e=0.2358  p=[0.238  0.338  0.792 -0.000  0.659  0.670  0.457]
    81          129         0.235791         expand
  eval: e=0.2359  p=[0.176  0.358  0.770 -0.004  0.690  0.738  0.439]
    82          130         0.235791         reflect
  eval: e=0.2349  p=[0.153  0.349  0.781 -0.007  0.718  0.784  0.433]
  eval: e=0.2266  p=[0.083  0.323  0.803 -0.012  0.776  0.888  0.422]
    83          132           0.2266         expand
  eval: e=0.2323  p=[0.183  0.343  0.773 -0.004  0.695  0.749  0.444]
    84          133           0.2266         reflect
  eval: e=0.2307  p=[0.173  0.333  0.780 -0.004  0.698  0.758  0.454]
    85          134           0.2266         reflect
  eval: e=0.2237  p=[0.087  0.301  0.836 -0.011  0.778  0.888  0.412]
  eval: e=0.2106  p=[-0.009  0.252  0.895 -0.019  0.862  1.034  0.384]
    86          136         0.210583         expand
  eval: e=0.2219  p=[0.088  0.274  0.860 -0.011  0.771  0.888  0.421]
    87          137         0.210583         reflect
  eval: e=0.2140  p=[0.058  0.267  0.841 -0.013  0.802  0.932  0.436]
    88          138         0.210583         reflect
  eval: e=0.2160  p=[0.057  0.251  0.871 -0.015  0.813  0.954  0.423]
    89          139         0.210583         reflect
  eval: e=0.2063  p=[-0.058  0.245  0.872 -0.022  0.889  1.102  0.395]
  eval: e=0.2041  p=[-0.206  0.199  0.913 -0.033  1.005  1.317  0.364]
    90          141         0.204124         expand
  eval: e=0.2410  p=[-0.113  0.199  0.930 -0.026  0.941  1.185  0.385]
  eval: e=0.2238  p=[0.109  0.307  0.813 -0.010  0.757  0.858  0.429]
    91          143         0.204124         contract inside
  eval: e=0.2375  p=[-0.121  0.202  0.933 -0.028  0.955  1.205  0.369]
  eval: e=0.2222  p=[0.099  0.300  0.818 -0.010  0.762  0.870  0.432]
    92          145         0.204124         contract inside
  eval: e=0.2338  p=[-0.027  0.205  0.915 -0.020  0.873  1.070  0.403]
  eval: e=0.2174  p=[0.056  0.294  0.831 -0.014  0.800  0.933  0.417]
    93          147         0.204124         contract inside
  eval: e=0.2233  p=[-0.068  0.217  0.910 -0.023  0.905  1.121  0.393]
  eval: e=0.2121  p=[-0.024  0.240  0.886 -0.020  0.868  1.056  0.402]
    94          149         0.204124         contract outside
  eval: e=0.2326  p=[-0.093  0.207  0.923 -0.025  0.930  1.163  0.381]
  eval: e=0.2151  p=[0.051  0.277  0.845 -0.014  0.804  0.943  0.420]
    95          151         0.204124         contract inside
  eval: e=0.2072  p=[-0.093  0.234  0.878 -0.025  0.930  1.160  0.392]
    96          152         0.204124         reflect
  eval: e=0.2440  p=[-0.103  0.197  0.920 -0.026  0.938  1.179  0.388]
  eval: e=0.2099  p=[0.016  0.270  0.853 -0.017  0.835  0.995  0.410]
    97          154         0.204124         contract inside
  eval: e=0.1980  p=[-0.115  0.246  0.875 -0.026  0.931  1.171  0.379]
  eval: e=0.1718  p=[-0.201  0.244  0.877 -0.031  0.990  1.280  0.356]
    98          156         0.171755         expand
  eval: e=0.2109  p=[-0.182  0.210  0.910 -0.031  0.994  1.278  0.364]
    99          157         0.171755         reflect
  eval: e=0.1702  p=[-0.258  0.204  0.933 -0.037  1.050  1.388  0.327]
  eval: e=0.6675  p=[-0.416  0.172  0.979 -0.049  1.175  1.616  0.273]
   100          159         0.170165         reflect
  eval: e=0.1650  p=[-0.243  0.221  0.902 -0.035  1.037  1.359  0.340]
  eval: e=0.4645  p=[-0.352  0.211  0.911 -0.043  1.121  1.511  0.310]
   101          161         0.165046         reflect
  eval: e=0.1966  p=[-0.102  0.253  0.876 -0.025  0.923  1.160  0.371]
   102          162         0.165046         reflect
  eval: e=0.1993  p=[-0.302  0.212  0.886 -0.039  1.072  1.440  0.348]
   103          163         0.165046         reflect
  eval: e=0.6811  p=[-0.417  0.178  0.937 -0.048  1.168  1.606  0.304]
  eval: e=0.2006  p=[-0.092  0.247  0.874 -0.025  0.918  1.148  0.384]
   104          165         0.165046         contract inside
  eval: e=0.2193  p=[-0.308  0.217  0.911 -0.039  1.069  1.438  0.319]
  eval: e=0.2007  p=[-0.147  0.230  0.886 -0.029  0.965  1.229  0.374]
   105          167         0.165046         contract inside
  eval: e=0.1715  p=[-0.178  0.261  0.868 -0.030  0.983  1.255  0.351]
   106          168         0.165046         reflect
  eval: e=0.1647  p=[-0.246  0.239  0.890 -0.035  1.028  1.351  0.334]
  eval: e=0.2317  p=[-0.296  0.244  0.892 -0.038  1.059  1.411  0.314]
   107          170         0.164732         reflect
  eval: e=0.4104  p=[-0.345  0.220  0.906 -0.042  1.106  1.490  0.310]
  eval: e=0.1904  p=[-0.155  0.240  0.882 -0.029  0.965  1.233  0.365]
   108          172         0.164732         contract inside
  eval: e=0.1986  p=[-0.094  0.263  0.894 -0.024  0.921  1.139  0.350]
  eval: e=0.1897  p=[-0.146  0.250  0.892 -0.028  0.959  1.214  0.350]
   109          174         0.164732         contract outside
  eval: e=0.2238  p=[-0.306  0.221  0.908 -0.039  1.080  1.434  0.322]
  eval: e=0.1884  p=[-0.153  0.245  0.884 -0.029  0.962  1.229  0.359]
   110          176         0.164732         contract inside
  eval: e=0.1708  p=[-0.252  0.235  0.902 -0.035  1.038  1.359  0.325]
   111          177         0.164732         reflect
  eval: e=0.1954  p=[-0.292  0.221  0.896 -0.038  1.066  1.420  0.334]
  eval: e=0.1797  p=[-0.182  0.243  0.893 -0.031  0.986  1.266  0.346]
   112          179         0.164732         contract inside
  eval: e=0.2048  p=[-0.293  0.225  0.906 -0.038  1.069  1.416  0.321]
  eval: e=0.1774  p=[-0.188  0.240  0.889 -0.031  0.989  1.275  0.349]
   113          181         0.164732         contract inside
  eval: e=0.1706  p=[-0.265  0.227  0.896 -0.036  1.047  1.382  0.335]
   114          182         0.164732         reflect
  eval: e=0.1869  p=[-0.282  0.226  0.902 -0.037  1.060  1.403  0.328]
  eval: e=0.1679  p=[-0.211  0.237  0.893 -0.033  1.007  1.307  0.344]
   115          184         0.164732         contract inside
  eval: e=0.1891  p=[-0.271  0.220  0.919 -0.038  1.064  1.406  0.317]
  eval: e=0.1652  p=[-0.219  0.238  0.887 -0.033  1.009  1.311  0.347]
   116          186         0.164732         contract inside
  eval: e=0.1978  p=[-0.306  0.196  0.933 -0.040  1.079  1.447  0.321]
  eval: e=0.1646  p=[-0.210  0.245  0.884 -0.032  1.007  1.303  0.343]
   117          188         0.164631         contract inside
  eval: e=0.1676  p=[-0.220  0.225  0.894 -0.034  1.015  1.327  0.352]
   118          189         0.164631         reflect
  eval: e=0.1791  p=[-0.194  0.232  0.899 -0.032  0.996  1.288  0.347]
  eval: e=0.1644  p=[-0.247  0.228  0.897 -0.035  1.034  1.359  0.338]
   119          191         0.164416         contract inside
  eval: e=0.1625  p=[-0.198  0.263  0.852 -0.031  0.988  1.274  0.358]
  eval: e=0.1713  p=[-0.169  0.292  0.811 -0.028  0.957  1.217  0.373]
   120          193          0.16246         reflect
  eval: e=0.1607  p=[-0.241  0.237  0.881 -0.035  1.027  1.345  0.345]
  eval: e=0.1634  p=[-0.256  0.238  0.875 -0.035  1.037  1.364  0.346]
   121          195         0.160712         reflect
  eval: e=0.1648  p=[-0.238  0.253  0.876 -0.034  1.022  1.331  0.335]
   122          196         0.160712         reflect
  eval: e=0.1660  p=[-0.246  0.244  0.879 -0.035  1.032  1.352  0.338]
  eval: e=0.1626  p=[-0.225  0.239  0.885 -0.033  1.014  1.321  0.344]
   123          198         0.160712         contract inside
  eval: e=0.1591  p=[-0.217  0.266  0.859 -0.032  0.998  1.293  0.345]
  eval: e=0.1715  p=[-0.203  0.289  0.837 -0.030  0.978  1.261  0.347]
   124          200         0.159059         reflect
  eval: e=0.1633  p=[-0.215  0.238  0.881 -0.033  1.005  1.311  0.353]
   125          201         0.159059         reflect
  eval: e=0.1652  p=[-0.198  0.251  0.864 -0.031  0.993  1.280  0.359]
  eval: e=0.1616  p=[-0.234  0.242  0.883 -0.034  1.019  1.333  0.340]
   126          203         0.159059         contract inside
  eval: e=0.1572  p=[-0.241  0.245  0.869 -0.034  1.018  1.336  0.349]
  eval: e=0.1566  p=[-0.256  0.245  0.862 -0.035  1.024  1.352  0.352]
   127          205         0.156579         expand
  eval: e=0.1605  p=[-0.206  0.266  0.846 -0.031  0.987  1.279  0.358]
   128          206         0.156579         reflect
  eval: e=0.1585  p=[-0.236  0.264  0.853 -0.033  1.011  1.317  0.345]
   129          207         0.156579         reflect
  eval: e=0.1521  p=[-0.228  0.270  0.839 -0.032  1.001  1.305  0.354]
  eval: e=0.1551  p=[-0.230  0.286  0.816 -0.032  0.994  1.297  0.358]
   130          209         0.152126         reflect
  eval: e=0.1692  p=[-0.264  0.249  0.869 -0.035  1.030  1.362  0.339]
  eval: e=0.1563  p=[-0.215  0.259  0.856 -0.032  0.999  1.296  0.353]
   131          211         0.152126         contract inside
  eval: e=0.1531  p=[-0.223  0.274  0.830 -0.031  0.994  1.292  0.360]
   132          212         0.152126         reflect
  eval: e=0.1648  p=[-0.210  0.290  0.818 -0.030  0.977  1.265  0.359]
  eval: e=0.1572  p=[-0.234  0.250  0.865 -0.033  1.014  1.325  0.349]
   133          214         0.152126         contract inside
  eval: e=0.1640  p=[-0.254  0.257  0.857 -0.034  1.024  1.345  0.344]
  eval: e=0.1555  p=[-0.218  0.264  0.849 -0.032  0.996  1.295  0.355]
   134          216         0.152126         contract inside
  eval: e=0.1504  p=[-0.243  0.256  0.842 -0.033  1.013  1.330  0.360]
  eval: e=0.1473  p=[-0.257  0.250  0.834 -0.034  1.021  1.349  0.368]
   135          218         0.147315         expand
  eval: e=0.1481  p=[-0.230  0.254  0.843 -0.033  1.003  1.316  0.366]
   136          219         0.147315         reflect
  eval: e=0.1463  p=[-0.231  0.269  0.824 -0.032  0.997  1.305  0.367]
  eval: e=0.1459  p=[-0.230  0.278  0.804 -0.031  0.988  1.295  0.377]
   137          221         0.145866         expand
  eval: e=0.1584  p=[-0.201  0.284  0.811 -0.030  0.977  1.261  0.372]
  eval: e=0.1519  p=[-0.242  0.254  0.849 -0.033  1.012  1.330  0.357]
   138          223         0.145866         contract inside
  eval: e=0.1417  p=[-0.250  0.268  0.815 -0.033  1.005  1.327  0.371]
  eval: e=0.1381  p=[-0.268  0.272  0.794 -0.034  1.009  1.343  0.380]
   139          225         0.138064         expand
  eval: e=0.1397  p=[-0.261  0.266  0.806 -0.034  1.012  1.342  0.377]
   140          226         0.138064         reflect
  eval: e=0.1413  p=[-0.268  0.252  0.818 -0.035  1.019  1.359  0.376]
   141          227         0.138064         reflect
  eval: e=0.1302  p=[-0.273  0.251  0.803 -0.035  1.018  1.361  0.390]
  eval: e=0.1160  p=[-0.295  0.242  0.785 -0.036  1.026  1.389  0.407]
   142          229         0.116046         expand
  eval: e=0.1168  p=[-0.274  0.264  0.775 -0.034  1.010  1.354  0.401]
   143          230         0.116046         reflect
  eval: e=0.1275  p=[-0.300  0.267  0.762 -0.035  1.021  1.379  0.402]
   144          231         0.116046         reflect
  eval: e=0.1039  p=[-0.285  0.275  0.750 -0.034  1.003  1.354  0.410]
  eval: e=0.0817  p=[-0.299  0.288  0.708 -0.034  0.994  1.357  0.431]
   145          233        0.0816587         expand
  eval: e=0.1362  p=[-0.332  0.251  0.752 -0.038  1.038  1.426  0.416]
   146          234        0.0816587         reflect
  eval: e=0.0848  p=[-0.312  0.276  0.719 -0.035  1.012  1.381  0.428]
   147          235        0.0816587         reflect
  eval: e=0.0695  p=[-0.333  0.266  0.707 -0.036  1.020  1.409  0.441]
  eval: e=0.0742  p=[-0.369  0.266  0.657 -0.038  1.024  1.443  0.474]
   148          237          0.06953         reflect
  eval: e=0.0618  p=[-0.346  0.258  0.694 -0.037  1.026  1.427  0.456]
  eval: e=0.1218  p=[-0.384  0.251  0.644 -0.039  1.034  1.469  0.493]
   149          239        0.0618367         reflect
  eval: e=0.0883  p=[-0.285  0.280  0.719 -0.033  0.993  1.345  0.431]
   150          240        0.0618367         reflect
  eval: e=0.0821  p=[-0.313  0.268  0.697 -0.035  1.002  1.382  0.454]
   151          241        0.0618367         reflect
  eval: e=0.0900  p=[-0.350  0.273  0.662 -0.036  1.010  1.415  0.470]
   152          242        0.0618367         reflect
  eval: e=0.1337  p=[-0.344  0.303  0.617 -0.035  0.990  1.387  0.482]
  eval: e=0.0888  p=[-0.308  0.257  0.743 -0.036  1.017  1.389  0.426]
   153          244        0.0618367         contract inside
  eval: e=0.1100  p=[-0.278  0.268  0.763 -0.034  1.008  1.354  0.406]
  eval: e=0.0672  p=[-0.332  0.272  0.687 -0.036  1.010  1.400  0.454]
   154          246        0.0618367         contract inside
  eval: e=0.0769  p=[-0.327  0.288  0.666 -0.035  0.999  1.383  0.459]
   155          247        0.0618367         reflect
  eval: e=0.0570  p=[-0.361  0.267  0.675 -0.037  1.025  1.438  0.461]
  eval: e=0.0538  p=[-0.399  0.260  0.653 -0.040  1.041  1.485  0.476]
   156          249        0.0537627         expand
  eval: e=0.1049  p=[-0.359  0.267  0.656 -0.037  1.014  1.431  0.478]
  eval: e=0.0688  p=[-0.324  0.274  0.703 -0.035  1.013  1.394  0.440]
   157          251        0.0537627         contract inside
  eval: e=0.0723  p=[-0.361  0.276  0.679 -0.037  1.027  1.434  0.448]
   158          252        0.0537627         reflect
  eval: e=0.0554  p=[-0.392  0.253  0.661 -0.039  1.045  1.480  0.476]
   159          253        0.0537627         reflect
  eval: e=0.1015  p=[-0.384  0.243  0.701 -0.040  1.052  1.482  0.453]
  eval: e=0.0637  p=[-0.341  0.277  0.675 -0.036  1.012  1.408  0.457]
   160          255        0.0537627         contract inside
  eval: e=0.0800  p=[-0.344  0.255  0.686 -0.037  1.020  1.424  0.467]
  eval: e=0.0608  p=[-0.357  0.271  0.681 -0.037  1.025  1.431  0.453]
   161          257        0.0537627         contract inside
  eval: e=0.0671  p=[-0.378  0.267  0.651 -0.038  1.029  1.455  0.476]
   162          258        0.0537627         reflect
  eval: e=0.0644  p=[-0.403  0.257  0.640 -0.040  1.041  1.488  0.488]
   163          259        0.0537627         reflect
  eval: e=0.0564  p=[-0.416  0.254  0.643 -0.041  1.053  1.507  0.483]
   164          260        0.0537627         reflect
  eval: e=0.0593  p=[-0.380  0.256  0.676 -0.039  1.040  1.467  0.463]
   165          261        0.0537627         reflect
  eval: e=0.0718  p=[-0.348  0.266  0.698 -0.037  1.028  1.428  0.445]
  eval: e=0.0573  p=[-0.389  0.259  0.654 -0.039  1.038  1.473  0.477]
   166          263        0.0537627         contract inside
  eval: e=0.0805  p=[-0.424  0.241  0.657 -0.042  1.064  1.527  0.481]
  eval: e=0.0583  p=[-0.362  0.268  0.670 -0.037  1.025  1.438  0.463]
   167          265        0.0537627         contract inside
  eval: e=0.0588  p=[-0.424  0.262  0.631 -0.041  1.050  1.510  0.485]
   168          266        0.0537627         reflect
  eval: e=0.0578  p=[-0.433  0.247  0.630 -0.042  1.058  1.529  0.497]
   169          267        0.0537627         reflect
  eval: e=0.0586  p=[-0.425  0.259  0.622 -0.041  1.048  1.511  0.496]
   170          268        0.0537627         reflect
  eval: e=0.0656  p=[-0.380  0.252  0.664 -0.039  1.037  1.467  0.478]
  eval: e=0.0540  p=[-0.413  0.260  0.640 -0.040  1.047  1.500  0.483]
   171          270        0.0537627         contract inside
  eval: e=0.0585  p=[-0.377  0.255  0.678 -0.039  1.039  1.464  0.463]
  eval: e=0.0549  p=[-0.389  0.256  0.664 -0.039  1.042  1.476  0.471]
   172          272        0.0537627         contract outside
  eval: e=0.0725  p=[-0.447  0.244  0.628 -0.043  1.067  1.548  0.498]
  eval: e=0.0555  p=[-0.383  0.262  0.660 -0.039  1.036  1.465  0.472]
   173          274        0.0537627         contract inside
  eval: e=0.0582  p=[-0.362  0.268  0.677 -0.037  1.028  1.439  0.457]
  eval: e=0.0544  p=[-0.415  0.252  0.642 -0.041  1.050  1.506  0.487]
   174          276        0.0537627         contract inside
  eval: e=0.0591  p=[-0.413  0.255  0.649 -0.041  1.052  1.504  0.480]
  eval: e=0.0547  p=[-0.395  0.258  0.653 -0.039  1.041  1.481  0.478]
   175          278        0.0537627         contract inside
  eval: e=0.0566  p=[-0.380  0.260  0.663 -0.039  1.033  1.462  0.472]
  eval: e=0.0542  p=[-0.407  0.256  0.648 -0.040  1.048  1.496  0.480]
   176          280        0.0537627         contract inside
  eval: e=0.0570  p=[-0.420  0.251  0.643 -0.041  1.054  1.513  0.486]
  eval: e=0.0544  p=[-0.392  0.259  0.656 -0.039  1.040  1.477  0.475]
   177          282        0.0537627         contract inside
  eval: e=0.0540  p=[-0.411  0.262  0.641 -0.040  1.044  1.497  0.481]
   178          283        0.0537627         reflect
  eval: e=0.0538  p=[-0.421  0.260  0.630 -0.041  1.047  1.508  0.489]
   179          284        0.0537627         reflect
  eval: e=0.0564  p=[-0.421  0.259  0.635 -0.041  1.049  1.510  0.486]
  eval: e=0.0538  p=[-0.402  0.258  0.649 -0.040  1.043  1.488  0.480]
   180          286        0.0537627         contract inside
  eval: e=0.0538  p=[-0.398  0.266  0.649 -0.039  1.038  1.480  0.474]
   181          287        0.0537627         reflect
  eval: e=0.0562  p=[-0.422  0.261  0.633 -0.041  1.048  1.509  0.486]
  eval: e=0.0536  p=[-0.400  0.260  0.650 -0.040  1.042  1.485  0.478]
   182          289        0.0536165         contract inside
  eval: e=0.0527  p=[-0.405  0.266  0.641 -0.040  1.038  1.487  0.480]
  eval: e=0.0523  p=[-0.405  0.270  0.637 -0.040  1.034  1.483  0.480]
   183          291        0.0522998         expand
  eval: e=0.0529  p=[-0.396  0.265  0.649 -0.039  1.035  1.479  0.476]
   184          292        0.0522998         reflect
  eval: e=0.0538  p=[-0.395  0.264  0.649 -0.039  1.037  1.477  0.477]
  eval: e=0.0533  p=[-0.399  0.263  0.647 -0.039  1.038  1.482  0.478]
   185          294        0.0522998         contract outside
  eval: e=0.0548  p=[-0.379  0.266  0.665 -0.038  1.030  1.458  0.466]
  eval: e=0.0531  p=[-0.410  0.261  0.639 -0.040  1.043  1.495  0.483]
   186          296        0.0522998         contract inside
  eval: e=0.0529  p=[-0.400  0.269  0.644 -0.039  1.034  1.480  0.476]
   187          297        0.0522998         reflect
  eval: e=0.0530  p=[-0.405  0.262  0.643 -0.040  1.038  1.489  0.482]
   188          298        0.0522998         reflect
  eval: e=0.0532  p=[-0.405  0.269  0.635 -0.040  1.035  1.485  0.482]
   189          299        0.0522998         reflect
  eval: e=0.0521  p=[-0.406  0.272  0.634 -0.040  1.032  1.484  0.481]
  eval: e=0.0516  p=[-0.409  0.278  0.626 -0.040  1.026  1.484  0.483]
   190          301        0.0516009         expand
  eval: e=0.0518  p=[-0.410  0.272  0.631 -0.040  1.032  1.488  0.483]
   191          302        0.0516009         reflect
  eval: e=0.0525  p=[-0.405  0.268  0.641 -0.040  1.034  1.486  0.479]
   192          303        0.0516009         reflect
  eval: e=0.0518  p=[-0.398  0.277  0.638 -0.039  1.024  1.473  0.476]
   193          304        0.0516009         reflect
  eval: e=0.0523  p=[-0.402  0.281  0.633 -0.039  1.024  1.475  0.476]
   194          305        0.0516009         reflect
  eval: e=0.0515  p=[-0.412  0.283  0.623 -0.040  1.024  1.484  0.482]
  eval: e=0.0516  p=[-0.419  0.291  0.610 -0.040  1.019  1.486  0.484]
   195          307        0.0514577         reflect
  eval: e=0.0511  p=[-0.411  0.282  0.622 -0.040  1.023  1.483  0.483]
  eval: e=0.0509  p=[-0.417  0.288  0.611 -0.040  1.017  1.485  0.487]
   196          309        0.0509086         expand
  eval: e=0.0516  p=[-0.410  0.289  0.616 -0.039  1.018  1.477  0.483]
   197          310        0.0509086         reflect
  eval: e=0.0508  p=[-0.412  0.292  0.614 -0.039  1.014  1.478  0.483]
  eval: e=0.0507  p=[-0.416  0.302  0.602 -0.039  1.003  1.476  0.485]
   198          312        0.0506604         expand
  eval: e=0.0516  p=[-0.419  0.288  0.608 -0.040  1.017  1.487  0.489]
   199          313        0.0506604         reflect
  eval: e=0.0508  p=[-0.428  0.295  0.595 -0.040  1.015  1.493  0.493]
   200          314        0.0506604         reflect
  eval: e=0.0510  p=[-0.422  0.306  0.592 -0.039  1.002  1.479  0.489]
   201          315        0.0506604         reflect
  eval: e=0.0510  p=[-0.414  0.295  0.610 -0.039  1.014  1.478  0.483]
   202          316        0.0506604         reflect
  eval: e=0.0505  p=[-0.424  0.310  0.588 -0.039  1.000  1.480  0.489]
  eval: e=0.0533  p=[-0.432  0.326  0.569 -0.039  0.988  1.478  0.492]
   203          318        0.0505226         reflect
  eval: e=0.0502  p=[-0.428  0.305  0.590 -0.040  1.004  1.487  0.490]
  eval: e=0.0515  p=[-0.436  0.313  0.578 -0.040  0.998  1.492  0.494]
   204          320        0.0502426         reflect
  eval: e=0.0511  p=[-0.431  0.318  0.574 -0.040  0.992  1.482  0.494]
  eval: e=0.0506  p=[-0.426  0.309  0.586 -0.040  1.000  1.482  0.491]
   205          322        0.0502426         contract outside
  eval: e=0.0506  p=[-0.422  0.296  0.602 -0.040  1.013  1.487  0.487]
   206          323        0.0502426         reflect
  eval: e=0.0501  p=[-0.432  0.306  0.582 -0.040  1.002  1.491  0.495]
  eval: e=0.0505  p=[-0.441  0.312  0.569 -0.040  0.996  1.497  0.502]
   207          325        0.0501207         reflect
  eval: e=0.0513  p=[-0.433  0.318  0.574 -0.040  0.994  1.485  0.493]
  eval: e=0.0505  p=[-0.421  0.296  0.602 -0.040  1.011  1.485  0.489]
   208          327        0.0501207         contract inside
  eval: e=0.0518  p=[-0.420  0.312  0.591 -0.039  0.994  1.475  0.487]
  eval: e=0.0504  p=[-0.426  0.299  0.594 -0.040  1.010  1.488  0.491]
   209          329        0.0501207         contract inside
  eval: e=0.0501  p=[-0.435  0.303  0.582 -0.040  1.008  1.495  0.496]
  eval: e=0.0505  p=[-0.445  0.304  0.573 -0.041  1.010  1.505  0.501]
   210          331         0.050114         reflect
  eval: e=0.0503  p=[-0.428  0.295  0.597 -0.040  1.014  1.493  0.491]
   211          332         0.050114         reflect
  eval: e=0.0503  p=[-0.434  0.309  0.579 -0.040  1.001  1.490  0.496]
   212          333         0.050114         reflect
  eval: e=0.0503  p=[-0.434  0.294  0.591 -0.040  1.014  1.500  0.496]
   213          334         0.050114         reflect
  eval: e=0.0499  p=[-0.441  0.307  0.575 -0.040  1.004  1.499  0.499]
  eval: e=0.0502  p=[-0.451  0.313  0.561 -0.041  1.001  1.506  0.504]
   214          336        0.0498777         reflect
  eval: e=0.0498  p=[-0.440  0.307  0.577 -0.040  1.003  1.499  0.498]
  eval: e=0.0499  p=[-0.447  0.310  0.568 -0.041  1.000  1.504  0.502]
   215          338        0.0497693         reflect
  eval: e=0.0503  p=[-0.442  0.313  0.568 -0.040  0.997  1.496  0.501]
  eval: e=0.0499  p=[-0.438  0.309  0.575 -0.040  1.001  1.495  0.498]
   216          340        0.0497693         contract outside
  eval: e=0.0501  p=[-0.437  0.300  0.585 -0.040  1.009  1.500  0.497]
   217          341        0.0497693         reflect
  eval: e=0.0508  p=[-0.438  0.317  0.570 -0.040  0.995  1.490  0.496]
  eval: e=0.0500  p=[-0.435  0.300  0.586 -0.040  1.009  1.498  0.496]
   218          343        0.0497693         contract inside
  eval: e=0.0505  p=[-0.446  0.305  0.570 -0.041  1.006  1.506  0.504]
  eval: e=0.0499  p=[-0.432  0.305  0.585 -0.040  1.005  1.492  0.494]
   219          345        0.0497693         contract inside
  eval: e=0.0504  p=[-0.442  0.303  0.579 -0.041  1.010  1.503  0.498]
  eval: e=0.0499  p=[-0.435  0.305  0.582 -0.040  1.004  1.494  0.496]
   220          347        0.0497693         contract inside
  eval: e=0.0496  p=[-0.438  0.306  0.579 -0.040  1.002  1.498  0.498]
  eval: e=0.0496  p=[-0.440  0.307  0.577 -0.041  0.999  1.499  0.499]
   221          349        0.0496034         reflect
  eval: e=0.0501  p=[-0.437  0.311  0.575 -0.040  0.999  1.492  0.498]
  eval: e=0.0499  p=[-0.437  0.303  0.582 -0.040  1.007  1.498  0.497]
   222          351        0.0496034         contract inside
  eval: e=0.0500  p=[-0.440  0.312  0.572 -0.040  0.998  1.495  0.498]
  eval: e=0.0497  p=[-0.439  0.309  0.576 -0.040  1.001  1.496  0.498]
   223          353        0.0496034         contract outside
  eval: e=0.0498  p=[-0.444  0.309  0.570 -0.041  1.001  1.502  0.502]
   224          354        0.0496034         reflect
  eval: e=0.0500  p=[-0.440  0.304  0.579 -0.040  1.005  1.501  0.498]
  eval: e=0.0498  p=[-0.439  0.308  0.576 -0.040  1.002  1.497  0.498]
   225          356        0.0496034         contract inside
  eval: e=0.0499  p=[-0.445  0.308  0.571 -0.041  1.002  1.503  0.501]
   226          357        0.0496034         reflect
  eval: e=0.0496  p=[-0.440  0.307  0.577 -0.040  1.001  1.499  0.499]
  eval: e=0.0495  p=[-0.439  0.306  0.578 -0.040  1.000  1.499  0.499]
   227          359        0.0494748         expand
  eval: e=0.0498  p=[-0.434  0.305  0.583 -0.040  1.002  1.494  0.496]
   228          360        0.0494748         reflect
  eval: e=0.0499  p=[-0.441  0.311  0.572 -0.040  0.997  1.497  0.500]
  eval: e=0.0497  p=[-0.438  0.305  0.580 -0.040  1.004  1.498  0.498]
   229          362        0.0494748         contract inside
  eval: e=0.0496  p=[-0.439  0.306  0.579 -0.040  1.002  1.499  0.498]
   230          363        0.0494748         reflect
  eval: e=0.0499  p=[-0.445  0.308  0.571 -0.041  1.001  1.504  0.501]
  eval: e=0.0497  p=[-0.437  0.306  0.580 -0.040  1.002  1.496  0.497]
   231          365        0.0494748         contract inside
  eval: e=0.0495  p=[-0.438  0.307  0.578 -0.040  1.000  1.498  0.499]
   232          366        0.0494748         reflect
  eval: e=0.0497  p=[-0.432  0.304  0.586 -0.040  1.002  1.493  0.495]
   233          367        0.0494748         reflect
  eval: e=0.0497  p=[-0.437  0.308  0.579 -0.040  0.998  1.496  0.498]
   234          368        0.0494748         reflect
  eval: e=0.0493  p=[-0.436  0.303  0.584 -0.040  1.001  1.498  0.498]
  eval: e=0.0491  p=[-0.435  0.300  0.588 -0.041  1.001  1.499  0.498]
   235          370        0.0491419         expand
  eval: e=0.0496  p=[-0.437  0.302  0.583 -0.040  1.004  1.499  0.498]
   236          371        0.0491419         reflect
  eval: e=0.0495  p=[-0.443  0.305  0.575 -0.041  1.001  1.503  0.502]
   237          372        0.0491419         reflect
  eval: e=0.0493  p=[-0.440  0.303  0.580 -0.041  1.001  1.502  0.500]
   238          373        0.0491419         reflect
  eval: e=0.0492  p=[-0.439  0.302  0.581 -0.041  1.000  1.502  0.500]
   239          374        0.0491419         reflect
  eval: e=0.0492  p=[-0.438  0.302  0.582 -0.041  1.000  1.501  0.500]
   240          375        0.0491419         reflect
  eval: e=0.0496  p=[-0.441  0.305  0.578 -0.041  0.997  1.502  0.502]
  eval: e=0.0494  p=[-0.440  0.304  0.579 -0.041  0.998  1.502  0.501]
   241          377        0.0491419         contract outside
  eval: e=0.0494  p=[-0.434  0.302  0.587 -0.041  0.999  1.497  0.497]
   242          378        0.0491419         reflect
  eval: e=0.0491  p=[-0.437  0.299  0.586 -0.041  0.999  1.503  0.500]
  eval: e=0.0490  p=[-0.437  0.295  0.591 -0.041  0.999  1.506  0.501]
   243          380        0.0490409         expand
  eval: e=0.0489  p=[-0.436  0.296  0.590 -0.041  1.000  1.504  0.500]
  eval: e=0.0487  p=[-0.434  0.291  0.596 -0.041  1.000  1.507  0.501]
   244          382        0.0486845         expand
  eval: e=0.0490  p=[-0.434  0.294  0.594 -0.041  1.001  1.503  0.499]
   245          383        0.0486845         reflect
  eval: e=0.0491  p=[-0.439  0.295  0.588 -0.041  1.002  1.508  0.502]
   246          384        0.0486845         reflect
  eval: e=0.0486  p=[-0.433  0.291  0.597 -0.041  1.000  1.505  0.500]
  eval: e=0.0483  p=[-0.430  0.284  0.605 -0.041  1.000  1.506  0.500]
   247          386        0.0482596         expand
  eval: e=0.0485  p=[-0.431  0.286  0.603 -0.041  1.001  1.507  0.500]
   248          387        0.0482596         reflect
  eval: e=0.0487  p=[-0.430  0.283  0.608 -0.041  1.001  1.509  0.500]
   249          388        0.0482596         reflect
  eval: e=0.0486  p=[-0.433  0.280  0.608 -0.042  1.001  1.514  0.503]
   250          389        0.0482596         reflect
  eval: e=0.0486  p=[-0.426  0.281  0.613 -0.041  0.999  1.506  0.499]
   251          390        0.0482596         reflect
  eval: e=0.0482  p=[-0.426  0.276  0.617 -0.042  1.001  1.509  0.500]
  eval: e=0.0480  p=[-0.420  0.267  0.629 -0.042  1.002  1.511  0.499]
   252          392        0.0479707         expand
  eval: e=0.0481  p=[-0.425  0.269  0.624 -0.042  1.000  1.514  0.502]
   253          393        0.0479707         reflect
  eval: e=0.0482  p=[-0.421  0.266  0.630 -0.042  1.001  1.512  0.500]
   254          394        0.0479707         reflect
  eval: e=0.0477  p=[-0.423  0.270  0.624 -0.042  1.000  1.511  0.501]
  eval: e=0.0475  p=[-0.419  0.263  0.633 -0.042  0.999  1.512  0.501]
   255          396        0.0474785         expand
  eval: e=0.0476  p=[-0.416  0.268  0.632 -0.042  1.000  1.506  0.497]
   256          397        0.0474785         reflect
  eval: e=0.0477  p=[-0.420  0.263  0.631 -0.042  1.002  1.513  0.501]
   257          398        0.0474785         reflect
  eval: e=0.0475  p=[-0.412  0.251  0.650 -0.042  1.001  1.515  0.500]
   258          399        0.0474785         reflect
  eval: e=0.0482  p=[-0.408  0.243  0.660 -0.043  1.002  1.517  0.500]
  eval: e=0.0478  p=[-0.414  0.254  0.646 -0.042  1.001  1.515  0.500]
   259          401        0.0474785         contract outside
  eval: e=0.0473  p=[-0.415  0.258  0.640 -0.042  1.001  1.512  0.500]
  eval: e=0.0471  p=[-0.411  0.254  0.645 -0.042  1.000  1.512  0.501]
   260          403        0.0470869         expand
  eval: e=0.0473  p=[-0.407  0.251  0.652 -0.042  1.002  1.510  0.498]
   261          404        0.0470869         reflect
  eval: e=0.0470  p=[-0.409  0.249  0.653 -0.042  0.999  1.513  0.500]
  eval: e=0.0471  p=[-0.403  0.240  0.665 -0.043  0.998  1.514  0.501]
   262          406        0.0470407         reflect
  eval: e=0.0473  p=[-0.413  0.260  0.638 -0.042  1.000  1.509  0.500]
   263          407        0.0470407         reflect
  eval: e=0.0471  p=[-0.405  0.250  0.655 -0.042  0.999  1.508  0.498]
   264          408        0.0470407         reflect
  eval: e=0.0470  p=[-0.405  0.240  0.662 -0.043  1.000  1.517  0.502]
  eval: e=0.0475  p=[-0.399  0.226  0.677 -0.043  1.000  1.522  0.504]
   265          410        0.0470177         reflect
  eval: e=0.0473  p=[-0.408  0.254  0.647 -0.042  0.999  1.509  0.500]
   266          411        0.0470177         reflect
  eval: e=0.0473  p=[-0.397  0.239  0.668 -0.042  1.001  1.510  0.499]
   267          412        0.0470177         reflect
  eval: e=0.0473  p=[-0.406  0.244  0.660 -0.042  1.001  1.514  0.499]
   268          413        0.0470177         reflect
  eval: e=0.0476  p=[-0.418  0.260  0.636 -0.042  1.000  1.514  0.501]
  eval: e=0.0471  p=[-0.403  0.244  0.660 -0.042  1.000  1.511  0.499]
   269          415        0.0470177         contract inside
  eval: e=0.0473  p=[-0.400  0.234  0.673 -0.043  1.001  1.516  0.500]
  eval: e=0.0471  p=[-0.410  0.254  0.647 -0.042  1.000  1.510  0.500]
   270          417        0.0470177         contract inside
  eval: e=0.0471  p=[-0.406  0.245  0.657 -0.043  0.998  1.515  0.502]
   271          418        0.0470177         reflect
  eval: e=0.0473  p=[-0.408  0.252  0.649 -0.042  0.998  1.511  0.501]
  eval: e=0.0470  p=[-0.406  0.246  0.657 -0.042  1.000  1.513  0.500]
   272          420        0.0470177         contract inside
  eval: e=0.0472  p=[-0.410  0.245  0.654 -0.043  1.001  1.517  0.503]
  eval: e=0.0470  p=[-0.406  0.249  0.655 -0.042  0.999  1.511  0.499]
   273          422        0.0470177         contract inside
  eval: e=0.0471  p=[-0.403  0.239  0.664 -0.043  0.999  1.516  0.501]
   274          423        0.0470177         reflect
  eval: e=0.0472  p=[-0.400  0.235  0.672 -0.043  0.999  1.515  0.500]
  eval: e=0.0470  p=[-0.408  0.249  0.652 -0.042  1.000  1.513  0.501]
   275          425        0.0469876         contract inside
  eval: e=0.0472  p=[-0.405  0.246  0.658 -0.042  1.002  1.512  0.499]
  eval: e=0.0470  p=[-0.406  0.245  0.657 -0.042  0.999  1.514  0.501]
   276          427        0.0469876         contract inside
  eval: e=0.0471  p=[-0.409  0.253  0.649 -0.042  1.000  1.510  0.499]
  eval: e=0.0470  p=[-0.405  0.243  0.661 -0.043  0.999  1.514  0.501]
   277          429        0.0469876         contract inside
  eval: e=0.0472  p=[-0.410  0.247  0.653 -0.043  0.999  1.516  0.502]
  eval: e=0.0470  p=[-0.405  0.245  0.659 -0.042  1.000  1.512  0.500]
   278          431        0.0469662         contract inside
  eval: e=0.0470  p=[-0.406  0.245  0.657 -0.042  0.999  1.514  0.501]
   279          432        0.0469662         reflect
  eval: e=0.0470  p=[-0.403  0.242  0.662 -0.043  1.000  1.514  0.501]
   280          433        0.0469662         reflect
  eval: e=0.0470  p=[-0.405  0.244  0.660 -0.042  1.000  1.513  0.500]
   281          434        0.0469662         reflect
  eval: e=0.0471  p=[-0.405  0.239  0.663 -0.043  1.000  1.517  0.502]
  eval: e=0.0470  p=[-0.406  0.246  0.657 -0.042  0.999  1.512  0.500]
   282          436        0.0469662         contract inside
  eval: e=0.0471  p=[-0.404  0.243  0.660 -0.042  1.001  1.513  0.500]
  eval: e=0.0470  p=[-0.406  0.245  0.658 -0.042  0.999  1.514  0.501]
   283          438        0.0469662         contract inside
  eval: e=0.0470  p=[-0.406  0.245  0.657 -0.042  0.999  1.514  0.502]
  eval: e=0.0470  p=[-0.405  0.244  0.659 -0.042  1.000  1.514  0.500]
   284          440        0.0469662         contract inside
  eval: e=0.0470  p=[-0.405  0.250  0.654 -0.042  0.999  1.510  0.499]
  eval: e=0.0470  p=[-0.405  0.242  0.660 -0.043  1.000  1.515  0.501]
   285          442        0.0469662         contract inside
  eval: e=0.0470  p=[-0.408  0.248  0.654 -0.042  1.000  1.513  0.500]
  eval: e=0.0470  p=[-0.404  0.243  0.660 -0.042  1.000  1.514  0.501]
   286          444        0.0469662         contract inside
  eval: e=0.0470  p=[-0.406  0.247  0.655 -0.042  1.000  1.512  0.500]
   287          445        0.0469662         reflect
  eval: e=0.0470  p=[-0.406  0.246  0.657 -0.042  1.000  1.512  0.500]
  eval: e=0.0470  p=[-0.406  0.245  0.658 -0.042  1.000  1.513  0.501]
   288          447        0.0469662         contract inside
  eval: e=0.0470  p=[-0.406  0.244  0.658 -0.042  1.000  1.514  0.501]
  eval: e=0.0470  p=[-0.406  0.246  0.657 -0.042  1.000  1.513  0.500]
   289          449        0.0469662         contract inside
  eval: e=0.0470  p=[-0.405  0.243  0.661 -0.043  1.000  1.514  0.501]
  eval: e=0.0470  p=[-0.406  0.246  0.656 -0.042  1.000  1.513  0.500]
   290          451        0.0469662         contract inside
  eval: e=0.0470  p=[-0.402  0.240  0.665 -0.043  1.000  1.514  0.500]
  eval: e=0.0470  p=[-0.407  0.247  0.655 -0.042  1.000  1.513  0.501]
   291          453        0.0469662         contract inside
  eval: e=0.0470  p=[-0.407  0.247  0.656 -0.042  1.000  1.513  0.500]
  eval: e=0.0470  p=[-0.406  0.246  0.657 -0.042  1.000  1.513  0.500]
   292          455        0.0469606         contract outside
  eval: e=0.0470  p=[-0.405  0.245  0.657 -0.042  1.000  1.513  0.500]
  eval: e=0.0470  p=[-0.406  0.245  0.658 -0.042  1.000  1.513  0.501]
   293          457        0.0469606         contract inside
  eval: e=0.0470  p=[-0.406  0.244  0.658 -0.042  1.000  1.514  0.501]
  eval: e=0.0470  p=[-0.406  0.245  0.657 -0.042  1.000  1.513  0.500]
   294          459        0.0469606         contract inside
  eval: e=0.0470  p=[-0.406  0.249  0.654 -0.042  1.000  1.511  0.499]
  eval: e=0.0470  p=[-0.405  0.244  0.659 -0.042  1.000  1.514  0.501]
   295          461        0.0469606         contract inside
  eval: e=0.0470  p=[-0.404  0.243  0.660 -0.042  1.000  1.513  0.500]
  eval: e=0.0470  p=[-0.403  0.242  0.663 -0.042  1.000  1.513  0.500]
   296          463        0.0469604         reflect
  eval: e=0.0470  p=[-0.405  0.245  0.659 -0.042  1.000  1.513  0.500]
  eval: e=0.0470  p=[-0.405  0.245  0.658 -0.042  1.000  1.513  0.500]
   297          465        0.0469604         contract inside
  eval: e=0.0470  p=[-0.405  0.244  0.659 -0.042  1.000  1.513  0.500]
  eval: e=0.0470  p=[-0.405  0.245  0.658 -0.042  1.000  1.513  0.500]
   298          467        0.0469604         contract inside
  eval: e=0.0470  p=[-0.406  0.246  0.657 -0.042  1.000  1.513  0.500]
  eval: e=0.0470  p=[-0.405  0.245  0.659 -0.042  1.000  1.513  0.500]
   299          469        0.0469588         contract inside
  eval: e=0.0470  p=[-0.404  0.243  0.660 -0.042  1.000  1.513  0.500]
   300          470        0.0469588         reflect
  eval: e=0.0470  p=[-0.406  0.244  0.659 -0.043  1.000  1.514  0.501]
  eval: e=0.0470  p=[-0.405  0.245  0.659 -0.042  1.000  1.513  0.500]
   301          472        0.0469588         contract inside
  eval: e=0.0470  p=[-0.405  0.244  0.660 -0.042  1.000  1.513  0.500]
  eval: e=0.0470  p=[-0.405  0.245  0.658 -0.042  1.000  1.513  0.500]
   302          474        0.0469588         contract inside
  eval: e=0.0470  p=[-0.406  0.246  0.656 -0.042  1.000  1.513  0.500]
  eval: e=0.0470  p=[-0.405  0.244  0.659 -0.042  1.000  1.513  0.500]
   303          476        0.0469588         contract inside
  eval: e=0.0470  p=[-0.405  0.244  0.659 -0.042  1.000  1.513  0.500]
  eval: e=0.0470  p=[-0.405  0.244  0.659 -0.042  1.000  1.513  0.500]
   304          478        0.0469583         contract outside
  eval: e=0.0470  p=[-0.405  0.245  0.659 -0.042  1.000  1.512  0.500]
  eval: e=0.0470  p=[-0.405  0.244  0.659 -0.042  1.000  1.514  0.501]
   305          480        0.0469583         contract inside
  eval: e=0.0470  p=[-0.405  0.244  0.659 -0.042  1.000  1.513  0.500]
  eval: e=0.0470  p=[-0.405  0.245  0.659 -0.042  1.000  1.513  0.500]
   306          482        0.0469583         contract inside
  eval: e=0.0470  p=[-0.404  0.242  0.661 -0.042  1.000  1.513  0.500]
  eval: e=0.0470  p=[-0.405  0.245  0.658 -0.042  1.000  1.513  0.500]
   307          484        0.0469583         contract inside
  eval: e=0.0470  p=[-0.405  0.245  0.658 -0.042  1.000  1.513  0.500]
   308          485        0.0469583         reflect
  eval: e=0.0470  p=[-0.405  0.244  0.659 -0.042  1.000  1.514  0.501]
   309          486        0.0469583         reflect
  eval: e=0.0470  p=[-0.406  0.246  0.657 -0.042  1.000  1.514  0.501]
  eval: e=0.0470  p=[-0.406  0.245  0.658 -0.042  1.000  1.513  0.500]
   310          488        0.0469583         contract outside
  eval: e=0.0470  p=[-0.405  0.245  0.658 -0.042  1.000  1.514  0.500]
  eval: e=0.0470  p=[-0.405  0.245  0.658 -0.042  1.000  1.513  0.500]
   311          490        0.0469583         contract inside
  eval: e=0.0470  p=[-0.405  0.245  0.658 -0.042  1.000  1.513  0.500]
  eval: e=0.0470  p=[-0.405  0.244  0.659 -0.042  1.000  1.513  0.500]
   312          492        0.0469583         contract inside
  eval: e=0.0470  p=[-0.405  0.244  0.659 -0.042  1.000  1.514  0.500]
  eval: e=0.0470  p=[-0.405  0.245  0.658 -0.042  1.000  1.513  0.500]
   313          494        0.0469576         contract inside
  eval: e=0.0470  p=[-0.405  0.245  0.658 -0.042  1.000  1.513  0.500]
  eval: e=0.0470  p=[-0.405  0.245  0.658 -0.042  1.000  1.513  0.500]
   314          496        0.0469576         contract inside
  eval: e=0.0470  p=[-0.405  0.245  0.658 -0.042  1.000  1.513  0.500]
  eval: e=0.0470  p=[-0.405  0.244  0.659 -0.042  1.000  1.514  0.500]
   315          498        0.0469576         contract inside
  eval: e=0.0470  p=[-0.405  0.245  0.658 -0.042  1.000  1.513  0.500]
  eval: e=0.0470  p=[-0.405  0.245  0.658 -0.042  1.000  1.513  0.500]
   316          500        0.0469574         contract inside
  eval: e=0.0470  p=[-0.405  0.244  0.659 -0.042  1.000  1.514  0.500]
   317          501        0.0469574         reflect
  eval: e=0.0470  p=[-0.405  0.245  0.658 -0.042  1.000  1.513  0.500]
  eval: e=0.0470  p=[-0.405  0.244  0.659 -0.042  1.000  1.513  0.500]
   318          503        0.0469574         contract inside
  eval: e=0.0470  p=[-0.405  0.244  0.660 -0.042  1.000  1.513  0.500]
  eval: e=0.0470  p=[-0.405  0.245  0.658 -0.042  1.000  1.513  0.500]
   319          505        0.0469574         contract inside
  eval: e=0.0470  p=[-0.405  0.245  0.658 -0.042  1.000  1.513  0.500]
  eval: e=0.0470  p=[-0.405  0.244  0.659 -0.042  1.000  1.513  0.500]
   320          507        0.0469574         contract inside
  eval: e=0.0470  p=[-0.405  0.244  0.659 -0.042  1.000  1.514  0.500]
   321          508        0.0469574         reflect
  eval: e=0.0470  p=[-0.405  0.244  0.659 -0.042  1.000  1.513  0.500]
  eval: e=0.0470  p=[-0.405  0.244  0.659 -0.042  1.000  1.513  0.500]
   322          510        0.0469574         contract inside
  eval: e=0.0470  p=[-0.405  0.245  0.658 -0.042  1.000  1.513  0.500]
  eval: e=0.0470  p=[-0.405  0.245  0.658 -0.042  1.000  1.513  0.500]
   323          512        0.0469572         reflect
  eval: e=0.0470  p=[-0.405  0.245  0.658 -0.042  1.000  1.513  0.500]
  eval: e=0.0470  p=[-0.405  0.245  0.658 -0.042  1.000  1.513  0.500]
   324          514        0.0469572         contract outside
  eval: e=0.0470  p=[-0.405  0.244  0.659 -0.042  1.000  1.513  0.500]
  eval: e=0.0470  p=[-0.405  0.245  0.658 -0.042  1.000  1.513  0.500]
   325          516        0.0469572         contract inside
  eval: e=0.0470  p=[-0.405  0.244  0.659 -0.042  1.000  1.513  0.500]
   326          517        0.0469572         reflect
  eval: e=0.0470  p=[-0.405  0.244  0.659 -0.042  1.000  1.513  0.500]
  eval: e=0.0470  p=[-0.405  0.244  0.659 -0.042  1.000  1.513  0.500]
   327          519        0.0469572         contract inside
  eval: e=0.0470  p=[-0.405  0.244  0.659 -0.042  1.000  1.513  0.500]
  eval: e=0.0470  p=[-0.405  0.244  0.659 -0.042  1.000  1.513  0.500]
   328          521        0.0469572         contract inside
  eval: e=0.0470  p=[-0.405  0.244  0.659 -0.042  1.000  1.514  0.500]
   329          522        0.0469572         reflect
  eval: e=0.0470  p=[-0.405  0.245  0.658 -0.042  1.000  1.513  0.500]
  eval: e=0.0470  p=[-0.405  0.245  0.658 -0.042  1.000  1.513  0.500]
   330          524        0.0469572         contract outside
  eval: e=0.0470  p=[-0.405  0.245  0.658 -0.042  1.000  1.513  0.500]
  eval: e=0.0470  p=[-0.405  0.244  0.659 -0.042  1.000  1.513  0.500]
   331          526        0.0469572         contract inside
  eval: e=0.0470  p=[-0.405  0.244  0.659 -0.042  1.000  1.513  0.500]
  eval: e=0.0470  p=[-0.405  0.244  0.659 -0.042  1.000  1.513  0.500]
   332          528        0.0469572         contract inside
  eval: e=0.0470  p=[-0.405  0.244  0.659 -0.042  1.000  1.513  0.500]
  eval: e=0.0470  p=[-0.405  0.244  0.659 -0.042  1.000  1.513  0.500]
   333          530        0.0469571         contract inside
  eval: e=0.0470  p=[-0.405  0.245  0.658 -0.042  1.000  1.513  0.500]
  eval: e=0.0470  p=[-0.405  0.245  0.658 -0.042  1.000  1.513  0.500]
   334          532        0.0469568         expand
  eval: e=0.0470  p=[-0.405  0.245  0.659 -0.042  1.000  1.513  0.500]
   335          533        0.0469568         reflect
  eval: e=0.0470  p=[-0.405  0.245  0.658 -0.042  1.000  1.513  0.500]
   336          534        0.0469568         reflect
  eval: e=0.0470  p=[-0.405  0.245  0.658 -0.042  1.000  1.513  0.500]
   337          535        0.0469568         reflect
  eval: e=0.0470  p=[-0.405  0.245  0.658 -0.042  1.000  1.513  0.500]
  eval: e=0.0470  p=[-0.405  0.244  0.659 -0.042  1.000  1.513  0.500]
   338          537        0.0469568         contract inside
  eval: e=0.0470  p=[-0.405  0.245  0.658 -0.042  1.000  1.513  0.500]
   339          538        0.0469568         reflect
  eval: e=0.0470  p=[-0.405  0.245  0.658 -0.042  1.000  1.513  0.500]
   340          539        0.0469568         reflect
  eval: e=0.0470  p=[-0.405  0.245  0.658 -0.042  1.000  1.513  0.500]
  eval: e=0.0470  p=[-0.405  0.245  0.658 -0.042  1.000  1.513  0.500]
  eval: e=0.0470  p=[-0.405  0.245  0.658 -0.042  1.000  1.513  0.500]
  eval: e=0.0470  p=[-0.405  0.245  0.658 -0.042  1.000  1.513  0.500]
  eval: e=0.0470  p=[-0.405  0.245  0.658 -0.042  1.000  1.513  0.500]
  eval: e=0.0470  p=[-0.405  0.245  0.658 -0.042  1.000  1.513  0.500]
  eval: e=0.0470  p=[-0.405  0.245  0.658 -0.042  1.000  1.513  0.500]
  eval: e=0.0470  p=[-0.405  0.245  0.658 -0.042  1.000  1.513  0.500]
  eval: e=0.0470  p=[-0.405  0.245  0.658 -0.042  1.000  1.513  0.500]
   341          548        0.0469568         shrink
  eval: e=0.0470  p=[-0.405  0.245  0.658 -0.042  1.000  1.513  0.500]
   342          549        0.0469568         reflect
  eval: e=0.0470  p=[-0.405  0.245  0.658 -0.042  1.000  1.513  0.500]
   343          550        0.0469568         reflect
  eval: e=0.0470  p=[-0.405  0.245  0.658 -0.042  1.000  1.513  0.500]
  eval: e=0.0470  p=[-0.405  0.245  0.658 -0.042  1.000  1.513  0.500]
   344          552        0.0469568         contract inside
  eval: e=0.0470  p=[-0.405  0.245  0.658 -0.042  1.000  1.513  0.500]
   345          553        0.0469568         reflect
  eval: e=0.0470  p=[-0.405  0.245  0.658 -0.042  1.000  1.513  0.500]
  eval: e=0.0470  p=[-0.405  0.245  0.658 -0.042  1.000  1.513  0.500]
   346          555        0.0469568         contract inside
  eval: e=0.0470  p=[-0.405  0.245  0.658 -0.042  1.000  1.513  0.500]
  eval: e=0.0470  p=[-0.405  0.245  0.658 -0.042  1.000  1.513  0.500]
   347          557        0.0469567         contract inside
  eval: e=0.0470  p=[-0.405  0.245  0.658 -0.042  1.000  1.513  0.500]
  eval: e=0.0470  p=[-0.405  0.245  0.658 -0.042  1.000  1.513  0.500]
   348          559        0.0469567         contract inside
 
Optimization terminated:
 the current x satisfies the termination criteria using OPTIONS.TolX of 1.000000e-04 
 and F(X) satisfies the convergence criteria using OPTIONS.TolFun of 1.000000e-06 

=== Fit complete: error=0.046957  AIC=-2980.3 ===
