  eval: e=0.1802  p=[0.500 0.500 0.500 0.500 0.500 0.333]
 
 Iteration   Func-count         f(x)         Procedure
     0            1         0.180198         
  eval: e=0.1840  p=[0.525 0.500 0.500 0.500 0.500 0.333]
  eval: e=0.4520  p=[0.500 0.525 0.500 0.500 0.500 0.333]
  eval: e=0.3385  p=[0.500 0.500 0.525 0.500 0.500 0.333]
  eval: e=0.1333  p=[0.500 0.500 0.500 0.525 0.500 0.333]
  eval: e=0.1019  p=[0.500 0.500 0.500 0.500 0.525 0.333]
  eval: e=0.1421  p=[0.500 0.500 0.500 0.500 0.500 0.350]
     1            7         0.101913         initial simplex
  eval: e=0.0818  p=[0.508 0.475 0.508 0.508 0.508 0.339]
  eval: e=0.0899  p=[0.512 0.450 0.512 0.512 0.512 0.341]
     2            9        0.0818133         reflect
  eval: e=0.0800  p=[0.511 0.492 0.478 0.511 0.511 0.340]
  eval: e=0.0992  p=[0.517 0.488 0.454 0.517 0.517 0.344]
     3           11        0.0800043         reflect
  eval: e=0.0809  p=[0.481 0.489 0.495 0.515 0.515 0.343]
     4           12        0.0800043         reflect
  eval: e=0.0906  p=[0.500 0.485 0.494 0.520 0.520 0.346]
     5           13        0.0800043         reflect
  eval: e=0.0986  p=[0.500 0.480 0.492 0.526 0.526 0.328]
     6           14        0.0800043         reflect
  eval: e=0.1161  p=[0.501 0.474 0.489 0.502 0.535 0.343]
  eval: e=0.0985  p=[0.500 0.480 0.492 0.508 0.526 0.341]
     7           16        0.0800043         contract outside
  eval: e=0.0922  p=[0.501 0.467 0.486 0.529 0.511 0.346]
     8           17        0.0800043         reflect
  eval: e=0.0753  p=[0.500 0.482 0.493 0.504 0.504 0.357]
  eval: e=0.0779  p=[0.500 0.484 0.493 0.493 0.493 0.371]
     9           19         0.075252         reflect
  eval: e=0.0729  p=[0.500 0.483 0.493 0.522 0.497 0.349]
  eval: e=0.0937  p=[0.500 0.485 0.494 0.528 0.482 0.354]
    10           21        0.0728923         reflect
  eval: e=0.1302  p=[0.500 0.502 0.501 0.497 0.508 0.345]
  eval: e=0.0817  p=[0.501 0.476 0.490 0.521 0.510 0.346]
    11           23        0.0728923         contract inside
  eval: e=0.0769  p=[0.500 0.480 0.492 0.507 0.495 0.345]
    12           24        0.0728923         reflect
  eval: e=0.0706  p=[0.490 0.492 0.472 0.518 0.502 0.355]
  eval: e=0.0687  p=[0.480 0.501 0.454 0.523 0.499 0.363]
    13           26        0.0687386         expand
  eval: e=0.0867  p=[0.491 0.500 0.478 0.506 0.497 0.353]
  eval: e=0.0757  p=[0.498 0.482 0.487 0.517 0.507 0.348]
    14           28        0.0687386         contract inside
  eval: e=0.0636  p=[0.515 0.485 0.470 0.513 0.489 0.358]
  eval: e=0.0564  p=[0.532 0.483 0.457 0.513 0.477 0.365]
    15           30        0.0563517         expand
  eval: e=0.0599  p=[0.493 0.479 0.481 0.518 0.481 0.369]
    16           31        0.0563517         reflect
  eval: e=0.0685  p=[0.501 0.490 0.463 0.525 0.493 0.372]
    17           32        0.0563517         reflect
  eval: e=0.0571  p=[0.504 0.491 0.460 0.517 0.477 0.377]
    18           33        0.0563517         reflect
  eval: e=0.0503  p=[0.504 0.493 0.443 0.535 0.470 0.375]
  eval: e=0.0430  p=[0.505 0.498 0.418 0.551 0.454 0.384]
    19           35        0.0430081         expand
  eval: e=0.0502  p=[0.505 0.497 0.418 0.527 0.464 0.394]
    20           36        0.0430081         reflect
  eval: e=0.0467  p=[0.533 0.478 0.445 0.527 0.449 0.391]
    21           37        0.0430081         reflect
  eval: e=0.0596  p=[0.523 0.486 0.430 0.526 0.441 0.388]
    22           38        0.0430081         reflect
  eval: e=0.0396  p=[0.542 0.499 0.395 0.536 0.439 0.398]
  eval: e=0.0374  p=[0.566 0.508 0.353 0.545 0.418 0.413]
    23           40        0.0374414         expand
  eval: e=0.0578  p=[0.526 0.499 0.420 0.534 0.472 0.387]
  eval: e=0.0490  p=[0.525 0.496 0.423 0.532 0.464 0.387]
    24           42        0.0374414         contract outside
  eval: e=0.0395  p=[0.551 0.496 0.378 0.548 0.431 0.401]
    25           43        0.0374414         reflect
  eval: e=0.0411  p=[0.529 0.509 0.354 0.564 0.417 0.425]
    26           44        0.0374414         reflect
  eval: e=0.0399  p=[0.565 0.498 0.373 0.561 0.414 0.406]
    27           45        0.0374414         reflect
  eval: e=0.0430  p=[0.558 0.500 0.351 0.566 0.397 0.420]
    28           46        0.0374414         reflect
  eval: e=0.0430  p=[0.558 0.525 0.297 0.585 0.394 0.426]
    29           47        0.0374414         reflect
  eval: e=0.0477  p=[0.604 0.514 0.284 0.572 0.370 0.446]
  eval: e=0.0384  p=[0.530 0.502 0.385 0.556 0.433 0.400]
    30           49        0.0374414         contract inside
  eval: e=0.0446  p=[0.542 0.513 0.362 0.553 0.439 0.404]
  eval: e=0.0388  p=[0.554 0.503 0.354 0.563 0.407 0.416]
    31           51        0.0374414         contract inside
  eval: e=0.0439  p=[0.540 0.480 0.435 0.528 0.446 0.395]
  eval: e=0.0393  p=[0.554 0.514 0.332 0.570 0.407 0.418]
    32           53        0.0374414         contract inside
  eval: e=0.0406  p=[0.577 0.498 0.370 0.551 0.420 0.393]
  eval: e=0.0382  p=[0.565 0.501 0.366 0.554 0.419 0.401]
    33           55        0.0374414         contract outside
  eval: e=0.0398  p=[0.542 0.510 0.350 0.551 0.424 0.410]
  eval: e=0.0382  p=[0.548 0.507 0.355 0.553 0.422 0.409]
    34           57        0.0374414         contract outside
  eval: e=0.0407  p=[0.554 0.516 0.337 0.566 0.404 0.418]
  eval: e=0.0380  p=[0.552 0.501 0.368 0.552 0.424 0.405]
    35           59        0.0374414         contract inside
  eval: e=0.0394  p=[0.551 0.494 0.395 0.538 0.434 0.397]
  eval: e=0.0380  p=[0.553 0.509 0.347 0.562 0.414 0.413]
    36           61        0.0374414         contract inside
  eval: e=0.0391  p=[0.551 0.506 0.371 0.545 0.436 0.398]
  eval: e=0.0378  p=[0.553 0.504 0.358 0.558 0.414 0.411]
    37           63        0.0374414         contract inside
  eval: e=0.0384  p=[0.583 0.508 0.331 0.552 0.404 0.418]
  eval: e=0.0377  p=[0.569 0.507 0.345 0.553 0.411 0.413]
    38           65        0.0374414         contract outside
  eval: e=0.0386  p=[0.572 0.503 0.357 0.555 0.412 0.410]
  eval: e=0.0377  p=[0.554 0.506 0.356 0.554 0.419 0.409]
    39           67        0.0374414         contract inside
  eval: e=0.0393  p=[0.551 0.511 0.343 0.554 0.415 0.420]
  eval: e=0.0376  p=[0.562 0.503 0.360 0.554 0.418 0.406]
    40           69        0.0374414         contract inside
  eval: e=0.0374  p=[0.566 0.501 0.366 0.543 0.421 0.407]
  eval: e=0.0378  p=[0.572 0.497 0.375 0.534 0.425 0.404]
    41           71        0.0374235         reflect
  eval: e=0.0386  p=[0.571 0.509 0.345 0.550 0.410 0.414]
  eval: e=0.0375  p=[0.557 0.503 0.362 0.552 0.421 0.408]
    42           73        0.0374235         contract inside
  eval: e=0.0372  p=[0.571 0.506 0.356 0.542 0.422 0.407]
  eval: e=0.0372  p=[0.580 0.506 0.354 0.534 0.425 0.405]
    43           75        0.0372207         reflect
  eval: e=0.0377  p=[0.556 0.503 0.373 0.543 0.428 0.403]
  eval: e=0.0374  p=[0.559 0.504 0.366 0.546 0.424 0.406]
    44           77        0.0372207         contract outside
  eval: e=0.0376  p=[0.573 0.502 0.365 0.540 0.422 0.406]
  eval: e=0.0374  p=[0.568 0.503 0.363 0.544 0.421 0.407]
    45           79        0.0372207         contract outside
  eval: e=0.0374  p=[0.567 0.505 0.361 0.537 0.424 0.410]
    46           80        0.0372207         reflect
  eval: e=0.0374  p=[0.576 0.506 0.359 0.534 0.423 0.409]
    47           81        0.0372207         reflect
  eval: e=0.0372  p=[0.579 0.506 0.353 0.536 0.419 0.412]
  eval: e=0.0372  p=[0.589 0.507 0.347 0.530 0.416 0.415]
    48           83        0.0372143         reflect
  eval: e=0.0373  p=[0.576 0.500 0.366 0.533 0.426 0.404]
    49           84        0.0372143         reflect
  eval: e=0.0371  p=[0.580 0.508 0.354 0.531 0.423 0.409]
  eval: e=0.0370  p=[0.587 0.511 0.348 0.526 0.424 0.411]
    50           86        0.0370405         expand
  eval: e=0.0373  p=[0.574 0.504 0.356 0.539 0.423 0.408]
    51           87        0.0370405         reflect
  eval: e=0.0373  p=[0.584 0.508 0.351 0.527 0.425 0.410]
    52           88        0.0370405         reflect
  eval: e=0.0369  p=[0.590 0.507 0.349 0.531 0.422 0.408]
  eval: e=0.0367  p=[0.601 0.508 0.343 0.528 0.421 0.406]
    53           90        0.0367485         expand
  eval: e=0.0370  p=[0.592 0.508 0.349 0.525 0.423 0.409]
    54           91        0.0367485         reflect
  eval: e=0.0374  p=[0.585 0.505 0.354 0.536 0.420 0.406]
  eval: e=0.0371  p=[0.584 0.507 0.352 0.529 0.423 0.409]
    55           93        0.0367485         contract inside
  eval: e=0.0369  p=[0.595 0.515 0.334 0.528 0.418 0.414]
    56           94        0.0367485         reflect
  eval: e=0.0367  p=[0.608 0.513 0.337 0.515 0.421 0.413]
  eval: e=0.0365  p=[0.627 0.516 0.328 0.502 0.421 0.416]
    57           96          0.03649         expand
  eval: e=0.0367  p=[0.617 0.516 0.331 0.510 0.424 0.410]
    58           97          0.03649         reflect
  eval: e=0.0365  p=[0.623 0.518 0.326 0.511 0.420 0.413]
  eval: e=0.0363  p=[0.642 0.523 0.313 0.501 0.419 0.415]
    59           99        0.0363224         expand
  eval: e=0.0363  p=[0.637 0.518 0.318 0.506 0.417 0.413]
    60          100        0.0363224         reflect
  eval: e=0.0361  p=[0.648 0.524 0.306 0.500 0.417 0.416]
  eval: e=0.0359  p=[0.676 0.531 0.285 0.488 0.415 0.420]
    61          102        0.0359241         expand
  eval: e=0.0359  p=[0.671 0.523 0.306 0.483 0.421 0.413]
  eval: e=0.0355  p=[0.709 0.526 0.292 0.460 0.422 0.412]
    62          104        0.0355449         expand
  eval: e=0.0355  p=[0.702 0.536 0.279 0.461 0.419 0.422]
  eval: e=0.0350  p=[0.752 0.550 0.248 0.428 0.418 0.430]
    63          106        0.0349762         expand
  eval: e=0.0360  p=[0.731 0.539 0.263 0.451 0.413 0.425]
    64          107        0.0349762         reflect
  eval: e=0.0351  p=[0.755 0.546 0.245 0.443 0.414 0.422]
    65          108        0.0349762         reflect
  eval: e=0.0347  p=[0.785 0.554 0.231 0.418 0.416 0.429]
  eval: e=0.0340  p=[0.858 0.572 0.187 0.374 0.415 0.436]
    66          110          0.03397         expand
  eval: e=0.0341  p=[0.852 0.565 0.194 0.380 0.413 0.433]
    67          111          0.03397         reflect
  eval: e=0.0340  p=[0.803 0.558 0.220 0.406 0.420 0.426]
    68          112          0.03397         reflect
  eval: e=0.0340  p=[0.901 0.575 0.177 0.343 0.419 0.434]
  eval: e=0.0347  p=[1.013 0.596 0.122 0.271 0.421 0.441]
    69          114        0.0339663         reflect
  eval: e=0.0339  p=[0.931 0.595 0.132 0.331 0.411 0.449]
  eval: e=0.0352  p=[1.042 0.630 0.051 0.266 0.405 0.467]
    70          116        0.0338574         reflect
  eval: e=0.0327  p=[0.944 0.592 0.140 0.311 0.418 0.448]
  eval: e=0.0317  p=[1.038 0.615 0.088 0.245 0.420 0.460]
    71          118        0.0317159         expand
  eval: e=0.0327  p=[1.042 0.610 0.084 0.265 0.415 0.449]
    72          119        0.0317159         reflect
  eval: e=0.0321  p=[1.006 0.610 0.102 0.275 0.419 0.452]
    73          120        0.0317159         reflect
  eval: e=0.0345  p=[1.122 0.635 0.036 0.205 0.413 0.467]
  eval: e=0.0331  p=[0.883 0.577 0.174 0.356 0.418 0.436]
    74          122        0.0317159         contract inside
  eval: e=0.0319  p=[1.076 0.622 0.065 0.231 0.419 0.457]
    75          123        0.0317159         reflect
  eval: e=0.0327  p=[1.091 0.636 0.038 0.225 0.415 0.467]
    76          124        0.0317159         reflect
  eval: e=0.0307  p=[1.114 0.628 0.052 0.201 0.425 0.459]
  eval: e=0.0297  p=[1.206 0.644 0.013 0.136 0.432 0.464]
    77          126        0.0296605         expand
  eval: e=0.3078  p=[1.270  0.669 -0.044  0.103  0.422  0.480]
  eval: e=0.0321  p=[0.980 0.600 0.120 0.293 0.419 0.447]
    78          128        0.0296605         contract inside
  eval: e=0.0319  p=[1.024 0.599 0.119 0.257 0.426 0.443]
    79          129        0.0296605         reflect
  eval: e=0.0304  p=[1.067 0.620 0.084 0.214 0.431 0.458]
    80          130        0.0296605         reflect
  eval: e=0.0303  p=[1.159 0.637 0.037 0.160 0.430 0.464]
    81          131        0.0296605         reflect
  eval: e=0.0296  p=[1.184 0.636 0.034 0.140 0.433 0.464]
  eval: e=0.0290  p=[1.273  0.648 -0.000  0.073  0.440  0.470]
    82          133        0.0289748         expand
  eval: e=0.0289  p=[1.180 0.632 0.048 0.130 0.441 0.463]
  eval: e=0.0281  p=[1.233 0.637 0.040 0.080 0.452 0.466]
    83          135        0.0281243         expand
  eval: e=0.1464  p=[1.301  0.669 -0.032  0.045  0.442  0.485]
  eval: e=0.0305  p=[1.094 0.616 0.081 0.204 0.430 0.453]
    84          137        0.0281243         contract inside
  eval: e=0.0294  p=[1.306  0.652 -0.003  0.044  0.451  0.464]
    85          138        0.0281243         reflect
  eval: e=0.0980  p=[1.321  0.664 -0.024  0.031  0.448  0.476]
  eval: e=0.0296  p=[1.150 0.628 0.055 0.161 0.435 0.459]
    86          140        0.0281243         contract inside
  eval: e=0.2503  p=[1.375  0.663 -0.037  0.004  0.449  0.471]
  eval: e=0.0294  p=[1.144 0.631 0.054 0.161 0.435 0.461]
    87          142        0.0281243         contract inside
  eval: e=0.0274  p=[1.278 0.644 0.015 0.058 0.452 0.464]
  eval: e=0.0265  p=[1.338 0.647 0.004 0.007 0.462 0.464]
    88          144        0.0264981         expand
  eval: e=0.0282  p=[1.276 0.637 0.037 0.039 0.460 0.464]
    89          145        0.0264981         reflect
  eval: e=0.0272  p=[1.373  0.656 -0.011 -0.026  0.465  0.471]
    90          146        0.0264981         reflect
  eval: e=0.0385  p=[1.455  0.662 -0.032 -0.089  0.475  0.472]
  eval: e=0.0282  p=[1.222 0.638 0.033 0.099 0.445 0.464]
    91          148        0.0264981         contract inside
  eval: e=0.0275  p=[1.266 0.636 0.037 0.047 0.457 0.469]
    92          149        0.0264981         reflect
  eval: e=0.0285  p=[1.296 0.635 0.047 0.009 0.474 0.463]
  eval: e=0.0275  p=[1.290 0.639 0.035 0.025 0.465 0.464]
    93          151        0.0264981         contract outside
  eval: e=0.0462  p=[1.370  0.645  0.015 -0.042  0.475  0.469]
  eval: e=0.0277  p=[1.259 0.640 0.028 0.064 0.453 0.465]
    94          153        0.0264981         contract inside
  eval: e=0.0268  p=[1.310 0.648 0.007 0.026 0.458 0.469]
    95          154        0.0264981         reflect
  eval: e=0.0333  p=[1.379  0.651 -0.006 -0.032  0.469  0.469]
  eval: e=0.0275  p=[1.269 0.641 0.028 0.052 0.456 0.466]
    96          156        0.0264981         contract inside
  eval: e=0.0325  p=[1.356  0.649  0.005 -0.020  0.469  0.469]
  eval: e=0.0273  p=[1.283 0.642 0.022 0.043 0.457 0.466]
    97          158        0.0264981         contract inside
  eval: e=0.0300  p=[1.323  0.651 -0.006  0.024  0.453  0.471]
  eval: e=0.0271  p=[1.298 0.642 0.025 0.025 0.462 0.466]
    98          160        0.0264981         contract inside
  eval: e=0.0350  p=[1.358  0.656 -0.011 -0.004  0.464  0.466]
  eval: e=0.0272  p=[1.289 0.641 0.025 0.034 0.458 0.468]
    99          162        0.0264981         contract inside
  eval: e=0.0276  p=[1.361  0.651 -0.004 -0.016  0.465  0.469]
  eval: e=0.0271  p=[1.292 0.643 0.020 0.035 0.458 0.467]
   100          164        0.0264981         contract inside
  eval: e=0.0277  p=[1.350  0.650  0.001 -0.009  0.465  0.469]
  eval: e=0.0270  p=[1.300 0.644 0.017 0.030 0.459 0.467]
   101          166        0.0264981         contract inside
  eval: e=0.0276  p=[1.236 0.632 0.044 0.079 0.454 0.462]
  eval: e=0.0267  p=[1.339  0.650  0.003 -0.000  0.463  0.469]
   102          168        0.0264981         contract inside
  eval: e=0.0266  p=[1.337 0.651 0.001 0.007 0.462 0.466]
   103          169        0.0264981         reflect
  eval: e=0.0265  p=[1.348  0.651 -0.001 -0.003  0.464  0.467]
   104          170        0.0264981         reflect
  eval: e=0.0420  p=[1.359  0.655 -0.015 -0.003  0.461  0.468]
  eval: e=0.0268  p=[1.314 0.645 0.015 0.018 0.462 0.467]
   105          172        0.0264981         contract inside
  eval: e=0.0269  p=[1.362  0.653 -0.008 -0.011  0.465  0.467]
  eval: e=0.0266  p=[1.346  0.651 -0.001 -0.001  0.463  0.467]
   106          174        0.0264981         contract outside
  eval: e=0.0293  p=[1.364  0.650 -0.001 -0.017  0.467  0.464]
  eval: e=0.0267  p=[1.324 0.649 0.005 0.015 0.461 0.468]
   107          176        0.0264981         contract inside
  eval: e=0.0302  p=[1.364  0.654 -0.012 -0.010  0.463  0.467]
  eval: e=0.0266  p=[1.326 0.647 0.008 0.011 0.462 0.467]
   108          178        0.0264981         contract inside
  eval: e=0.0269  p=[1.355  0.650 -0.001 -0.008  0.465  0.466]
  eval: e=0.0266  p=[1.331 0.649 0.004 0.009 0.462 0.467]
   109          180        0.0264981         contract inside
  eval: e=0.0265  p=[1.337 0.648 0.002 0.010 0.463 0.464]
   110          181        0.0264981         reflect
  eval: e=0.0282  p=[1.353  0.651 -0.006 -0.001  0.463  0.465]
  eval: e=0.0266  p=[1.333 0.648 0.005 0.008 0.463 0.466]
   111          183        0.0264981         contract inside
  eval: e=0.0265  p=[1.348  0.650 -0.001 -0.000  0.464  0.464]
  eval: e=0.0265  p=[1.357  0.650 -0.003 -0.005  0.465  0.463]
   112          185        0.0264604         reflect
  eval: e=0.0265  p=[1.334 0.647 0.005 0.011 0.463 0.464]
   113          186        0.0264604         reflect
  eval: e=0.0264  p=[1.343 0.646 0.004 0.004 0.464 0.464]
  eval: e=0.0264  p=[1.345 0.644 0.006 0.002 0.464 0.462]
   114          188        0.0263723         expand
  eval: e=0.0264  p=[1.351 0.647 0.000 0.001 0.464 0.462]
  eval: e=0.0263  p=[1.360  0.647 -0.002 -0.002  0.465  0.460]
   115          190         0.026343         expand
  eval: e=0.0268  p=[1.354  0.647  0.001 -0.005  0.465  0.463]
  eval: e=0.0265  p=[1.341 0.648 0.002 0.006 0.463 0.464]
   116          192         0.026343         contract inside
  eval: e=0.0268  p=[1.360  0.648 -0.002 -0.007  0.465  0.464]
  eval: e=0.0264  p=[1.340 0.648 0.003 0.006 0.463 0.464]
   117          194         0.026343         contract inside
  eval: e=0.0264  p=[1.343 0.644 0.005 0.010 0.464 0.459]
   118          195         0.026343         reflect
  eval: e=0.0264  p=[1.355  0.646 -0.000  0.000  0.466  0.460]
   119          196         0.026343         reflect
  eval: e=0.0265  p=[1.346 0.642 0.005 0.008 0.464 0.458]
  eval: e=0.0264  p=[1.348 0.648 0.001 0.002 0.464 0.463]
   120          198         0.026343         contract inside
  eval: e=0.0263  p=[1.356  0.644  0.002 -0.000  0.465  0.459]
   121          199         0.026343         reflect
  eval: e=0.0268  p=[1.362  0.643  0.001 -0.002  0.466  0.457]
  eval: e=0.0264  p=[1.346 0.646 0.002 0.004 0.464 0.462]
   122          201         0.026343         contract inside
  eval: e=0.0269  p=[1.360  0.648 -0.002 -0.008  0.466  0.463]
  eval: e=0.0264  p=[1.347 0.645 0.003 0.005 0.464 0.460]
   123          203         0.026343         contract inside
  eval: e=0.0264  p=[1.346 0.645 0.004 0.003 0.464 0.462]
   124          204         0.026343         reflect
  eval: e=0.0264  p=[1.355  0.644  0.002 -0.001  0.465  0.460]
   125          205         0.026343         reflect
  eval: e=0.0263  p=[1.355 0.642 0.004 0.001 0.465 0.458]
  eval: e=0.0264  p=[1.358 0.639 0.006 0.000 0.466 0.456]
   126          207         0.026339         reflect
  eval: e=0.0270  p=[1.358  0.644  0.002 -0.004  0.465  0.460]
  eval: e=0.0264  p=[1.350 0.645 0.003 0.003 0.465 0.460]
   127          209         0.026339         contract inside
  eval: e=0.0264  p=[1.349 0.644 0.003 0.003 0.464 0.460]
   128          210         0.026339         reflect
  eval: e=0.0263  p=[1.360  0.645 -0.001  0.000  0.465  0.458]
  eval: e=0.0266  p=[1.367  0.645 -0.004 -0.001  0.465  0.455]
   129          212        0.0262538         reflect
  eval: e=0.0265  p=[1.364  0.644 -0.001 -0.002  0.466  0.456]
  eval: e=0.0263  p=[1.350 0.645 0.003 0.002 0.464 0.461]
   130          214        0.0262538         contract inside
  eval: e=0.0266  p=[1.360  0.644  0.000 -0.002  0.465  0.458]
  eval: e=0.0263  p=[1.352 0.644 0.002 0.002 0.465 0.460]
   131          216        0.0262538         contract inside
  eval: e=0.0264  p=[1.362  0.644 -0.001 -0.002  0.466  0.458]
  eval: e=0.0263  p=[1.352 0.644 0.002 0.002 0.465 0.460]
   132          218        0.0262538         contract inside
  eval: e=0.0264  p=[1.358  0.644  0.000 -0.001  0.465  0.459]
  eval: e=0.0263  p=[1.354 0.644 0.002 0.001 0.465 0.459]
   133          220        0.0262538         contract inside
  eval: e=0.0264  p=[1.354 0.645 0.000 0.001 0.464 0.460]
  eval: e=0.0263  p=[1.355 0.644 0.002 0.000 0.465 0.459]
   134          222        0.0262538         contract inside
  eval: e=0.0263  p=[1.349 0.641 0.006 0.004 0.464 0.458]
   135          223        0.0262538         reflect
  eval: e=0.0263  p=[1.355 0.643 0.003 0.001 0.465 0.458]
   136          224        0.0262538         reflect
  eval: e=0.0263  p=[1.353 0.646 0.001 0.002 0.464 0.459]
   137          225        0.0262538         reflect
  eval: e=0.0263  p=[1.359 0.643 0.001 0.001 0.465 0.457]
   138          226        0.0262538         reflect
  eval: e=0.0263  p=[1.356 0.643 0.002 0.002 0.465 0.457]
   139          227        0.0262538         reflect
  eval: e=0.0263  p=[1.355 0.643 0.003 0.004 0.465 0.457]
   140          228        0.0262538         reflect
  eval: e=0.0263  p=[1.358 0.640 0.004 0.002 0.465 0.455]
   141          229        0.0262538         reflect
  eval: e=0.0263  p=[1.353 0.642 0.004 0.003 0.464 0.457]
   142          230        0.0262538         reflect
  eval: e=0.0263  p=[1.351 0.645 0.002 0.003 0.464 0.460]
  eval: e=0.0263  p=[1.357 0.641 0.003 0.002 0.465 0.456]
   143          232        0.0262538         contract inside
  eval: e=0.0262  p=[1.363  0.644 -0.001 -0.000  0.465  0.456]
  eval: e=0.0268  p=[1.370  0.645 -0.005 -0.002  0.465  0.455]
   144          234         0.026224         reflect
  eval: e=0.0263  p=[1.359 0.643 0.001 0.002 0.465 0.456]
   145          235         0.026224         reflect
  eval: e=0.0263  p=[1.359  0.645 -0.001  0.002  0.465  0.457]
   146          236         0.026224         reflect
  eval: e=0.0267  p=[1.365  0.645 -0.004 -0.000  0.465  0.456]
  eval: e=0.0263  p=[1.356 0.643 0.002 0.002 0.465 0.457]
   147          238         0.026224         contract inside
  eval: e=0.0263  p=[1.362  0.645 -0.002  0.001  0.465  0.456]
   148          239         0.026224         reflect
  eval: e=0.0263  p=[1.359  0.645 -0.001  0.000  0.465  0.458]
   149          240         0.026224         reflect
  eval: e=0.0266  p=[1.363  0.646 -0.003  0.000  0.465  0.457]
  eval: e=0.0263  p=[1.358 0.644 0.001 0.002 0.465 0.457]
  eval: e=0.0262  p=[1.361  0.644 -0.001  0.000  0.465  0.457]
  eval: e=0.0262  p=[1.361  0.644 -0.001  0.000  0.465  0.457]
  eval: e=0.0262  p=[1.362  0.644 -0.002  0.000  0.465  0.456]
  eval: e=0.0262  p=[1.361  0.644 -0.001  0.001  0.465  0.457]
  eval: e=0.0263  p=[1.359 0.643 0.001 0.002 0.465 0.456]
  eval: e=0.0263  p=[1.360 0.643 0.000 0.001 0.465 0.456]
   150          248         0.026224         shrink
  eval: e=0.0264  p=[1.363  0.645 -0.002 -0.000  0.465  0.456]
  eval: e=0.0263  p=[1.361  0.644 -0.000  0.001  0.465  0.456]
   151          250         0.026224         contract inside
  eval: e=0.0263  p=[1.364  0.645 -0.003 -0.001  0.465  0.457]
  eval: e=0.0263  p=[1.360  0.644 -0.000  0.001  0.465  0.456]
   152          252         0.026224         contract inside
  eval: e=0.0263  p=[1.363  0.645 -0.002 -0.000  0.465  0.456]
   153          253         0.026224         reflect
  eval: e=0.0263  p=[1.363  0.645 -0.003 -0.001  0.465  0.456]
  eval: e=0.0262  p=[1.361  0.644 -0.001  0.000  0.465  0.456]
   154          255         0.026224         contract inside
  eval: e=0.0263  p=[1.361  0.644 -0.000  0.001  0.465  0.456]
  eval: e=0.0262  p=[1.361  0.644 -0.001  0.001  0.465  0.456]
   155          257         0.026224         contract outside
  eval: e=0.0262  p=[1.362  0.644 -0.001 -0.000  0.465  0.456]
   156          258         0.026224         reflect
  eval: e=0.0263  p=[1.361  0.644 -0.001 -0.000  0.465  0.457]
  eval: e=0.0262  p=[1.362  0.644 -0.001  0.000  0.465  0.456]
   157          260         0.026224         contract inside
  eval: e=0.0262  p=[1.361  0.644 -0.001  0.001  0.465  0.457]
  eval: e=0.0262  p=[1.362  0.644 -0.001 -0.000  0.465  0.456]
   158          262         0.026224         contract inside
  eval: e=0.0262  p=[1.363  0.644 -0.001  0.000  0.465  0.456]
  eval: e=0.0262  p=[1.363  0.644 -0.001  0.000  0.465  0.455]
   159          264        0.0262111         expand
  eval: e=0.0262  p=[1.363  0.644 -0.001  0.000  0.465  0.455]
   160          265        0.0262111         reflect
  eval: e=0.0262  p=[1.364  0.644 -0.001 -0.000  0.465  0.456]
   161          266        0.0262111         reflect
  eval: e=0.0262  p=[1.365  0.644 -0.002 -0.000  0.465  0.455]
   162          267        0.0262111         reflect
  eval: e=0.0262  p=[1.364  0.643 -0.001 -0.000  0.465  0.455]
  eval: e=0.0262  p=[1.366  0.643 -0.001 -0.000  0.465  0.454]
   163          269        0.0261937         expand
  eval: e=0.0262  p=[1.366  0.643 -0.002  0.000  0.465  0.454]
   164          270        0.0261937         reflect
  eval: e=0.0262  p=[1.366  0.643 -0.001  0.000  0.465  0.454]
  eval: e=0.0262  p=[1.367  0.642 -0.001  0.000  0.465  0.453]
   165          272        0.0261697         expand
  eval: e=0.0262  p=[1.365  0.643 -0.001  0.000  0.465  0.454]
   166          273        0.0261697         reflect
  eval: e=0.0262  p=[1.366  0.642 -0.001  0.001  0.465  0.454]
   167          274        0.0261697         reflect
  eval: e=0.0262  p=[1.368  0.642 -0.002  0.000  0.465  0.453]
  eval: e=0.0261  p=[1.370  0.641 -0.002  0.000  0.465  0.452]
   168          276        0.0261377         expand
  eval: e=0.0261  p=[1.370  0.641 -0.002  0.000  0.465  0.452]
  eval: e=0.0261  p=[1.373  0.640 -0.002 -0.000  0.466  0.450]
   169          278        0.0261061         expand
  eval: e=0.0261  p=[1.370  0.641 -0.001  0.000  0.466  0.452]
   170          279        0.0261061         reflect
  eval: e=0.0261  p=[1.371  0.640 -0.002  0.001  0.465  0.450]
   171          280        0.0261061         reflect
  eval: e=0.0261  p=[1.374  0.640 -0.002  0.000  0.466  0.449]
  eval: e=0.0260  p=[1.379  0.638 -0.002  0.000  0.466  0.447]
   172          282        0.0260424         expand
  eval: e=0.0261  p=[1.377  0.639 -0.002 -0.000  0.466  0.448]
   173          283        0.0260424         reflect
  eval: e=0.0260  p=[1.380  0.637 -0.002 -0.000  0.466  0.446]
  eval: e=0.0260  p=[1.386  0.635 -0.003 -0.000  0.466  0.443]
   174          285        0.0259831         expand
  eval: e=0.0260  p=[1.382  0.637 -0.003 -0.000  0.466  0.445]
   175          286        0.0259831         reflect
  eval: e=0.0260  p=[1.386  0.635 -0.003  0.000  0.466  0.443]
  eval: e=0.0259  p=[1.394  0.632 -0.003  0.000  0.467  0.438]
   176          288        0.0259083         expand
  eval: e=0.0259  p=[1.393  0.633 -0.004 -0.001  0.467  0.440]
   177          289        0.0259083         reflect
  eval: e=0.0259  p=[1.397  0.631 -0.004 -0.000  0.467  0.436]
  eval: e=0.0258  p=[1.410  0.627 -0.005 -0.000  0.467  0.430]
   178          291        0.0257943         expand
  eval: e=0.0258  p=[1.404  0.629 -0.004 -0.000  0.467  0.433]
   179          292        0.0257943         reflect
  eval: e=0.0258  p=[1.411  0.626 -0.005 -0.001  0.468  0.429]
   180          293        0.0257943         reflect
  eval: e=0.0259  p=[1.417  0.624 -0.005 -0.001  0.468  0.425]
   181          294        0.0257943         reflect
  eval: e=0.0258  p=[1.423  0.622 -0.006 -0.001  0.468  0.422]
  eval: e=0.0258  p=[1.442  0.616 -0.007 -0.001  0.469  0.412]
   182          296        0.0257741         reflect
  eval: e=0.0258  p=[1.427  0.620 -0.006  0.000  0.468  0.419]
   183          297        0.0257741         reflect
  eval: e=0.0258  p=[1.437  0.617 -0.007 -0.001  0.469  0.415]
   184          298        0.0257741         reflect
  eval: e=0.0257  p=[1.420  0.623 -0.006 -0.000  0.468  0.424]
  eval: e=0.0257  p=[1.422  0.623 -0.007 -0.000  0.468  0.423]
   185          300        0.0257029         expand
  eval: e=0.0258  p=[1.439  0.616 -0.007 -0.001  0.469  0.413]
   186          301        0.0257029         reflect
  eval: e=0.0257  p=[1.441  0.615 -0.008 -0.000  0.469  0.412]
   187          302        0.0257029         reflect
  eval: e=0.0257  p=[1.417  0.624 -0.006  0.000  0.468  0.425]
   188          303        0.0257029         reflect
  eval: e=0.0257  p=[1.447  0.613 -0.008 -0.000  0.469  0.408]
   189          304        0.0257029         reflect
  eval: e=0.0257  p=[1.436  0.618 -0.008 -0.000  0.469  0.415]
  eval: e=0.0256  p=[1.441  0.617 -0.009 -0.001  0.469  0.413]
   190          306        0.0256481         expand
  eval: e=0.0256  p=[1.446  0.614 -0.009  0.000  0.469  0.409]
  eval: e=0.0256  p=[1.457  0.611 -0.010  0.001  0.470  0.402]
   191          308        0.0256348         reflect
  eval: e=0.0257  p=[1.432  0.620 -0.008  0.001  0.468  0.417]
   192          309        0.0256348         reflect
  eval: e=0.0257  p=[1.459  0.610 -0.010 -0.000  0.470  0.402]
   193          310        0.0256348         reflect
  eval: e=0.0257  p=[1.434  0.620 -0.009 -0.000  0.469  0.417]
  eval: e=0.0257  p=[1.444  0.615 -0.008 -0.000  0.469  0.410]
   194          312        0.0256348         contract inside
  eval: e=0.0257  p=[1.440  0.618 -0.009  0.000  0.469  0.413]
  eval: e=0.0257  p=[1.441  0.616 -0.008 -0.000  0.469  0.412]
   195          314        0.0256348         contract inside
  eval: e=0.0257  p=[1.466  0.608 -0.011 -0.000  0.470  0.398]
  eval: e=0.0256  p=[1.455  0.612 -0.010 -0.000  0.470  0.404]
   196          316        0.0256318         contract outside
  eval: e=0.0258  p=[1.463  0.609 -0.010 -0.001  0.470  0.400]
  eval: e=0.0256  p=[1.440  0.617 -0.008  0.000  0.469  0.413]
   197          318        0.0256318         contract inside
  eval: e=0.0257  p=[1.430  0.620 -0.007  0.000  0.468  0.418]
  eval: e=0.0256  p=[1.452  0.613 -0.009 -0.000  0.469  0.406]
   198          320        0.0256318         contract inside
  eval: e=0.0256  p=[1.448  0.615 -0.010 -0.000  0.469  0.409]
   199          321        0.0256318         reflect
  eval: e=0.0257  p=[1.453  0.613 -0.010 -0.000  0.470  0.406]
  eval: e=0.0256  p=[1.444  0.615 -0.009 -0.000  0.469  0.411]
   200          323        0.0256318         contract inside
  eval: e=0.0257  p=[1.454  0.611 -0.009  0.001  0.469  0.404]
  eval: e=0.0256  p=[1.444  0.616 -0.009 -0.000  0.469  0.411]
   201          325        0.0256318         contract inside
  eval: e=0.0256  p=[1.440  0.617 -0.009  0.000  0.469  0.412]
   202          326        0.0256318         reflect
  eval: e=0.0256  p=[1.442  0.616 -0.008  0.000  0.469  0.411]
  eval: e=0.0256  p=[1.446  0.615 -0.009 -0.000  0.469  0.409]
   203          328        0.0256273         contract inside
  eval: e=0.0256  p=[1.452  0.613 -0.010 -0.000  0.470  0.406]
   204          329        0.0256273         reflect
  eval: e=0.0256  p=[1.448  0.615 -0.010 -0.001  0.469  0.409]
   205          330        0.0256273         reflect
  eval: e=0.0256  p=[1.451  0.613 -0.009  0.000  0.469  0.406]
  eval: e=0.0256  p=[1.454  0.611 -0.010  0.000  0.470  0.404]
   206          332        0.0256273         reflect
  eval: e=0.0257  p=[1.458  0.611 -0.010 -0.000  0.470  0.403]
  eval: e=0.0256  p=[1.445  0.615 -0.009  0.000  0.469  0.410]
   207          334         0.025625         contract inside
  eval: e=0.0256  p=[1.455  0.612 -0.010 -0.000  0.470  0.405]
   208          335         0.025625         reflect
  eval: e=0.0256  p=[1.444  0.616 -0.009 -0.000  0.469  0.411]
  eval: e=0.0256  p=[1.452  0.613 -0.010 -0.000  0.470  0.406]
   209          337         0.025625         contract inside
  eval: e=0.0256  p=[1.453  0.612 -0.010  0.001  0.469  0.405]
  eval: e=0.0256  p=[1.449  0.614 -0.010 -0.000  0.469  0.408]
   210          339         0.025625         contract inside
  eval: e=0.0256  p=[1.448  0.615 -0.009  0.000  0.469  0.409]
   211          340         0.025625         reflect
  eval: e=0.0256  p=[1.453  0.612 -0.010 -0.000  0.470  0.405]
  eval: e=0.0256  p=[1.457  0.611 -0.010 -0.000  0.470  0.403]
   212          342        0.0256229         reflect
  eval: e=0.0256  p=[1.450  0.614 -0.010 -0.000  0.469  0.408]
  eval: e=0.0256  p=[1.451  0.613 -0.009  0.000  0.469  0.407]
   213          344        0.0256227         contract inside
  eval: e=0.0256  p=[1.444  0.615 -0.009  0.000  0.469  0.410]
  eval: e=0.0256  p=[1.452  0.613 -0.010 -0.000  0.470  0.406]
   214          346        0.0256227         contract inside
  eval: e=0.0256  p=[1.451  0.613 -0.010  0.000  0.469  0.406]
   215          347        0.0256227         reflect
  eval: e=0.0256  p=[1.454  0.612 -0.010  0.000  0.470  0.405]
  eval: e=0.0256  p=[1.449  0.614 -0.009  0.000  0.469  0.408]
   216          349        0.0256224         contract inside
  eval: e=0.0256  p=[1.448  0.614 -0.009  0.000  0.469  0.408]
  eval: e=0.0256  p=[1.447  0.615 -0.009  0.000  0.469  0.409]
   217          351        0.0256214         reflect
  eval: e=0.0256  p=[1.457  0.611 -0.010  0.000  0.470  0.403]
  eval: e=0.0256  p=[1.448  0.614 -0.009  0.000  0.469  0.408]
   218          353        0.0256214         contract inside
  eval: e=0.0256  p=[1.449  0.614 -0.010 -0.000  0.469  0.408]
  eval: e=0.0256  p=[1.450  0.614 -0.010 -0.000  0.469  0.407]
   219          355        0.0256214         contract outside
  eval: e=0.0256  p=[1.448  0.614 -0.009  0.000  0.469  0.408]
   220          356        0.0256214         reflect
  eval: e=0.0256  p=[1.444  0.615 -0.009  0.000  0.469  0.410]
  eval: e=0.0256  p=[1.451  0.613 -0.010  0.000  0.470  0.406]
   221          358        0.0256209         contract inside
  eval: e=0.0256  p=[1.447  0.615 -0.009  0.000  0.469  0.409]
   222          359        0.0256209         reflect
  eval: e=0.0256  p=[1.448  0.614 -0.009  0.000  0.469  0.408]
  eval: e=0.0256  p=[1.448  0.614 -0.009  0.000  0.469  0.408]
   223          361        0.0256198         expand
  eval: e=0.0256  p=[1.450  0.613 -0.009  0.000  0.469  0.407]
  eval: e=0.0256  p=[1.448  0.614 -0.009  0.000  0.469  0.408]
   224          363        0.0256198         contract inside
  eval: e=0.0256  p=[1.450  0.614 -0.009  0.000  0.469  0.407]
  eval: e=0.0256  p=[1.451  0.613 -0.010  0.000  0.470  0.407]
   225          365        0.0256177         expand
  eval: e=0.0256  p=[1.451  0.613 -0.010 -0.000  0.470  0.407]
   226          366        0.0256177         reflect
  eval: e=0.0256  p=[1.449  0.614 -0.009  0.000  0.469  0.407]
   227          367        0.0256177         reflect
  eval: e=0.0256  p=[1.451  0.613 -0.010 -0.000  0.470  0.407]
   228          368        0.0256177         reflect
  eval: e=0.0256  p=[1.452  0.613 -0.010  0.000  0.470  0.406]
   229          369        0.0256177         reflect
  eval: e=0.0256  p=[1.450  0.614 -0.009  0.000  0.470  0.407]
  eval: e=0.0256  p=[1.449  0.614 -0.009  0.000  0.470  0.408]
   230          371        0.0256128         expand
  eval: e=0.0256  p=[1.453  0.613 -0.010  0.000  0.470  0.405]
   231          372        0.0256128         reflect
  eval: e=0.0256  p=[1.451  0.613 -0.009  0.000  0.470  0.407]
   232          373        0.0256128         reflect
  eval: e=0.0256  p=[1.453  0.613 -0.010 -0.000  0.470  0.406]
   233          374        0.0256128         reflect
  eval: e=0.0256  p=[1.450  0.614 -0.010  0.000  0.470  0.407]
   234          375        0.0256128         reflect
  eval: e=0.0256  p=[1.451  0.613 -0.010  0.000  0.470  0.406]
  eval: e=0.0256  p=[1.451  0.613 -0.010  0.000  0.470  0.406]
   235          377        0.0256079         expand
  eval: e=0.0256  p=[1.452  0.613 -0.010  0.000  0.470  0.406]
   236          378        0.0256079         reflect
  eval: e=0.0256  p=[1.452  0.613 -0.010  0.000  0.470  0.406]
   237          379        0.0256079         reflect
  eval: e=0.0256  p=[1.449  0.614 -0.009  0.000  0.470  0.408]
  eval: e=0.0256  p=[1.447  0.615 -0.009  0.000  0.470  0.409]
   238          381        0.0256044         expand
  eval: e=0.0256  p=[1.447  0.615 -0.009  0.000  0.470  0.408]
   239          382        0.0256044         reflect
  eval: e=0.0256  p=[1.449  0.614 -0.010  0.000  0.470  0.407]
  eval: e=0.0256  p=[1.449  0.614 -0.010  0.001  0.470  0.407]
   240          384        0.0255957         expand
  eval: e=0.0256  p=[1.450  0.614 -0.010  0.001  0.470  0.407]
  eval: e=0.0256  p=[1.451  0.614 -0.010  0.001  0.470  0.406]
   241          386        0.0255871         expand
  eval: e=0.0256  p=[1.447  0.615 -0.009  0.001  0.470  0.408]
   242          387        0.0255871         reflect
  eval: e=0.0256  p=[1.446  0.615 -0.009  0.001  0.470  0.409]
   243          388        0.0255871         reflect
  eval: e=0.0256  p=[1.444  0.616 -0.009  0.001  0.470  0.410]
   244          389        0.0255871         reflect
  eval: e=0.0256  p=[1.447  0.615 -0.009  0.001  0.470  0.408]
  eval: e=0.0256  p=[1.447  0.615 -0.009  0.001  0.470  0.408]
   245          391        0.0255794         expand
  eval: e=0.0256  p=[1.448  0.615 -0.010  0.001  0.470  0.407]
  eval: e=0.0256  p=[1.448  0.615 -0.010  0.002  0.471  0.407]
   246          393        0.0255587         expand
  eval: e=0.0256  p=[1.448  0.615 -0.010  0.001  0.470  0.407]
   247          394        0.0255587         reflect
  eval: e=0.0256  p=[1.446  0.616 -0.009  0.002  0.471  0.408]
   248          395        0.0255587         reflect
  eval: e=0.0256  p=[1.449  0.615 -0.010  0.002  0.471  0.406]
  eval: e=0.0255  p=[1.451  0.614 -0.010  0.002  0.471  0.405]
   249          397        0.0255419         expand
  eval: e=0.0255  p=[1.453  0.614 -0.010  0.002  0.471  0.404]
   250          398        0.0255419         reflect
  eval: e=0.0255  p=[1.447  0.616 -0.010  0.002  0.471  0.407]
  eval: e=0.0255  p=[1.444  0.617 -0.010  0.003  0.472  0.407]
   251          400        0.0255333         expand
  eval: e=0.0255  p=[1.450  0.615 -0.010  0.003  0.472  0.405]
  eval: e=0.0255  p=[1.451  0.615 -0.011  0.003  0.472  0.403]
   252          402        0.0254855         expand
  eval: e=0.0255  p=[1.450  0.615 -0.010  0.003  0.472  0.404]
   253          403        0.0254855         reflect
  eval: e=0.0255  p=[1.453  0.614 -0.011  0.004  0.473  0.402]
   254          404        0.0254855         reflect
  eval: e=0.0255  p=[1.453  0.615 -0.011  0.004  0.473  0.402]
   255          405        0.0254855         reflect
  eval: e=0.0255  p=[1.448  0.617 -0.011  0.005  0.473  0.404]
   256          406        0.0254855         reflect
  eval: e=0.0255  p=[1.449  0.617 -0.011  0.006  0.474  0.402]
  eval: e=0.0255  p=[1.448  0.618 -0.011  0.008  0.476  0.401]
   257          408        0.0254693         expand
  eval: e=0.0254  p=[1.457  0.614 -0.012  0.006  0.475  0.398]
  eval: e=0.0254  p=[1.463  0.613 -0.013  0.007  0.476  0.394]
   258          410        0.0254107         expand
  eval: e=0.0254  p=[1.455  0.616 -0.012  0.007  0.476  0.398]
   259          411        0.0254107         reflect
  eval: e=0.0254  p=[1.453  0.617 -0.012  0.008  0.476  0.399]
   260          412        0.0254107         reflect
  eval: e=0.0254  p=[1.453  0.617 -0.013  0.008  0.476  0.398]
  eval: e=0.0254  p=[1.453  0.618 -0.013  0.010  0.478  0.396]
   261          414        0.0253678         expand
  eval: e=0.0254  p=[1.460  0.616 -0.014  0.009  0.477  0.393]
  eval: e=0.0253  p=[1.466  0.615 -0.016  0.012  0.479  0.388]
   262          416        0.0253191         expand
  eval: e=0.0254  p=[1.461  0.617 -0.015  0.014  0.481  0.389]
   263          417        0.0253191         reflect
  eval: e=0.0253  p=[1.469  0.614 -0.016  0.011  0.480  0.386]
   264          418        0.0253191         reflect
  eval: e=0.0253  p=[1.466  0.616 -0.016  0.014  0.481  0.386]
   265          419        0.0253191         reflect
  eval: e=0.0253  p=[1.473  0.614 -0.018  0.015  0.482  0.381]
  eval: e=0.0253  p=[1.484  0.613 -0.020  0.019  0.485  0.372]
   266          421        0.0253158         reflect
  eval: e=0.0253  p=[1.469  0.613 -0.015  0.010  0.478  0.388]
   267          422        0.0253158         reflect
  eval: e=0.0253  p=[1.470  0.617 -0.018  0.017  0.483  0.381]
  eval: e=0.0253  p=[1.473  0.618 -0.021  0.022  0.487  0.375]
   268          424        0.0252886         reflect
  eval: e=0.0253  p=[1.485  0.612 -0.020  0.016  0.484  0.374]
   269          425        0.0252886         reflect
  eval: e=0.0253  p=[1.477  0.612 -0.018  0.013  0.481  0.381]
  eval: e=0.0253  p=[1.483  0.611 -0.019  0.013  0.481  0.378]
   270          427        0.0252852         reflect
  eval: e=0.0254  p=[1.478  0.615 -0.020  0.019  0.485  0.375]
  eval: e=0.0253  p=[1.471  0.613 -0.017  0.012  0.480  0.385]
   271          429        0.0252852         contract inside
  eval: e=0.0253  p=[1.478  0.614 -0.019  0.017  0.483  0.377]
  eval: e=0.0253  p=[1.483  0.614 -0.021  0.020  0.485  0.372]
   272          431        0.0252733         reflect
  eval: e=0.0253  p=[1.486  0.612 -0.021  0.018  0.485  0.372]
   273          432        0.0252733         reflect
  eval: e=0.0253  p=[1.482  0.612 -0.020  0.016  0.483  0.376]
  eval: e=0.0253  p=[1.487  0.612 -0.021  0.016  0.483  0.373]
   274          434        0.0252688         reflect
  eval: e=0.0253  p=[1.470  0.616 -0.018  0.015  0.482  0.383]
   275          435        0.0252688         reflect
  eval: e=0.0253  p=[1.483  0.614 -0.022  0.020  0.486  0.372]
   276          436        0.0252688         reflect
  eval: e=0.0253  p=[1.489  0.610 -0.021  0.016  0.483  0.372]
  eval: e=0.0253  p=[1.475  0.615 -0.019  0.017  0.483  0.379]
   277          438        0.0252688         contract inside
  eval: e=0.0253  p=[1.481  0.616 -0.022  0.021  0.486  0.372]
  eval: e=0.0253  p=[1.480  0.615 -0.021  0.019  0.485  0.374]
   278          440        0.0252688         contract outside
  eval: e=0.0253  p=[1.470  0.616 -0.019  0.017  0.483  0.382]
   279          441        0.0252688         reflect
  eval: e=0.0253  p=[1.469  0.615 -0.017  0.013  0.480  0.386]
  eval: e=0.0253  p=[1.480  0.614 -0.020  0.018  0.485  0.375]
   280          443        0.0252659         contract inside
  eval: e=0.0253  p=[1.474  0.616 -0.020  0.017  0.483  0.379]
   281          444        0.0252659         reflect
  eval: e=0.0253  p=[1.483  0.614 -0.021  0.020  0.486  0.372]
  eval: e=0.0253  p=[1.474  0.615 -0.019  0.016  0.483  0.380]
   282          446        0.0252656         contract inside
  eval: e=0.0253  p=[1.479  0.615 -0.020  0.018  0.484  0.376]
  eval: e=0.0253  p=[1.478  0.615 -0.020  0.017  0.484  0.377]
   283          448        0.0252652         contract outside
  eval: e=0.0253  p=[1.485  0.613 -0.021  0.018  0.485  0.372]
   284          449        0.0252652         reflect
  eval: e=0.0253  p=[1.485  0.612 -0.021  0.018  0.485  0.372]
  eval: e=0.0253  p=[1.477  0.615 -0.020  0.017  0.484  0.378]
   285          451        0.0252642         contract inside
  eval: e=0.0253  p=[1.479  0.613 -0.019  0.015  0.482  0.378]
  eval: e=0.0253  p=[1.479  0.614 -0.020  0.018  0.484  0.375]
   286          453        0.0252639         contract inside
  eval: e=0.0253  p=[1.475  0.616 -0.020  0.019  0.485  0.377]
  eval: e=0.0253  p=[1.480  0.613 -0.020  0.017  0.483  0.376]
   287          455        0.0252638         contract inside
  eval: e=0.0253  p=[1.471  0.616 -0.019  0.017  0.483  0.382]
  eval: e=0.0253  p=[1.482  0.614 -0.021  0.018  0.484  0.375]
   288          457        0.0252637         contract inside
  eval: e=0.0253  p=[1.477  0.614 -0.019  0.016  0.483  0.379]
  eval: e=0.0253  p=[1.479  0.614 -0.020  0.018  0.484  0.376]
   289          459        0.0252633         contract inside
  eval: e=0.0253  p=[1.485  0.613 -0.021  0.019  0.485  0.372]
  eval: e=0.0253  p=[1.476  0.615 -0.019  0.017  0.483  0.378]
   290          461        0.0252632         contract inside
  eval: e=0.0253  p=[1.480  0.614 -0.020  0.018  0.484  0.375]
  eval: e=0.0253  p=[1.480  0.614 -0.020  0.017  0.484  0.376]
   291          463        0.0252632         contract outside
  eval: e=0.0253  p=[1.482  0.613 -0.020  0.018  0.484  0.374]
  eval: e=0.0253  p=[1.478  0.614 -0.020  0.017  0.484  0.377]
   292          465        0.0252629         contract inside
  eval: e=0.0253  p=[1.479  0.614 -0.020  0.017  0.483  0.377]
   293          466        0.0252629         reflect
  eval: e=0.0253  p=[1.477  0.615 -0.020  0.018  0.484  0.377]
  eval: e=0.0253  p=[1.480  0.614 -0.020  0.017  0.484  0.376]
   294          468        0.0252629         contract inside
  eval: e=0.0253  p=[1.479  0.615 -0.020  0.018  0.484  0.375]
  eval: e=0.0253  p=[1.479  0.614 -0.020  0.017  0.483  0.377]
   295          470        0.0252629         contract inside
  eval: e=0.0253  p=[1.476  0.615 -0.019  0.017  0.483  0.379]
  eval: e=0.0253  p=[1.477  0.615 -0.020  0.017  0.483  0.378]
   296          472        0.0252629         contract outside
  eval: e=0.0253  p=[1.478  0.614 -0.020  0.016  0.483  0.378]
  eval: e=0.0253  p=[1.479  0.614 -0.020  0.018  0.484  0.376]
   297          474        0.0252627         contract inside
  eval: e=0.0253  p=[1.481  0.614 -0.020  0.018  0.484  0.375]
  eval: e=0.0253  p=[1.478  0.614 -0.020  0.017  0.483  0.377]
   298          476        0.0252627         contract inside
  eval: e=0.0253  p=[1.477  0.615 -0.020  0.017  0.483  0.378]
  eval: e=0.0253  p=[1.479  0.614 -0.020  0.017  0.484  0.376]
   299          478        0.0252627         contract inside
  eval: e=0.0253  p=[1.477  0.615 -0.020  0.017  0.484  0.378]
  eval: e=0.0253  p=[1.479  0.614 -0.020  0.017  0.484  0.377]
   300          480        0.0252627         contract inside
  eval: e=0.0253  p=[1.479  0.614 -0.020  0.017  0.483  0.377]
  eval: e=0.0253  p=[1.478  0.614 -0.020  0.017  0.484  0.377]
   301          482        0.0252627         contract inside
  eval: e=0.0253  p=[1.480  0.614 -0.020  0.017  0.484  0.376]
   302          483        0.0252627         reflect
  eval: e=0.0253  p=[1.478  0.614 -0.020  0.018  0.484  0.376]
   303          484        0.0252627         reflect
  eval: e=0.0253  p=[1.477  0.615 -0.020  0.017  0.484  0.378]
  eval: e=0.0253  p=[1.479  0.614 -0.020  0.017  0.484  0.376]
   304          486        0.0252627         contract inside
  eval: e=0.0253  p=[1.479  0.614 -0.020  0.017  0.483  0.377]
  eval: e=0.0253  p=[1.479  0.614 -0.020  0.017  0.484  0.377]
   305          488        0.0252627         contract inside
  eval: e=0.0253  p=[1.480  0.614 -0.020  0.018  0.484  0.376]
  eval: e=0.0253  p=[1.478  0.614 -0.020  0.017  0.484  0.377]
   306          490        0.0252626         contract inside
  eval: e=0.0253  p=[1.479  0.614 -0.020  0.017  0.484  0.377]
   307          491        0.0252626         reflect
  eval: e=0.0253  p=[1.478  0.614 -0.020  0.017  0.484  0.377]
  eval: e=0.0253  p=[1.479  0.614 -0.020  0.017  0.484  0.377]
   308          493        0.0252626         contract inside
  eval: e=0.0253  p=[1.479  0.614 -0.020  0.017  0.484  0.376]
  eval: e=0.0253  p=[1.478  0.614 -0.020  0.017  0.484  0.377]
   309          495        0.0252626         contract inside
  eval: e=0.0253  p=[1.479  0.614 -0.020  0.018  0.484  0.376]
  eval: e=0.0253  p=[1.479  0.614 -0.020  0.017  0.484  0.377]
   310          497        0.0252626         contract inside
  eval: e=0.0253  p=[1.479  0.614 -0.020  0.017  0.484  0.376]
   311          498        0.0252626         reflect
  eval: e=0.0253  p=[1.479  0.614 -0.020  0.017  0.484  0.377]
  eval: e=0.0253  p=[1.479  0.614 -0.020  0.017  0.484  0.377]
   312          500        0.0252626         contract inside
  eval: e=0.0253  p=[1.478  0.614 -0.020  0.017  0.484  0.377]
  eval: e=0.0253  p=[1.478  0.614 -0.020  0.017  0.483  0.377]
   313          502        0.0252626         reflect
  eval: e=0.0253  p=[1.478  0.614 -0.020  0.017  0.484  0.377]
   314          503        0.0252626         reflect
  eval: e=0.0253  p=[1.478  0.614 -0.020  0.017  0.484  0.377]
  eval: e=0.0253  p=[1.479  0.614 -0.020  0.017  0.484  0.377]
   315          505        0.0252626         contract inside
  eval: e=0.0253  p=[1.478  0.614 -0.020  0.017  0.483  0.377]
  eval: e=0.0253  p=[1.479  0.614 -0.020  0.017  0.484  0.377]
   316          507        0.0252626         contract inside
  eval: e=0.0253  p=[1.478  0.614 -0.020  0.017  0.484  0.377]
  eval: e=0.0253  p=[1.478  0.614 -0.020  0.017  0.484  0.377]
   317          509        0.0252626         reflect
  eval: e=0.0253  p=[1.478  0.614 -0.020  0.017  0.484  0.377]
  eval: e=0.0253  p=[1.479  0.614 -0.020  0.017  0.484  0.377]
  eval: e=0.0253  p=[1.478  0.614 -0.020  0.017  0.484  0.377]
  eval: e=0.0253  p=[1.478  0.614 -0.020  0.017  0.484  0.377]
  eval: e=0.0253  p=[1.478  0.614 -0.020  0.017  0.484  0.377]
  eval: e=0.0253  p=[1.478  0.614 -0.020  0.017  0.484  0.377]
  eval: e=0.0253  p=[1.479  0.614 -0.020  0.017  0.484  0.377]
  eval: e=0.0253  p=[1.479  0.614 -0.020  0.017  0.484  0.377]
   318          517        0.0252626         shrink
  eval: e=0.0253  p=[1.479  0.614 -0.020  0.017  0.484  0.377]
  eval: e=0.0253  p=[1.479  0.614 -0.020  0.017  0.484  0.377]
   319          519        0.0252626         contract outside
  eval: e=0.0253  p=[1.478  0.614 -0.020  0.017  0.484  0.377]
   320          520        0.0252626         reflect
  eval: e=0.0253  p=[1.478  0.614 -0.020  0.017  0.484  0.377]
  eval: e=0.0253  p=[1.478  0.614 -0.020  0.017  0.484  0.377]
  eval: e=0.0253  p=[1.478  0.614 -0.020  0.017  0.484  0.377]
  eval: e=0.0253  p=[1.478  0.614 -0.020  0.017  0.484  0.377]
  eval: e=0.0253  p=[1.479  0.614 -0.020  0.017  0.484  0.377]
  eval: e=0.0253  p=[1.478  0.614 -0.020  0.017  0.484  0.377]
  eval: e=0.0253  p=[1.478  0.614 -0.020  0.017  0.484  0.377]
  eval: e=0.0253  p=[1.478  0.614 -0.020  0.017  0.484  0.377]
   321          528        0.0252626         shrink
  eval: e=0.0253  p=[1.479  0.614 -0.020  0.017  0.484  0.377]
  eval: e=0.0253  p=[1.478  0.614 -0.020  0.017  0.484  0.377]
  eval: e=0.0253  p=[1.478  0.614 -0.020  0.017  0.484  0.377]
  eval: e=0.0253  p=[1.478  0.614 -0.020  0.017  0.484  0.377]
  eval: e=0.0253  p=[1.479  0.614 -0.020  0.017  0.484  0.377]
  eval: e=0.0253  p=[1.478  0.614 -0.020  0.017  0.484  0.377]
  eval: e=0.0253  p=[1.478  0.614 -0.020  0.017  0.484  0.377]
  eval: e=0.0253  p=[1.478  0.614 -0.020  0.017  0.484  0.377]
   322          536        0.0252626         shrink
  eval: e=0.0253  p=[1.478  0.614 -0.020  0.017  0.484  0.377]
   323          537        0.0252626         reflect
  eval: e=0.0253  p=[1.479  0.614 -0.020  0.017  0.484  0.377]
  eval: e=0.0253  p=[1.478  0.614 -0.020  0.017  0.484  0.377]
   324          539        0.0252626         contract inside
 
Optimization terminated:
 the current x satisfies the termination criteria using OPTIONS.TolX of 1.000000e-04 
 and F(X) satisfies the convergence criteria using OPTIONS.TolFun of 1.000000e-06 

=== Fit complete: error=0.025263  AIC=-3552.4 ===
