  eval: e=0.3924  p=[0.950 0.450 0.350 0.450 0.150 0.450 0.450]
 
 Iteration   Func-count         f(x)         Procedure
     0            1         0.392406         
  eval: e=0.3924  p=[0.997 0.450 0.350 0.450 0.150 0.450 0.450]
  eval: e=0.3919  p=[0.950 0.473 0.350 0.450 0.150 0.450 0.450]
  eval: e=0.3922  p=[0.950 0.450 0.367 0.450 0.150 0.450 0.450]
  eval: e=0.3925  p=[0.950 0.450 0.350 0.473 0.150 0.450 0.450]
  eval: e=0.3923  p=[0.950 0.450 0.350 0.450 0.158 0.450 0.450]
  eval: e=0.3928  p=[0.950 0.450 0.350 0.450 0.150 0.473 0.450]
  eval: e=0.3926  p=[0.950 0.450 0.350 0.450 0.150 0.450 0.473]
     1            8         0.391934         initial simplex
  eval: e=0.3919  p=[0.964 0.456 0.355 0.456 0.152 0.428 0.456]
  eval: e=0.3916  p=[0.970 0.460 0.358 0.460 0.153 0.405 0.460]
     2           10          0.39164         expand
  eval: e=0.3918  p=[0.969 0.459 0.357 0.459 0.153 0.437 0.430]
     3           11          0.39164         reflect
  eval: e=0.3916  p=[0.975 0.462 0.359 0.433 0.154 0.433 0.447]
  eval: e=0.3911  p=[0.987 0.468 0.364 0.413 0.156 0.425 0.446]
     4           13         0.391146         expand
  eval: e=0.3914  p=[0.925 0.467 0.363 0.445 0.156 0.426 0.446]
     5           14         0.391146         reflect
  eval: e=0.3911  p=[0.965 0.472 0.367 0.443 0.157 0.420 0.445]
  eval: e=0.3904  p=[0.972 0.483 0.375 0.440 0.161 0.404 0.442]
     6           16         0.390429         expand
  eval: e=0.3908  p=[0.971 0.481 0.374 0.440 0.151 0.407 0.442]
     7           17         0.390429         reflect
  eval: e=0.3904  p=[0.977 0.490 0.358 0.438 0.158 0.394 0.440]
     8           18         0.390429         reflect
  eval: e=0.3905  p=[0.985 0.472 0.378 0.434 0.161 0.378 0.437]
     9           19         0.390429         reflect
  eval: e=0.3903  p=[0.970 0.489 0.377 0.418 0.160 0.374 0.459]
  eval: e=0.3902  p=[0.970 0.504 0.387 0.397 0.163 0.343 0.474]
    10           21         0.390239         expand
  eval: e=0.3895  p=[0.969 0.502 0.386 0.400 0.163 0.389 0.434]
  eval: e=0.3885  p=[0.968 0.523 0.400 0.370 0.167 0.381 0.421]
    11           23         0.388509         expand
  eval: e=0.3893  p=[1.027 0.510 0.390 0.393 0.164 0.354 0.441]
    12           24         0.388509         reflect
  eval: e=0.3893  p=[0.976 0.522 0.397 0.419 0.166 0.335 0.439]
    13           25         0.388509         reflect
  eval: e=0.3888  p=[0.993 0.520 0.394 0.386 0.175 0.333 0.442]
    14           26         0.388509         reflect
  eval: e=0.3881  p=[0.982 0.543 0.394 0.378 0.169 0.349 0.448]
  eval: e=0.3867  p=[0.980 0.578 0.401 0.350 0.173 0.334 0.453]
    15           28          0.38673         expand
  eval: e=0.3870  p=[0.991 0.550 0.426 0.349 0.176 0.316 0.449]
    16           29          0.38673         reflect
  eval: e=0.3860  p=[1.001 0.577 0.423 0.321 0.177 0.280 0.449]
  eval: e=0.3808  p=[1.015 0.624 0.447 0.262 0.186 0.218 0.453]
    17           31         0.380818         expand
  eval: e=0.3849  p=[1.016 0.589 0.428 0.325 0.181 0.306 0.411]
    18           32         0.380818         reflect
  eval: e=0.3845  p=[1.022 0.591 0.427 0.277 0.183 0.306 0.438]
    19           33         0.380818         reflect
  eval: e=0.3817  p=[0.968 0.625 0.445 0.269 0.191 0.273 0.435]
    20           34         0.380818         reflect
  eval: e=0.3815  p=[0.995 0.645 0.456 0.243 0.184 0.276 0.432]
    21           35         0.380818         reflect
  eval: e=0.3747  p=[1.028 0.678 0.466 0.223 0.197 0.199 0.456]
  eval: e=0.3613  p=[1.058 0.755 0.500 0.150 0.211 0.108 0.474]
    22           37         0.361309         expand
  eval: e=0.3737  p=[1.025 0.709 0.461 0.187 0.199 0.204 0.436]
    23           38         0.361309         reflect
  eval: e=0.3662  p=[1.048 0.719 0.503 0.139 0.208 0.149 0.427]
    24           39         0.361309         reflect
  eval: e=0.3636  p=[1.022 0.745 0.497 0.111 0.208 0.132 0.473]
    25           40         0.361309         reflect
  eval: e=0.3580  p=[1.016 0.787 0.518 0.113 0.213 0.083 0.457]
  eval: e=0.3498  p=[1.013  0.885  0.564  0.031  0.227 -0.028  0.466]
    26           42         0.349809         expand
  eval: e=0.3536  p=[1.082 0.827 0.535 0.052 0.216 0.030 0.468]
    27           43         0.349809         reflect
  eval: e=0.3501  p=[1.080  0.858  0.546  0.023  0.231 -0.044  0.481]
    28           44         0.349809         reflect
  eval: e=0.3463  p=[1.079  0.947  0.583 -0.064  0.243 -0.061  0.469]
  eval: e=0.3565  p=[1.111  1.108  0.651 -0.227  0.272 -0.200  0.477]
    29           46         0.346275         reflect
  eval: e=0.3499  p=[1.084  0.930  0.604 -0.061  0.243 -0.122  0.495]
    30           47         0.346275         reflect
  eval: e=0.3483  p=[1.072  0.980  0.591 -0.071  0.243 -0.145  0.523]
    31           48         0.346275         reflect
  eval: e=0.3559  p=[1.112  1.022  0.623 -0.094  0.253 -0.207  0.491]
    32           49         0.346275         reflect
  eval: e=0.3704  p=[1.091  1.087  0.656 -0.203  0.262 -0.273  0.495]
  eval: e=0.3516  p=[1.066 0.838 0.539 0.062 0.224 0.013 0.479]
    33           51         0.346275         contract inside
  eval: e=0.3598  p=[1.024 0.768 0.508 0.086 0.212 0.105 0.474]
  eval: e=0.3489  p=[1.090  0.958  0.594 -0.049  0.243 -0.129  0.487]
    34           53         0.346275         contract inside
  eval: e=0.3485  p=[1.056  1.001  0.614 -0.089  0.257 -0.177  0.504]
    35           54         0.346275         reflect
  eval: e=0.3580  p=[1.069  1.036  0.631 -0.142  0.258 -0.214  0.499]
  eval: e=0.3488  p=[1.067  0.888  0.562  0.011  0.233 -0.044  0.484]
    36           56         0.346275         contract inside
  eval: e=0.3488  p=[1.052  1.024  0.629 -0.106  0.251 -0.158  0.499]
    37           57         0.346275         reflect
  eval: e=0.3454  p=[1.038  0.980  0.578 -0.036  0.242 -0.089  0.486]
  eval: e=0.3450  p=[1.015  1.004  0.565 -0.023  0.242 -0.073  0.482]
    38           59         0.345005         expand
  eval: e=0.3564  p=[1.110  1.059  0.618 -0.142  0.262 -0.196  0.519]
  eval: e=0.3483  p=[1.038  0.928  0.577 -0.013  0.236 -0.070  0.479]
    39           61         0.345005         contract inside
  eval: e=0.3448  p=[1.018  0.977  0.583 -0.052  0.244 -0.079  0.496]
  eval: e=0.3446  p=[0.982  0.986  0.577 -0.054  0.245 -0.054  0.500]
    40           63         0.344607         expand
  eval: e=0.3531  p=[1.017  1.075  0.620 -0.131  0.258 -0.167  0.503]
  eval: e=0.3476  p=[1.055  0.935  0.576 -0.025  0.239 -0.075  0.489]
    41           65         0.344607         contract inside
  eval: e=0.3488  p=[1.033  0.913  0.538  0.010  0.236 -0.029  0.486]
  eval: e=0.3449  p=[1.047  0.996  0.606 -0.077  0.247 -0.126  0.496]
    42           67         0.344607         contract inside
  eval: e=0.3492  p=[1.026  0.935  0.551 -0.005  0.227  0.005  0.478]
  eval: e=0.3458  p=[1.049  0.984  0.598 -0.068  0.250 -0.132  0.497]
    43           69         0.344607         contract inside
  eval: e=0.3465  p=[1.004  0.957  0.576 -0.022  0.243 -0.024  0.451]
    44           70         0.344607         reflect
  eval: e=0.3436  p=[1.028  1.017  0.589 -0.082  0.252 -0.085  0.487]
  eval: e=0.3447  p=[1.024  1.062  0.594 -0.117  0.260 -0.093  0.491]
    45           72         0.343647         reflect
  eval: e=0.3443  p=[1.004  1.035  0.593 -0.087  0.253 -0.084  0.477]
    46           73         0.343647         reflect
  eval: e=0.3489  p=[1.055  1.034  0.599 -0.108  0.252 -0.151  0.522]
  eval: e=0.3450  p=[1.017  0.976  0.582 -0.043  0.245 -0.056  0.469]
    47           75         0.343647         contract inside
  eval: e=0.3466  p=[0.962  1.053  0.591 -0.060  0.252 -0.114  0.505]
  eval: e=0.3449  p=[1.050  0.973  0.585 -0.063  0.245 -0.074  0.478]
    48           77         0.343647         contract inside
  eval: e=0.3457  p=[0.992  1.012  0.573 -0.055  0.245 -0.026  0.471]
  eval: e=0.3447  p=[1.006  1.005  0.579 -0.058  0.246 -0.052  0.477]
    49           79         0.343647         contract outside
  eval: e=0.3449  p=[1.022  1.028  0.588 -0.084  0.249 -0.101  0.501]
    50           80         0.343647         reflect
  eval: e=0.3427  p=[1.024  1.007  0.611 -0.121  0.255 -0.092  0.494]
  eval: e=0.3418  p=[1.029  1.009  0.634 -0.170  0.262 -0.101  0.501]
    51           82         0.341803         expand
  eval: e=0.3446  p=[0.984  1.049  0.605 -0.112  0.256 -0.098  0.505]
    52           83         0.341803         reflect
  eval: e=0.3431  p=[1.002  0.999  0.607 -0.099  0.254 -0.071  0.482]
    53           84         0.341803         reflect
  eval: e=0.3442  p=[0.963  1.032  0.590 -0.112  0.258 -0.030  0.485]
    54           85         0.341803         reflect
  eval: e=0.3426  p=[0.992  1.031  0.620 -0.146  0.262 -0.097  0.505]
    55           86         0.341803         reflect
  eval: e=0.3438  p=[1.018  1.063  0.634 -0.177  0.268 -0.108  0.484]
    56           87         0.341803         reflect
  eval: e=0.3426  p=[1.026  1.005  0.613 -0.138  0.261 -0.066  0.472]
    57           88         0.341803         reflect
  eval: e=0.3417  p=[1.013  1.010  0.631 -0.177  0.266 -0.076  0.499]
  eval: e=0.3416  p=[1.017  0.998  0.650 -0.222  0.273 -0.072  0.509]
    58           90         0.341562         expand
  eval: e=0.3425  p=[1.069  1.003  0.652 -0.184  0.266 -0.141  0.498]
    59           91         0.341562         reflect
  eval: e=0.3438  p=[1.028  0.954  0.614 -0.120  0.254 -0.073  0.504]
  eval: e=0.3426  p=[1.026  0.981  0.619 -0.134  0.258 -0.082  0.499]
    60           93         0.341562         contract outside
  eval: e=0.3406  p=[1.017  0.990  0.667 -0.230  0.272 -0.095  0.503]
  eval: e=0.3398  p=[1.011  0.976  0.706 -0.304  0.282 -0.100  0.511]
    61           95         0.339824         expand
  eval: e=0.3394  p=[1.046  1.002  0.677 -0.272  0.278 -0.118  0.516]
  eval: e=0.3383  p=[1.069  1.003  0.712 -0.358  0.291 -0.141  0.533]
    62           97         0.338289         expand
  eval: e=0.3402  p=[1.034  0.995  0.699 -0.296  0.280 -0.144  0.544]
    63           98         0.338289         reflect
  eval: e=0.3399  p=[1.037  1.023  0.717 -0.345  0.289 -0.145  0.530]
    64           99         0.338289         reflect
  eval: e=0.3397  p=[1.085  0.971  0.743 -0.391  0.292 -0.144  0.532]
    65          100         0.338289         reflect
  eval: e=0.3390  p=[1.012  0.990  0.737 -0.412  0.296 -0.101  0.547]
    66          101         0.338289         reflect
  eval: e=0.3364  p=[1.047  0.978  0.785 -0.495  0.311 -0.141  0.558]
  eval: e=0.3346  p=[1.056  0.963  0.860 -0.658  0.335 -0.161  0.587]
    67          103         0.334556         expand
  eval: e=0.3410  p=[1.070  0.980  0.828 -0.567  0.318 -0.195  0.572]
  eval: e=0.3383  p=[1.057  0.984  0.784 -0.481  0.306 -0.164  0.556]
    68          105         0.334556         contract outside
  eval: e=0.3357  p=[1.059  0.979  0.804 -0.547  0.318 -0.129  0.541]
    69          106         0.334556         reflect
  eval: e=0.3370  p=[1.062  0.939  0.811 -0.555  0.317 -0.123  0.557]
    70          107         0.334556         reflect
  eval: e=0.3352  p=[1.103  0.975  0.851 -0.668  0.334 -0.175  0.590]
    71          108         0.334556         reflect
  eval: e=0.3337  p=[1.035  0.981  0.845 -0.661  0.336 -0.140  0.586]
  eval: e=0.3326  p=[1.010  0.987  0.895 -0.796  0.357 -0.138  0.613]
    72          110         0.332617         expand
  eval: e=0.3364  p=[1.107  0.961  0.896 -0.748  0.349 -0.194  0.589]
    73          111         0.332617         reflect
  eval: e=0.3308  p=[1.061  0.937  0.974 -0.914  0.371 -0.169  0.619]
  eval: e=0.3251  p=[1.057  0.904  1.104 -1.193  0.412 -0.184  0.662]
    74          113         0.325135         expand
  eval: e=0.3293  p=[1.073  0.932  0.994 -0.994  0.386 -0.151  0.627]
    75          114         0.325135         reflect
  eval: e=0.3264  p=[1.070  0.975  1.019 -1.046  0.395 -0.200  0.645]
    76          115         0.325135         reflect
  eval: e=0.3329  p=[1.015  0.957  0.968 -0.938  0.376 -0.131  0.629]
    77          116         0.325135         reflect
  eval: e=0.3235  p=[1.051  0.934  1.108 -1.251  0.423 -0.196  0.703]
  eval: e=0.3168  p=[1.047  0.911  1.260 -1.603  0.476 -0.230  0.784]
    78          118         0.316805         expand
  eval: e=0.3219  p=[0.991  0.919  1.178 -1.397  0.448 -0.166  0.709]
    79          119         0.316805         reflect
  eval: e=0.3161  p=[1.019  0.918  1.260 -1.618  0.479 -0.182  0.748]
  eval: e=0.3072  p=[1.000  0.896  1.459 -2.098  0.550 -0.193  0.828]
    80          121         0.307169         expand
  eval: e=0.3136  p=[1.055  0.907  1.291 -1.670  0.488 -0.230  0.762]
    81          122         0.307169         reflect
  eval: e=0.3021  p=[1.074  0.855  1.478 -2.062  0.544 -0.249  0.820]
  eval: e=0.3191  p=[1.106  0.789  1.769 -2.695  0.637 -0.304  0.924]
    82          124         0.302098         reflect
  eval: e=0.3003  p=[1.011  0.887  1.518 -2.168  0.561 -0.264  0.862]
  eval: e=0.2989  p=[0.981  0.864  1.780 -2.755  0.648 -0.320  0.980]
    83          126         0.298897         expand
  eval: e=0.2876  p=[0.988  0.812  1.710 -2.605  0.624 -0.248  0.939]
  eval: e=0.3574  p=[0.947  0.730  2.055 -3.384  0.738 -0.272  1.086]
    84          128         0.287594         reflect
  eval: e=0.3083  p=[0.982  0.857  1.798 -2.862  0.667 -0.284  1.001]
    85          129         0.287594         reflect
  eval: e=0.3626  p=[1.046  0.824  1.901 -3.076  0.694 -0.335  1.038]
  eval: e=0.3081  p=[1.005  0.895  1.359 -1.817  0.509 -0.208  0.791]
    86          131         0.287594         contract inside
  eval: e=0.3543  p=[0.978  0.828  1.847 -2.931  0.676 -0.265  0.965]
  eval: e=0.3054  p=[1.029  0.890  1.407 -1.935  0.526 -0.239  0.829]
    87          133         0.287594         contract inside
  eval: e=0.3560  p=[0.961  0.827  1.848 -2.940  0.674 -0.268  1.007]
  eval: e=0.3032  p=[1.032  0.887  1.431 -1.988  0.535 -0.239  0.823]
    88          135         0.287594         contract inside
  eval: e=0.3175  p=[1.049  0.885  1.238 -1.498  0.457 -0.201  0.716]
  eval: e=0.2844  p=[0.999  0.864  1.658 -2.521  0.615 -0.263  0.930]
    89          137         0.284443         contract inside
  eval: e=0.2983  p=[1.025  0.838  1.762 -2.745  0.645 -0.292  0.966]
    90          138         0.284443         reflect
  eval: e=0.3079  p=[1.036  0.821  1.748 -2.648  0.631 -0.335  0.968]
  eval: e=0.2953  p=[1.009  0.877  1.531 -2.236  0.571 -0.229  0.863]
    91          140         0.284443         contract inside
  eval: e=0.3496  p=[1.001  0.823  1.836 -2.897  0.669 -0.287  0.977]
  eval: e=0.2976  p=[1.022  0.873  1.514 -2.176  0.561 -0.251  0.866]
    92          142         0.284443         contract inside
  eval: e=0.3523  p=[0.996  0.823  1.836 -2.898  0.668 -0.290  0.995]
  eval: e=0.2960  p=[1.023  0.871  1.532 -2.215  0.568 -0.252  0.866]
    93          144         0.284443         contract inside
  eval: e=0.3097  p=[0.940  0.860  1.804 -2.867  0.665 -0.281  1.011]
  eval: e=0.2950  p=[1.040  0.856  1.559 -2.263  0.574 -0.257  0.868]
    94          146         0.284443         contract inside
  eval: e=0.3082  p=[1.050  0.848  1.439 -2.033  0.540 -0.192  0.819]
  eval: e=0.2881  p=[0.998  0.860  1.695 -2.575  0.621 -0.288  0.940]
    95          148         0.284443         contract inside
  eval: e=0.3027  p=[0.998  0.880  1.438 -1.996  0.536 -0.219  0.826]
  eval: e=0.2858  p=[1.018  0.849  1.681 -2.557  0.618 -0.274  0.931]
    96          150         0.284443         contract inside
  eval: e=0.2871  p=[0.999  0.838  1.733 -2.674  0.636 -0.266  0.944]
    97          151         0.284443         reflect
  eval: e=0.3043  p=[0.992  0.831  1.773 -2.765  0.649 -0.270  0.967]
  eval: e=0.2911  p=[1.015  0.861  1.592 -2.353  0.588 -0.256  0.891]
    98          153         0.284443         contract inside
  eval: e=0.3214  p=[1.007  0.820  1.791 -2.778  0.651 -0.301  0.978]
  eval: e=0.2897  p=[1.009  0.863  1.596 -2.371  0.591 -0.247  0.892]
    99          155         0.284443         contract inside
  eval: e=0.3001  p=[0.967  0.843  1.773 -2.781  0.652 -0.270  0.980]
  eval: e=0.2899  p=[1.022  0.853  1.613 -2.393  0.594 -0.260  0.896]
   100          157         0.284443         contract inside
  eval: e=0.2915  p=[0.994  0.836  1.746 -2.703  0.640 -0.271  0.958]
  eval: e=0.2879  p=[1.010  0.855  1.631 -2.440  0.601 -0.260  0.908]
   101          159         0.284443         contract inside
  eval: e=0.2855  p=[0.984  0.845  1.731 -2.677  0.636 -0.267  0.957]
   102          160         0.284443         reflect
  eval: e=0.3130  p=[0.990  0.829  1.786 -2.786  0.652 -0.287  0.979]
  eval: e=0.2861  p=[1.004  0.854  1.644 -2.475  0.606 -0.257  0.914]
   103          162         0.284443         contract inside
  eval: e=0.2825  p=[1.003  0.830  1.673 -2.553  0.618 -0.237  0.924]
  eval: e=0.2845  p=[1.005  0.815  1.662 -2.543  0.616 -0.211  0.916]
   104          164         0.282455         reflect
  eval: e=0.2947  p=[0.989  0.829  1.749 -2.720  0.642 -0.258  0.960]
  eval: e=0.2850  p=[1.005  0.848  1.660 -2.510  0.611 -0.259  0.921]
   105          166         0.282455         contract inside
  eval: e=0.2855  p=[1.015  0.882  1.656 -2.529  0.616 -0.273  0.924]
   106          167         0.282455         reflect
  eval: e=0.2882  p=[1.009  0.869  1.610 -2.418  0.599 -0.256  0.913]
  eval: e=0.2831  p=[1.002  0.845  1.702 -2.610  0.626 -0.264  0.936]
   107          169         0.282455         contract inside
  eval: e=0.2830  p=[1.003  0.849  1.717 -2.656  0.634 -0.268  0.950]
   108          170         0.282455         reflect
  eval: e=0.2804  p=[0.985  0.855  1.690 -2.601  0.627 -0.250  0.938]
  eval: e=0.2793  p=[0.968  0.858  1.694 -2.624  0.632 -0.238  0.942]
   109          172         0.279266         expand
  eval: e=0.2856  p=[1.014  0.863  1.629 -2.467  0.607 -0.247  0.908]
  eval: e=0.2822  p=[0.992  0.849  1.705 -2.624  0.629 -0.262  0.945]
   110          174         0.279266         contract inside
  eval: e=0.2877  p=[0.976  0.817  1.718 -2.642  0.631 -0.239  0.947]
  eval: e=0.2833  p=[1.006  0.866  1.671 -2.557  0.620 -0.264  0.930]
   111          176         0.279266         contract inside
  eval: e=0.2800  p=[0.987  0.855  1.717 -2.674  0.638 -0.254  0.952]
   112          177         0.279266         reflect
  eval: e=0.2872  p=[0.990  0.837  1.737 -2.707  0.641 -0.247  0.949]
  eval: e=0.2823  p=[0.997  0.857  1.677 -2.568  0.621 -0.259  0.935]
   113          179         0.279266         contract inside
  eval: e=0.2850  p=[0.980  0.833  1.724 -2.674  0.637 -0.245  0.951]
  eval: e=0.2818  p=[0.999  0.857  1.685 -2.586  0.624 -0.259  0.935]
   114          181         0.279266         contract inside
  eval: e=0.2796  p=[0.984  0.857  1.688 -2.614  0.630 -0.244  0.944]
   115          182         0.279266         reflect
  eval: e=0.2824  p=[0.977  0.855  1.666 -2.557  0.621 -0.233  0.929]
   116          183         0.279266         reflect
  eval: e=0.2786  p=[0.969  0.881  1.708 -2.660  0.638 -0.263  0.957]
  eval: e=0.2773  p=[0.953  0.906  1.725 -2.713  0.648 -0.276  0.973]
   117          185         0.277345         expand
  eval: e=0.2820  p=[0.989  0.871  1.731 -2.702  0.643 -0.279  0.964]
   118          186         0.277345         reflect
  eval: e=0.2788  p=[0.967  0.873  1.736 -2.729  0.648 -0.259  0.966]
   119          187         0.277345         reflect
  eval: e=0.2761  p=[0.965  0.887  1.716 -2.702  0.646 -0.254  0.963]
  eval: e=0.2740  p=[0.951  0.906  1.722 -2.741  0.654 -0.250  0.972]
   120          189         0.273965         expand
  eval: e=0.2796  p=[0.956  0.876  1.688 -2.636  0.635 -0.229  0.946]
   121          190         0.273965         reflect
  eval: e=0.2741  p=[0.934  0.894  1.735 -2.765  0.657 -0.241  0.978]
   122          191         0.273965         reflect
  eval: e=0.2759  p=[0.931  0.908  1.708 -2.704  0.649 -0.242  0.968]
   123          192         0.273965         reflect
  eval: e=0.2722  p=[0.919  0.921  1.742 -2.789  0.663 -0.252  0.983]
  eval: e=0.2679  p=[0.887  0.953  1.769 -2.876  0.680 -0.256  1.003]
   124          194         0.267862         expand
  eval: e=0.2736  p=[0.926  0.924  1.767 -2.836  0.670 -0.274  0.998]
   125          195         0.267862         reflect
  eval: e=0.2682  p=[0.903  0.960  1.781 -2.909  0.684 -0.276  1.018]
   126          196         0.267862         reflect
  eval: e=0.2668  p=[0.886  0.971  1.752 -2.855  0.678 -0.260  1.008]
  eval: e=0.2637  p=[0.846  1.020  1.760 -2.919  0.694 -0.261  1.029]
   127          198         0.263674         expand
  eval: e=0.2662  p=[0.869  0.969  1.773 -2.930  0.691 -0.238  1.017]
   128          199         0.263674         reflect
  eval: e=0.2668  p=[0.874  0.986  1.808 -3.003  0.703 -0.271  1.036]
   129          200         0.263674         reflect
  eval: e=0.2667  p=[0.853  1.025  1.802 -3.010  0.707 -0.282  1.043]
   130          201         0.263674         reflect
  eval: e=0.2652  p=[0.808  1.047  1.838 -3.111  0.725 -0.281  1.069]
   131          202         0.263674         reflect
  eval: e=0.2649  p=[0.799  1.065  1.814 -3.095  0.726 -0.258  1.064]
   132          203         0.263674         reflect
  eval: e=0.2650  p=[0.793  1.059  1.809 -3.075  0.723 -0.251  1.057]
   133          204         0.263674         reflect
  eval: e=0.2674  p=[0.783  1.096  1.832 -3.165  0.740 -0.270  1.087]
  eval: e=0.2649  p=[0.809  1.060  1.816 -3.092  0.725 -0.267  1.066]
   134          206         0.263674         contract outside
  eval: e=0.2695  p=[0.777  1.084  1.795 -3.063  0.723 -0.254  1.062]
  eval: e=0.2640  p=[0.850  1.011  1.805 -3.018  0.708 -0.267  1.043]
   135          208         0.263674         contract inside
  eval: e=0.2639  p=[0.796  1.041  1.802 -3.059  0.719 -0.239  1.055]
   136          209         0.263674         reflect
  eval: e=0.2740  p=[0.760  1.117  1.840 -3.176  0.743 -0.283  1.092]
  eval: e=0.2636  p=[0.842  1.006  1.789 -2.991  0.704 -0.249  1.036]
   137          211         0.263638         contract inside
  eval: e=0.2653  p=[0.830  1.027  1.761 -2.960  0.703 -0.232  1.031]
  eval: e=0.2645  p=[0.814  1.042  1.819 -3.073  0.720 -0.268  1.059]
   138          213         0.263638         contract inside
  eval: e=0.2641  p=[0.851  1.011  1.793 -2.996  0.704 -0.266  1.044]
   139          214         0.263638         reflect
  eval: e=0.2635  p=[0.848  0.996  1.779 -2.951  0.696 -0.250  1.028]
  eval: e=0.2676  p=[0.867  0.963  1.760 -2.880  0.682 -0.242  1.010]
   140          216         0.263474         reflect
  eval: e=0.2655  p=[0.871  0.972  1.771 -2.907  0.687 -0.256  1.020]
  eval: e=0.2644  p=[0.817  1.041  1.803 -3.048  0.716 -0.258  1.053]
   141          218         0.263474         contract inside
  eval: e=0.2651  p=[0.857  0.994  1.762 -2.921  0.692 -0.243  1.023]
  eval: e=0.2644  p=[0.825  1.030  1.804 -3.035  0.713 -0.262  1.050]
   142          220         0.263474         contract inside
  eval: e=0.2632  p=[0.847  1.006  1.776 -2.959  0.699 -0.249  1.032]
  eval: e=0.2651  p=[0.857  0.994  1.762 -2.921  0.692 -0.243  1.023]
   143          222         0.263202         reflect
  eval: e=0.2645  p=[0.862  0.984  1.770 -2.921  0.691 -0.251  1.023]
  eval: e=0.2645  p=[0.829  1.027  1.795 -3.016  0.710 -0.256  1.046]
  eval: e=0.2631  p=[0.847  1.001  1.777 -2.955  0.698 -0.250  1.030]
  eval: e=0.2632  p=[0.844  1.006  1.783 -2.975  0.702 -0.249  1.034]
  eval: e=0.2633  p=[0.846  1.013  1.768 -2.939  0.696 -0.255  1.031]
  eval: e=0.2644  p=[0.821  1.023  1.789 -3.009  0.709 -0.244  1.044]
  eval: e=0.2636  p=[0.848  1.008  1.790 -2.989  0.703 -0.258  1.037]
  eval: e=0.2632  p=[0.849  1.009  1.784 -2.977  0.702 -0.258  1.038]
  eval: e=0.2646  p=[0.832  1.024  1.790 -3.004  0.708 -0.254  1.043]
   144          231         0.263142         shrink
  eval: e=0.2636  p=[0.854  0.995  1.773 -2.940  0.695 -0.250  1.028]
   145          232         0.263142         reflect
  eval: e=0.2640  p=[0.874  0.987  1.769 -2.915  0.690 -0.261  1.022]
  eval: e=0.2631  p=[0.861  0.996  1.774 -2.939  0.694 -0.257  1.027]
   146          234         0.263134         contract outside
  eval: e=0.2644  p=[0.851  0.999  1.762 -2.921  0.693 -0.247  1.026]
  eval: e=0.2630  p=[0.849  1.006  1.783 -2.972  0.701 -0.255  1.034]
   147          236         0.263039         contract inside
  eval: e=0.2635  p=[0.843  1.015  1.783 -2.979  0.703 -0.256  1.037]
  eval: e=0.2632  p=[0.846  1.010  1.781 -2.969  0.701 -0.255  1.035]
   148          238         0.263039         contract outside
  eval: e=0.2636  p=[0.852  0.997  1.791 -2.989  0.703 -0.252  1.035]
  eval: e=0.2631  p=[0.848  1.009  1.774 -2.951  0.698 -0.254  1.032]
   149          240         0.263039         contract inside
  eval: e=0.2629  p=[0.855  1.004  1.774 -2.946  0.696 -0.259  1.031]
  eval: e=0.2629  p=[0.860  1.004  1.770 -2.931  0.693 -0.263  1.030]
   150          242         0.262873         reflect
  eval: e=0.2628  p=[0.855  1.004  1.780 -2.958  0.698 -0.261  1.033]
  eval: e=0.2629  p=[0.859  1.003  1.783 -2.957  0.697 -0.267  1.033]
   151          244         0.262812         reflect
  eval: e=0.2632  p=[0.854  1.000  1.771 -2.934  0.694 -0.254  1.026]
  eval: e=0.2630  p=[0.850  1.006  1.781 -2.967  0.700 -0.257  1.035]
   152          246         0.262812         contract inside
  eval: e=0.2630  p=[0.858  0.997  1.775 -2.941  0.695 -0.257  1.029]
   153          247         0.262812         reflect
  eval: e=0.2628  p=[0.860  1.006  1.777 -2.952  0.697 -0.265  1.033]
  eval: e=0.2630  p=[0.866  1.009  1.777 -2.950  0.697 -0.272  1.035]
   154          249         0.262794         reflect
  eval: e=0.2633  p=[0.846  1.013  1.782 -2.972  0.701 -0.260  1.038]
  eval: e=0.2628  p=[0.857  1.001  1.776 -2.947  0.696 -0.258  1.030]
   155          251         0.262767         contract inside
  eval: e=0.2628  p=[0.862  0.998  1.782 -2.958  0.697 -0.263  1.033]
   156          252         0.262767         reflect
  eval: e=0.2628  p=[0.865  0.999  1.773 -2.933  0.693 -0.265  1.030]
   157          253         0.262767         reflect
  eval: e=0.2630  p=[0.857  1.008  1.780 -2.961  0.699 -0.265  1.035]
   158          254         0.262767         reflect
  eval: e=0.2627  p=[0.867  0.999  1.774 -2.934  0.693 -0.268  1.029]
  eval: e=0.2633  p=[0.876  0.996  1.771 -2.918  0.690 -0.273  1.027]
   159          256          0.26274         reflect
  eval: e=0.2632  p=[0.863  0.995  1.773 -2.932  0.693 -0.261  1.027]
  eval: e=0.2628  p=[0.859  1.005  1.779 -2.954  0.697 -0.264  1.033]
   160          258          0.26274         contract inside
  eval: e=0.2627  p=[0.867  0.999  1.780 -2.950  0.696 -0.268  1.032]
  eval: e=0.2631  p=[0.873  0.997  1.784 -2.953  0.696 -0.273  1.032]
   161          260         0.262697         reflect
  eval: e=0.2629  p=[0.857  1.005  1.784 -2.968  0.699 -0.263  1.034]
  eval: e=0.2627  p=[0.863  1.000  1.776 -2.942  0.695 -0.264  1.031]
   162          262         0.262656         contract inside
  eval: e=0.2628  p=[0.869  0.998  1.775 -2.939  0.694 -0.267  1.030]
   163          263         0.262656         reflect
  eval: e=0.2632  p=[0.867  0.994  1.778 -2.941  0.694 -0.264  1.029]
  eval: e=0.2627  p=[0.862  1.003  1.777 -2.949  0.696 -0.265  1.032]
   164          265         0.262656         contract inside
  eval: e=0.2628  p=[0.865  1.003  1.771 -2.932  0.694 -0.266  1.029]
  eval: e=0.2626  p=[0.863  1.000  1.780 -2.951  0.696 -0.264  1.032]
   165          267         0.262634         contract inside
  eval: e=0.2631  p=[0.869  0.995  1.775 -2.935  0.693 -0.266  1.029]
  eval: e=0.2627  p=[0.861  1.002  1.778 -2.949  0.696 -0.264  1.032]
   166          269         0.262634         contract inside
  eval: e=0.2627  p=[0.872  1.000  1.778 -2.943  0.694 -0.274  1.032]
   167          270         0.262634         reflect
  eval: e=0.2628  p=[0.860  1.003  1.780 -2.953  0.697 -0.266  1.033]
  eval: e=0.2627  p=[0.863  1.002  1.779 -2.949  0.696 -0.266  1.032]
   168          272         0.262634         contract outside
  eval: e=0.2627  p=[0.861  1.002  1.782 -2.961  0.698 -0.265  1.034]
  eval: e=0.2627  p=[0.863  1.002  1.780 -2.954  0.697 -0.266  1.033]
   169          274         0.262634         contract outside
  eval: e=0.2628  p=[0.854  1.002  1.779 -2.956  0.698 -0.257  1.032]
  eval: e=0.2626  p=[0.867  1.001  1.778 -2.946  0.695 -0.270  1.032]
   170          276         0.262634         contract inside
  eval: e=0.2627  p=[0.860  1.004  1.776 -2.947  0.696 -0.263  1.032]
  eval: e=0.2626  p=[0.865  1.000  1.779 -2.949  0.696 -0.267  1.032]
   171          278         0.262605         contract inside
  eval: e=0.2627  p=[0.865  0.999  1.780 -2.949  0.696 -0.267  1.032]
  eval: e=0.2627  p=[0.863  1.002  1.778 -2.949  0.696 -0.265  1.032]
   172          280         0.262605         contract inside
  eval: e=0.2627  p=[0.866  0.999  1.779 -2.948  0.696 -0.268  1.032]
   173          281         0.262605         reflect
  eval: e=0.2626  p=[0.866  0.999  1.778 -2.948  0.696 -0.266  1.032]
   174          282         0.262605         reflect
  eval: e=0.2626  p=[0.862  1.002  1.778 -2.949  0.696 -0.264  1.032]
   175          283         0.262605         reflect
  eval: e=0.2627  p=[0.866  0.999  1.779 -2.948  0.696 -0.266  1.032]
  eval: e=0.2626  p=[0.863  1.001  1.778 -2.949  0.696 -0.266  1.032]
   176          285         0.262605         contract inside
  eval: e=0.2627  p=[0.866  0.999  1.776 -2.941  0.695 -0.266  1.030]
  eval: e=0.2626  p=[0.863  1.001  1.779 -2.951  0.696 -0.266  1.032]
   177          287         0.262605         contract inside
  eval: e=0.2626  p=[0.866  1.001  1.782 -2.956  0.697 -0.268  1.033]
   178          288         0.262605         reflect
  eval: e=0.2626  p=[0.861  1.001  1.780 -2.955  0.697 -0.262  1.032]
   179          289         0.262605         reflect
  eval: e=0.2627  p=[0.865  0.999  1.781 -2.954  0.696 -0.267  1.033]
  eval: e=0.2626  p=[0.863  1.001  1.779 -2.950  0.696 -0.265  1.032]
   180          291         0.262605         contract inside
  eval: e=0.2627  p=[0.861  1.000  1.776 -2.945  0.695 -0.262  1.031]
  eval: e=0.2626  p=[0.865  1.001  1.780 -2.953  0.697 -0.266  1.033]
   181          293         0.262605         contract inside
  eval: e=0.2627  p=[0.861  1.002  1.780 -2.955  0.697 -0.264  1.033]
  eval: e=0.2626  p=[0.864  1.000  1.779 -2.950  0.696 -0.266  1.032]
   182          295         0.262578         contract inside
  eval: e=0.2626  p=[0.863  1.000  1.781 -2.954  0.697 -0.265  1.032]
   183          296         0.262578         reflect
  eval: e=0.2626  p=[0.864  1.001  1.780 -2.952  0.697 -0.266  1.033]
   184          297         0.262578         reflect
  eval: e=0.2626  p=[0.864  1.000  1.780 -2.953  0.697 -0.264  1.032]
   185          298         0.262578         reflect
  eval: e=0.2627  p=[0.863  0.999  1.780 -2.952  0.696 -0.264  1.032]
  eval: e=0.2626  p=[0.864  1.001  1.780 -2.952  0.697 -0.266  1.032]
   186          300         0.262578         contract inside
  eval: e=0.2626  p=[0.864  1.001  1.778 -2.950  0.696 -0.266  1.032]
  eval: e=0.2626  p=[0.864  1.000  1.780 -2.953  0.697 -0.265  1.032]
   187          302         0.262578         contract inside
  eval: e=0.2626  p=[0.864  1.000  1.781 -2.954  0.697 -0.265  1.032]
  eval: e=0.2626  p=[0.863  1.001  1.779 -2.951  0.696 -0.265  1.032]
   188          304         0.262578         contract inside
  eval: e=0.2626  p=[0.867  1.000  1.779 -2.948  0.696 -0.269  1.032]
  eval: e=0.2626  p=[0.862  1.000  1.780 -2.953  0.697 -0.264  1.032]
   189          306         0.262578         contract inside
  eval: e=0.2626  p=[0.863  1.000  1.779 -2.950  0.696 -0.264  1.032]
   190          307         0.262578         reflect
  eval: e=0.2626  p=[0.863  1.000  1.779 -2.951  0.696 -0.264  1.032]
  eval: e=0.2626  p=[0.864  1.000  1.780 -2.952  0.696 -0.265  1.032]
   191          309         0.262578         contract inside
  eval: e=0.2626  p=[0.862  1.000  1.779 -2.954  0.697 -0.262  1.032]
   192          310         0.262578         reflect
  eval: e=0.2626  p=[0.863  1.000  1.780 -2.953  0.697 -0.264  1.032]
  eval: e=0.2626  p=[0.863  1.000  1.779 -2.952  0.696 -0.265  1.032]
   193          312         0.262578         contract inside
  eval: e=0.2626  p=[0.864  1.000  1.779 -2.950  0.696 -0.265  1.032]
   194          313         0.262578         reflect
  eval: e=0.2626  p=[0.863  1.000  1.779 -2.952  0.696 -0.264  1.032]
  eval: e=0.2626  p=[0.864  1.000  1.779 -2.952  0.696 -0.265  1.032]
   195          315         0.262578         contract inside
  eval: e=0.2626  p=[0.864  1.000  1.779 -2.952  0.696 -0.264  1.032]
  eval: e=0.2626  p=[0.863  1.000  1.779 -2.952  0.696 -0.265  1.032]
   196          317         0.262578         contract inside
  eval: e=0.2626  p=[0.863  1.000  1.779 -2.952  0.696 -0.264  1.032]
  eval: e=0.2626  p=[0.864  1.000  1.779 -2.952  0.696 -0.265  1.032]
   197          319         0.262578         contract inside
  eval: e=0.2626  p=[0.862  1.000  1.780 -2.953  0.697 -0.264  1.032]
  eval: e=0.2626  p=[0.864  1.000  1.779 -2.951  0.696 -0.265  1.032]
   198          321         0.262576         contract inside
  eval: e=0.2626  p=[0.864  1.000  1.780 -2.954  0.697 -0.265  1.033]
  eval: e=0.2626  p=[0.865  1.000  1.781 -2.956  0.697 -0.266  1.033]
   199          323         0.262576         reflect
  eval: e=0.2626  p=[0.864  1.000  1.780 -2.953  0.697 -0.265  1.032]
  eval: e=0.2626  p=[0.864  1.000  1.780 -2.953  0.697 -0.265  1.032]
   200          325         0.262576         contract outside
  eval: e=0.2626  p=[0.863  1.000  1.779 -2.952  0.696 -0.265  1.032]
   201          326         0.262576         reflect
  eval: e=0.2626  p=[0.866  1.000  1.780 -2.950  0.696 -0.267  1.032]
  eval: e=0.2626  p=[0.863  1.000  1.780 -2.953  0.697 -0.264  1.032]
   202          328         0.262576         contract inside
  eval: e=0.2626  p=[0.864  1.000  1.780 -2.953  0.697 -0.265  1.032]
  eval: e=0.2626  p=[0.864  1.000  1.779 -2.952  0.696 -0.265  1.032]
   203          330         0.262576         contract inside
  eval: e=0.2626  p=[0.864  1.000  1.780 -2.953  0.697 -0.265  1.032]
   204          331         0.262576         reflect
  eval: e=0.2626  p=[0.864  1.000  1.779 -2.951  0.696 -0.265  1.032]
  eval: e=0.2626  p=[0.864  1.000  1.779 -2.951  0.696 -0.265  1.032]
   205          333         0.262563         expand
  eval: e=0.2626  p=[0.864  1.000  1.779 -2.952  0.696 -0.265  1.032]
   206          334         0.262563         reflect
  eval: e=0.2626  p=[0.864  1.000  1.779 -2.951  0.696 -0.265  1.032]
   207          335         0.262563         reflect
  eval: e=0.2626  p=[0.863  1.000  1.780 -2.955  0.697 -0.264  1.032]
   208          336         0.262563         reflect
  eval: e=0.2626  p=[0.865  1.000  1.779 -2.952  0.696 -0.265  1.032]
   209          337         0.262563         reflect
  eval: e=0.2626  p=[0.865  1.000  1.779 -2.952  0.696 -0.265  1.032]
  eval: e=0.2626  p=[0.865  1.000  1.779 -2.951  0.696 -0.265  1.032]
   210          339         0.262559         expand
  eval: e=0.2626  p=[0.864  1.000  1.779 -2.952  0.696 -0.265  1.032]
   211          340         0.262559         reflect
  eval: e=0.2626  p=[0.865  1.000  1.779 -2.953  0.697 -0.265  1.033]
  eval: e=0.2625  p=[0.865  1.000  1.779 -2.954  0.697 -0.265  1.033]
   212          342          0.26255         expand
  eval: e=0.2626  p=[0.865  1.000  1.778 -2.950  0.696 -0.264  1.032]
   213          343          0.26255         reflect
  eval: e=0.2626  p=[0.864  1.000  1.779 -2.952  0.697 -0.263  1.032]
   214          344          0.26255         reflect
  eval: e=0.2625  p=[0.865  1.000  1.779 -2.953  0.697 -0.264  1.033]
  eval: e=0.2625  p=[0.865  1.000  1.779 -2.954  0.697 -0.264  1.033]
   215          346         0.262536         expand
  eval: e=0.2625  p=[0.865  1.000  1.779 -2.953  0.697 -0.264  1.033]
   216          347         0.262536         reflect
  eval: e=0.2625  p=[0.866  1.000  1.777 -2.950  0.696 -0.265  1.033]
   217          348         0.262536         reflect
  eval: e=0.2625  p=[0.866  1.000  1.778 -2.951  0.696 -0.265  1.033]
  eval: e=0.2625  p=[0.868  1.000  1.778 -2.951  0.696 -0.266  1.033]
   218          350         0.262535         reflect
  eval: e=0.2625  p=[0.866  1.000  1.778 -2.953  0.697 -0.264  1.033]
  eval: e=0.2625  p=[0.867  1.000  1.778 -2.954  0.697 -0.264  1.033]
   219          352         0.262509         expand
  eval: e=0.2625  p=[0.866  1.000  1.778 -2.954  0.697 -0.264  1.033]
   220          353         0.262509         reflect
  eval: e=0.2625  p=[0.867  1.000  1.779 -2.955  0.697 -0.264  1.034]
   221          354         0.262509         reflect
  eval: e=0.2625  p=[0.867  1.000  1.777 -2.952  0.697 -0.264  1.033]
   222          355         0.262509         reflect
  eval: e=0.2625  p=[0.866  1.000  1.779 -2.957  0.698 -0.263  1.034]
  eval: e=0.2625  p=[0.867  1.000  1.780 -2.961  0.698 -0.263  1.034]
   223          357         0.262502         expand
  eval: e=0.2625  p=[0.868  1.000  1.779 -2.956  0.697 -0.264  1.034]
  eval: e=0.2625  p=[0.870  1.001  1.779 -2.958  0.698 -0.264  1.035]
   224          359          0.26246         expand
  eval: e=0.2625  p=[0.869  1.000  1.778 -2.956  0.697 -0.264  1.034]
   225          360          0.26246         reflect
  eval: e=0.2625  p=[0.869  1.001  1.779 -2.960  0.698 -0.262  1.035]
   226          361          0.26246         reflect
  eval: e=0.2625  p=[0.870  1.001  1.779 -2.960  0.698 -0.264  1.035]
  eval: e=0.2624  p=[0.871  1.001  1.780 -2.963  0.699 -0.264  1.036]
   227          363         0.262438         expand
  eval: e=0.2624  p=[0.870  1.001  1.779 -2.960  0.698 -0.263  1.035]
   228          364         0.262438         reflect
  eval: e=0.2625  p=[0.871  1.001  1.781 -2.966  0.699 -0.263  1.036]
   229          365         0.262438         reflect
  eval: e=0.2624  p=[0.872  1.001  1.780 -2.967  0.699 -0.263  1.036]
  eval: e=0.2624  p=[0.874  1.001  1.781 -2.973  0.701 -0.262  1.038]
   230          367         0.262399         expand
  eval: e=0.2624  p=[0.875  1.001  1.778 -2.964  0.699 -0.264  1.037]
  eval: e=0.2623  p=[0.879  1.002  1.777 -2.966  0.699 -0.265  1.038]
   231          369         0.262317         expand
  eval: e=0.2624  p=[0.875  1.001  1.780 -2.972  0.700 -0.262  1.038]
   232          370         0.262317         reflect
  eval: e=0.2624  p=[0.877  1.001  1.780 -2.971  0.700 -0.264  1.038]
   233          371         0.262317         reflect
  eval: e=0.2624  p=[0.878  1.001  1.781 -2.976  0.701 -0.262  1.039]
   234          372         0.262317         reflect
  eval: e=0.2623  p=[0.879  1.001  1.779 -2.971  0.700 -0.263  1.039]
  eval: e=0.2622  p=[0.883  1.002  1.778 -2.974  0.701 -0.263  1.040]
   235          374         0.262233         expand
  eval: e=0.2623  p=[0.884  1.002  1.780 -2.981  0.702 -0.264  1.041]
   236          375         0.262233         reflect
  eval: e=0.2622  p=[0.886  1.002  1.780 -2.983  0.703 -0.263  1.042]
   237          376         0.262233         reflect
  eval: e=0.2622  p=[0.886  1.002  1.778 -2.976  0.701 -0.265  1.041]
  eval: e=0.2621  p=[0.892  1.003  1.776 -2.977  0.702 -0.266  1.042]
   238          378         0.262145         expand
  eval: e=0.2622  p=[0.890  1.002  1.778 -2.979  0.702 -0.265  1.042]
   239          379         0.262145         reflect
  eval: e=0.2621  p=[0.892  1.003  1.777 -2.983  0.703 -0.264  1.043]
  eval: e=0.2620  p=[0.900  1.004  1.775 -2.989  0.704 -0.263  1.046]
   240          381         0.262005         expand
  eval: e=0.2620  p=[0.897  1.003  1.775 -2.981  0.703 -0.266  1.044]
   241          382         0.262005         reflect
  eval: e=0.2620  p=[0.902  1.003  1.778 -2.996  0.705 -0.264  1.047]
   242          383         0.262005         reflect
  eval: e=0.2619  p=[0.902  1.003  1.774 -2.984  0.703 -0.265  1.046]
  eval: e=0.2618  p=[0.911  1.004  1.770 -2.986  0.704 -0.266  1.048]
   243          385         0.261779         expand
  eval: e=0.2619  p=[0.907  1.004  1.772 -2.983  0.703 -0.267  1.047]
   244          386         0.261779         reflect
  eval: e=0.2618  p=[0.917  1.005  1.772 -2.995  0.706 -0.267  1.051]
   245          387         0.261779         reflect
  eval: e=0.2617  p=[0.917  1.005  1.770 -2.994  0.706 -0.266  1.051]
  eval: e=0.2615  p=[0.930  1.007  1.767 -3.001  0.708 -0.266  1.055]
   246          389         0.261468         expand
  eval: e=0.2615  p=[0.926  1.006  1.769 -3.003  0.708 -0.265  1.054]
  eval: e=0.2608  p=[0.943  1.007  1.766 -3.016  0.711 -0.265  1.060]
   247          391          0.26081         expand
  eval: e=0.2615  p=[0.929  1.006  1.765 -2.990  0.706 -0.267  1.053]
   248          392          0.26081         reflect
  eval: e=0.2611  p=[0.942  1.008  1.764 -3.008  0.709 -0.266  1.058]
   249          393          0.26081         reflect
  eval: e=0.2610  p=[0.951  1.008  1.760 -3.005  0.709 -0.269  1.060]
   250          394          0.26081         reflect
  eval: e=0.2606  p=[0.957  1.009  1.761 -3.017  0.711 -0.266  1.063]
  eval: e=0.2600  p=[0.982  1.012  1.755 -3.034  0.715 -0.266  1.072]
   251          396          0.26005         expand
  eval: e=0.2606  p=[0.966  1.010  1.756 -3.016  0.712 -0.266  1.066]
   252          397          0.26005         reflect
  eval: e=0.2600  p=[0.987  1.012  1.753 -3.034  0.716 -0.267  1.073]
  eval: e=0.2595  p=[1.024  1.016  1.744 -3.058  0.721 -0.268  1.086]
   253          399          0.25953         expand
  eval: e=0.2597  p=[0.997  1.013  1.753 -3.049  0.719 -0.266  1.078]
   254          400          0.25953         reflect
  eval: e=0.2597  p=[1.014  1.014  1.747 -3.052  0.720 -0.267  1.082]
   255          401          0.25953         reflect
  eval: e=0.2596  p=[1.023  1.015  1.745 -3.058  0.721 -0.267  1.086]
   256          402          0.25953         reflect
  eval: e=0.2596  p=[1.034  1.017  1.744 -3.076  0.725 -0.264  1.091]
   257          403          0.25953         reflect
  eval: e=0.2594  p=[1.068  1.021  1.733 -3.083  0.727 -0.268  1.100]
  eval: e=0.2593  p=[1.130  1.027  1.716 -3.116  0.736 -0.269  1.119]
   258          405         0.259254         expand
  eval: e=0.2591  p=[1.092  1.023  1.731 -3.110  0.733 -0.268  1.110]
  eval: e=0.2589  p=[1.155  1.029  1.719 -3.158  0.744 -0.269  1.132]
   259          407         0.258868         expand
  eval: e=0.2592  p=[1.126  1.026  1.722 -3.128  0.738 -0.268  1.121]
   260          408         0.258868         reflect
  eval: e=0.2591  p=[1.148  1.029  1.715 -3.135  0.740 -0.269  1.127]
   261          409         0.258868         reflect
  eval: e=0.2591  p=[1.169  1.031  1.712 -3.156  0.744 -0.268  1.135]
   262          410         0.258868         reflect
  eval: e=0.2587  p=[1.188  1.033  1.705 -3.155  0.745 -0.273  1.139]
  eval: e=0.2582  p=[1.265  1.041  1.686 -3.194  0.754 -0.278  1.163]
   263          412         0.258206         expand
  eval: e=0.2586  p=[1.268  1.042  1.688 -3.212  0.758 -0.272  1.167]
   264          413         0.258206         reflect
  eval: e=0.2583  p=[1.336  1.048  1.672 -3.256  0.768 -0.273  1.189]
   265          414         0.258206         reflect
  eval: e=0.2583  p=[1.289  1.043  1.687 -3.238  0.763 -0.273  1.176]
   266          415         0.258206         reflect
