  eval: e=0.3713  p=[0.850 0.450 0.350 0.200 0.300 0.450 0.450]
 
 Iteration   Func-count         f(x)         Procedure
     0            1         0.371269         
  eval: e=0.3713  p=[0.892 0.450 0.350 0.200 0.300 0.450 0.450]
  eval: e=0.3690  p=[0.850 0.473 0.350 0.200 0.300 0.450 0.450]
  eval: e=0.3703  p=[0.850 0.450 0.367 0.200 0.300 0.450 0.450]
  eval: e=0.3715  p=[0.850 0.450 0.350 0.210 0.300 0.450 0.450]
  eval: e=0.3682  p=[0.850 0.450 0.350 0.200 0.315 0.450 0.450]
  eval: e=0.3730  p=[0.850 0.450 0.350 0.200 0.300 0.473 0.450]
  eval: e=0.3721  p=[0.850 0.450 0.350 0.200 0.300 0.450 0.473]
     1            8          0.36818         initial simplex
  eval: e=0.3675  p=[0.862 0.456 0.355 0.203 0.304 0.428 0.456]
  eval: e=0.3638  p=[0.868 0.460 0.358 0.204 0.306 0.405 0.460]
     2           10         0.363775         expand
  eval: e=0.3668  p=[0.867 0.459 0.357 0.204 0.306 0.437 0.430]
     3           11         0.363775         reflect
  eval: e=0.3659  p=[0.872 0.462 0.359 0.192 0.308 0.433 0.447]
     4           12         0.363775         reflect
  eval: e=0.3644  p=[0.879 0.465 0.362 0.200 0.310 0.429 0.446]
     5           13         0.363775         reflect
  eval: e=0.3622  p=[0.832 0.470 0.365 0.200 0.313 0.423 0.445]
  eval: e=0.3567  p=[0.802 0.479 0.373 0.200 0.320 0.409 0.443]
     6           15         0.356658         expand
  eval: e=0.3589  p=[0.861 0.478 0.349 0.200 0.319 0.411 0.443]
     7           16         0.356658         reflect
  eval: e=0.3569  p=[0.864 0.457 0.366 0.201 0.324 0.400 0.441]
     8           17         0.356658         reflect
  eval: e=0.3548  p=[0.868 0.481 0.371 0.201 0.311 0.385 0.439]
  eval: e=0.3458  p=[0.877 0.497 0.382 0.201 0.310 0.353 0.433]
     9           19         0.345831         expand
  eval: e=0.3494  p=[0.854 0.483 0.371 0.196 0.321 0.374 0.459]
    10           20         0.345831         reflect
  eval: e=0.3447  p=[0.844 0.486 0.372 0.208 0.323 0.361 0.446]
  eval: e=0.3285  p=[0.829 0.499 0.379 0.216 0.331 0.325 0.445]
    11           22         0.328465         expand
  eval: e=0.3349  p=[0.823 0.493 0.375 0.205 0.327 0.336 0.446]
    12           23         0.328465         reflect
  eval: e=0.3284  p=[0.821 0.508 0.384 0.201 0.337 0.340 0.429]
  eval: e=0.3050  p=[0.797 0.532 0.397 0.200 0.352 0.308 0.414]
    13           25         0.304989         expand
  eval: e=0.3169  p=[0.809 0.505 0.406 0.205 0.334 0.305 0.438]
    14           26         0.304989         reflect
  eval: e=0.3100  p=[0.790 0.540 0.400 0.206 0.332 0.289 0.438]
    15           27         0.304989         reflect
  eval: e=0.2941  p=[0.849 0.534 0.401 0.208 0.340 0.245 0.436]
  eval: e=0.2995  p=[0.873 0.562 0.416 0.212 0.350 0.164 0.432]
    16           29         0.294108         reflect
  eval: e=0.2911  p=[0.796 0.545 0.412 0.216 0.343 0.243 0.412]
  eval: e=0.2954  p=[0.768 0.576 0.432 0.226 0.354 0.178 0.389]
    17           31         0.291087         reflect
  eval: e=0.2821  p=[0.749 0.545 0.410 0.215 0.364 0.233 0.433]
  eval: e=0.2921  p=[0.686 0.569 0.423 0.222 0.392 0.173 0.432]
    18           33         0.282062         reflect
  eval: e=0.2845  p=[0.783 0.564 0.427 0.214 0.358 0.220 0.415]
    19           34         0.282062         reflect
  eval: e=0.2871  p=[0.764 0.577 0.436 0.202 0.361 0.202 0.408]
    20           35         0.282062         reflect
  eval: e=0.2887  p=[0.770 0.592 0.418 0.212 0.366 0.192 0.407]
    21           36         0.282062         reflect
  eval: e=0.2913  p=[0.783 0.572 0.429 0.213 0.378 0.181 0.397]
    22           37         0.282062         reflect
  eval: e=0.3133  p=[0.773 0.591 0.440 0.223 0.365 0.126 0.416]
  eval: e=0.2883  p=[0.791 0.547 0.408 0.206 0.355 0.262 0.415]
    23           39         0.282062         contract inside
  eval: e=0.2868  p=[0.704 0.592 0.438 0.214 0.382 0.193 0.389]
    24           40         0.282062         reflect
  eval: e=0.2927  p=[0.747 0.560 0.413 0.210 0.345 0.261 0.425]
  eval: e=0.2859  p=[0.774 0.569 0.425 0.212 0.370 0.201 0.404]
    25           42         0.282062         contract inside
  eval: e=0.2882  p=[0.728 0.593 0.434 0.205 0.387 0.186 0.408]
    26           43         0.282062         reflect
  eval: e=0.2794  p=[0.742 0.548 0.433 0.207 0.370 0.235 0.413]
  eval: e=0.2791  p=[0.728 0.526 0.441 0.205 0.373 0.257 0.417]
    27           45         0.279145         expand
  eval: e=0.2975  p=[0.704 0.587 0.452 0.214 0.386 0.164 0.406]
  eval: e=0.2818  p=[0.769 0.557 0.419 0.208 0.363 0.238 0.413]
    28           47         0.279145         contract inside
  eval: e=0.2914  p=[0.778 0.529 0.421 0.214 0.347 0.255 0.414]
  eval: e=0.2838  p=[0.741 0.577 0.431 0.208 0.377 0.203 0.409]
    29           49         0.279145         contract inside
  eval: e=0.2771  p=[0.736 0.546 0.418 0.220 0.378 0.240 0.415]
  eval: e=0.2746  p=[0.722 0.530 0.410 0.228 0.386 0.259 0.419]
    30           51         0.274649         expand
  eval: e=0.2903  p=[0.801 0.513 0.408 0.211 0.358 0.267 0.442]
  eval: e=0.2819  p=[0.728 0.572 0.431 0.213 0.376 0.212 0.402]
    31           53         0.274649         contract inside
  eval: e=0.2800  p=[0.717 0.537 0.423 0.214 0.372 0.262 0.427]
    32           54         0.274649         reflect
  eval: e=0.2731  p=[0.690 0.534 0.420 0.212 0.389 0.255 0.419]
  eval: e=0.2684  p=[0.643 0.519 0.417 0.211 0.404 0.272 0.421]
    33           56          0.26841         expand
  eval: e=0.2869  p=[0.704 0.504 0.412 0.219 0.377 0.292 0.428]
  eval: e=0.2787  p=[0.732 0.559 0.426 0.211 0.377 0.225 0.414]
    34           58          0.26841         contract inside
  eval: e=0.2709  p=[0.690 0.540 0.438 0.211 0.393 0.260 0.399]
    35           59          0.26841         reflect
  eval: e=0.2817  p=[0.701 0.504 0.419 0.211 0.386 0.295 0.429]
    36           60          0.26841         reflect
  eval: e=0.2689  p=[0.641 0.505 0.430 0.218 0.406 0.285 0.423]
    37           61          0.26841         reflect
  eval: e=0.2762  p=[0.692 0.557 0.434 0.217 0.388 0.225 0.405]
    38           62          0.26841         reflect
  eval: e=0.2682  p=[0.668 0.530 0.433 0.215 0.407 0.247 0.401]
  eval: e=0.2661  p=[0.643 0.527 0.438 0.215 0.424 0.239 0.389]
    39           64         0.266075         expand
  eval: e=0.2649  p=[0.633 0.542 0.414 0.227 0.421 0.248 0.403]
  eval: e=0.2614  p=[0.585 0.550 0.401 0.238 0.445 0.243 0.397]
    40           66         0.261435         expand
  eval: e=0.2582  p=[0.588 0.506 0.421 0.229 0.436 0.284 0.401]
  eval: e=0.2505  p=[0.516 0.480 0.419 0.238 0.466 0.313 0.395]
    41           68         0.250538         expand
  eval: e=0.2560  p=[0.577 0.486 0.410 0.229 0.447 0.310 0.407]
    42           69         0.250538         reflect
  eval: e=0.2523  p=[0.505 0.500 0.434 0.218 0.467 0.291 0.390]
    43           70         0.250538         reflect
  eval: e=0.2489  p=[0.484 0.479 0.405 0.238 0.481 0.298 0.406]
  eval: e=0.2400  p=[0.381 0.448 0.388 0.251 0.526 0.318 0.410]
    44           72         0.239972         expand
  eval: e=0.2505  p=[0.460 0.498 0.400 0.239 0.502 0.282 0.379]
    45           73         0.239972         reflect
  eval: e=0.2515  p=[0.404 0.478 0.409 0.254 0.533 0.298 0.370]
    46           74         0.239972         reflect
  eval: e=0.2350  p=[0.336 0.456 0.380 0.261 0.544 0.348 0.396]
  eval: e=0.2421  p=[0.183 0.421 0.350 0.284 0.603 0.402 0.399]
    47           76         0.235045         reflect
  eval: e=0.2322  p=[0.323 0.406 0.411 0.245 0.550 0.374 0.388]
  eval: e=0.2950  p=[0.192 0.333 0.415 0.248 0.603 0.440 0.383]
    48           78         0.232169         reflect
  eval: e=0.2514  p=[0.258 0.448 0.402 0.258 0.578 0.326 0.372]
    49           79         0.232169         reflect
  eval: e=0.2226  p=[0.260 0.418 0.368 0.282 0.590 0.355 0.384]
  eval: e=0.2593  p=[0.137 0.376 0.336 0.314 0.651 0.386 0.382]
    50           81          0.22264         reflect
  eval: e=0.2363  p=[0.320 0.423 0.382 0.253 0.540 0.363 0.409]
    51           82          0.22264         reflect
  eval: e=0.2515  p=[0.483 0.446 0.383 0.247 0.485 0.347 0.416]
  eval: e=0.2423  p=[0.314 0.447 0.397 0.256 0.554 0.331 0.383]
    52           84          0.22264         contract inside
  eval: e=0.2235  p=[0.168 0.404 0.360 0.272 0.621 0.364 0.391]
    53           85          0.22264         reflect
  eval: e=0.2981  p=[0.141 0.360 0.367 0.281 0.619 0.418 0.410]
  eval: e=0.2456  p=[0.380 0.463 0.392 0.250 0.532 0.316 0.387]
    54           87          0.22264         contract inside
  eval: e=0.2408  p=[0.221 0.394 0.375 0.270 0.590 0.384 0.402]
    55           88          0.22264         reflect
  eval: e=0.2481  p=[0.259 0.395 0.364 0.269 0.577 0.385 0.411]
  eval: e=0.2322  p=[0.301 0.434 0.389 0.259 0.560 0.344 0.390]
    56           90          0.22264         contract inside
  eval: e=0.2438  p=[0.376 0.460 0.389 0.251 0.533 0.320 0.389]
  eval: e=0.2281  p=[0.259 0.411 0.379 0.265 0.576 0.368 0.399]
    57           92          0.22264         contract inside
  eval: e=0.2395  p=[0.181 0.395 0.374 0.274 0.612 0.401 0.378]
  eval: e=0.2273  p=[0.231 0.409 0.378 0.268 0.590 0.380 0.386]
    58           94          0.22264         contract outside
  eval: e=0.2221  p=[0.217 0.417 0.379 0.276 0.611 0.360 0.372]
  eval: e=0.2230  p=[0.166 0.414 0.378 0.288 0.647 0.359 0.354]
    59           96         0.222066         reflect
  eval: e=0.2355  p=[0.167 0.372 0.381 0.272 0.628 0.380 0.378]
  eval: e=0.2285  p=[0.294 0.435 0.380 0.264 0.565 0.356 0.392]
    60           98         0.222066         contract inside
  eval: e=0.2317  p=[0.200 0.394 0.370 0.276 0.612 0.386 0.384]
    61           99         0.222066         reflect
  eval: e=0.2207  p=[0.143 0.419 0.336 0.299 0.640 0.360 0.386]
  eval: e=0.2278  p=[0.053 0.426 0.299 0.326 0.684 0.353 0.385]
    62          101         0.220706         reflect
  eval: e=0.2321  p=[0.249 0.438 0.368 0.274 0.586 0.340 0.390]
  eval: e=0.2240  p=[0.212 0.405 0.369 0.276 0.606 0.375 0.386]
    63          103         0.220706         contract inside
  eval: e=0.2343  p=[0.132 0.388 0.354 0.290 0.645 0.376 0.381]
  eval: e=0.2240  p=[0.253 0.423 0.374 0.271 0.585 0.361 0.389]
    64          105         0.220706         contract inside
  eval: e=0.2182  p=[0.165 0.417 0.353 0.290 0.636 0.362 0.371]
  eval: e=0.2168  p=[0.117 0.420 0.341 0.302 0.667 0.358 0.357]
    65          107         0.216825         expand
  eval: e=0.2226  p=[0.161 0.422 0.344 0.297 0.644 0.343 0.376]
    66          108         0.216825         reflect
  eval: e=0.2282  p=[0.165 0.430 0.346 0.296 0.639 0.340 0.373]
  eval: e=0.2203  p=[0.200 0.411 0.363 0.281 0.614 0.366 0.382]
    67          110         0.216825         contract inside
  eval: e=0.2181  p=[0.108 0.408 0.338 0.304 0.669 0.355 0.368]
    68          111         0.216825         reflect
  eval: e=0.2243  p=[0.177 0.428 0.346 0.311 0.645 0.350 0.359]
  eval: e=0.2200  p=[0.170 0.410 0.356 0.282 0.627 0.360 0.383]
    69          113         0.216825         contract inside
  eval: e=0.2195  p=[0.059 0.413 0.334 0.302 0.688 0.361 0.365]
    70          114         0.216825         reflect
  eval: e=0.2221  p=[0.130 0.406 0.355 0.287 0.646 0.377 0.371]
    71          115         0.216825         reflect
  eval: e=0.2342  p=[0.048 0.408 0.313 0.311 0.689 0.365 0.374]
  eval: e=0.2188  p=[0.175 0.415 0.363 0.285 0.631 0.361 0.373]
    72          117         0.216825         contract inside
  eval: e=0.2214  p=[0.149 0.421 0.340 0.300 0.649 0.344 0.376]
  eval: e=0.2189  p=[0.144 0.418 0.343 0.297 0.649 0.352 0.375]
    73          119         0.216825         contract outside
  eval: e=0.2173  p=[0.136 0.408 0.361 0.287 0.659 0.358 0.358]
    74          120         0.216825         reflect
  eval: e=0.2168  p=[0.060 0.415 0.333 0.307 0.697 0.350 0.354]
  eval: e=0.2156  p=[-0.011  0.416  0.318  0.321  0.738  0.342  0.340]
    75          122         0.215572         expand
  eval: e=0.2152  p=[0.038 0.417 0.329 0.317 0.715 0.351 0.341]
  eval: e=0.2134  p=[-0.028  0.421  0.315  0.335  0.759  0.346  0.321]
    76          124         0.213419         expand
  eval: e=0.2225  p=[0.124 0.417 0.346 0.307 0.675 0.346 0.346]
  eval: e=0.2169  p=[0.075 0.414 0.337 0.303 0.685 0.357 0.361]
    77          126         0.213419         contract inside
  eval: e=0.2145  p=[0.020 0.412 0.334 0.314 0.725 0.356 0.333]
    78          127         0.213419         reflect
  eval: e=0.2123  p=[-0.055  0.413  0.307  0.334  0.770  0.345  0.323]
  eval: e=0.2434  p=[-0.171  0.413  0.279  0.358  0.839  0.337  0.299]
    79          129         0.212276         reflect
  eval: e=0.2155  p=[-0.036  0.421  0.322  0.324  0.761  0.348  0.316]
    80          130         0.212276         reflect
  eval: e=0.2309  p=[-0.112  0.426  0.289  0.351  0.800  0.342  0.314]
  eval: e=0.2157  p=[0.074 0.412 0.343 0.303 0.694 0.354 0.347]
    81          132         0.212276         contract inside
