  eval: e=0.3713  p=[0.500 0.450 0.350 0.200 0.300 0.450 0.450]
 
 Iteration   Func-count         f(x)         Procedure
     0            1         0.371272         
  eval: e=0.3713  p=[0.525 0.450 0.350 0.200 0.300 0.450 0.450]
  eval: e=0.3690  p=[0.500 0.473 0.350 0.200 0.300 0.450 0.450]
  eval: e=0.3703  p=[0.500 0.450 0.367 0.200 0.300 0.450 0.450]
  eval: e=0.3715  p=[0.500 0.450 0.350 0.210 0.300 0.450 0.450]
  eval: e=0.3682  p=[0.500 0.450 0.350 0.200 0.315 0.450 0.450]
  eval: e=0.3730  p=[0.500 0.450 0.350 0.200 0.300 0.473 0.450]
  eval: e=0.3721  p=[0.500 0.450 0.350 0.200 0.300 0.450 0.473]
     1            8         0.368184         initial simplex
  eval: e=0.3675  p=[0.507 0.456 0.355 0.203 0.304 0.428 0.456]
  eval: e=0.3638  p=[0.511 0.460 0.358 0.204 0.306 0.405 0.460]
     2           10         0.363784         expand
  eval: e=0.3668  p=[0.510 0.459 0.357 0.204 0.306 0.437 0.430]
     3           11         0.363784         reflect
  eval: e=0.3659  p=[0.513 0.462 0.359 0.192 0.308 0.433 0.447]
     4           12         0.363784         reflect
  eval: e=0.3644  p=[0.517 0.465 0.362 0.200 0.310 0.429 0.446]
     5           13         0.363784         reflect
  eval: e=0.3622  p=[0.490 0.470 0.365 0.200 0.313 0.423 0.445]
  eval: e=0.3566  p=[0.472 0.479 0.373 0.200 0.320 0.409 0.443]
     6           15         0.356644         expand
  eval: e=0.3589  p=[0.506 0.478 0.349 0.200 0.319 0.411 0.443]
     7           16         0.356644         reflect
  eval: e=0.3569  p=[0.508 0.457 0.366 0.201 0.324 0.400 0.441]
     8           17         0.356644         reflect
  eval: e=0.3548  p=[0.511 0.481 0.371 0.201 0.311 0.385 0.439]
  eval: e=0.3458  p=[0.516 0.497 0.382 0.201 0.310 0.353 0.433]
     9           19         0.345848         expand
  eval: e=0.3494  p=[0.502 0.483 0.371 0.196 0.321 0.374 0.459]
    10           20         0.345848         reflect
  eval: e=0.3447  p=[0.496 0.486 0.372 0.208 0.323 0.361 0.446]
  eval: e=0.3285  p=[0.488 0.499 0.379 0.216 0.331 0.325 0.445]
    11           22         0.328461         expand
  eval: e=0.3349  p=[0.484 0.493 0.375 0.205 0.327 0.336 0.446]
    12           23         0.328461         reflect
  eval: e=0.3284  p=[0.483 0.508 0.384 0.201 0.337 0.340 0.429]
  eval: e=0.3050  p=[0.469 0.532 0.397 0.200 0.352 0.308 0.414]
    13           25         0.304955         expand
  eval: e=0.3169  p=[0.476 0.505 0.406 0.205 0.334 0.305 0.438]
    14           26         0.304955         reflect
  eval: e=0.3099  p=[0.465 0.540 0.400 0.206 0.332 0.289 0.438]
    15           27         0.304955         reflect
  eval: e=0.2941  p=[0.500 0.534 0.401 0.208 0.340 0.245 0.436]
  eval: e=0.2995  p=[0.513 0.562 0.416 0.212 0.350 0.164 0.432]
    16           29         0.294118         reflect
  eval: e=0.2911  p=[0.468 0.545 0.412 0.216 0.343 0.243 0.412]
  eval: e=0.2954  p=[0.451 0.576 0.432 0.226 0.354 0.178 0.389]
    17           31         0.291059         reflect
  eval: e=0.2820  p=[0.441 0.545 0.410 0.215 0.364 0.233 0.433]
  eval: e=0.2921  p=[0.403 0.569 0.423 0.222 0.392 0.173 0.432]
    18           33         0.281999         reflect
  eval: e=0.2845  p=[0.461 0.564 0.427 0.214 0.358 0.220 0.415]
    19           34         0.281999         reflect
  eval: e=0.2871  p=[0.449 0.577 0.436 0.202 0.361 0.202 0.408]
    20           35         0.281999         reflect
  eval: e=0.2887  p=[0.453 0.592 0.418 0.212 0.366 0.192 0.407]
    21           36         0.281999         reflect
  eval: e=0.2913  p=[0.461 0.572 0.429 0.213 0.378 0.181 0.397]
    22           37         0.281999         reflect
  eval: e=0.3133  p=[0.455 0.591 0.440 0.223 0.365 0.126 0.416]
  eval: e=0.2882  p=[0.465 0.547 0.408 0.206 0.355 0.262 0.415]
    23           39         0.281999         contract inside
  eval: e=0.2868  p=[0.414 0.592 0.438 0.214 0.382 0.193 0.389]
    24           40         0.281999         reflect
  eval: e=0.2926  p=[0.440 0.560 0.413 0.210 0.345 0.261 0.425]
  eval: e=0.2859  p=[0.455 0.569 0.425 0.212 0.370 0.201 0.404]
    25           42         0.281999         contract inside
  eval: e=0.2882  p=[0.428 0.593 0.434 0.205 0.387 0.186 0.408]
    26           43         0.281999         reflect
  eval: e=0.2794  p=[0.437 0.548 0.433 0.207 0.370 0.235 0.413]
  eval: e=0.2790  p=[0.428 0.526 0.441 0.205 0.373 0.257 0.417]
    27           45         0.279038         expand
  eval: e=0.2975  p=[0.414 0.587 0.452 0.214 0.386 0.164 0.406]
  eval: e=0.2818  p=[0.452 0.557 0.419 0.208 0.363 0.238 0.413]
    28           47         0.279038         contract inside
  eval: e=0.2913  p=[0.458 0.529 0.421 0.214 0.347 0.255 0.414]
  eval: e=0.2838  p=[0.436 0.577 0.431 0.208 0.377 0.203 0.409]
    29           49         0.279038         contract inside
  eval: e=0.2770  p=[0.433 0.546 0.418 0.220 0.378 0.240 0.415]
  eval: e=0.2745  p=[0.425 0.530 0.410 0.228 0.386 0.259 0.419]
    30           51         0.274534         expand
  eval: e=0.2903  p=[0.471 0.513 0.408 0.211 0.358 0.267 0.442]
  eval: e=0.2819  p=[0.428 0.572 0.431 0.213 0.376 0.212 0.402]
    31           53         0.274534         contract inside
  eval: e=0.2799  p=[0.422 0.537 0.423 0.214 0.372 0.262 0.427]
    32           54         0.274534         reflect
  eval: e=0.2730  p=[0.406 0.534 0.420 0.212 0.389 0.255 0.419]
  eval: e=0.2681  p=[0.378 0.519 0.417 0.211 0.404 0.272 0.421]
    33           56         0.268108         expand
  eval: e=0.2867  p=[0.414 0.504 0.412 0.219 0.377 0.292 0.428]
  eval: e=0.2786  p=[0.430 0.559 0.426 0.211 0.377 0.225 0.414]
    34           58         0.268108         contract inside
  eval: e=0.2708  p=[0.406 0.540 0.438 0.211 0.393 0.260 0.399]
    35           59         0.268108         reflect
  eval: e=0.2814  p=[0.412 0.504 0.419 0.211 0.386 0.295 0.429]
    36           60         0.268108         reflect
  eval: e=0.2685  p=[0.377 0.505 0.430 0.218 0.406 0.285 0.423]
    37           61         0.268108         reflect
  eval: e=0.2762  p=[0.407 0.557 0.434 0.217 0.388 0.225 0.405]
    38           62         0.268108         reflect
  eval: e=0.2681  p=[0.393 0.530 0.433 0.215 0.407 0.247 0.401]
  eval: e=0.2660  p=[0.378 0.527 0.438 0.215 0.424 0.239 0.389]
    39           64         0.265988         expand
  eval: e=0.2647  p=[0.372 0.542 0.414 0.227 0.421 0.248 0.403]
  eval: e=0.2613  p=[0.344 0.550 0.401 0.238 0.445 0.243 0.397]
    40           66         0.261257         expand
  eval: e=0.2577  p=[0.346 0.506 0.421 0.229 0.436 0.284 0.401]
  eval: e=0.2496  p=[0.303 0.480 0.419 0.238 0.466 0.313 0.395]
    41           68         0.249557         expand
  eval: e=0.2553  p=[0.340 0.486 0.410 0.229 0.447 0.310 0.407]
    42           69         0.249557         reflect
  eval: e=0.2517  p=[0.297 0.500 0.434 0.218 0.467 0.291 0.390]
    43           70         0.249557         reflect
  eval: e=0.2480  p=[0.285 0.479 0.405 0.238 0.481 0.298 0.406]
  eval: e=0.2384  p=[0.224 0.448 0.388 0.251 0.526 0.318 0.410]
    44           72         0.238362         expand
  eval: e=0.2500  p=[0.270 0.498 0.400 0.239 0.502 0.282 0.379]
    45           73         0.238362         reflect
  eval: e=0.2512  p=[0.238 0.478 0.409 0.254 0.533 0.298 0.370]
    46           74         0.238362         reflect
  eval: e=0.2330  p=[0.198 0.456 0.380 0.261 0.544 0.348 0.396]
  eval: e=0.2078  p=[0.107 0.421 0.350 0.284 0.603 0.402 0.399]
    47           76          0.20784         expand
  eval: e=0.2204  p=[0.164 0.396 0.402 0.251 0.567 0.390 0.389]
    48           77          0.20784         reflect
  eval: e=0.2483  p=[0.119 0.435 0.391 0.267 0.600 0.346 0.374]
    49           78          0.20784         reflect
  eval: e=0.2003  p=[0.110 0.401 0.355 0.293 0.618 0.380 0.386]
  eval: e=0.2708  p=[0.017 0.351 0.315 0.330 0.693 0.425 0.384]
    50           80         0.200347         reflect
  eval: e=0.2290  p=[0.133 0.401 0.364 0.267 0.577 0.396 0.411]
    51           81         0.200347         reflect
  eval: e=0.2812  p=[0.061 0.354 0.363 0.290 0.628 0.445 0.410]
  eval: e=0.2438  p=[0.218 0.462 0.391 0.252 0.534 0.323 0.387]
    52           83         0.200347         contract inside
  eval: e=0.2194  p=[0.004 0.367 0.336 0.295 0.684 0.416 0.393]
    53           84         0.200347         reflect
  eval: e=0.2529  p=[0.156 0.393 0.348 0.274 0.574 0.404 0.419]
  eval: e=0.2206  p=[0.128 0.424 0.380 0.269 0.593 0.360 0.385]
    54           86         0.200347         contract inside
  eval: e=0.2711  p=[0.031 0.355 0.345 0.294 0.657 0.438 0.405]
  eval: e=0.2258  p=[0.171 0.435 0.379 0.262 0.565 0.351 0.392]
    55           88         0.200347         contract inside
  eval: e=0.2452  p=[0.010 0.365 0.345 0.298 0.676 0.453 0.377]
  eval: e=0.2215  p=[0.170 0.427 0.377 0.263 0.563 0.351 0.402]
    56           90         0.200347         contract inside
  eval: e=0.2218  p=[0.111 0.419 0.373 0.281 0.621 0.361 0.373]
    57           91         0.200347         reflect
  eval: e=0.2036  p=[0.056 0.381 0.356 0.291 0.650 0.409 0.388]
    58           92         0.200347         reflect
  eval: e=0.2384  p=[0.100 0.386 0.358 0.275 0.601 0.412 0.410]
  eval: e=0.2043  p=[0.109 0.411 0.369 0.279 0.616 0.374 0.383]
    59           94         0.200347         contract inside
  eval: e=0.2107  p=[0.023 0.373 0.351 0.298 0.674 0.429 0.376]
    60           95         0.200347         reflect
  eval: e=0.2556  p=[0.036 0.361 0.339 0.300 0.667 0.439 0.390]
  eval: e=0.2023  p=[0.105 0.408 0.370 0.277 0.612 0.380 0.386]
    61           97         0.200347         contract inside
  eval: e=0.1878  p=[-0.017  0.393  0.308  0.325  0.706  0.407  0.386]
  eval: e=0.2141  p=[-0.108  0.392  0.261  0.361  0.775  0.416  0.384]
    62           99         0.187831         reflect
  eval: e=0.2110  p=[0.137 0.430 0.367 0.290 0.596 0.378 0.380]
  eval: e=0.1997  p=[0.104 0.414 0.359 0.291 0.618 0.388 0.383]
    63          101         0.187831         contract outside
  eval: e=0.2186  p=[0.141 0.436 0.354 0.285 0.589 0.354 0.399]
  eval: e=0.1970  p=[0.053 0.389 0.352 0.295 0.653 0.410 0.382]
    64          103         0.187831         contract inside
  eval: e=0.1834  p=[0.041 0.378 0.355 0.301 0.675 0.383 0.370]
  eval: e=0.1773  p=[0.008 0.356 0.357 0.309 0.710 0.374 0.355]
    65          105          0.17732         expand
  eval: e=0.2045  p=[0.011 0.373 0.333 0.315 0.688 0.411 0.379]
  eval: e=0.1946  p=[0.084 0.401 0.360 0.288 0.634 0.383 0.382]
    66          107          0.17732         contract inside
  eval: e=0.1995  p=[0.071 0.409 0.347 0.303 0.651 0.369 0.372]
    67          108          0.17732         reflect
  eval: e=0.1823  p=[0.013 0.381 0.327 0.324 0.700 0.395 0.369]
    68          109          0.17732         reflect
  eval: e=0.1714  p=[-0.020  0.383  0.334  0.317  0.717  0.399  0.365]
  eval: e=0.1622  p=[-0.085  0.374  0.323  0.330  0.767  0.408  0.355]
    69          111         0.162163         expand
  eval: e=0.1814  p=[-0.067  0.358  0.319  0.330  0.759  0.397  0.360]
    70          112         0.162163         reflect
  eval: e=0.2283  p=[-0.075  0.349  0.323  0.326  0.758  0.424  0.367]
  eval: e=0.1830  p=[0.035 0.394 0.341 0.309 0.677 0.383 0.371]
    71          114         0.162163         contract inside
  eval: e=0.1673  p=[-0.061  0.371  0.316  0.338  0.762  0.375  0.355]
    72          115         0.162163         reflect
  eval: e=0.2019  p=[-0.134  0.350  0.295  0.359  0.817  0.400  0.347]
  eval: e=0.1812  p=[0.030 0.388 0.344 0.306 0.680 0.387 0.373]
    73          117         0.162163         contract inside
  eval: e=0.1747  p=[-0.020  0.356  0.357  0.317  0.738  0.370  0.339]
    74          118         0.162163         reflect
  eval: e=0.1738  p=[-0.087  0.345  0.328  0.336  0.784  0.390  0.345]
    75          119         0.162163         reflect
  eval: e=0.1620  p=[-0.094  0.347  0.343  0.323  0.786  0.377  0.340]
  eval: e=0.1599  p=[-0.148  0.330  0.351  0.322  0.830  0.368  0.325]
    76          121         0.159877         expand
  eval: e=0.1819  p=[-0.036  0.362  0.360  0.315  0.747  0.367  0.339]
  eval: e=0.1696  p=[-0.060  0.359  0.329  0.326  0.756  0.390  0.355]
    77          123         0.159877         contract inside
  eval: e=0.1652  p=[-0.159  0.323  0.331  0.345  0.848  0.377  0.321]
    78          124         0.159877         reflect
  eval: e=0.1588  p=[-0.185  0.346  0.310  0.352  0.857  0.391  0.329]
  eval: e=0.1828  p=[-0.281  0.340  0.287  0.373  0.931  0.400  0.316]
    79          126         0.158796         reflect
  eval: e=0.1960  p=[-0.204  0.343  0.298  0.354  0.863  0.402  0.342]
  eval: e=0.1646  p=[-0.066  0.353  0.342  0.326  0.770  0.378  0.340]
    80          128         0.158796         contract inside
  eval: e=0.1579  p=[-0.131  0.357  0.330  0.333  0.813  0.377  0.335]
  eval: e=0.1691  p=[-0.153  0.363  0.331  0.332  0.827  0.371  0.329]
    81          130         0.157855         reflect
  eval: e=0.1530  p=[-0.179  0.342  0.329  0.344  0.857  0.375  0.319]
  eval: e=0.1534  p=[-0.238  0.333  0.329  0.353  0.907  0.368  0.302]
    82          132         0.152996         reflect
  eval: e=0.1487  p=[-0.211  0.322  0.346  0.334  0.878  0.389  0.309]
  eval: e=0.1551  p=[-0.285  0.297  0.361  0.332  0.936  0.396  0.286]
    83          134         0.148653         reflect
  eval: e=0.1547  p=[-0.128  0.369  0.335  0.324  0.801  0.391  0.340]
    84          135         0.148653         reflect
  eval: e=0.1418  p=[-0.238  0.344  0.323  0.342  0.888  0.394  0.320]
  eval: e=0.1427  p=[-0.325  0.339  0.313  0.350  0.947  0.402  0.310]
    85          137         0.141844         reflect
  eval: e=0.1577  p=[-0.263  0.314  0.341  0.342  0.926  0.359  0.296]
    86          138         0.141844         reflect
  eval: e=0.1401  p=[-0.234  0.354  0.310  0.355  0.890  0.396  0.317]
  eval: e=0.1394  p=[-0.277  0.366  0.289  0.371  0.920  0.410  0.314]
    87          140         0.139427         expand
  eval: e=0.1542  p=[-0.223  0.344  0.345  0.331  0.881  0.379  0.309]
    88          141         0.139427         reflect
  eval: e=0.1371  p=[-0.303  0.329  0.329  0.349  0.945  0.393  0.296]
  eval: e=0.1498  p=[-0.389  0.315  0.329  0.358  1.011  0.401  0.276]
    89          143         0.137064         reflect
  eval: e=0.1398  p=[-0.182  0.376  0.315  0.342  0.837  0.421  0.335]
    90          144         0.137064         reflect
  eval: e=0.1577  p=[-0.333  0.323  0.315  0.366  0.972  0.398  0.289]
  eval: e=0.1448  p=[-0.179  0.357  0.330  0.334  0.844  0.393  0.327]
    91          146         0.137064         contract inside
  eval: e=0.1740  p=[-0.225  0.352  0.301  0.360  0.882  0.414  0.326]
  eval: e=0.1422  p=[-0.223  0.346  0.334  0.338  0.881  0.388  0.313]
    92          148         0.137064         contract inside
  eval: e=0.1356  p=[-0.282  0.355  0.318  0.345  0.912  0.422  0.313]
  eval: e=0.1531  p=[-0.334  0.362  0.313  0.345  0.940  0.445  0.310]
    93          150          0.13559         reflect
  eval: e=0.1243  p=[-0.271  0.385  0.293  0.358  0.901  0.417  0.324]
  eval: e=0.1149  p=[-0.301  0.417  0.267  0.370  0.912  0.430  0.332]
    94          152         0.114899         expand
  eval: e=0.1396  p=[-0.337  0.366  0.291  0.368  0.955  0.424  0.308]
    95          153         0.114899         reflect
  eval: e=0.1579  p=[-0.325  0.383  0.275  0.373  0.939  0.439  0.321]
  eval: e=0.1337  p=[-0.249  0.355  0.319  0.347  0.895  0.401  0.315]
    96          155         0.114899         contract inside
  eval: e=0.1216  p=[-0.313  0.389  0.285  0.371  0.934  0.435  0.312]
    97          156         0.114899         reflect
  eval: e=0.1305  p=[-0.407  0.361  0.284  0.378  1.013  0.412  0.291]
    98          157         0.114899         reflect
  eval: e=0.1276  p=[-0.272  0.369  0.307  0.355  0.911  0.405  0.313]
    99          158         0.114899         reflect
  eval: e=0.1155  p=[-0.331  0.369  0.314  0.347  0.943  0.418  0.307]
   100          159         0.114899         reflect
  eval: e=0.1103  p=[-0.313  0.418  0.269  0.368  0.918  0.442  0.327]
  eval: e=0.1065  p=[-0.317  0.463  0.239  0.378  0.905  0.466  0.343]
   101          161         0.106505         expand
  eval: e=0.1136  p=[-0.343  0.422  0.258  0.383  0.949  0.426  0.319]
   102          162         0.106505         reflect
  eval: e=0.0951  p=[-0.404  0.442  0.239  0.391  0.981  0.454  0.318]
  eval: e=0.0912  p=[-0.481  0.485  0.199  0.413  1.024  0.481  0.320]
   103          164        0.0912347         expand
  eval: e=0.1282  p=[-0.267  0.472  0.250  0.370  0.867  0.463  0.351]
  eval: e=0.1115  p=[-0.302  0.444  0.258  0.372  0.903  0.450  0.336]
   104          166        0.0912347         contract outside
  eval: e=0.0892  p=[-0.411  0.485  0.214  0.397  0.966  0.482  0.335]
  eval: e=0.0821  p=[-0.480  0.543  0.167  0.418  0.994  0.520  0.347]
   105          168        0.0820936         expand
  eval: e=0.1103  p=[-0.417  0.509  0.201  0.395  0.961  0.477  0.347]
   106          169        0.0820936         reflect
  eval: e=0.1022  p=[-0.424  0.569  0.140  0.432  0.956  0.511  0.363]
   107          170        0.0820936         reflect
  eval: e=0.0874  p=[-0.489  0.565  0.151  0.427  1.000  0.522  0.346]
   108          171        0.0820936         reflect
  eval: e=0.0972  p=[-0.488  0.600  0.130  0.427  0.978  0.553  0.367]
   109          172        0.0820936         reflect
  eval: e=0.1123  p=[-0.583  0.623  0.093  0.454  1.045  0.559  0.360]
  eval: e=0.0982  p=[-0.372  0.489  0.217  0.392  0.939  0.477  0.342]
   110          174        0.0820936         contract inside
  eval: e=0.0927  p=[-0.455  0.551  0.155  0.430  0.981  0.532  0.347]
   111          175        0.0820936         reflect
  eval: e=0.1185  p=[-0.594  0.623  0.092  0.462  1.058  0.562  0.352]
  eval: e=0.0946  p=[-0.387  0.503  0.203  0.399  0.944  0.490  0.345]
   112          177        0.0820936         contract inside
  eval: e=0.0860  p=[-0.477  0.498  0.209  0.398  1.003  0.510  0.327]
   113          178        0.0820936         reflect
  eval: e=0.1004  p=[-0.558  0.581  0.130  0.440  1.039  0.554  0.344]
  eval: e=0.0888  p=[-0.419  0.512  0.195  0.404  0.964  0.496  0.342]
   114          180        0.0820936         contract inside
  eval: e=0.0928  p=[-0.422  0.445  0.235  0.398  0.996  0.461  0.311]
   115          181        0.0820936         reflect
  eval: e=0.0958  p=[-0.534  0.526  0.172  0.426  1.046  0.517  0.323]
  eval: e=0.0875  p=[-0.424  0.508  0.195  0.406  0.969  0.497  0.340]
   116          183        0.0820936         contract inside
  eval: e=0.0943  p=[-0.499  0.601  0.128  0.429  0.985  0.555  0.366]
  eval: e=0.0859  p=[-0.442  0.484  0.209  0.406  0.993  0.485  0.325]
   117          185        0.0820936         contract inside
  eval: e=0.0872  p=[-0.462  0.476  0.224  0.391  1.004  0.471  0.323]
   118          186        0.0820936         reflect
  eval: e=0.0963  p=[-0.431  0.540  0.187  0.401  0.956  0.520  0.352]
  eval: e=0.0837  p=[-0.469  0.499  0.196  0.410  1.007  0.491  0.328]
   119          188        0.0820936         contract inside
  eval: e=0.0873  p=[-0.508  0.509  0.191  0.412  1.028  0.502  0.325]
   120          189        0.0820936         reflect
  eval: e=0.0900  p=[-0.527  0.513  0.190  0.412  1.040  0.504  0.323]
  eval: e=0.0831  p=[-0.449  0.510  0.194  0.407  0.987  0.498  0.336]
   121          191        0.0820936         contract inside
  eval: e=0.0984  p=[-0.450  0.441  0.246  0.385  1.005  0.472  0.314]
  eval: e=0.0806  p=[-0.479  0.534  0.175  0.416  1.001  0.509  0.338]
   122          193         0.080575         contract inside
  eval: e=0.0871  p=[-0.423  0.503  0.202  0.402  0.969  0.493  0.339]
   123          194         0.080575         reflect
  eval: e=0.0931  p=[-0.457  0.544  0.162  0.426  0.983  0.531  0.345]
  eval: e=0.0809  p=[-0.461  0.493  0.209  0.399  0.999  0.486  0.329]
   124          196         0.080575         contract inside
  eval: e=0.0876  p=[-0.507  0.514  0.187  0.414  1.026  0.507  0.327]
  eval: e=0.0837  p=[-0.444  0.506  0.198  0.405  0.984  0.497  0.336]
   125          198         0.080575         contract inside
  eval: e=0.0886  p=[-0.444  0.521  0.176  0.420  0.987  0.486  0.341]
  eval: e=0.0820  p=[-0.469  0.504  0.201  0.403  0.999  0.504  0.331]
   126          200         0.080575         contract inside
  eval: e=0.0805  p=[-0.487  0.541  0.174  0.411  0.998  0.517  0.345]
  eval: e=0.0864  p=[-0.510  0.569  0.157  0.414  1.001  0.533  0.355]
   127          202        0.0805103         reflect
  eval: e=0.0846  p=[-0.466  0.539  0.180  0.407  0.982  0.519  0.347]
  eval: e=0.0808  p=[-0.468  0.509  0.192  0.409  1.001  0.498  0.333]
   128          204        0.0805103         contract inside
  eval: e=0.0823  p=[-0.497  0.532  0.177  0.414  1.010  0.513  0.338]
   129          205        0.0805103         reflect
  eval: e=0.0834  p=[-0.505  0.535  0.176  0.413  1.014  0.515  0.338]
  eval: e=0.0812  p=[-0.463  0.516  0.189  0.409  0.994  0.503  0.336]
   130          207        0.0805103         contract inside
  eval: e=0.0831  p=[-0.448  0.508  0.197  0.405  0.986  0.498  0.336]
  eval: e=0.0805  p=[-0.485  0.526  0.182  0.412  1.004  0.509  0.337]
   131          209        0.0804697         contract inside
  eval: e=0.0816  p=[-0.467  0.492  0.210  0.399  1.005  0.487  0.324]
   132          210        0.0804697         reflect
  eval: e=0.0842  p=[-0.477  0.527  0.180  0.413  1.001  0.498  0.339]
  eval: e=0.0799  p=[-0.471  0.510  0.196  0.406  1.000  0.503  0.333]
   133          212        0.0799471         contract inside
  eval: e=0.0819  p=[-0.481  0.545  0.166  0.419  0.994  0.520  0.347]
  eval: e=0.0801  p=[-0.470  0.505  0.199  0.404  1.002  0.495  0.330]
   134          214        0.0799471         contract inside
  eval: e=0.0815  p=[-0.486  0.518  0.190  0.408  1.008  0.502  0.333]
  eval: e=0.0802  p=[-0.469  0.516  0.189  0.408  0.997  0.502  0.336]
   135          216        0.0799471         contract inside
  eval: e=0.0810  p=[-0.490  0.547  0.165  0.420  1.002  0.523  0.343]
  eval: e=0.0798  p=[-0.468  0.507  0.198  0.404  1.000  0.495  0.332]
   136          218        0.0797511         contract inside
  eval: e=0.0798  p=[-0.483  0.531  0.183  0.408  1.000  0.511  0.339]
   137          219        0.0797511         reflect
  eval: e=0.0793  p=[-0.473  0.505  0.202  0.399  0.999  0.500  0.334]
  eval: e=0.0802  p=[-0.470  0.491  0.216  0.390  0.998  0.495  0.331]
   138          221        0.0792835         reflect
  eval: e=0.0817  p=[-0.461  0.488  0.211  0.401  1.002  0.488  0.324]
  eval: e=0.0794  p=[-0.481  0.528  0.183  0.409  0.999  0.510  0.340]
   139          223        0.0792835         contract inside
  eval: e=0.0804  p=[-0.463  0.503  0.204  0.399  0.995  0.496  0.332]
  eval: e=0.0798  p=[-0.468  0.509  0.199  0.402  0.997  0.499  0.333]
   140          225        0.0792835         contract outside
  eval: e=0.0793  p=[-0.478  0.511  0.199  0.401  1.002  0.501  0.333]
   141          226        0.0792835         reflect
  eval: e=0.0794  p=[-0.479  0.523  0.189  0.404  0.997  0.510  0.340]
   142          227        0.0792835         reflect
  eval: e=0.0803  p=[-0.481  0.522  0.191  0.402  0.999  0.505  0.339]
  eval: e=0.0793  p=[-0.473  0.513  0.194  0.405  0.999  0.503  0.334]
   143          229        0.0792825         contract inside
  eval: e=0.0807  p=[-0.465  0.496  0.207  0.399  0.998  0.494  0.331]
  eval: e=0.0792  p=[-0.479  0.522  0.189  0.406  1.000  0.507  0.337]
   144          231        0.0791761         contract inside
  eval: e=0.0792  p=[-0.484  0.522  0.189  0.406  1.002  0.509  0.338]
   145          232        0.0791761         reflect
  eval: e=0.0786  p=[-0.488  0.529  0.187  0.404  1.000  0.516  0.341]
  eval: e=0.0789  p=[-0.498  0.540  0.182  0.403  1.000  0.526  0.345]
   146          234        0.0786294         reflect
  eval: e=0.0786  p=[-0.478  0.508  0.202  0.398  1.000  0.504  0.334]
   147          235        0.0786294         reflect
  eval: e=0.0796  p=[-0.479  0.508  0.200  0.401  1.003  0.501  0.332]
  eval: e=0.0790  p=[-0.479  0.520  0.192  0.403  0.999  0.508  0.338]
   148          237        0.0786294         contract inside
  eval: e=0.0796  p=[-0.480  0.524  0.188  0.405  0.998  0.512  0.340]
  eval: e=0.0789  p=[-0.479  0.514  0.196  0.402  1.001  0.504  0.335]
   149          239        0.0786294         contract inside
  eval: e=0.0793  p=[-0.487  0.532  0.183  0.408  1.001  0.514  0.339]
  eval: e=0.0789  p=[-0.477  0.512  0.198  0.401  1.000  0.504  0.335]
   150          241        0.0786294         contract inside
  eval: e=0.0786  p=[-0.488  0.523  0.192  0.401  1.001  0.511  0.339]
  eval: e=0.0788  p=[-0.495  0.528  0.191  0.399  1.001  0.515  0.342]
   151          243        0.0785512         reflect
  eval: e=0.0787  p=[-0.478  0.514  0.199  0.399  0.998  0.507  0.336]
   152          244        0.0785512         reflect
  eval: e=0.0784  p=[-0.483  0.512  0.201  0.397  1.000  0.508  0.336]
  eval: e=0.0788  p=[-0.485  0.507  0.207  0.392  1.000  0.509  0.336]
   153          246        0.0783933         reflect
  eval: e=0.0784  p=[-0.483  0.512  0.201  0.397  1.001  0.507  0.335]
   154          247        0.0783933         reflect
  eval: e=0.0784  p=[-0.485  0.518  0.198  0.397  0.999  0.512  0.338]
  eval: e=0.0786  p=[-0.489  0.520  0.199  0.395  0.998  0.517  0.340]
   155          249        0.0783678         reflect
  eval: e=0.0779  p=[-0.490  0.522  0.197  0.397  1.000  0.515  0.339]
  eval: e=0.0778  p=[-0.497  0.527  0.196  0.395  1.000  0.521  0.341]
   156          251        0.0777654         expand
  eval: e=0.0786  p=[-0.494  0.523  0.195  0.398  1.002  0.516  0.340]
   157          252        0.0777654         reflect
  eval: e=0.0783  p=[-0.499  0.533  0.189  0.398  1.000  0.523  0.344]
   158          253        0.0777654         reflect
  eval: e=0.0778  p=[-0.491  0.513  0.205  0.391  1.001  0.512  0.337]
   159          254        0.0777654         reflect
  eval: e=0.0781  p=[-0.485  0.517  0.200  0.395  0.999  0.511  0.338]
   160          255        0.0777654         reflect
  eval: e=0.0778  p=[-0.491  0.514  0.205  0.390  1.000  0.516  0.338]
   161          256        0.0777654         reflect
  eval: e=0.0780  p=[-0.497  0.526  0.198  0.392  0.999  0.522  0.342]
   162          257        0.0777654         reflect
  eval: e=0.0777  p=[-0.501  0.530  0.196  0.392  1.000  0.525  0.343]
  eval: e=0.0785  p=[-0.511  0.539  0.194  0.389  0.999  0.534  0.347]
   163          259        0.0777359         reflect
  eval: e=0.0775  p=[-0.503  0.528  0.199  0.390  1.001  0.525  0.343]
  eval: e=0.0780  p=[-0.512  0.533  0.200  0.386  1.001  0.531  0.345]
   164          261        0.0775379         reflect
  eval: e=0.0772  p=[-0.491  0.511  0.211  0.386  0.999  0.515  0.337]
  eval: e=0.0771  p=[-0.488  0.501  0.222  0.380  0.999  0.511  0.334]
   165          263         0.077081         expand
  eval: e=0.0773  p=[-0.506  0.523  0.206  0.385  1.001  0.527  0.342]
   166          264         0.077081         reflect
  eval: e=0.0772  p=[-0.497  0.513  0.211  0.385  1.002  0.517  0.337]
   167          265         0.077081         reflect
  eval: e=0.0774  p=[-0.505  0.524  0.205  0.386  1.001  0.524  0.341]
   168          266         0.077081         reflect
  eval: e=0.0772  p=[-0.507  0.528  0.205  0.384  0.999  0.531  0.343]
   169          267         0.077081         reflect
  eval: e=0.0762  p=[-0.505  0.515  0.217  0.377  1.000  0.525  0.340]
  eval: e=0.0756  p=[-0.509  0.510  0.227  0.369  1.000  0.527  0.339]
   170          269        0.0755585         expand
  eval: e=0.0762  p=[-0.503  0.506  0.225  0.373  1.001  0.521  0.336]
   171          270        0.0755585         reflect
  eval: e=0.0759  p=[-0.501  0.502  0.229  0.371  1.000  0.520  0.335]
   172          271        0.0755585         reflect
  eval: e=0.0766  p=[-0.498  0.500  0.231  0.370  0.999  0.520  0.334]
   173          272        0.0755585         reflect
  eval: e=0.0756  p=[-0.495  0.494  0.237  0.367  0.999  0.515  0.332]
   174          273        0.0755585         reflect
  eval: e=0.0768  p=[-0.490  0.479  0.247  0.364  1.001  0.507  0.328]
   175          274        0.0755585         reflect
  eval: e=0.0758  p=[-0.499  0.484  0.251  0.356  0.998  0.518  0.331]
   176          275        0.0755585         reflect
  eval: e=0.0751  p=[-0.511  0.492  0.249  0.354  1.001  0.525  0.334]
  eval: e=0.0746  p=[-0.523  0.488  0.262  0.341  1.002  0.532  0.333]
   177          277        0.0746265         expand
  eval: e=0.0757  p=[-0.518  0.516  0.228  0.364  1.000  0.536  0.341]
   178          278        0.0746265         reflect
  eval: e=0.0747  p=[-0.515  0.500  0.243  0.356  1.001  0.528  0.336]
   179          279        0.0746265         reflect
  eval: e=0.0743  p=[-0.514  0.492  0.254  0.348  0.999  0.529  0.335]
  eval: e=0.0738  p=[-0.520  0.486  0.269  0.335  0.998  0.533  0.334]
   180          281        0.0738178         expand
  eval: e=0.0737  p=[-0.522  0.492  0.261  0.340  0.999  0.534  0.336]
  eval: e=0.0732  p=[-0.533  0.486  0.277  0.325  0.999  0.541  0.336]
   181          283        0.0731508         expand
  eval: e=0.0755  p=[-0.534  0.510  0.247  0.346  1.002  0.543  0.340]
   182          284        0.0731508         reflect
  eval: e=0.0731  p=[-0.519  0.476  0.275  0.333  1.001  0.526  0.331]
  eval: e=0.0725  p=[-0.519  0.456  0.299  0.317  1.001  0.520  0.326]
   183          286         0.072528         expand
  eval: e=0.0734  p=[-0.549  0.488  0.284  0.315  1.002  0.549  0.338]
   184          287         0.072528         reflect
  eval: e=0.0718  p=[-0.546  0.466  0.310  0.298  1.001  0.544  0.331]
  eval: e=0.0709  p=[-0.564  0.444  0.352  0.263  1.002  0.552  0.326]
   185          289          0.07088         expand
  eval: e=0.0722  p=[-0.530  0.447  0.320  0.297  1.000  0.530  0.325]
   186          290          0.07088         reflect
  eval: e=0.0709  p=[-0.553  0.441  0.346  0.271  1.000  0.545  0.326]
   187          291          0.07088         reflect
  eval: e=0.0704  p=[-0.554  0.440  0.351  0.265  0.998  0.546  0.327]
  eval: e=0.0703  p=[-0.569  0.417  0.396  0.227  0.996  0.553  0.324]
   188          293        0.0703084         expand
  eval: e=0.0697  p=[-0.570  0.422  0.381  0.240  1.002  0.549  0.323]
  eval: e=0.0695  p=[-0.595  0.391  0.437  0.193  1.004  0.557  0.318]
   189          295        0.0695141         expand
  eval: e=0.0691  p=[-0.555  0.393  0.410  0.226  0.999  0.536  0.314]
  eval: e=0.0697  p=[-0.558  0.345  0.472  0.181  0.997  0.530  0.302]
   190          297        0.0691162         reflect
  eval: e=0.0686  p=[-0.577  0.367  0.455  0.188  1.002  0.544  0.310]
  eval: e=0.0708  p=[-0.599  0.308  0.544  0.120  1.003  0.545  0.297]
   191          299        0.0685937         reflect
  eval: e=0.0696  p=[-0.607  0.372  0.478  0.159  0.999  0.570  0.315]
   192          300        0.0685937         reflect
  eval: e=0.0709  p=[-0.619  0.360  0.501  0.139  1.001  0.572  0.313]
   193          301        0.0685937         reflect
  eval: e=0.0697  p=[-0.615  0.343  0.519  0.128  1.000  0.565  0.308]
   194          302        0.0685937         reflect
  eval: e=0.0703  p=[-0.618  0.311  0.561  0.097  0.998  0.562  0.303]
   195          303        0.0685937         reflect
  eval: e=0.0687  p=[-0.563  0.381  0.430  0.209  0.999  0.538  0.313]
   196          304        0.0685937         reflect
  eval: e=0.0706  p=[-0.611  0.314  0.544  0.116  1.004  0.554  0.299]
  eval: e=0.0687  p=[-0.580  0.391  0.433  0.199  0.998  0.553  0.318]
   197          306        0.0685937         contract inside
  eval: e=0.0708  p=[-0.551  0.443  0.342  0.275  1.002  0.542  0.325]
  eval: e=0.0682  p=[-0.601  0.344  0.506  0.142  0.999  0.557  0.308]
   198          308        0.0682236         contract inside
  eval: e=0.0709  p=[-0.551  0.411  0.380  0.248  1.000  0.537  0.319]
  eval: e=0.0681  p=[-0.599  0.360  0.484  0.158  1.000  0.558  0.311]
   199          310        0.0681346         contract inside
  eval: e=0.0684  p=[-0.556  0.378  0.424  0.216  1.001  0.528  0.311]
   200          311        0.0681346         reflect
  eval: e=0.0692  p=[-0.556  0.356  0.460  0.189  0.995  0.532  0.306]
  eval: e=0.0685  p=[-0.566  0.365  0.454  0.190  0.997  0.538  0.309]
   201          313        0.0681346         contract outside
  eval: e=0.0677  p=[-0.600  0.346  0.501  0.146  1.000  0.554  0.309]
  eval: e=0.0695  p=[-0.622  0.323  0.546  0.107  1.001  0.562  0.306]
   202          315        0.0676981         reflect
  eval: e=0.0686  p=[-0.581  0.335  0.497  0.158  1.001  0.537  0.303]
   203          316        0.0676981         reflect
  eval: e=0.0683  p=[-0.602  0.332  0.519  0.133  1.001  0.552  0.304]
   204          317        0.0676981         reflect
  eval: e=0.0680  p=[-0.596  0.336  0.513  0.139  0.998  0.549  0.306]
   205          318        0.0676981         reflect
  eval: e=0.0692  p=[-0.596  0.368  0.475  0.164  0.998  0.558  0.314]
  eval: e=0.0678  p=[-0.585  0.343  0.491  0.159  1.001  0.543  0.305]
   206          320        0.0676981         contract inside
  eval: e=0.0694  p=[-0.616  0.332  0.528  0.122  1.003  0.558  0.307]
  eval: e=0.0678  p=[-0.579  0.357  0.473  0.173  0.999  0.543  0.308]
   207          322        0.0676981         contract inside
  eval: e=0.0726  p=[-0.633  0.312  0.573  0.084  0.999  0.574  0.304]
  eval: e=0.0676  p=[-0.575  0.362  0.461  0.183  1.000  0.539  0.309]
   208          324        0.0675733         contract inside
  eval: e=0.0680  p=[-0.579  0.367  0.460  0.181  0.998  0.546  0.312]
   209          325        0.0675733         reflect
  eval: e=0.0674  p=[-0.573  0.362  0.460  0.184  1.000  0.538  0.309]
  eval: e=0.0677  p=[-0.559  0.371  0.437  0.206  1.000  0.528  0.310]
   210          327        0.0674341         reflect
  eval: e=0.0679  p=[-0.569  0.347  0.475  0.175  0.999  0.531  0.306]
   211          328        0.0674341         reflect
  eval: e=0.0677  p=[-0.586  0.334  0.504  0.150  1.001  0.539  0.303]
   212          329        0.0674341         reflect
  eval: e=0.0686  p=[-0.566  0.364  0.449  0.196  1.001  0.533  0.308]
  eval: e=0.0675  p=[-0.588  0.343  0.497  0.153  0.999  0.545  0.307]
   213          331        0.0674341         contract inside
  eval: e=0.0682  p=[-0.599  0.352  0.492  0.154  1.001  0.555  0.308]
  eval: e=0.0676  p=[-0.576  0.348  0.480  0.170  0.999  0.537  0.307]
   214          333        0.0674341         contract inside
  eval: e=0.0676  p=[-0.588  0.340  0.497  0.154  1.001  0.541  0.306]
   215          334        0.0674341         reflect
  eval: e=0.0672  p=[-0.583  0.352  0.480  0.167  1.000  0.541  0.309]
  eval: e=0.0673  p=[-0.582  0.357  0.474  0.171  0.999  0.540  0.310]
   216          336        0.0672057         reflect
  eval: e=0.0676  p=[-0.581  0.367  0.461  0.180  0.999  0.545  0.313]
   217          337        0.0672057         reflect
  eval: e=0.0677  p=[-0.561  0.361  0.452  0.194  1.000  0.528  0.308]
  eval: e=0.0674  p=[-0.571  0.357  0.464  0.182  1.000  0.534  0.308]
   218          339        0.0672057         contract outside
  eval: e=0.0677  p=[-0.578  0.337  0.493  0.161  1.001  0.533  0.303]
  eval: e=0.0674  p=[-0.580  0.360  0.469  0.175  0.999  0.542  0.310]
   219          341        0.0672057         contract inside
  eval: e=0.0674  p=[-0.583  0.359  0.471  0.173  1.000  0.543  0.310]
   220          342        0.0672057         reflect
  eval: e=0.0673  p=[-0.587  0.345  0.493  0.156  1.000  0.542  0.307]
   221          343        0.0672057         reflect
  eval: e=0.0678  p=[-0.574  0.368  0.456  0.186  0.998  0.541  0.311]
  eval: e=0.0673  p=[-0.584  0.347  0.486  0.162  1.000  0.541  0.307]
   222          345        0.0672057         contract inside
  eval: e=0.0674  p=[-0.572  0.366  0.453  0.190  1.001  0.535  0.311]
   223          346        0.0672057         reflect
  eval: e=0.0672  p=[-0.587  0.348  0.487  0.160  1.000  0.542  0.308]
  eval: e=0.0673  p=[-0.594  0.342  0.500  0.148  1.000  0.544  0.308]
   224          348        0.0671617         reflect
  eval: e=0.0673  p=[-0.582  0.347  0.484  0.165  1.001  0.537  0.307]
   225          349        0.0671617         reflect
  eval: e=0.0676  p=[-0.594  0.347  0.494  0.153  1.001  0.546  0.309]
  eval: e=0.0672  p=[-0.577  0.355  0.472  0.175  1.000  0.537  0.308]
   226          351        0.0671617         contract inside
  eval: e=0.0674  p=[-0.594  0.335  0.511  0.141  1.000  0.545  0.305]
  eval: e=0.0672  p=[-0.578  0.358  0.467  0.178  1.000  0.538  0.309]
   227          353        0.0671617         contract inside
  eval: e=0.0671  p=[-0.582  0.341  0.491  0.159  1.000  0.536  0.306]
  eval: e=0.0672  p=[-0.581  0.332  0.501  0.152  1.000  0.533  0.304]
   228          355        0.0671102         reflect
  eval: e=0.0672  p=[-0.580  0.352  0.477  0.169  1.000  0.537  0.309]
   229          356        0.0671102         reflect
  eval: e=0.0674  p=[-0.582  0.353  0.478  0.168  0.999  0.541  0.309]
  eval: e=0.0672  p=[-0.582  0.349  0.482  0.166  1.000  0.538  0.308]
   230          358        0.0671102         contract inside
  eval: e=0.0672  p=[-0.575  0.357  0.466  0.179  1.000  0.535  0.309]
   231          359        0.0671102         reflect
  eval: e=0.0671  p=[-0.584  0.343  0.492  0.158  1.000  0.538  0.307]
   232          360        0.0671102         reflect
  eval: e=0.0673  p=[-0.589  0.340  0.500  0.151  0.999  0.542  0.307]
  eval: e=0.0671  p=[-0.579  0.353  0.475  0.172  1.000  0.537  0.308]
   233          362        0.0671102         contract inside
  eval: e=0.0671  p=[-0.580  0.345  0.485  0.164  1.000  0.535  0.307]
  eval: e=0.0672  p=[-0.579  0.342  0.487  0.163  1.000  0.532  0.306]
   234          364        0.0670978         reflect
  eval: e=0.0671  p=[-0.587  0.340  0.497  0.153  1.000  0.538  0.307]
   235          365        0.0670978         reflect
  eval: e=0.0671  p=[-0.583  0.344  0.490  0.159  1.000  0.537  0.307]
   236          366        0.0670978         reflect
  eval: e=0.0672  p=[-0.586  0.338  0.499  0.153  1.000  0.538  0.306]
   237          367        0.0670978         reflect
  eval: e=0.0671  p=[-0.579  0.339  0.492  0.159  1.000  0.533  0.305]
   238          368        0.0670978         reflect
  eval: e=0.0672  p=[-0.578  0.349  0.479  0.169  1.000  0.535  0.308]
  eval: e=0.0671  p=[-0.584  0.341  0.494  0.157  1.000  0.537  0.306]
   239          370        0.0670802         contract inside
  eval: e=0.0671  p=[-0.580  0.343  0.487  0.163  1.000  0.534  0.307]
   240          371        0.0670802         reflect
  eval: e=0.0671  p=[-0.586  0.331  0.507  0.147  1.000  0.535  0.305]
  eval: e=0.0671  p=[-0.580  0.347  0.483  0.166  1.000  0.536  0.307]
   241          373        0.0670707         contract inside
  eval: e=0.0672  p=[-0.580  0.341  0.490  0.161  1.001  0.534  0.306]
  eval: e=0.0671  p=[-0.582  0.343  0.490  0.160  1.000  0.536  0.307]
   242          375        0.0670673         contract inside
  eval: e=0.0671  p=[-0.582  0.344  0.488  0.161  1.000  0.535  0.307]
   243          376        0.0670673         reflect
  eval: e=0.0671  p=[-0.575  0.346  0.480  0.170  1.000  0.532  0.307]
  eval: e=0.0671  p=[-0.584  0.342  0.492  0.157  1.000  0.537  0.307]
   244          378        0.0670603         contract inside
  eval: e=0.0672  p=[-0.585  0.349  0.484  0.163  1.000  0.539  0.308]
  eval: e=0.0670  p=[-0.580  0.341  0.490  0.160  1.000  0.534  0.306]
   245          380        0.0670473         contract inside
  eval: e=0.0670  p=[-0.584  0.341  0.493  0.157  1.000  0.536  0.307]
  eval: e=0.0671  p=[-0.586  0.338  0.498  0.153  1.000  0.537  0.307]
   246          382        0.0670283         reflect
  eval: e=0.0671  p=[-0.582  0.341  0.492  0.159  1.000  0.537  0.306]
  eval: e=0.0671  p=[-0.582  0.343  0.489  0.161  1.000  0.535  0.307]
   247          384        0.0670283         contract inside
  eval: e=0.0671  p=[-0.585  0.342  0.494  0.156  1.000  0.538  0.307]
  eval: e=0.0671  p=[-0.581  0.343  0.488  0.161  1.000  0.535  0.307]
   248          386        0.0670283         contract inside
  eval: e=0.0670  p=[-0.580  0.345  0.485  0.164  1.000  0.534  0.307]
   249          387        0.0670283         reflect
  eval: e=0.0670  p=[-0.584  0.338  0.497  0.154  1.000  0.535  0.306]
   250          388        0.0670283         reflect
  eval: e=0.0671  p=[-0.582  0.341  0.492  0.159  1.000  0.534  0.306]
  eval: e=0.0670  p=[-0.582  0.342  0.490  0.160  1.000  0.536  0.307]
   251          390        0.0670283         contract inside
  eval: e=0.0670  p=[-0.580  0.342  0.488  0.162  1.000  0.534  0.307]
   252          391        0.0670283         reflect
  eval: e=0.0671  p=[-0.581  0.340  0.492  0.159  1.000  0.534  0.306]
  eval: e=0.0670  p=[-0.582  0.342  0.490  0.160  1.000  0.535  0.307]
   253          393        0.0670283         contract inside
  eval: e=0.0671  p=[-0.582  0.340  0.493  0.158  1.000  0.535  0.307]
  eval: e=0.0670  p=[-0.582  0.342  0.490  0.160  1.000  0.535  0.307]
   254          395        0.0670283         contract inside
  eval: e=0.0670  p=[-0.583  0.343  0.491  0.159  1.000  0.536  0.307]
  eval: e=0.0670  p=[-0.585  0.343  0.491  0.158  1.000  0.537  0.308]
   255          397        0.0670133         reflect
  eval: e=0.0670  p=[-0.580  0.347  0.482  0.166  1.000  0.536  0.308]
   256          398        0.0670133         reflect
  eval: e=0.0670  p=[-0.581  0.344  0.487  0.163  1.000  0.534  0.307]
   257          399        0.0670133         reflect
  eval: e=0.0670  p=[-0.583  0.341  0.492  0.158  1.000  0.536  0.307]
   258          400        0.0670133         reflect
  eval: e=0.0670  p=[-0.582  0.343  0.488  0.161  1.000  0.535  0.307]
  eval: e=0.0670  p=[-0.581  0.344  0.488  0.162  1.000  0.535  0.307]
   259          402        0.0670107         reflect
  eval: e=0.0670  p=[-0.584  0.344  0.489  0.159  1.000  0.537  0.308]
  eval: e=0.0670  p=[-0.581  0.343  0.489  0.161  1.000  0.535  0.307]
   260          404        0.0670107         contract inside
  eval: e=0.0670  p=[-0.584  0.337  0.497  0.154  1.000  0.535  0.306]
   261          405        0.0670107         reflect
  eval: e=0.0670  p=[-0.584  0.341  0.493  0.157  1.000  0.536  0.307]
  eval: e=0.0670  p=[-0.585  0.340  0.494  0.156  1.000  0.536  0.307]
   262          407        0.0670054         reflect
  eval: e=0.0670  p=[-0.581  0.343  0.488  0.161  1.000  0.534  0.307]
  eval: e=0.0670  p=[-0.580  0.344  0.486  0.163  1.000  0.533  0.307]
   263          409        0.0669936         reflect
  eval: e=0.0670  p=[-0.581  0.343  0.489  0.161  1.000  0.534  0.307]
  eval: e=0.0670  p=[-0.583  0.341  0.491  0.159  1.000  0.535  0.307]
   264          411        0.0669936         contract inside
  eval: e=0.0670  p=[-0.584  0.339  0.496  0.155  1.000  0.536  0.307]
  eval: e=0.0670  p=[-0.582  0.343  0.489  0.161  1.000  0.535  0.307]
   265          413        0.0669936         contract inside
  eval: e=0.0670  p=[-0.584  0.341  0.493  0.157  1.000  0.536  0.307]
  eval: e=0.0670  p=[-0.586  0.340  0.496  0.154  1.000  0.536  0.307]
   266          415         0.066991         reflect
  eval: e=0.0670  p=[-0.581  0.347  0.484  0.165  1.000  0.536  0.308]
   267          416         0.066991         reflect
  eval: e=0.0670  p=[-0.581  0.343  0.488  0.161  1.000  0.535  0.307]
   268          417         0.066991         reflect
  eval: e=0.0670  p=[-0.583  0.342  0.491  0.159  1.000  0.535  0.307]
   269          418         0.066991         reflect
  eval: e=0.0670  p=[-0.581  0.344  0.486  0.163  1.000  0.534  0.307]
  eval: e=0.0670  p=[-0.583  0.342  0.491  0.159  1.000  0.535  0.307]
   270          420         0.066991         contract inside
  eval: e=0.0670  p=[-0.581  0.344  0.487  0.162  1.000  0.535  0.308]
  eval: e=0.0670  p=[-0.581  0.345  0.485  0.164  1.000  0.534  0.308]
   271          422        0.0669794         expand
  eval: e=0.0670  p=[-0.582  0.343  0.488  0.161  1.000  0.535  0.308]
  eval: e=0.0670  p=[-0.583  0.344  0.488  0.161  1.000  0.535  0.308]
   272          424        0.0669537         expand
  eval: e=0.0670  p=[-0.584  0.339  0.495  0.156  1.000  0.534  0.307]
   273          425        0.0669537         reflect
  eval: e=0.0670  p=[-0.582  0.343  0.489  0.160  1.000  0.535  0.307]
   274          426        0.0669537         reflect
  eval: e=0.0670  p=[-0.582  0.343  0.488  0.161  1.000  0.534  0.308]
   275          427        0.0669537         reflect
  eval: e=0.0670  p=[-0.584  0.342  0.491  0.159  1.000  0.535  0.308]
   276          428        0.0669537         reflect
  eval: e=0.0670  p=[-0.584  0.342  0.492  0.158  1.000  0.535  0.308]
   277          429        0.0669537         reflect
  eval: e=0.0669  p=[-0.581  0.344  0.486  0.163  1.000  0.534  0.308]
  eval: e=0.0669  p=[-0.580  0.346  0.482  0.166  1.000  0.532  0.309]
   278          431        0.0669375         expand
  eval: e=0.0669  p=[-0.584  0.340  0.494  0.156  1.000  0.535  0.308]
  eval: e=0.0669  p=[-0.586  0.337  0.498  0.153  1.000  0.535  0.307]
   279          433        0.0669255         expand
  eval: e=0.0669  p=[-0.584  0.341  0.492  0.157  1.000  0.534  0.308]
   280          434        0.0669255         reflect
  eval: e=0.0669  p=[-0.583  0.345  0.485  0.162  1.000  0.535  0.309]
  eval: e=0.0669  p=[-0.582  0.349  0.481  0.166  1.000  0.535  0.310]
   281          436        0.0669033         expand
