  eval: e=0.1776  p=[0.500 0.500 0.750 0.020 0.500 0.500 0.500]
 
 Iteration   Func-count         f(x)         Procedure
     0            1         0.177628         
  eval: e=0.1776  p=[0.525 0.500 0.750 0.020 0.500 0.500 0.500]
  eval: e=0.1785  p=[0.500 0.525 0.750 0.020 0.500 0.500 0.500]
  eval: e=0.1780  p=[0.500 0.500 0.788 0.020 0.500 0.500 0.500]
  eval: e=0.1776  p=[0.500 0.500 0.750 0.021 0.500 0.500 0.500]
  eval: e=0.1950  p=[0.500 0.500 0.750 0.020 0.525 0.500 0.500]
  eval: e=0.1732  p=[0.500 0.500 0.750 0.020 0.500 0.525 0.500]
  eval: e=0.1778  p=[0.500 0.500 0.750 0.020 0.500 0.500 0.525]
     1            8          0.17316         initial simplex
  eval: e=0.1680  p=[0.507 0.507 0.761 0.020 0.475 0.507 0.507]
  eval: e=0.1642  p=[0.511 0.511 0.766 0.020 0.450 0.511 0.511]
     2           10         0.164202         expand
  eval: e=0.1699  p=[0.510 0.478 0.765 0.020 0.486 0.510 0.510]
     3           11         0.164202         reflect
  eval: e=0.1685  p=[0.513 0.497 0.721 0.021 0.482 0.513 0.513]
     4           12         0.164202         reflect
  eval: e=0.1671  p=[0.517 0.496 0.751 0.021 0.476 0.517 0.485]
     5           13         0.164202         reflect
  eval: e=0.1657  p=[0.522 0.495 0.751 0.021 0.470 0.522 0.505]
     6           14         0.164202         reflect
  eval: e=0.1643  p=[0.528 0.493 0.751 0.020 0.461 0.528 0.507]
     7           15         0.164202         reflect
  eval: e=0.1635  p=[0.504 0.491 0.752 0.021 0.450 0.536 0.509]
  eval: e=0.1636  p=[0.493 0.487 0.753 0.021 0.425 0.554 0.513]
     8           17          0.16346         reflect
  eval: e=0.1633  p=[0.530 0.489 0.752 0.021 0.435 0.514 0.511]
  eval: e=0.1639  p=[0.545 0.483 0.753 0.022 0.403 0.508 0.517]
     9           19         0.163259         reflect
  eval: e=0.1633  p=[0.525 0.514 0.733 0.021 0.435 0.530 0.502]
    10           20         0.163259         reflect
  eval: e=0.1635  p=[0.526 0.500 0.780 0.021 0.426 0.532 0.495]
    11           21         0.163259         reflect
  eval: e=0.1637  p=[0.524 0.502 0.759 0.021 0.417 0.532 0.527]
    12           22         0.163259         reflect
  eval: e=0.1641  p=[0.520 0.505 0.762 0.020 0.409 0.530 0.512]
    13           23         0.163259         reflect
  eval: e=0.1643  p=[0.512 0.510 0.764 0.021 0.403 0.525 0.512]
  eval: e=0.1636  p=[0.516 0.506 0.761 0.021 0.417 0.526 0.511]
    14           25         0.163259         contract outside
  eval: e=0.1645  p=[0.531 0.491 0.748 0.021 0.404 0.546 0.508]
  eval: e=0.1634  p=[0.516 0.506 0.762 0.021 0.439 0.520 0.510]
    15           27         0.163259         contract inside
  eval: e=0.1639  p=[0.520 0.497 0.753 0.021 0.454 0.524 0.506]
  eval: e=0.1634  p=[0.520 0.499 0.755 0.021 0.443 0.525 0.508]
    16           29         0.163259         contract outside
  eval: e=0.1640  p=[0.514 0.499 0.753 0.021 0.453 0.520 0.486]
  eval: e=0.1634  p=[0.522 0.501 0.758 0.021 0.426 0.529 0.517]
    17           31         0.163259         contract inside
  eval: e=0.1639  p=[0.525 0.494 0.751 0.021 0.455 0.527 0.504]
  eval: e=0.1634  p=[0.518 0.503 0.759 0.021 0.427 0.526 0.509]
    18           33         0.163259         contract inside
  eval: e=0.1635  p=[0.513 0.501 0.725 0.021 0.447 0.520 0.523]
  eval: e=0.1633  p=[0.522 0.500 0.767 0.021 0.431 0.529 0.502]
    19           35         0.163259         contract inside
  eval: e=0.1635  p=[0.540 0.512 0.758 0.021 0.418 0.513 0.508]
  eval: e=0.1633  p=[0.513 0.496 0.753 0.021 0.442 0.530 0.509]
    20           37         0.163259         contract inside
  eval: e=0.1633  p=[0.527 0.495 0.746 0.021 0.430 0.533 0.506]
    21           38         0.163259         reflect
  eval: e=0.1634  p=[0.522 0.498 0.746 0.021 0.443 0.524 0.497]
    22           39         0.163259         reflect
  eval: e=0.1633  p=[0.525 0.499 0.747 0.021 0.427 0.528 0.503]
    23           40         0.163259         reflect
  eval: e=0.1633  p=[0.529 0.494 0.740 0.021 0.443 0.528 0.499]
    24           41         0.163259         reflect
  eval: e=0.1634  p=[0.527 0.499 0.750 0.021 0.426 0.530 0.512]
  eval: e=0.1633  p=[0.523 0.498 0.747 0.021 0.439 0.526 0.501]
    25           43         0.163259         contract inside
  eval: e=0.1632  p=[0.527 0.496 0.725 0.021 0.441 0.525 0.506]
  eval: e=0.1632  p=[0.529 0.494 0.703 0.021 0.445 0.523 0.508]
    26           45         0.163191         expand
  eval: e=0.1632  p=[0.541 0.499 0.724 0.021 0.431 0.521 0.500]
  eval: e=0.1631  p=[0.555 0.500 0.709 0.021 0.426 0.517 0.496]
    27           47         0.163118         expand
  eval: e=0.1633  p=[0.537 0.496 0.719 0.021 0.445 0.521 0.504]
  eval: e=0.1632  p=[0.528 0.498 0.740 0.021 0.432 0.526 0.503]
    28           49         0.163118         contract inside
  eval: e=0.1631  p=[0.538 0.477 0.735 0.021 0.436 0.518 0.505]
  eval: e=0.1629  p=[0.545 0.459 0.735 0.022 0.436 0.512 0.507]
    29           51         0.162901         expand
  eval: e=0.1631  p=[0.539 0.486 0.727 0.021 0.427 0.515 0.510]
    30           52         0.162901         reflect
  eval: e=0.1630  p=[0.549 0.479 0.713 0.022 0.427 0.514 0.511]
    31           53         0.162901         reflect
  eval: e=0.1629  p=[0.551 0.478 0.705 0.022 0.435 0.502 0.507]
    32           54         0.162901         reflect
  eval: e=0.1628  p=[0.555 0.481 0.686 0.022 0.430 0.517 0.501]
  eval: e=0.1626  p=[0.568 0.477 0.653 0.022 0.427 0.519 0.496]
    33           56         0.162571         expand
  eval: e=0.1625  p=[0.568 0.465 0.673 0.022 0.432 0.503 0.507]
  eval: e=0.1618  p=[0.588 0.448 0.640 0.023 0.432 0.492 0.509]
    34           58         0.161774         expand
  eval: e=0.1627  p=[0.584 0.457 0.691 0.022 0.415 0.497 0.502]
    35           59         0.161774         reflect
  eval: e=0.1621  p=[0.566 0.438 0.681 0.023 0.431 0.497 0.517]
    36           60         0.161774         reflect
  eval: e=0.1617  p=[0.590 0.438 0.650 0.023 0.431 0.494 0.504]
  eval: e=0.1604  p=[0.615 0.415 0.612 0.023 0.434 0.483 0.501]
    37           62         0.160353         expand
  eval: e=0.1612  p=[0.599 0.427 0.634 0.023 0.433 0.486 0.500]
    38           63         0.160353         reflect
  eval: e=0.1609  p=[0.609 0.414 0.622 0.024 0.424 0.494 0.502]
    39           64         0.160353         reflect
  eval: e=0.1601  p=[0.635 0.420 0.560 0.024 0.419 0.479 0.500]
  eval: e=0.1593  p=[0.679 0.401 0.472 0.025 0.411 0.463 0.497]
    40           66         0.159284         expand
  eval: e=0.1583  p=[0.623 0.406 0.541 0.024 0.440 0.484 0.504]
  eval: e=0.1548  p=[0.642 0.380 0.466 0.025 0.453 0.478 0.505]
    41           68         0.154792         expand
  eval: e=0.1551  p=[0.660 0.358 0.527 0.025 0.435 0.451 0.513]
    42           69         0.154792         reflect
  eval: e=0.1564  p=[0.689 0.374 0.454 0.025 0.432 0.459 0.491]
    43           70         0.154792         reflect
  eval: e=0.1574  p=[0.696 0.343 0.442 0.026 0.431 0.455 0.494]
    44           71         0.154792         reflect
  eval: e=0.1602  p=[0.714 0.340 0.393 0.026 0.430 0.452 0.501]
    45           72         0.154792         reflect
  eval: e=0.1620  p=[0.732 0.332 0.339 0.027 0.441 0.432 0.499]
  eval: e=0.1586  p=[0.640 0.393 0.551 0.024 0.428 0.479 0.501]
    46           74         0.154792         contract inside
  eval: e=0.1659  p=[0.734 0.325 0.332 0.027 0.429 0.442 0.499]
  eval: e=0.1579  p=[0.645 0.392 0.542 0.024 0.433 0.473 0.501]
    47           76         0.154792         contract inside
  eval: e=0.1600  p=[0.616 0.415 0.594 0.024 0.434 0.479 0.500]
  eval: e=0.1581  p=[0.640 0.396 0.544 0.024 0.433 0.472 0.500]
    48           78         0.154792         contract outside
  eval: e=0.1535  p=[0.639 0.353 0.536 0.025 0.459 0.470 0.505]
  eval: e=0.1508  p=[0.619 0.329 0.568 0.025 0.484 0.473 0.509]
    49           80         0.150768         expand
  eval: e=0.1524  p=[0.672 0.342 0.461 0.026 0.458 0.453 0.503]
    50           81         0.150768         reflect
  eval: e=0.1538  p=[0.681 0.323 0.444 0.026 0.460 0.454 0.505]
    51           82         0.150768         reflect
  eval: e=0.1563  p=[0.687 0.307 0.418 0.026 0.468 0.448 0.505]
    52           83         0.150768         reflect
  eval: e=0.1497  p=[0.632 0.347 0.511 0.025 0.480 0.464 0.515]
  eval: e=0.1498  p=[0.600 0.349 0.546 0.024 0.505 0.468 0.526]
    53           85         0.149685         reflect
  eval: e=0.1464  p=[0.623 0.308 0.516 0.025 0.493 0.462 0.524]
  eval: e=0.1413  p=[0.590 0.275 0.547 0.025 0.523 0.463 0.541]
    54           87          0.14127         expand
  eval: e=0.1560  p=[0.598 0.365 0.588 0.024 0.472 0.476 0.521]
  eval: e=0.1523  p=[0.620 0.351 0.546 0.025 0.471 0.469 0.517]
    55           89          0.14127         contract outside
  eval: e=0.1447  p=[0.613 0.312 0.486 0.025 0.516 0.479 0.513]
    56           90          0.14127         reflect
  eval: e=0.1406  p=[0.622 0.271 0.552 0.025 0.516 0.452 0.524]
  eval: e=0.1351  p=[0.612 0.216 0.595 0.025 0.548 0.440 0.533]
    57           92         0.135128         expand
  eval: e=0.1469  p=[0.564 0.297 0.617 0.024 0.534 0.472 0.533]
    58           93         0.135128         reflect
  eval: e=0.1413  p=[0.542 0.266 0.645 0.024 0.558 0.478 0.544]
    59           94         0.135128         reflect
  eval: e=0.1317  p=[0.572 0.233 0.588 0.025 0.569 0.465 0.537]
  eval: e=0.1231  p=[0.547 0.173 0.609 0.025 0.619 0.462 0.546]
    60           96         0.123055         expand
  eval: e=0.1275  p=[0.553 0.210 0.578 0.025 0.596 0.458 0.556]
    61           97         0.123055         reflect
  eval: e=0.1153  p=[0.517 0.153 0.654 0.025 0.632 0.465 0.561]
  eval: e=0.1094  p=[0.459 0.057 0.725 0.025 0.708 0.466 0.583]
    62           99         0.109428         expand
  eval: e=0.1375  p=[0.555 0.134 0.579 0.026 0.628 0.456 0.557]
    63          100         0.109428         reflect
  eval: e=0.1035  p=[0.489 0.068 0.737 0.025 0.679 0.442 0.590]
  eval: e=0.1745  p=[0.428 -0.054  0.862  0.025  0.760  0.423  0.628]
    64          102         0.103472         reflect
  eval: e=0.1401  p=[0.545 0.058 0.604 0.026 0.671 0.432 0.573]
    65          103         0.103472         reflect
  eval: e=0.1130  p=[0.485 -0.013  0.717  0.026  0.748  0.438  0.585]
    66          104         0.103472         reflect
  eval: e=0.1203  p=[0.512 0.184 0.694 0.024 0.623 0.471 0.556]
    67          105         0.103472         reflect
  eval: e=0.1124  p=[0.490 0.121 0.751 0.024 0.663 0.452 0.571]
    68          106         0.103472         reflect
  eval: e=0.1080  p=[0.398 0.013 0.779 0.025 0.776 0.472 0.606]
    69          107         0.103472         reflect
  eval: e=0.1170  p=[0.413 -0.038  0.854  0.025  0.780  0.458  0.598]
    70          108         0.103472         reflect
  eval: e=0.2424  p=[0.380 -0.062  0.893  0.024  0.804  0.452  0.622]
  eval: e=0.1078  p=[0.506 0.115 0.680 0.025 0.665 0.460 0.565]
    71          110         0.103472         contract inside
  eval: e=0.1661  p=[0.413 -0.091  0.804  0.026  0.812  0.439  0.615]
  eval: e=0.1028  p=[0.487 0.115 0.721 0.025 0.670 0.463 0.571]
    72          112         0.102802         contract inside
  eval: e=0.1207  p=[0.534 0.174 0.606 0.025 0.623 0.455 0.565]
  eval: e=0.1080  p=[0.443 0.015 0.792 0.025 0.741 0.457 0.590]
    73          114         0.102802         contract inside
  eval: e=0.1270  p=[0.450 0.157 0.764 0.024 0.653 0.479 0.580]
  eval: e=0.1110  p=[0.476 0.029 0.729 0.025 0.724 0.449 0.583]
    74          116         0.102802         contract inside
  eval: e=0.1256  p=[0.441 -0.004  0.725  0.026  0.755  0.465  0.597]
  eval: e=0.0995  p=[0.478 0.090 0.744 0.025 0.686 0.455 0.577]
    75          118        0.0995469         contract inside
  eval: e=0.1016  p=[0.455 0.106 0.751 0.024 0.683 0.470 0.583]
    76          119        0.0995469         reflect
  eval: e=0.1000  p=[0.472 0.092 0.762 0.025 0.691 0.453 0.583]
    77          120        0.0995469         reflect
  eval: e=0.1225  p=[0.553 0.159 0.702 0.025 0.600 0.443 0.554]
  eval: e=0.0990  p=[0.437 0.049 0.760 0.025 0.732 0.464 0.593]
    78          122        0.0989514         contract inside
  eval: e=0.1119  p=[0.507 0.167 0.681 0.025 0.632 0.459 0.571]
  eval: e=0.1006  p=[0.459 0.053 0.764 0.025 0.714 0.458 0.585]
    79          124        0.0989514         contract inside
  eval: e=0.1068  p=[0.431 0.049 0.817 0.024 0.722 0.456 0.601]
  eval: e=0.0996  p=[0.450 0.065 0.783 0.025 0.708 0.457 0.592]
    80          126        0.0989514         contract outside
  eval: e=0.0986  p=[0.436 0.095 0.773 0.024 0.717 0.479 0.577]
  eval: e=0.1096  p=[0.409 0.108 0.792 0.024 0.736 0.497 0.571]
    81          128        0.0985628         reflect
  eval: e=0.0992  p=[0.423 0.042 0.804 0.024 0.739 0.461 0.598]
    82          129        0.0985628         reflect
  eval: e=0.0980  p=[0.446 0.033 0.790 0.025 0.742 0.452 0.590]
  eval: e=0.1024  p=[0.441 -0.003  0.809  0.025  0.771  0.443  0.593]
    83          131        0.0979546         reflect
  eval: e=0.0973  p=[0.438 0.081 0.783 0.024 0.719 0.463 0.589]
  eval: e=0.1076  p=[0.428 0.095 0.793 0.024 0.722 0.466 0.591]
    84          133        0.0973118         reflect
  eval: e=0.0994  p=[0.416 0.038 0.791 0.024 0.749 0.470 0.593]
    85          134        0.0973118         reflect
  eval: e=0.0935  p=[0.429 0.057 0.773 0.024 0.745 0.470 0.584]
  eval: e=0.0932  p=[0.418 0.053 0.768 0.024 0.763 0.477 0.581]
    86          136        0.0932448         expand
  eval: e=0.1013  p=[0.383 0.022 0.818 0.024 0.788 0.478 0.600]
  eval: e=0.0960  p=[0.454 0.073 0.763 0.025 0.712 0.461 0.583]
    87          138        0.0932448         contract inside
  eval: e=0.0937  p=[0.456 0.084 0.763 0.025 0.715 0.460 0.581]
    88          139        0.0932448         reflect
  eval: e=0.0917  p=[0.459 0.091 0.739 0.024 0.718 0.469 0.572]
  eval: e=0.0928  p=[0.476 0.116 0.707 0.024 0.707 0.473 0.559]
    89          141        0.0917348         reflect
  eval: e=0.1013  p=[0.451 0.096 0.777 0.024 0.721 0.467 0.571]
  eval: e=0.0948  p=[0.440 0.061 0.764 0.025 0.729 0.465 0.587]
    90          143        0.0917348         contract inside
  eval: e=0.0951  p=[0.453 0.041 0.761 0.025 0.740 0.449 0.590]
    91          144        0.0917348         reflect
  eval: e=0.0912  p=[0.445 0.105 0.737 0.024 0.714 0.475 0.577]
  eval: e=0.0945  p=[0.445 0.140 0.711 0.024 0.700 0.486 0.570]
    92          146        0.0912023         reflect
  eval: e=0.0979  p=[0.455 0.064 0.730 0.025 0.735 0.467 0.574]
  eval: e=0.0928  p=[0.442 0.077 0.770 0.024 0.723 0.464 0.585]
    93          148        0.0912023         contract inside
  eval: e=0.0877  p=[0.436 0.073 0.752 0.024 0.746 0.470 0.581]
  eval: e=0.0848  p=[0.426 0.073 0.747 0.024 0.763 0.475 0.579]
    94          150        0.0848446         expand
  eval: e=0.0930  p=[0.429 0.114 0.750 0.024 0.724 0.489 0.571]
    95          151        0.0848446         reflect
  eval: e=0.0872  p=[0.438 0.109 0.743 0.024 0.734 0.480 0.569]
    96          152        0.0848446         reflect
  eval: e=0.0860  p=[0.418 0.094 0.738 0.024 0.754 0.491 0.572]
    97          153        0.0848446         reflect
  eval: e=0.0957  p=[0.455 0.137 0.724 0.024 0.703 0.479 0.569]
  eval: e=0.0892  p=[0.427 0.074 0.757 0.024 0.748 0.477 0.578]
    98          155        0.0848446         contract inside
  eval: e=0.0892  p=[0.444 0.064 0.745 0.025 0.748 0.462 0.581]
    99          156        0.0848446         reflect
  eval: e=0.0857  p=[0.431 0.098 0.718 0.024 0.756 0.487 0.565]
   100          157        0.0848446         reflect
  eval: e=0.0824  p=[0.407 0.085 0.742 0.024 0.773 0.487 0.577]
  eval: e=0.0808  p=[0.382 0.082 0.743 0.024 0.800 0.497 0.579]
   101          159        0.0808048         expand
  eval: e=0.0863  p=[0.402 0.065 0.746 0.024 0.801 0.488 0.573]
   102          160        0.0808048         reflect
  eval: e=0.0793  p=[0.392 0.106 0.739 0.024 0.782 0.508 0.566]
  eval: e=0.0772  p=[0.365 0.127 0.736 0.023 0.799 0.530 0.559]
   103          162        0.0771598         expand
  eval: e=0.0753  p=[0.390 0.111 0.720 0.024 0.797 0.508 0.564]
  eval: e=0.0705  p=[0.372 0.130 0.702 0.023 0.821 0.524 0.557]
   104          164         0.070533         expand
  eval: e=0.0910  p=[0.360 0.082 0.723 0.024 0.836 0.517 0.569]
  eval: e=0.0812  p=[0.419 0.102 0.738 0.024 0.759 0.490 0.569]
   105          166         0.070533         contract inside
  eval: e=0.0815  p=[0.401 0.137 0.717 0.024 0.757 0.510 0.564]
   106          167         0.070533         reflect
  eval: e=0.0711  p=[0.381 0.120 0.719 0.024 0.805 0.513 0.564]
   107          168         0.070533         reflect
  eval: e=0.0699  p=[0.354 0.123 0.740 0.023 0.816 0.524 0.569]
  eval: e=0.0693  p=[0.315 0.135 0.751 0.023 0.846 0.542 0.571]
   108          170        0.0692745         expand
  eval: e=0.0714  p=[0.327 0.165 0.712 0.023 0.834 0.555 0.553]
   109          171        0.0692745         reflect
  eval: e=0.0688  p=[0.330 0.109 0.740 0.023 0.862 0.533 0.565]
  eval: e=0.0755  p=[0.295 0.095 0.752 0.023 0.914 0.544 0.565]
   110          173        0.0687727         reflect
  eval: e=0.0635  p=[0.287 0.145 0.720 0.023 0.888 0.566 0.559]
  eval: e=0.0647  p=[0.221 0.167 0.712 0.022 0.953 0.604 0.554]
   111          175        0.0634724         reflect
  eval: e=0.0743  p=[0.298 0.184 0.709 0.022 0.873 0.578 0.543]
   112          176        0.0634724         reflect
  eval: e=0.0566  p=[0.295 0.156 0.708 0.023 0.895 0.558 0.558]
  eval: e=0.0546  p=[0.259 0.170 0.694 0.022 0.943 0.572 0.558]
   113          178        0.0546037         expand
  eval: e=0.0738  p=[0.351 0.094 0.731 0.024 0.841 0.509 0.579]
  eval: e=0.0671  p=[0.338 0.117 0.725 0.023 0.849 0.526 0.570]
   114          180        0.0546037         contract outside
  eval: e=0.0709  p=[0.326 0.100 0.732 0.023 0.885 0.524 0.574]
   115          181        0.0546037         reflect
  eval: e=0.0628  p=[0.255 0.139 0.728 0.022 0.936 0.569 0.566]
   116          182        0.0546037         reflect
  eval: e=0.0661  p=[0.290 0.170 0.714 0.022 0.871 0.571 0.554]
   117          183        0.0546037         reflect
  eval: e=0.0588  p=[0.221 0.151 0.748 0.022 0.949 0.584 0.570]
   118          184        0.0546037         reflect
  eval: e=0.0713  p=[0.251 0.151 0.697 0.022 0.953 0.578 0.554]
  eval: e=0.0617  p=[0.299 0.139 0.738 0.023 0.873 0.551 0.567]
   119          186        0.0546037         contract inside
  eval: e=0.0545  p=[0.227 0.186 0.707 0.022 0.941 0.593 0.562]
  eval: e=0.0555  p=[0.175 0.224 0.691 0.021 0.981 0.623 0.561]
   120          188         0.054492         reflect
  eval: e=0.0571  p=[0.187 0.198 0.717 0.021 0.980 0.619 0.555]
   121          189         0.054492         reflect
  eval: e=0.0640  p=[0.205 0.152 0.729 0.022 0.989 0.587 0.571]
  eval: e=0.0581  p=[0.227 0.157 0.726 0.022 0.959 0.583 0.567]
   122          191         0.054492         contract outside
  eval: e=0.0523  p=[0.191 0.180 0.724 0.021 0.992 0.598 0.568]
  eval: e=0.0621  p=[0.144 0.198 0.726 0.021 1.044 0.613 0.573]
   123          193         0.052297         reflect
  eval: e=0.0582  p=[0.206 0.199 0.716 0.021 0.960 0.603 0.562]
   124          194         0.052297         reflect
  eval: e=0.0656  p=[0.135 0.216 0.700 0.021 1.048 0.635 0.559]
  eval: e=0.0563  p=[0.258 0.158 0.728 0.022 0.917 0.572 0.565]
   125          196         0.052297         contract inside
  eval: e=0.0511  p=[0.223 0.205 0.684 0.022 0.963 0.598 0.555]
  eval: e=0.0518  p=[0.225 0.232 0.653 0.022 0.970 0.605 0.547]
   126          198        0.0510605         reflect
  eval: e=0.0601  p=[0.244 0.160 0.707 0.022 0.953 0.579 0.561]
  eval: e=0.0536  p=[0.215 0.189 0.714 0.022 0.958 0.597 0.561]
   127          200        0.0510605         contract inside
  eval: e=0.0579  p=[0.219 0.211 0.694 0.022 0.953 0.602 0.554]
  eval: e=0.0535  p=[0.221 0.197 0.702 0.022 0.955 0.597 0.558]
   128          202        0.0510605         contract outside
  eval: e=0.0499  p=[0.268 0.169 0.698 0.022 0.925 0.560 0.567]
  eval: e=0.0510  p=[0.309 0.155 0.689 0.023 0.898 0.531 0.574]
   129          204        0.0499146         reflect
  eval: e=0.0508  p=[0.201 0.212 0.679 0.021 0.991 0.604 0.558]
   130          205        0.0499146         reflect
  eval: e=0.0566  p=[0.183 0.212 0.709 0.021 0.979 0.612 0.565]
  eval: e=0.0518  p=[0.240 0.181 0.697 0.022 0.952 0.582 0.560]
   131          207        0.0499146         contract inside
  eval: e=0.0483  p=[0.219 0.195 0.692 0.022 0.984 0.589 0.560]
  eval: e=0.0480  p=[0.215 0.200 0.685 0.022 1.005 0.587 0.559]
   132          209        0.0480283         expand
  eval: e=0.0505  p=[0.231 0.196 0.678 0.022 0.980 0.582 0.560]
   133          210        0.0480283         reflect
  eval: e=0.0541  p=[0.227 0.187 0.682 0.022 0.990 0.577 0.564]
  eval: e=0.0503  p=[0.223 0.195 0.697 0.022 0.964 0.592 0.559]
   134          212        0.0480283         contract inside
  eval: e=0.0498  p=[0.266 0.208 0.652 0.022 0.945 0.576 0.551]
   135          213        0.0480283         reflect
  eval: e=0.0473  p=[0.225 0.215 0.666 0.022 0.983 0.589 0.557]
  eval: e=0.0470  p=[0.217 0.232 0.651 0.022 0.999 0.592 0.556]
   136          215        0.0470324         expand
  eval: e=0.0480  p=[0.240 0.198 0.670 0.022 0.982 0.572 0.562]
   137          216        0.0470324         reflect
  eval: e=0.0449  p=[0.274 0.187 0.673 0.022 0.952 0.557 0.561]
  eval: e=0.0430  p=[0.310 0.174 0.670 0.023 0.932 0.533 0.562]
   138          218        0.0429693         expand
  eval: e=0.0437  p=[0.266 0.198 0.672 0.022 0.949 0.564 0.560]
   139          219        0.0429693         reflect
  eval: e=0.0454  p=[0.287 0.200 0.645 0.023 0.962 0.546 0.560]
   140          220        0.0429693         reflect
  eval: e=0.0461  p=[0.246 0.233 0.629 0.022 1.010 0.574 0.550]
   141          221        0.0429693         reflect
  eval: e=0.0425  p=[0.243 0.203 0.668 0.022 1.009 0.558 0.566]
  eval: e=0.0434  p=[0.231 0.200 0.676 0.022 1.041 0.550 0.573]
   142          223        0.0425236         reflect
  eval: e=0.0402  p=[0.270 0.213 0.650 0.022 0.980 0.559 0.555]
  eval: e=0.0383  p=[0.285 0.220 0.641 0.022 0.979 0.552 0.552]
   143          225        0.0382507         expand
  eval: e=0.0390  p=[0.314 0.217 0.623 0.023 0.949 0.533 0.557]
   144          226        0.0382507         reflect
  eval: e=0.0374  p=[0.340 0.181 0.649 0.023 0.941 0.511 0.560]
  eval: e=0.0370  p=[0.401 0.155 0.648 0.024 0.912 0.470 0.562]
   145          228        0.0370323         expand
  eval: e=0.0376  p=[0.355 0.157 0.676 0.024 0.902 0.500 0.570]
   146          229        0.0370323         reflect
  eval: e=0.0329  p=[0.335 0.179 0.668 0.023 0.934 0.514 0.562]
  eval: e=0.0319  p=[0.359 0.168 0.680 0.023 0.920 0.498 0.564]
   147          231        0.0319478         expand
  eval: e=0.0311  p=[0.381 0.172 0.644 0.024 0.937 0.477 0.564]
  eval: e=0.0367  p=[0.439 0.159 0.630 0.025 0.931 0.433 0.566]
   148          233        0.0310597         reflect
  eval: e=0.0303  p=[0.358 0.195 0.638 0.024 0.956 0.492 0.562]
  eval: e=0.0410  p=[0.382 0.205 0.621 0.024 0.968 0.471 0.562]
   149          235        0.0302567         reflect
  eval: e=0.0408  p=[0.458 0.165 0.631 0.025 0.864 0.448 0.558]
  eval: e=0.0332  p=[0.404 0.174 0.640 0.024 0.900 0.475 0.560]
   150          237        0.0302567         contract outside
  eval: e=0.0306  p=[0.413 0.138 0.682 0.024 0.909 0.456 0.567]
   151          238        0.0302567         reflect
  eval: e=0.0517  p=[0.479 0.111 0.676 0.025 0.860 0.410 0.576]
  eval: e=0.0328  p=[0.333 0.193 0.649 0.023 0.949 0.517 0.558]
   152          240        0.0302567         contract inside
  eval: e=0.0315  p=[0.402 0.185 0.633 0.024 0.950 0.468 0.555]
   153          241        0.0302567         reflect
  eval: e=0.0393  p=[0.356 0.195 0.657 0.023 0.951 0.496 0.560]
  eval: e=0.0320  p=[0.390 0.165 0.650 0.024 0.922 0.477 0.562]
   154          243        0.0302567         contract inside
  eval: e=0.0287  p=[0.348 0.173 0.667 0.023 0.969 0.491 0.564]
  eval: e=0.0311  p=[0.320 0.173 0.680 0.023 1.004 0.499 0.566]
   155          245        0.0287058         reflect
  eval: e=0.0343  p=[0.424 0.149 0.663 0.024 0.926 0.443 0.567]
  eval: e=0.0302  p=[0.356 0.182 0.653 0.024 0.943 0.498 0.560]
   156          247        0.0287058         contract inside
  eval: e=0.0318  p=[0.358 0.182 0.663 0.024 0.960 0.489 0.562]
   157          248        0.0287058         reflect
  eval: e=0.0300  p=[0.389 0.182 0.629 0.024 0.973 0.465 0.560]
   158          249        0.0287058         reflect
  eval: e=0.0322  p=[0.399 0.169 0.635 0.024 0.937 0.467 0.561]
  eval: e=0.0291  p=[0.368 0.178 0.656 0.024 0.954 0.484 0.562]
   159          251        0.0287058         contract inside
  eval: e=0.0306  p=[0.345 0.164 0.672 0.024 0.947 0.493 0.571]
   160          252        0.0287058         reflect
  eval: e=0.0298  p=[0.355 0.175 0.670 0.024 0.964 0.489 0.563]
   161          253        0.0287058         reflect
  eval: e=0.0352  p=[0.307 0.219 0.628 0.023 1.007 0.518 0.559]
  eval: e=0.0283  p=[0.386 0.158 0.668 0.024 0.934 0.472 0.565]
   162          255        0.0283227         contract inside
  eval: e=0.0340  p=[0.387 0.191 0.636 0.024 0.965 0.475 0.554]
  eval: e=0.0290  p=[0.355 0.171 0.663 0.024 0.952 0.489 0.567]
   163          257        0.0283227         contract inside
  eval: e=0.0275  p=[0.373 0.154 0.678 0.024 0.955 0.476 0.564]
  eval: e=0.0275  p=[0.380 0.133 0.698 0.024 0.955 0.469 0.565]
   164          259         0.027469         reflect
  eval: e=0.0300  p=[0.380 0.158 0.670 0.024 0.971 0.464 0.567]
  eval: e=0.0284  p=[0.374 0.164 0.666 0.024 0.964 0.472 0.565]
   165          261         0.027469         contract outside
  eval: e=0.0315  p=[0.342 0.153 0.705 0.023 0.939 0.498 0.568]
  eval: e=0.0287  p=[0.377 0.175 0.648 0.024 0.965 0.474 0.562]
   166          263         0.027469         contract inside
  eval: e=0.0288  p=[0.383 0.161 0.658 0.024 0.949 0.471 0.565]
   167          264         0.027469         reflect
  eval: e=0.0283  p=[0.374 0.152 0.672 0.024 0.957 0.472 0.567]
   168          265         0.027469         reflect
  eval: e=0.0283  p=[0.392 0.154 0.667 0.024 0.960 0.462 0.563]
   169          266         0.027469         reflect
  eval: e=0.0286  p=[0.367 0.162 0.675 0.024 0.967 0.478 0.564]
   170          267         0.027469         reflect
  eval: e=0.0292  p=[0.406 0.146 0.669 0.024 0.945 0.453 0.565]
  eval: e=0.0280  p=[0.363 0.167 0.667 0.024 0.963 0.482 0.564]
   171          269         0.027469         contract inside
  eval: e=0.0277  p=[0.374 0.142 0.694 0.024 0.950 0.473 0.567]
   172          270         0.027469         reflect
  eval: e=0.0284  p=[0.386 0.150 0.671 0.024 0.943 0.468 0.566]
  eval: e=0.0278  p=[0.381 0.153 0.672 0.024 0.949 0.470 0.566]
   173          272         0.027469         contract outside
  eval: e=0.0284  p=[0.381 0.144 0.682 0.024 0.941 0.473 0.565]
  eval: e=0.0278  p=[0.379 0.149 0.678 0.024 0.947 0.473 0.565]
   174          274         0.027469         contract outside
  eval: e=0.0285  p=[0.383 0.156 0.678 0.024 0.946 0.473 0.562]
  eval: e=0.0278  p=[0.376 0.153 0.674 0.024 0.954 0.472 0.566]
   175          276         0.027469         contract inside
  eval: e=0.0274  p=[0.367 0.148 0.683 0.024 0.974 0.474 0.565]
  eval: e=0.0277  p=[0.358 0.143 0.691 0.024 0.995 0.475 0.565]
   176          278        0.0273964         reflect
  eval: e=0.0285  p=[0.355 0.150 0.689 0.024 0.952 0.487 0.568]
  eval: e=0.0276  p=[0.382 0.153 0.673 0.024 0.958 0.468 0.564]
   177          280        0.0273964         contract inside
  eval: e=0.0279  p=[0.389 0.134 0.690 0.024 0.947 0.463 0.566]
  eval: e=0.0276  p=[0.383 0.142 0.685 0.024 0.951 0.468 0.566]
   178          282        0.0273964         contract outside
  eval: e=0.0273  p=[0.371 0.145 0.689 0.024 0.963 0.474 0.565]
  eval: e=0.0273  p=[0.367 0.141 0.697 0.024 0.970 0.475 0.564]
   179          284        0.0272741         reflect
  eval: e=0.0274  p=[0.371 0.147 0.686 0.024 0.969 0.472 0.565]
   180          285        0.0272741         reflect
  eval: e=0.0275  p=[0.373 0.141 0.694 0.024 0.966 0.472 0.564]
   181          286        0.0272741         reflect
  eval: e=0.0275  p=[0.375 0.152 0.674 0.024 0.975 0.470 0.563]
   182          287        0.0272741         reflect
  eval: e=0.0273  p=[0.364 0.141 0.696 0.024 0.972 0.476 0.565]
  eval: e=0.0276  p=[0.355 0.135 0.707 0.024 0.978 0.480 0.566]
   183          289        0.0272606         reflect
  eval: e=0.0277  p=[0.359 0.151 0.687 0.024 0.984 0.479 0.563]
  eval: e=0.0273  p=[0.377 0.144 0.685 0.024 0.960 0.471 0.565]
   184          291        0.0272606         contract inside
  eval: e=0.0277  p=[0.367 0.140 0.700 0.024 0.956 0.476 0.567]
  eval: e=0.0273  p=[0.373 0.149 0.681 0.024 0.970 0.472 0.564]
   185          293        0.0272606         contract inside
  eval: e=0.0277  p=[0.369 0.152 0.677 0.024 0.966 0.475 0.565]
  eval: e=0.0273  p=[0.372 0.144 0.690 0.024 0.966 0.473 0.564]
   186          295        0.0272606         contract inside
  eval: e=0.0273  p=[0.369 0.137 0.696 0.024 0.980 0.469 0.565]
   187          296        0.0272606         reflect
  eval: e=0.0273  p=[0.370 0.141 0.691 0.024 0.969 0.474 0.564]
  eval: e=0.0275  p=[0.369 0.138 0.694 0.024 0.969 0.474 0.563]
   188          298        0.0272561         reflect
  eval: e=0.0273  p=[0.374 0.138 0.696 0.024 0.963 0.472 0.564]
   189          299        0.0272561         reflect
  eval: e=0.0272  p=[0.364 0.140 0.697 0.024 0.978 0.475 0.564]
  eval: e=0.0274  p=[0.358 0.137 0.703 0.024 0.988 0.477 0.563]
   190          301        0.0272418         reflect
  eval: e=0.0273  p=[0.371 0.148 0.687 0.024 0.957 0.478 0.563]
  eval: e=0.0272  p=[0.369 0.140 0.694 0.024 0.974 0.471 0.565]
   191          303        0.0272293         contract inside
  eval: e=0.0274  p=[0.366 0.134 0.705 0.024 0.968 0.475 0.565]
  eval: e=0.0272  p=[0.371 0.145 0.687 0.024 0.970 0.473 0.564]
   192          305        0.0272148         contract inside
  eval: e=0.0272  p=[0.367 0.138 0.696 0.024 0.973 0.474 0.564]
   193          306        0.0272148         reflect
  eval: e=0.0274  p=[0.362 0.144 0.689 0.024 0.980 0.476 0.564]
  eval: e=0.0272  p=[0.371 0.140 0.694 0.024 0.967 0.473 0.564]
   194          308         0.027204         contract inside
  eval: e=0.0272  p=[0.365 0.136 0.698 0.024 0.981 0.474 0.564]
   195          309         0.027204         reflect
  eval: e=0.0272  p=[0.372 0.139 0.692 0.024 0.975 0.470 0.564]
  eval: e=0.0272  p=[0.376 0.138 0.690 0.024 0.977 0.467 0.563]
   196          311        0.0271693         reflect
  eval: e=0.0273  p=[0.367 0.139 0.697 0.024 0.979 0.472 0.564]
  eval: e=0.0272  p=[0.369 0.140 0.693 0.024 0.972 0.473 0.564]
   197          313        0.0271693         contract inside
  eval: e=0.0273  p=[0.374 0.140 0.690 0.024 0.968 0.470 0.565]
  eval: e=0.0272  p=[0.367 0.140 0.695 0.024 0.976 0.474 0.564]
   198          315        0.0271693         contract inside
  eval: e=0.0272  p=[0.372 0.142 0.691 0.024 0.974 0.471 0.564]
  eval: e=0.0272  p=[0.370 0.141 0.692 0.024 0.974 0.472 0.564]
   199          317        0.0271693         contract outside
  eval: e=0.0271  p=[0.369 0.141 0.692 0.024 0.973 0.474 0.563]
  eval: e=0.0272  p=[0.369 0.141 0.692 0.024 0.972 0.475 0.563]
   200          319         0.027147         reflect
  eval: e=0.0273  p=[0.375 0.145 0.686 0.024 0.963 0.472 0.564]
  eval: e=0.0272  p=[0.367 0.139 0.695 0.024 0.977 0.473 0.564]
   201          321         0.027147         contract inside
  eval: e=0.0272  p=[0.368 0.135 0.700 0.024 0.977 0.473 0.564]
   202          322         0.027147         reflect
  eval: e=0.0272  p=[0.367 0.139 0.694 0.024 0.982 0.473 0.563]
   203          323         0.027147         reflect
  eval: e=0.0272  p=[0.368 0.137 0.696 0.024 0.981 0.472 0.563]
   204          324         0.027147         reflect
  eval: e=0.0272  p=[0.371 0.139 0.695 0.024 0.969 0.472 0.564]
  eval: e=0.0272  p=[0.368 0.139 0.694 0.024 0.979 0.472 0.564]
   205          326         0.027147         contract inside
  eval: e=0.0272  p=[0.367 0.136 0.698 0.024 0.980 0.473 0.563]
   206          327         0.027147         reflect
  eval: e=0.0271  p=[0.370 0.136 0.696 0.024 0.979 0.471 0.563]
  eval: e=0.0272  p=[0.372 0.134 0.696 0.024 0.980 0.470 0.563]
   207          329        0.0271413         reflect
  eval: e=0.0272  p=[0.370 0.141 0.690 0.024 0.978 0.472 0.563]
   208          330        0.0271413         reflect
  eval: e=0.0271  p=[0.371 0.138 0.693 0.024 0.979 0.471 0.563]
  eval: e=0.0271  p=[0.373 0.138 0.692 0.024 0.980 0.470 0.562]
   209          332        0.0271095         expand
  eval: e=0.0271  p=[0.370 0.135 0.699 0.024 0.978 0.472 0.563]
   210          333        0.0271095         reflect
  eval: e=0.0272  p=[0.371 0.138 0.693 0.024 0.974 0.472 0.563]
   211          334        0.0271095         reflect
  eval: e=0.0272  p=[0.367 0.136 0.698 0.024 0.980 0.474 0.562]
   212          335        0.0271095         reflect
  eval: e=0.0271  p=[0.371 0.135 0.697 0.024 0.976 0.472 0.562]
   213          336        0.0271095         reflect
  eval: e=0.0271  p=[0.374 0.138 0.693 0.024 0.974 0.471 0.562]
  eval: e=0.0271  p=[0.378 0.139 0.690 0.024 0.971 0.470 0.562]
   214          338        0.0271057         reflect
  eval: e=0.0271  p=[0.370 0.136 0.697 0.024 0.979 0.472 0.562]
  eval: e=0.0271  p=[0.369 0.135 0.699 0.024 0.982 0.472 0.562]
   215          340        0.0270941         reflect
  eval: e=0.0271  p=[0.375 0.138 0.692 0.024 0.974 0.470 0.563]
   216          341        0.0270941         reflect
  eval: e=0.0271  p=[0.374 0.140 0.689 0.024 0.975 0.471 0.562]
   217          342        0.0270941         reflect
  eval: e=0.0271  p=[0.376 0.134 0.695 0.024 0.981 0.468 0.561]
   218          343        0.0270941         reflect
  eval: e=0.0271  p=[0.376 0.138 0.691 0.024 0.975 0.470 0.561]
  eval: e=0.0271  p=[0.379 0.139 0.689 0.024 0.974 0.469 0.560]
   219          345        0.0270519         expand
  eval: e=0.0271  p=[0.373 0.137 0.694 0.024 0.980 0.472 0.561]
   220          346        0.0270519         reflect
  eval: e=0.0271  p=[0.377 0.140 0.689 0.024 0.979 0.469 0.561]
   221          347        0.0270519         reflect
  eval: e=0.0270  p=[0.377 0.137 0.692 0.024 0.975 0.470 0.561]
  eval: e=0.0270  p=[0.378 0.137 0.692 0.024 0.973 0.470 0.560]
   222          349         0.027037         expand
  eval: e=0.0270  p=[0.377 0.137 0.692 0.024 0.980 0.470 0.560]
  eval: e=0.0270  p=[0.378 0.137 0.691 0.024 0.983 0.469 0.559]
   223          351        0.0269991         expand
  eval: e=0.0270  p=[0.378 0.134 0.696 0.024 0.982 0.469 0.559]
   224          352        0.0269991         reflect
  eval: e=0.0270  p=[0.377 0.140 0.690 0.024 0.976 0.472 0.559]
  eval: e=0.0269  p=[0.377 0.142 0.688 0.024 0.974 0.473 0.558]
   225          354        0.0269306         expand
  eval: e=0.0270  p=[0.375 0.135 0.696 0.024 0.976 0.472 0.559]
   226          355        0.0269306         reflect
  eval: e=0.0269  p=[0.384 0.139 0.688 0.024 0.975 0.469 0.556]
  eval: e=0.0269  p=[0.391 0.140 0.683 0.024 0.974 0.468 0.553]
   227          357        0.0269224         reflect
  eval: e=0.0270  p=[0.384 0.139 0.689 0.024 0.974 0.469 0.557]
   228          358        0.0269224         reflect
  eval: e=0.0269  p=[0.379 0.136 0.694 0.024 0.980 0.471 0.557]
  eval: e=0.0268  p=[0.379 0.134 0.697 0.024 0.983 0.472 0.555]
   229          360        0.0267806         expand
  eval: e=0.0269  p=[0.380 0.138 0.692 0.024 0.984 0.471 0.555]
   230          361        0.0267806         reflect
  eval: e=0.0268  p=[0.382 0.141 0.688 0.024 0.975 0.473 0.555]
   231          362        0.0267806         reflect
  eval: e=0.0268  p=[0.382 0.139 0.691 0.024 0.972 0.474 0.555]
   232          363        0.0267806         reflect
  eval: e=0.0268  p=[0.387 0.142 0.684 0.024 0.977 0.471 0.553]
   233          364        0.0267806         reflect
  eval: e=0.0267  p=[0.379 0.140 0.690 0.024 0.981 0.474 0.554]
  eval: e=0.0267  p=[0.377 0.141 0.691 0.024 0.984 0.477 0.552]
   234          366         0.026664         expand
  eval: e=0.0266  p=[0.386 0.136 0.692 0.024 0.983 0.471 0.551]
  eval: e=0.0265  p=[0.390 0.132 0.694 0.024 0.988 0.470 0.547]
   235          368        0.0265272         expand
  eval: e=0.0265  p=[0.381 0.138 0.694 0.024 0.985 0.476 0.550]
   236          369        0.0265272         reflect
  eval: e=0.0266  p=[0.385 0.139 0.690 0.024 0.978 0.476 0.550]
   237          370        0.0265272         reflect
  eval: e=0.0265  p=[0.383 0.137 0.691 0.024 0.991 0.473 0.549]
  eval: e=0.0265  p=[0.384 0.136 0.691 0.024 1.001 0.473 0.546]
   238          372        0.0264864         expand
  eval: e=0.0266  p=[0.378 0.132 0.700 0.024 0.993 0.477 0.549]
   239          373        0.0264864         reflect
  eval: e=0.0264  p=[0.382 0.130 0.700 0.024 1.000 0.476 0.544]
  eval: e=0.0277  p=[0.382 0.125 0.706 0.024 1.012 0.478 0.539]
   240          375        0.0264414         reflect
  eval: e=0.0262  p=[0.386 0.137 0.692 0.024 0.996 0.478 0.541]
  eval: e=0.0263  p=[0.389 0.139 0.689 0.024 1.003 0.481 0.534]
   241          377        0.0262403         reflect
  eval: e=0.0263  p=[0.391 0.129 0.698 0.024 0.999 0.473 0.541]
   242          378        0.0262403         reflect
  eval: e=0.0263  p=[0.393 0.137 0.688 0.024 0.992 0.472 0.543]
   243          379        0.0262403         reflect
  eval: e=0.0272  p=[0.389 0.129 0.697 0.024 1.011 0.473 0.540]
  eval: e=0.0264  p=[0.386 0.137 0.692 0.024 0.986 0.475 0.547]
   244          381        0.0262403         contract inside
  eval: e=0.0266  p=[0.394 0.130 0.693 0.024 1.004 0.472 0.539]
  eval: e=0.0264  p=[0.384 0.136 0.694 0.024 0.990 0.475 0.547]
   245          383        0.0262403         contract inside
  eval: e=0.0263  p=[0.383 0.137 0.693 0.024 1.002 0.479 0.541]
   246          384        0.0262403         reflect
  eval: e=0.0263  p=[0.389 0.134 0.696 0.024 0.989 0.478 0.541]
   247          385        0.0262403         reflect
  eval: e=0.0265  p=[0.388 0.132 0.697 0.024 1.005 0.477 0.538]
  eval: e=0.0264  p=[0.386 0.135 0.693 0.024 0.991 0.475 0.545]
   248          387        0.0262403         contract inside
  eval: e=0.0262  p=[0.393 0.140 0.687 0.024 0.989 0.476 0.541]
  eval: e=0.0263  p=[0.398 0.144 0.681 0.024 0.983 0.475 0.540]
   249          389        0.0262041         reflect
  eval: e=0.0261  p=[0.393 0.135 0.691 0.024 0.998 0.477 0.537]
  eval: e=0.0261  p=[0.398 0.135 0.690 0.024 1.002 0.478 0.532]
   250          391        0.0260782         reflect
  eval: e=0.0260  p=[0.393 0.135 0.691 0.024 0.999 0.477 0.537]
  eval: e=0.0262  p=[0.396 0.136 0.691 0.024 1.003 0.478 0.533]
   251          393        0.0260306         reflect
  eval: e=0.0264  p=[0.392 0.138 0.687 0.024 1.004 0.474 0.539]
  eval: e=0.0262  p=[0.390 0.135 0.694 0.024 0.993 0.477 0.541]
   252          395        0.0260306         contract inside
  eval: e=0.0263  p=[0.400 0.134 0.690 0.024 0.988 0.473 0.539]
   253          396        0.0260306         reflect
  eval: e=0.0262  p=[0.391 0.133 0.695 0.024 0.997 0.479 0.536]
   254          397        0.0260306         reflect
  eval: e=0.0261  p=[0.393 0.142 0.685 0.024 0.989 0.480 0.537]
   255          398        0.0260306         reflect
  eval: e=0.0262  p=[0.383 0.139 0.692 0.024 1.001 0.483 0.538]
   256          399        0.0260306         reflect
  eval: e=0.0260  p=[0.396 0.137 0.690 0.024 0.994 0.479 0.535]
  eval: e=0.0259  p=[0.401 0.137 0.690 0.024 0.992 0.479 0.532]
   257          401        0.0259484         expand
  eval: e=0.0259  p=[0.395 0.140 0.687 0.024 0.998 0.480 0.533]
  eval: e=0.0258  p=[0.398 0.143 0.683 0.024 1.000 0.482 0.529]
   258          403        0.0257751         expand
  eval: e=0.0261  p=[0.406 0.136 0.687 0.024 0.989 0.474 0.533]
   259          404        0.0257751         reflect
  eval: e=0.0260  p=[0.402 0.144 0.680 0.024 0.991 0.476 0.534]
   260          405        0.0257751         reflect
  eval: e=0.0258  p=[0.403 0.138 0.686 0.024 1.000 0.480 0.527]
  eval: e=0.0262  p=[0.409 0.138 0.686 0.024 1.005 0.482 0.519]
   261          407         0.025767         reflect
  eval: e=0.0261  p=[0.389 0.142 0.687 0.024 1.002 0.483 0.533]
   262          408         0.025767         reflect
  eval: e=0.0262  p=[0.401 0.136 0.689 0.024 1.005 0.478 0.529]
  eval: e=0.0260  p=[0.395 0.141 0.686 0.024 0.993 0.480 0.535]
   263          410         0.025767         contract inside
  eval: e=0.0257  p=[0.402 0.145 0.681 0.024 0.996 0.482 0.528]
  eval: e=0.0257  p=[0.406 0.150 0.676 0.024 0.995 0.484 0.523]
   264          412        0.0257336         expand
  eval: e=0.0260  p=[0.410 0.140 0.682 0.024 0.989 0.476 0.528]
   265          413        0.0257336         reflect
  eval: e=0.0258  p=[0.412 0.148 0.675 0.024 0.989 0.482 0.522]
   266          414        0.0257336         reflect
  eval: e=0.0257  p=[0.405 0.141 0.685 0.024 0.998 0.485 0.522]
  eval: e=0.0260  p=[0.406 0.140 0.688 0.024 1.001 0.489 0.517]
   267          416        0.0257281         reflect
  eval: e=0.0256  p=[0.415 0.144 0.679 0.024 0.996 0.483 0.518]
  eval: e=0.0256  p=[0.425 0.146 0.676 0.024 0.997 0.484 0.509]
   268          418        0.0256024         expand
  eval: e=0.0258  p=[0.404 0.146 0.681 0.024 1.002 0.489 0.519]
   269          419        0.0256024         reflect
  eval: e=0.0257  p=[0.414 0.152 0.671 0.024 1.002 0.489 0.511]
   270          420        0.0256024         reflect
  eval: e=0.0265  p=[0.404 0.142 0.684 0.024 1.009 0.487 0.518]
  eval: e=0.0257  p=[0.410 0.147 0.678 0.024 0.994 0.483 0.521]
   271          422        0.0256024         contract inside
  eval: e=0.0258  p=[0.414 0.144 0.678 0.024 0.994 0.479 0.522]
   272          423        0.0256024         reflect
  eval: e=0.0257  p=[0.424 0.148 0.674 0.024 0.994 0.485 0.510]
   273          424        0.0256024         reflect
  eval: e=0.0259  p=[0.424 0.155 0.667 0.024 0.993 0.488 0.507]
  eval: e=0.0256  p=[0.409 0.142 0.682 0.024 0.998 0.482 0.522]
   274          426        0.0256024         contract inside
  eval: e=0.0255  p=[0.413 0.149 0.677 0.024 1.000 0.490 0.512]
  eval: e=0.0261  p=[0.412 0.151 0.677 0.024 1.003 0.496 0.507]
   275          428        0.0255419         reflect
  eval: e=0.0258  p=[0.399 0.145 0.682 0.024 1.002 0.485 0.525]
  eval: e=0.0256  p=[0.418 0.147 0.676 0.024 0.996 0.485 0.514]
   276          430        0.0255419         contract inside
  eval: e=0.0257  p=[0.420 0.143 0.679 0.024 1.001 0.487 0.509]
   277          431        0.0255419         reflect
  eval: e=0.0256  p=[0.426 0.152 0.668 0.024 0.999 0.487 0.506]
   278          432        0.0255419         reflect
  eval: e=0.0258  p=[0.412 0.153 0.671 0.024 0.995 0.485 0.518]
  eval: e=0.0255  p=[0.418 0.146 0.677 0.024 1.000 0.486 0.511]
   279          434         0.025511         contract inside
  eval: e=0.0258  p=[0.419 0.142 0.681 0.024 0.993 0.482 0.516]
  eval: e=0.0255  p=[0.416 0.150 0.674 0.024 1.000 0.487 0.513]
   280          436        0.0254849         contract inside
  eval: e=0.0259  p=[0.426 0.148 0.674 0.024 1.003 0.489 0.504]
  eval: e=0.0256  p=[0.414 0.147 0.677 0.024 0.996 0.485 0.517]
   281          438        0.0254849         contract inside
  eval: e=0.0256  p=[0.428 0.154 0.668 0.024 0.999 0.491 0.501]
  eval: e=0.0256  p=[0.414 0.145 0.678 0.024 0.998 0.484 0.517]
   282          440        0.0254849         contract inside
  eval: e=0.0256  p=[0.418 0.148 0.675 0.024 1.002 0.487 0.511]
  eval: e=0.0255  p=[0.418 0.148 0.675 0.024 1.000 0.487 0.511]
   283          442        0.0254849         contract outside
  eval: e=0.0256  p=[0.409 0.150 0.675 0.024 1.001 0.489 0.515]
  eval: e=0.0255  p=[0.421 0.147 0.675 0.024 0.998 0.485 0.511]
   284          444        0.0254849         contract inside
  eval: e=0.0257  p=[0.422 0.149 0.673 0.024 1.002 0.489 0.506]
  eval: e=0.0255  p=[0.416 0.148 0.676 0.024 0.998 0.486 0.514]
   285          446        0.0254849         contract inside
  eval: e=0.0256  p=[0.407 0.143 0.684 0.024 0.999 0.486 0.520]
  eval: e=0.0255  p=[0.421 0.150 0.672 0.024 0.999 0.487 0.509]
   286          448        0.0254849         contract inside
  eval: e=0.0256  p=[0.421 0.151 0.672 0.024 1.001 0.489 0.507]
  eval: e=0.0255  p=[0.419 0.149 0.674 0.024 1.000 0.488 0.509]
   287          450        0.0254812         contract outside
  eval: e=0.0256  p=[0.420 0.149 0.674 0.024 1.001 0.489 0.508]
  eval: e=0.0255  p=[0.417 0.148 0.675 0.024 0.999 0.486 0.513]
   288          452        0.0254812         contract inside
  eval: e=0.0255  p=[0.425 0.147 0.672 0.024 0.999 0.483 0.510]
   289          453        0.0254812         reflect
  eval: e=0.0256  p=[0.418 0.149 0.673 0.024 1.001 0.487 0.511]
  eval: e=0.0255  p=[0.420 0.148 0.675 0.024 0.999 0.486 0.511]
   290          455        0.0254812         contract inside
  eval: e=0.0256  p=[0.412 0.149 0.677 0.024 1.000 0.490 0.512]
  eval: e=0.0255  p=[0.422 0.148 0.673 0.024 0.999 0.485 0.511]
   291          457        0.0254812         contract inside
  eval: e=0.0255  p=[0.421 0.149 0.673 0.024 1.000 0.487 0.509]
  eval: e=0.0255  p=[0.420 0.148 0.674 0.024 1.000 0.487 0.510]
   292          459        0.0254746         contract outside
  eval: e=0.0255  p=[0.420 0.152 0.670 0.024 1.000 0.487 0.510]
  eval: e=0.0255  p=[0.419 0.147 0.676 0.024 1.000 0.486 0.511]
   293          461        0.0254746         contract inside
  eval: e=0.0255  p=[0.419 0.150 0.673 0.024 1.001 0.487 0.510]
  eval: e=0.0255  p=[0.420 0.148 0.674 0.024 0.999 0.486 0.511]
   294          463        0.0254746         contract inside
  eval: e=0.0255  p=[0.417 0.147 0.676 0.024 1.000 0.486 0.512]
  eval: e=0.0255  p=[0.420 0.149 0.673 0.024 1.000 0.487 0.510]
   295          465        0.0254746         contract inside
  eval: e=0.0255  p=[0.416 0.149 0.675 0.024 1.000 0.489 0.511]
  eval: e=0.0255  p=[0.420 0.148 0.674 0.024 0.999 0.486 0.511]
   296          467        0.0254746         contract inside
  eval: e=0.0255  p=[0.418 0.149 0.674 0.024 1.000 0.487 0.511]
  eval: e=0.0255  p=[0.419 0.148 0.674 0.024 1.000 0.487 0.511]
   297          469        0.0254746         contract inside
  eval: e=0.0255  p=[0.420 0.149 0.673 0.024 0.999 0.487 0.510]
  eval: e=0.0255  p=[0.418 0.148 0.674 0.024 1.000 0.487 0.511]
   298          471        0.0254745         contract inside
  eval: e=0.0255  p=[0.419 0.150 0.672 0.024 1.000 0.487 0.510]
   299          472        0.0254745         reflect
  eval: e=0.0255  p=[0.418 0.149 0.674 0.024 1.000 0.487 0.511]
  eval: e=0.0255  p=[0.419 0.149 0.673 0.024 1.000 0.487 0.510]
   300          474        0.0254745         contract inside
  eval: e=0.0255  p=[0.417 0.150 0.673 0.024 1.000 0.488 0.510]
  eval: e=0.0255  p=[0.419 0.149 0.674 0.024 1.000 0.486 0.511]
   301          476        0.0254745         contract inside
  eval: e=0.0255  p=[0.418 0.150 0.673 0.024 1.000 0.487 0.510]
  eval: e=0.0255  p=[0.419 0.149 0.674 0.024 1.000 0.487 0.511]
   302          478        0.0254745         contract inside
  eval: e=0.0255  p=[0.423 0.148 0.673 0.024 1.000 0.487 0.508]
  eval: e=0.0255  p=[0.417 0.149 0.674 0.024 1.000 0.487 0.511]
   303          480        0.0254745         contract inside
  eval: e=0.0255  p=[0.419 0.149 0.674 0.024 1.000 0.487 0.510]
  eval: e=0.0255  p=[0.419 0.149 0.673 0.024 1.000 0.487 0.510]
   304          482        0.0254745         contract inside
  eval: e=0.0255  p=[0.419 0.147 0.675 0.024 1.000 0.487 0.511]
  eval: e=0.0255  p=[0.419 0.150 0.673 0.024 1.000 0.487 0.510]
   305          484        0.0254745         contract inside
  eval: e=0.0255  p=[0.418 0.149 0.674 0.024 1.000 0.488 0.510]
  eval: e=0.0255  p=[0.419 0.149 0.674 0.024 1.000 0.487 0.510]
   306          486        0.0254745         contract inside
  eval: e=0.0255  p=[0.419 0.149 0.673 0.024 1.000 0.487 0.510]
  eval: e=0.0255  p=[0.419 0.149 0.674 0.024 1.000 0.487 0.510]
   307          488        0.0254745         contract inside
  eval: e=0.0255  p=[0.419 0.148 0.674 0.024 1.000 0.486 0.512]
  eval: e=0.0255  p=[0.419 0.149 0.674 0.024 1.000 0.487 0.510]
   308          490        0.0254745         contract inside
  eval: e=0.0255  p=[0.419 0.149 0.674 0.024 1.000 0.487 0.511]
   309          491        0.0254745         reflect
  eval: e=0.0255  p=[0.419 0.149 0.674 0.024 1.000 0.487 0.510]
  eval: e=0.0255  p=[0.419 0.149 0.674 0.024 1.000 0.487 0.510]
   310          493        0.0254745         contract inside
  eval: e=0.0255  p=[0.419 0.149 0.674 0.024 1.000 0.487 0.510]
  eval: e=0.0255  p=[0.419 0.149 0.674 0.024 1.000 0.487 0.510]
   311          495        0.0254745         contract inside
  eval: e=0.0255  p=[0.421 0.149 0.674 0.024 1.000 0.487 0.509]
   312          496        0.0254745         reflect
  eval: e=0.0255  p=[0.420 0.148 0.675 0.024 1.000 0.487 0.510]
   313          497        0.0254745         reflect
  eval: e=0.0255  p=[0.420 0.148 0.674 0.024 1.000 0.486 0.511]
  eval: e=0.0255  p=[0.420 0.147 0.675 0.024 1.000 0.485 0.511]
   314          499        0.0254731         reflect
  eval: e=0.0255  p=[0.420 0.148 0.674 0.024 1.000 0.486 0.510]
   315          500        0.0254731         reflect
  eval: e=0.0255  p=[0.420 0.148 0.675 0.024 1.000 0.486 0.510]
  eval: e=0.0255  p=[0.419 0.149 0.674 0.024 1.000 0.487 0.510]
   316          502        0.0254731         contract inside
  eval: e=0.0255  p=[0.421 0.148 0.675 0.024 1.000 0.486 0.510]
   317          503        0.0254731         reflect
  eval: e=0.0255  p=[0.420 0.149 0.674 0.024 1.000 0.486 0.510]
   318          504        0.0254731         reflect
  eval: e=0.0255  p=[0.419 0.149 0.673 0.024 1.000 0.487 0.510]
  eval: e=0.0255  p=[0.420 0.148 0.674 0.024 1.000 0.486 0.510]
   319          506        0.0254731         contract inside
  eval: e=0.0255  p=[0.419 0.149 0.674 0.024 1.000 0.487 0.510]
  eval: e=0.0255  p=[0.420 0.148 0.674 0.024 1.000 0.486 0.510]
   320          508        0.0254731         contract inside
  eval: e=0.0255  p=[0.420 0.148 0.674 0.024 1.000 0.486 0.510]
   321          509        0.0254731         reflect
  eval: e=0.0255  p=[0.420 0.148 0.674 0.024 1.000 0.486 0.510]
  eval: e=0.0255  p=[0.420 0.148 0.674 0.024 1.000 0.486 0.510]
   322          511        0.0254731         contract inside
  eval: e=0.0255  p=[0.419 0.148 0.674 0.024 1.000 0.486 0.511]
  eval: e=0.0255  p=[0.420 0.148 0.674 0.024 1.000 0.487 0.510]
   323          513        0.0254731         contract inside
  eval: e=0.0255  p=[0.420 0.148 0.675 0.024 1.000 0.486 0.511]
   324          514        0.0254731         reflect
  eval: e=0.0255  p=[0.422 0.148 0.674 0.024 1.000 0.486 0.509]
   325          515        0.0254731         reflect
  eval: e=0.0255  p=[0.420 0.147 0.675 0.024 1.000 0.486 0.510]
  eval: e=0.0255  p=[0.420 0.148 0.674 0.024 1.000 0.486 0.510]
   326          517        0.0254731         contract inside
  eval: e=0.0255  p=[0.418 0.148 0.675 0.024 1.000 0.487 0.511]
  eval: e=0.0255  p=[0.421 0.148 0.674 0.024 1.000 0.486 0.510]
   327          519        0.0254731         contract inside
  eval: e=0.0255  p=[0.420 0.148 0.674 0.024 1.000 0.486 0.510]
  eval: e=0.0255  p=[0.420 0.148 0.674 0.024 1.000 0.486 0.510]
   328          521        0.0254721         reflect
  eval: e=0.0255  p=[0.421 0.148 0.674 0.024 1.000 0.486 0.509]
  eval: e=0.0255  p=[0.420 0.148 0.674 0.024 1.000 0.486 0.510]
   329          523        0.0254721         contract inside
  eval: e=0.0255  p=[0.420 0.148 0.674 0.024 1.000 0.486 0.511]
   330          524        0.0254721         reflect
  eval: e=0.0255  p=[0.420 0.147 0.675 0.024 1.000 0.486 0.510]
  eval: e=0.0255  p=[0.420 0.148 0.674 0.024 1.000 0.486 0.510]
   331          526        0.0254721         contract inside
  eval: e=0.0255  p=[0.419 0.148 0.675 0.024 1.000 0.486 0.511]
  eval: e=0.0255  p=[0.420 0.148 0.674 0.024 1.000 0.486 0.510]
   332          528        0.0254721         contract inside
  eval: e=0.0255  p=[0.420 0.148 0.674 0.024 1.000 0.486 0.510]
  eval: e=0.0255  p=[0.420 0.148 0.674 0.024 1.000 0.486 0.510]
   333          530        0.0254721         contract inside
  eval: e=0.0255  p=[0.420 0.148 0.674 0.024 1.000 0.486 0.511]
  eval: e=0.0255  p=[0.420 0.148 0.674 0.024 1.000 0.486 0.510]
   334          532        0.0254721         contract inside
  eval: e=0.0255  p=[0.420 0.148 0.674 0.024 1.000 0.486 0.511]
   335          533        0.0254721         reflect
  eval: e=0.0255  p=[0.421 0.148 0.674 0.024 1.000 0.486 0.510]
   336          534        0.0254721         reflect
  eval: e=0.0255  p=[0.420 0.148 0.674 0.024 1.000 0.486 0.510]
  eval: e=0.0255  p=[0.421 0.147 0.675 0.024 1.000 0.486 0.510]
   337          536         0.025472         reflect
  eval: e=0.0255  p=[0.420 0.148 0.674 0.024 1.000 0.486 0.510]
  eval: e=0.0255  p=[0.420 0.148 0.675 0.024 1.000 0.486 0.511]
   338          538        0.0254718         reflect
  eval: e=0.0255  p=[0.421 0.148 0.674 0.024 1.000 0.486 0.510]
   339          539        0.0254718         reflect
  eval: e=0.0255  p=[0.421 0.148 0.674 0.024 1.000 0.486 0.510]
  eval: e=0.0255  p=[0.421 0.148 0.674 0.024 1.000 0.486 0.510]
   340          541        0.0254717         expand
  eval: e=0.0255  p=[0.420 0.148 0.674 0.024 1.000 0.486 0.510]
  eval: e=0.0255  p=[0.421 0.148 0.674 0.024 1.000 0.486 0.510]
   341          543        0.0254717         contract inside
  eval: e=0.0255  p=[0.421 0.148 0.674 0.024 1.000 0.486 0.510]
   342          544        0.0254717         reflect
  eval: e=0.0255  p=[0.420 0.148 0.674 0.024 1.000 0.486 0.510]
  eval: e=0.0255  p=[0.421 0.148 0.674 0.024 1.000 0.486 0.510]
   343          546        0.0254717         contract inside
  eval: e=0.0255  p=[0.421 0.148 0.674 0.024 1.000 0.486 0.510]
  eval: e=0.0255  p=[0.421 0.148 0.674 0.024 1.000 0.486 0.510]
   344          548        0.0254713         expand
  eval: e=0.0255  p=[0.421 0.148 0.674 0.024 1.000 0.486 0.510]
   345          549        0.0254713         reflect
  eval: e=0.0255  p=[0.421 0.148 0.674 0.024 1.000 0.486 0.510]
   346          550        0.0254713         reflect
  eval: e=0.0255  p=[0.421 0.148 0.674 0.024 1.000 0.486 0.510]
  eval: e=0.0255  p=[0.421 0.148 0.674 0.024 1.000 0.486 0.509]
   347          552        0.0254711         reflect
  eval: e=0.0255  p=[0.421 0.148 0.674 0.024 1.000 0.486 0.510]
   348          553        0.0254711         reflect
  eval: e=0.0255  p=[0.422 0.148 0.674 0.024 1.000 0.486 0.509]
  eval: e=0.0255  p=[0.421 0.148 0.674 0.024 1.000 0.486 0.510]
   349          555        0.0254711         contract inside
  eval: e=0.0255  p=[0.421 0.148 0.674 0.024 1.000 0.486 0.510]
  eval: e=0.0255  p=[0.422 0.148 0.674 0.024 1.000 0.486 0.509]
   350          557        0.0254709         reflect
  eval: e=0.0255  p=[0.421 0.147 0.675 0.024 1.000 0.486 0.510]
   351          558        0.0254709         reflect
  eval: e=0.0255  p=[0.421 0.148 0.674 0.024 1.000 0.486 0.510]
  eval: e=0.0255  p=[0.421 0.148 0.674 0.024 1.000 0.486 0.510]
   352          560        0.0254709         contract outside
  eval: e=0.0255  p=[0.421 0.148 0.674 0.024 1.000 0.486 0.510]
  eval: e=0.0255  p=[0.421 0.148 0.674 0.024 1.000 0.486 0.510]
   353          562        0.0254707         expand
  eval: e=0.0255  p=[0.421 0.148 0.674 0.024 1.000 0.486 0.510]
  eval: e=0.0255  p=[0.421 0.148 0.674 0.024 1.000 0.486 0.510]
   354          564        0.0254704         expand
  eval: e=0.0255  p=[0.421 0.148 0.674 0.024 1.000 0.486 0.510]
   355          565        0.0254704         reflect
  eval: e=0.0255  p=[0.421 0.148 0.674 0.024 1.000 0.486 0.510]
   356          566        0.0254704         reflect
  eval: e=0.0255  p=[0.421 0.148 0.674 0.024 1.000 0.486 0.510]
  eval: e=0.0255  p=[0.421 0.148 0.674 0.024 1.000 0.486 0.510]
   357          568        0.0254696         expand
  eval: e=0.0255  p=[0.421 0.148 0.674 0.024 1.000 0.486 0.510]
   358          569        0.0254696         reflect
  eval: e=0.0255  p=[0.421 0.148 0.674 0.024 1.000 0.486 0.510]
   359          570        0.0254696         reflect
  eval: e=0.0255  p=[0.421 0.148 0.674 0.024 1.000 0.486 0.510]
   360          571        0.0254696         reflect
  eval: e=0.0255  p=[0.421 0.147 0.675 0.024 1.000 0.485 0.511]
   361          572        0.0254696         reflect
  eval: e=0.0255  p=[0.420 0.148 0.674 0.024 1.000 0.486 0.511]
   362          573        0.0254696         reflect
  eval: e=0.0255  p=[0.421 0.148 0.674 0.024 1.000 0.486 0.510]
   363          574        0.0254696         reflect
  eval: e=0.0255  p=[0.421 0.148 0.674 0.024 1.000 0.486 0.510]
  eval: e=0.0255  p=[0.421 0.148 0.674 0.024 1.000 0.486 0.510]
   364          576        0.0254693         reflect
  eval: e=0.0255  p=[0.421 0.147 0.675 0.024 1.000 0.485 0.511]
  eval: e=0.0255  p=[0.421 0.148 0.674 0.024 1.000 0.486 0.510]
   365          578        0.0254693         contract inside
  eval: e=0.0255  p=[0.420 0.148 0.674 0.024 1.000 0.486 0.511]
   366          579        0.0254693         reflect
  eval: e=0.0255  p=[0.421 0.148 0.674 0.024 1.000 0.486 0.510]
   367          580        0.0254693         reflect
  eval: e=0.0255  p=[0.420 0.148 0.674 0.024 1.000 0.486 0.510]
   368          581        0.0254693         reflect
  eval: e=0.0255  p=[0.421 0.148 0.674 0.024 1.000 0.486 0.510]
   369          582        0.0254693         reflect
  eval: e=0.0255  p=[0.420 0.148 0.674 0.024 1.000 0.486 0.511]
  eval: e=0.0255  p=[0.421 0.148 0.674 0.024 1.000 0.486 0.510]
   370          584        0.0254693         contract inside
  eval: e=0.0255  p=[0.421 0.148 0.674 0.024 1.000 0.486 0.510]
   371          585        0.0254693         reflect
  eval: e=0.0255  p=[0.421 0.148 0.674 0.024 1.000 0.486 0.510]
  eval: e=0.0255  p=[0.420 0.148 0.674 0.024 1.000 0.486 0.510]
   372          587        0.0254693         contract inside
  eval: e=0.0255  p=[0.421 0.148 0.674 0.024 1.000 0.486 0.510]
  eval: e=0.0255  p=[0.421 0.148 0.674 0.024 1.000 0.486 0.510]
   373          589        0.0254691         contract inside
  eval: e=0.0255  p=[0.420 0.148 0.674 0.024 1.000 0.486 0.510]
   374          590        0.0254691         reflect
  eval: e=0.0255  p=[0.421 0.148 0.674 0.024 1.000 0.486 0.510]
   375          591        0.0254691         reflect
  eval: e=0.0255  p=[0.421 0.148 0.674 0.024 1.000 0.486 0.510]
   376          592        0.0254691         reflect
  eval: e=0.0255  p=[0.421 0.148 0.674 0.024 1.000 0.486 0.510]
   377          593        0.0254691         reflect
  eval: e=0.0255  p=[0.421 0.148 0.674 0.024 1.000 0.486 0.510]
   378          594        0.0254691         reflect
  eval: e=0.0255  p=[0.420 0.148 0.674 0.024 1.000 0.486 0.510]
   379          595        0.0254691         reflect
  eval: e=0.0255  p=[0.421 0.148 0.674 0.024 1.000 0.486 0.510]
   380          596        0.0254691         reflect
  eval: e=0.0255  p=[0.420 0.148 0.674 0.024 1.000 0.486 0.510]
  eval: e=0.0255  p=[0.420 0.148 0.674 0.024 1.000 0.486 0.511]
   381          598        0.0254691         reflect
  eval: e=0.0255  p=[0.421 0.148 0.674 0.024 1.000 0.486 0.510]
  eval: e=0.0255  p=[0.421 0.148 0.674 0.024 1.000 0.486 0.510]
   382          600        0.0254691         contract outside
  eval: e=0.0255  p=[0.421 0.148 0.674 0.024 1.000 0.486 0.510]
  eval: e=0.0255  p=[0.421 0.148 0.674 0.024 1.000 0.486 0.510]
   383          602        0.0254691         contract inside
  eval: e=0.0255  p=[0.421 0.148 0.674 0.024 1.000 0.486 0.510]
   384          603        0.0254691         reflect
  eval: e=0.0255  p=[0.421 0.148 0.674 0.024 1.000 0.486 0.510]
  eval: e=0.0255  p=[0.421 0.148 0.674 0.024 1.000 0.486 0.510]
   385          605         0.025469         expand
  eval: e=0.0255  p=[0.420 0.148 0.674 0.024 1.000 0.486 0.511]
  eval: e=0.0255  p=[0.421 0.148 0.674 0.024 1.000 0.486 0.510]
   386          607         0.025469         contract inside
  eval: e=0.0255  p=[0.421 0.148 0.674 0.024 1.000 0.486 0.510]
  eval: e=0.0255  p=[0.421 0.148 0.675 0.024 1.000 0.486 0.510]
   387          609         0.025469         reflect
  eval: e=0.0255  p=[0.420 0.148 0.674 0.024 1.000 0.486 0.510]
  eval: e=0.0255  p=[0.420 0.148 0.674 0.024 1.000 0.486 0.511]
   388          611        0.0254687         expand
  eval: e=0.0255  p=[0.420 0.148 0.674 0.024 1.000 0.486 0.510]
   389          612        0.0254687         reflect
  eval: e=0.0255  p=[0.420 0.148 0.674 0.024 1.000 0.486 0.511]
   390          613        0.0254687         reflect
  eval: e=0.0255  p=[0.420 0.148 0.674 0.024 1.000 0.486 0.511]
  eval: e=0.0255  p=[0.420 0.148 0.674 0.024 1.000 0.486 0.511]
   391          615        0.0254684         expand
  eval: e=0.0255  p=[0.421 0.148 0.674 0.024 1.000 0.486 0.510]
   392          616        0.0254684         reflect
  eval: e=0.0255  p=[0.420 0.148 0.675 0.024 1.000 0.486 0.511]
  eval: e=0.0255  p=[0.420 0.148 0.675 0.024 1.000 0.485 0.511]
   393          618        0.0254683         expand
  eval: e=0.0255  p=[0.420 0.148 0.674 0.024 1.000 0.486 0.511]
   394          619        0.0254683         reflect
  eval: e=0.0255  p=[0.420 0.148 0.675 0.024 1.000 0.486 0.511]
   395          620        0.0254683         reflect
  eval: e=0.0255  p=[0.420 0.148 0.675 0.024 1.000 0.486 0.511]
  eval: e=0.0255  p=[0.419 0.148 0.675 0.024 1.000 0.486 0.511]
   396          622        0.0254682         reflect
  eval: e=0.0255  p=[0.420 0.148 0.675 0.024 1.000 0.486 0.511]
  eval: e=0.0255  p=[0.419 0.148 0.675 0.024 1.000 0.485 0.511]
   397          624        0.0254682         reflect
  eval: e=0.0255  p=[0.420 0.148 0.675 0.024 1.000 0.485 0.511]
  eval: e=0.0255  p=[0.420 0.148 0.675 0.024 1.000 0.485 0.511]
   398          626        0.0254681         reflect
  eval: e=0.0255  p=[0.420 0.148 0.675 0.024 1.000 0.486 0.511]
  eval: e=0.0255  p=[0.419 0.148 0.675 0.024 1.000 0.485 0.512]
   399          628        0.0254679         reflect
  eval: e=0.0255  p=[0.419 0.148 0.675 0.024 1.000 0.485 0.512]
   400          629        0.0254679         reflect
  eval: e=0.0255  p=[0.419 0.148 0.675 0.024 1.000 0.485 0.512]
  eval: e=0.0255  p=[0.420 0.148 0.675 0.024 1.000 0.486 0.511]
   401          631        0.0254679         contract inside
  eval: e=0.0255  p=[0.419 0.148 0.675 0.024 1.000 0.485 0.512]
   402          632        0.0254679         reflect
  eval: e=0.0255  p=[0.420 0.148 0.675 0.024 1.000 0.486 0.511]
  eval: e=0.0255  p=[0.419 0.148 0.675 0.024 1.000 0.486 0.511]
   403          634        0.0254679         reflect
  eval: e=0.0255  p=[0.419 0.147 0.675 0.024 1.000 0.485 0.512]
  eval: e=0.0255  p=[0.419 0.147 0.675 0.024 1.000 0.485 0.512]
   404          636        0.0254678         reflect
  eval: e=0.0255  p=[0.419 0.147 0.675 0.024 1.000 0.485 0.512]
   405          637        0.0254678         reflect
  eval: e=0.0255  p=[0.420 0.148 0.675 0.024 1.000 0.486 0.511]
  eval: e=0.0255  p=[0.420 0.148 0.675 0.024 1.000 0.486 0.511]
   406          639        0.0254676         reflect
  eval: e=0.0255  p=[0.419 0.148 0.675 0.024 1.000 0.486 0.511]
  eval: e=0.0255  p=[0.420 0.148 0.675 0.024 1.000 0.485 0.511]
   407          641        0.0254676         contract inside
  eval: e=0.0255  p=[0.420 0.148 0.675 0.024 1.000 0.486 0.511]
   408          642        0.0254676         reflect
  eval: e=0.0255  p=[0.420 0.148 0.675 0.024 1.000 0.486 0.511]
  eval: e=0.0255  p=[0.419 0.148 0.675 0.024 1.000 0.485 0.511]
   409          644        0.0254676         contract inside
  eval: e=0.0255  p=[0.419 0.148 0.675 0.024 1.000 0.485 0.511]
   410          645        0.0254676         reflect
  eval: e=0.0255  p=[0.420 0.148 0.675 0.024 1.000 0.485 0.511]
   411          646        0.0254676         reflect
  eval: e=0.0255  p=[0.420 0.147 0.675 0.024 1.000 0.485 0.511]
   412          647        0.0254676         reflect
  eval: e=0.0255  p=[0.419 0.147 0.675 0.024 1.000 0.485 0.512]
   413          648        0.0254676         reflect
  eval: e=0.0255  p=[0.419 0.147 0.675 0.024 1.000 0.485 0.511]
  eval: e=0.0255  p=[0.419 0.147 0.675 0.024 1.000 0.485 0.512]
   414          650        0.0254673         expand
  eval: e=0.0255  p=[0.420 0.148 0.675 0.024 1.000 0.486 0.511]
   415          651        0.0254673         reflect
  eval: e=0.0255  p=[0.420 0.148 0.675 0.024 1.000 0.486 0.511]
  eval: e=0.0255  p=[0.419 0.147 0.675 0.024 1.000 0.485 0.512]
   416          653        0.0254673         contract inside
  eval: e=0.0255  p=[0.419 0.147 0.675 0.024 1.000 0.485 0.511]
   417          654        0.0254673         reflect
  eval: e=0.0255  p=[0.420 0.147 0.675 0.024 1.000 0.485 0.511]
   418          655        0.0254673         reflect
  eval: e=0.0255  p=[0.420 0.147 0.675 0.024 1.000 0.485 0.511]
  eval: e=0.0255  p=[0.420 0.147 0.675 0.024 1.000 0.485 0.511]
   419          657        0.0254672         reflect
  eval: e=0.0255  p=[0.420 0.147 0.675 0.024 1.000 0.485 0.511]
   420          658        0.0254672         reflect
  eval: e=0.0255  p=[0.420 0.147 0.675 0.024 1.000 0.486 0.511]
  eval: e=0.0255  p=[0.420 0.147 0.675 0.024 1.000 0.486 0.511]
   421          660        0.0254672         reflect
  eval: e=0.0255  p=[0.420 0.147 0.675 0.024 1.000 0.486 0.511]
  eval: e=0.0255  p=[0.419 0.148 0.675 0.024 1.000 0.486 0.511]
   422          662        0.0254669         expand
  eval: e=0.0255  p=[0.419 0.147 0.675 0.024 1.000 0.485 0.511]
   423          663        0.0254669         reflect
  eval: e=0.0255  p=[0.420 0.147 0.675 0.024 1.000 0.485 0.511]
  eval: e=0.0255  p=[0.420 0.147 0.675 0.024 1.000 0.485 0.511]
   424          665        0.0254669         contract inside
  eval: e=0.0255  p=[0.419 0.147 0.675 0.024 1.000 0.485 0.511]
   425          666        0.0254669         reflect
  eval: e=0.0255  p=[0.419 0.147 0.675 0.024 1.000 0.485 0.511]
   426          667        0.0254669         reflect
  eval: e=0.0255  p=[0.420 0.147 0.675 0.024 1.000 0.486 0.511]
   427          668        0.0254669         reflect
  eval: e=0.0255  p=[0.420 0.147 0.675 0.024 1.000 0.486 0.511]
   428          669        0.0254669         reflect
  eval: e=0.0255  p=[0.420 0.147 0.675 0.024 1.000 0.486 0.511]
  eval: e=0.0255  p=[0.420 0.147 0.675 0.024 1.000 0.486 0.511]
   429          671        0.0254666         reflect
  eval: e=0.0255  p=[0.420 0.147 0.675 0.024 1.000 0.486 0.511]
   430          672        0.0254666         reflect
  eval: e=0.0255  p=[0.419 0.147 0.675 0.024 1.000 0.486 0.512]
  eval: e=0.0255  p=[0.419 0.147 0.676 0.024 1.000 0.486 0.512]
   431          674        0.0254664         expand
  eval: e=0.0255  p=[0.419 0.147 0.676 0.024 1.000 0.485 0.512]
   432          675        0.0254664         reflect
  eval: e=0.0255  p=[0.419 0.147 0.676 0.024 1.000 0.485 0.512]
   433          676        0.0254664         reflect
  eval: e=0.0255  p=[0.419 0.147 0.675 0.024 1.000 0.486 0.511]
   434          677        0.0254664         reflect
  eval: e=0.0255  p=[0.419 0.147 0.676 0.024 1.000 0.485 0.512]
   435          678        0.0254664         reflect
  eval: e=0.0255  p=[0.419 0.147 0.676 0.024 1.000 0.486 0.512]
  eval: e=0.0255  p=[0.418 0.147 0.676 0.024 1.000 0.486 0.512]
   436          680        0.0254662         expand
  eval: e=0.0255  p=[0.418 0.147 0.676 0.024 1.000 0.485 0.512]
   437          681        0.0254662         reflect
  eval: e=0.0255  p=[0.419 0.147 0.676 0.024 1.000 0.486 0.512]
   438          682        0.0254662         reflect
  eval: e=0.0255  p=[0.419 0.147 0.676 0.024 1.000 0.486 0.512]
  eval: e=0.0255  p=[0.418 0.147 0.676 0.024 1.000 0.486 0.512]
   439          684        0.0254659         expand
  eval: e=0.0255  p=[0.418 0.147 0.676 0.024 1.000 0.486 0.512]
   440          685        0.0254659         reflect
  eval: e=0.0255  p=[0.418 0.147 0.676 0.024 1.000 0.486 0.512]
   441          686        0.0254659         reflect
  eval: e=0.0255  p=[0.419 0.147 0.675 0.024 1.000 0.486 0.511]
   442          687        0.0254659         reflect
  eval: e=0.0255  p=[0.418 0.147 0.676 0.024 1.000 0.486 0.512]
   443          688        0.0254659         reflect
  eval: e=0.0255  p=[0.418 0.147 0.676 0.024 1.000 0.486 0.512]
  eval: e=0.0255  p=[0.418 0.147 0.676 0.024 1.000 0.486 0.512]
   444          690        0.0254658         reflect
  eval: e=0.0255  p=[0.417 0.147 0.676 0.024 1.000 0.486 0.513]
  eval: e=0.0255  p=[0.419 0.147 0.676 0.024 1.000 0.486 0.512]
   445          692        0.0254658         contract inside
  eval: e=0.0255  p=[0.418 0.148 0.676 0.024 1.000 0.486 0.512]
  eval: e=0.0255  p=[0.418 0.147 0.676 0.024 1.000 0.486 0.512]
   446          694        0.0254658         contract outside
  eval: e=0.0255  p=[0.418 0.147 0.676 0.024 1.000 0.486 0.512]
   447          695        0.0254658         reflect
  eval: e=0.0255  p=[0.418 0.147 0.676 0.024 1.000 0.486 0.512]
   448          696        0.0254658         reflect
  eval: e=0.0255  p=[0.418 0.147 0.676 0.024 1.000 0.486 0.512]
  eval: e=0.0255  p=[0.419 0.147 0.676 0.024 1.000 0.486 0.512]
   449          698        0.0254658         contract inside
  eval: e=0.0255  p=[0.419 0.148 0.676 0.024 1.000 0.486 0.511]
  eval: e=0.0255  p=[0.418 0.147 0.676 0.024 1.000 0.486 0.512]
   450          700        0.0254658         contract inside
  eval: e=0.0255  p=[0.418 0.147 0.676 0.024 1.000 0.486 0.512]
   451          701        0.0254658         reflect
  eval: e=0.0255  p=[0.418 0.147 0.676 0.024 1.000 0.486 0.512]
   452          702        0.0254658         reflect
  eval: e=0.0255  p=[0.418 0.147 0.676 0.024 1.000 0.486 0.512]
   453          703        0.0254658         reflect
  eval: e=0.0255  p=[0.418 0.147 0.676 0.024 1.000 0.486 0.512]
  eval: e=0.0255  p=[0.418 0.147 0.676 0.024 1.000 0.486 0.512]
   454          705        0.0254658         reflect
  eval: e=0.0255  p=[0.418 0.147 0.676 0.024 1.000 0.486 0.512]
  eval: e=0.0255  p=[0.419 0.147 0.676 0.024 1.000 0.486 0.512]
   455          707        0.0254656         reflect
  eval: e=0.0255  p=[0.418 0.147 0.676 0.024 1.000 0.486 0.512]
   456          708        0.0254656         reflect
  eval: e=0.0255  p=[0.418 0.147 0.676 0.024 1.000 0.486 0.512]
  eval: e=0.0255  p=[0.418 0.147 0.676 0.024 1.000 0.486 0.512]
   457          710        0.0254656         reflect
  eval: e=0.0255  p=[0.418 0.147 0.676 0.024 1.000 0.486 0.512]
   458          711        0.0254656         reflect
  eval: e=0.0255  p=[0.418 0.147 0.676 0.024 1.000 0.486 0.512]
   459          712        0.0254656         reflect
  eval: e=0.0255  p=[0.418 0.147 0.676 0.024 1.000 0.486 0.512]
   460          713        0.0254656         reflect
  eval: e=0.0255  p=[0.418 0.147 0.676 0.024 1.000 0.486 0.512]
  eval: e=0.0255  p=[0.418 0.147 0.677 0.024 1.000 0.486 0.512]
   461          715        0.0254655         reflect
  eval: e=0.0255  p=[0.418 0.147 0.676 0.024 1.000 0.486 0.512]
   462          716        0.0254655         reflect
  eval: e=0.0255  p=[0.418 0.147 0.676 0.024 1.000 0.486 0.512]
   463          717        0.0254655         reflect
  eval: e=0.0255  p=[0.418 0.147 0.676 0.024 1.000 0.486 0.512]
  eval: e=0.0255  p=[0.419 0.147 0.676 0.024 1.000 0.486 0.512]
   464          719        0.0254655         reflect
  eval: e=0.0255  p=[0.418 0.147 0.676 0.024 1.000 0.486 0.512]
  eval: e=0.0255  p=[0.418 0.147 0.676 0.024 1.000 0.486 0.512]
   465          721        0.0254655         contract inside
  eval: e=0.0255  p=[0.418 0.147 0.676 0.024 1.000 0.486 0.512]
  eval: e=0.0255  p=[0.418 0.147 0.676 0.024 1.000 0.486 0.512]
   466          723        0.0254655         contract inside
  eval: e=0.0255  p=[0.418 0.147 0.676 0.024 1.000 0.486 0.512]
  eval: e=0.0255  p=[0.418 0.147 0.676 0.024 1.000 0.486 0.512]
   467          725        0.0254655         contract inside
  eval: e=0.0255  p=[0.418 0.147 0.676 0.024 1.000 0.486 0.512]
   468          726        0.0254655         reflect
  eval: e=0.0255  p=[0.418 0.147 0.676 0.024 1.000 0.486 0.512]
  eval: e=0.0255  p=[0.418 0.147 0.676 0.024 1.000 0.486 0.512]
   469          728        0.0254655         contract inside
  eval: e=0.0255  p=[0.418 0.147 0.676 0.024 1.000 0.486 0.512]
  eval: e=0.0255  p=[0.418 0.147 0.676 0.024 1.000 0.486 0.512]
   470          730        0.0254655         contract inside
  eval: e=0.0255  p=[0.418 0.147 0.676 0.024 1.000 0.486 0.512]
  eval: e=0.0255  p=[0.418 0.147 0.676 0.024 1.000 0.486 0.512]
   471          732        0.0254655         contract inside
  eval: e=0.0255  p=[0.418 0.147 0.676 0.024 1.000 0.486 0.512]
   472          733        0.0254655         reflect
  eval: e=0.0255  p=[0.418 0.147 0.676 0.024 1.000 0.486 0.512]
  eval: e=0.0255  p=[0.418 0.147 0.676 0.024 1.000 0.486 0.512]
   473          735        0.0254655         reflect
  eval: e=0.0255  p=[0.418 0.147 0.676 0.024 1.000 0.486 0.512]
  eval: e=0.0255  p=[0.418 0.147 0.676 0.024 1.000 0.486 0.512]
   474          737        0.0254655         contract inside
  eval: e=0.0255  p=[0.418 0.147 0.676 0.024 1.000 0.486 0.512]
  eval: e=0.0255  p=[0.418 0.147 0.676 0.024 1.000 0.486 0.512]
   475          739        0.0254655         contract inside
  eval: e=0.0255  p=[0.418 0.147 0.676 0.024 1.000 0.486 0.512]
   476          740        0.0254655         reflect
  eval: e=0.0255  p=[0.418 0.147 0.676 0.024 1.000 0.486 0.512]
  eval: e=0.0255  p=[0.418 0.147 0.676 0.024 1.000 0.486 0.512]
   477          742        0.0254655         contract inside
  eval: e=0.0255  p=[0.418 0.147 0.676 0.024 1.000 0.486 0.512]
  eval: e=0.0255  p=[0.418 0.147 0.676 0.024 1.000 0.486 0.512]
  eval: e=0.0255  p=[0.418 0.147 0.676 0.024 1.000 0.486 0.512]
  eval: e=0.0255  p=[0.418 0.147 0.676 0.024 1.000 0.486 0.512]
  eval: e=0.0255  p=[0.418 0.147 0.676 0.024 1.000 0.486 0.512]
  eval: e=0.0255  p=[0.418 0.147 0.676 0.024 1.000 0.486 0.512]
  eval: e=0.0255  p=[0.418 0.147 0.676 0.024 1.000 0.486 0.512]
  eval: e=0.0255  p=[0.418 0.147 0.676 0.024 1.000 0.486 0.512]
  eval: e=0.0255  p=[0.418 0.147 0.676 0.024 1.000 0.486 0.512]
   478          751        0.0254655         shrink
 
Optimization terminated:
 the current x satisfies the termination criteria using OPTIONS.TolX of 1.000000e-04 
 and F(X) satisfies the convergence criteria using OPTIONS.TolFun of 1.000000e-06 

=== Fit complete: error=0.025465  AIC=-3542.6 ===
