  eval: e=0.3872  p=[0.826 0.450 0.350 0.450 0.233 0.450 0.450]
 
 Iteration   Func-count         f(x)         Procedure
     0            1         0.387211         
  eval: e=0.3872  p=[0.867 0.450 0.350 0.450 0.233 0.450 0.450]
  eval: e=0.3861  p=[0.826 0.473 0.350 0.450 0.233 0.450 0.450]
  eval: e=0.3867  p=[0.826 0.450 0.367 0.450 0.233 0.450 0.450]
  eval: e=0.3875  p=[0.826 0.450 0.350 0.473 0.233 0.450 0.450]
  eval: e=0.3865  p=[0.826 0.450 0.350 0.450 0.245 0.450 0.450]
  eval: e=0.3879  p=[0.826 0.450 0.350 0.450 0.233 0.473 0.450]
  eval: e=0.3877  p=[0.826 0.450 0.350 0.450 0.233 0.450 0.473]
     1            8         0.386056         initial simplex
  eval: e=0.3860  p=[0.838 0.456 0.355 0.456 0.236 0.428 0.456]
  eval: e=0.3850  p=[0.844 0.460 0.358 0.460 0.238 0.405 0.460]
     2           10         0.384986         expand
  eval: e=0.3855  p=[0.843 0.459 0.357 0.459 0.238 0.437 0.430]
     3           11         0.384986         reflect
  eval: e=0.3850  p=[0.848 0.462 0.359 0.433 0.239 0.433 0.447]
     4           12         0.384986         reflect
  eval: e=0.3847  p=[0.801 0.465 0.362 0.450 0.241 0.429 0.446]
  eval: e=0.3833  p=[0.767 0.473 0.368 0.451 0.245 0.418 0.444]
     5           14         0.383296         expand
  eval: e=0.3835  p=[0.825 0.472 0.367 0.451 0.244 0.420 0.445]
     6           15         0.383296         reflect
  eval: e=0.3830  p=[0.825 0.478 0.349 0.451 0.247 0.411 0.443]
  eval: e=0.3808  p=[0.825 0.492 0.340 0.451 0.255 0.391 0.440]
     7           17         0.380842         expand
  eval: e=0.3819  p=[0.825 0.490 0.364 0.451 0.239 0.394 0.440]
     8           18         0.380842         reflect
  eval: e=0.3810  p=[0.824 0.472 0.368 0.452 0.252 0.378 0.437]
     9           19         0.380842         reflect
  eval: e=0.3802  p=[0.802 0.489 0.364 0.440 0.251 0.374 0.459]
  eval: e=0.3775  p=[0.782 0.504 0.367 0.431 0.258 0.343 0.474]
    10           21         0.377549         expand
  eval: e=0.3787  p=[0.779 0.499 0.364 0.466 0.255 0.352 0.450]
    11           22         0.377549         reflect
  eval: e=0.3761  p=[0.764 0.512 0.367 0.441 0.261 0.366 0.435]
  eval: e=0.3704  p=[0.725 0.539 0.372 0.432 0.273 0.346 0.422]
    12           24         0.370419         expand
  eval: e=0.3747  p=[0.754 0.519 0.360 0.445 0.263 0.330 0.443]
    13           25         0.370419         reflect
  eval: e=0.3725  p=[0.808 0.532 0.356 0.443 0.268 0.306 0.443]
    14           26         0.370419         reflect
  eval: e=0.3701  p=[0.746 0.526 0.358 0.440 0.282 0.305 0.448]
  eval: e=0.3621  p=[0.706 0.545 0.355 0.434 0.304 0.260 0.452]
    15           28         0.362133         expand
  eval: e=0.3646  p=[0.712 0.565 0.351 0.435 0.284 0.287 0.455]
    16           29         0.362133         reflect
  eval: e=0.3593  p=[0.679 0.566 0.381 0.430 0.290 0.244 0.458]
  eval: e=0.3427  p=[0.607 0.603 0.402 0.420 0.307 0.170 0.466]
    17           31          0.34275         expand
  eval: e=0.3491  p=[0.676 0.589 0.369 0.402 0.304 0.231 0.452]
    18           32          0.34275         reflect
  eval: e=0.3414  p=[0.643 0.607 0.366 0.429 0.315 0.208 0.422]
  eval: e=0.3253  p=[0.573 0.659 0.365 0.428 0.343 0.141 0.396]
    19           34          0.32525         expand
  eval: e=0.3294  p=[0.619 0.632 0.375 0.411 0.332 0.168 0.439]
    20           35          0.32525         reflect
  eval: e=0.3224  p=[0.512 0.649 0.383 0.403 0.346 0.152 0.438]
  eval: e=0.3289  p=[0.364 0.707 0.397 0.383 0.385 0.075 0.435]
    21           37         0.322389         reflect
  eval: e=0.3329  p=[0.534 0.673 0.371 0.406 0.362 0.057 0.463]
    22           38         0.322389         reflect
  eval: e=0.3331  p=[0.496 0.678 0.398 0.395 0.373 0.050 0.432]
    23           39         0.322389         reflect
  eval: e=0.3386  p=[0.442 0.736 0.405 0.384 0.372 0.017 0.429]
    24           40         0.322389         reflect
  eval: e=0.3404  p=[0.405  0.734  0.403  0.411  0.391 -0.016  0.423]
    25           41         0.322389         reflect
  eval: e=0.3418  p=[0.416  0.757  0.369  0.392  0.412 -0.008  0.397]
  eval: e=0.3352  p=[0.464 0.718 0.378 0.399 0.386 0.037 0.414]
    26           43         0.322389         contract outside
  eval: e=0.3334  p=[0.635 0.622 0.361 0.396 0.327 0.193 0.437]
    27           44         0.322389         reflect
  eval: e=0.3416  p=[0.653 0.587 0.346 0.427 0.333 0.211 0.433]
  eval: e=0.3301  p=[0.495 0.699 0.391 0.395 0.362 0.065 0.430]
    28           46         0.322389         contract inside
  eval: e=0.3431  p=[0.640 0.599 0.378 0.411 0.312 0.199 0.453]
  eval: e=0.3282  p=[0.508 0.688 0.378 0.402 0.368 0.077 0.424]
    29           48         0.322389         contract inside
  eval: e=0.3399  p=[0.432 0.715 0.399 0.415 0.383 0.010 0.426]
  eval: e=0.3261  p=[0.585 0.645 0.371 0.401 0.341 0.147 0.434]
    30           50         0.322389         contract inside
  eval: e=0.3299  p=[0.597 0.649 0.354 0.418 0.328 0.181 0.432]
    31           51         0.322389         reflect
  eval: e=0.3265  p=[0.577 0.647 0.377 0.410 0.330 0.209 0.392]
    32           52         0.322389         reflect
  eval: e=0.3414  p=[0.640 0.607 0.353 0.426 0.320 0.242 0.414]
  eval: e=0.3246  p=[0.531 0.676 0.381 0.403 0.352 0.109 0.426]
    33           54         0.322389         contract inside
  eval: e=0.3242  p=[0.518 0.664 0.397 0.399 0.360 0.106 0.411]
    34           55         0.322389         reflect
  eval: e=0.3239  p=[0.467 0.690 0.383 0.402 0.365 0.102 0.396]
    35           56         0.322389         reflect
  eval: e=0.3281  p=[0.567 0.634 0.382 0.411 0.328 0.199 0.403]
  eval: e=0.3234  p=[0.552 0.648 0.381 0.409 0.338 0.169 0.408]
    36           58         0.322389         contract outside
  eval: e=0.3325  p=[0.491 0.675 0.383 0.402 0.369 0.055 0.439]
  eval: e=0.3220  p=[0.556 0.654 0.379 0.408 0.339 0.171 0.404]
    37           60          0.32202         contract inside
  eval: e=0.3206  p=[0.475 0.680 0.392 0.414 0.357 0.124 0.388]
  eval: e=0.3214  p=[0.421 0.698 0.403 0.421 0.365 0.112 0.365]
    38           62          0.32059         reflect
  eval: e=0.3194  p=[0.459 0.673 0.405 0.383 0.359 0.125 0.424]
  eval: e=0.3194  p=[0.402 0.680 0.425 0.360 0.367 0.117 0.438]
    39           64          0.31938         reflect
  eval: e=0.3170  p=[0.480 0.655 0.396 0.403 0.353 0.161 0.393]
  eval: e=0.3150  p=[0.455 0.645 0.403 0.403 0.353 0.187 0.377]
    40           66         0.314963         expand
  eval: e=0.3194  p=[0.475 0.661 0.382 0.408 0.342 0.188 0.399]
    41           67         0.314963         reflect
  eval: e=0.3276  p=[0.528 0.627 0.395 0.406 0.331 0.217 0.415]
  eval: e=0.3200  p=[0.482 0.674 0.386 0.403 0.356 0.131 0.400]
    42           69         0.314963         contract inside
  eval: e=0.3164  p=[0.423 0.677 0.399 0.397 0.363 0.140 0.400]
    43           70         0.314963         reflect
  eval: e=0.3140  p=[0.438 0.684 0.401 0.401 0.360 0.153 0.360]
  eval: e=0.3117  p=[0.401 0.702 0.410 0.400 0.367 0.153 0.321]
    44           72         0.311718         expand
  eval: e=0.3171  p=[0.350 0.692 0.415 0.394 0.374 0.129 0.370]
    45           73         0.311718         reflect
  eval: e=0.3106  p=[0.395 0.670 0.408 0.383 0.361 0.177 0.381]
  eval: e=0.3082  p=[0.355 0.664 0.416 0.367 0.363 0.203 0.378]
    46           75         0.308226         expand
  eval: e=0.3076  p=[0.351 0.673 0.422 0.383 0.364 0.191 0.362]
  eval: e=0.3060  p=[0.285 0.672 0.441 0.373 0.368 0.221 0.343]
    47           77          0.30599         expand
  eval: e=0.3087  p=[0.325 0.674 0.414 0.401 0.363 0.223 0.316]
    48           78          0.30599         reflect
  eval: e=0.3053  p=[0.267 0.689 0.446 0.373 0.387 0.171 0.317]
  eval: e=0.3081  p=[0.163 0.703 0.479 0.356 0.409 0.162 0.276]
    49           80         0.305331         reflect
  eval: e=0.3133  p=[0.367 0.657 0.422 0.381 0.358 0.242 0.330]
    50           81         0.305331         reflect
  eval: e=0.3117  p=[0.279 0.667 0.444 0.374 0.369 0.261 0.280]
    51           82         0.305331         reflect
  eval: e=0.3011  p=[0.196 0.705 0.452 0.360 0.382 0.234 0.276]
  eval: e=0.3028  p=[0.067 0.736 0.477 0.339 0.397 0.257 0.226]
    52           84         0.301073         reflect
  eval: e=0.3046  p=[0.235 0.707 0.442 0.375 0.384 0.176 0.307]
    53           85         0.301073         reflect
  eval: e=0.3153  p=[0.311 0.709 0.419 0.383 0.378 0.134 0.365]
  eval: e=0.3049  p=[0.287 0.677 0.438 0.376 0.371 0.229 0.301]
    54           87         0.301073         contract inside
  eval: e=0.3100  p=[0.156 0.666 0.461 0.349 0.381 0.263 0.318]
  eval: e=0.3042  p=[0.217 0.675 0.448 0.362 0.378 0.236 0.319]
    55           89         0.301073         contract outside
  eval: e=0.3003  p=[0.201 0.695 0.467 0.338 0.389 0.196 0.325]
  eval: e=0.3029  p=[0.139 0.705 0.494 0.307 0.401 0.183 0.329]
    56           91         0.300332         reflect
  eval: e=0.2980  p=[0.128 0.713 0.479 0.364 0.397 0.215 0.248]
  eval: e=0.2976  p=[0.015 0.737 0.511 0.363 0.414 0.221 0.182]
    57           93         0.297562         expand
  eval: e=0.2993  p=[0.120 0.724 0.475 0.355 0.405 0.197 0.236]
    58           94         0.297562         reflect
  eval: e=0.3040  p=[0.097 0.717 0.477 0.349 0.391 0.255 0.239]
    59           95         0.297562         reflect
  eval: e=0.3005  p=[0.022 0.740 0.497 0.339 0.413 0.204 0.237]
    60           96         0.297562         reflect
  eval: e=0.3027  p=[0.013 0.720 0.509 0.330 0.408 0.264 0.211]
    61           97         0.297562         reflect
  eval: e=0.2960  p=[-0.028  0.764  0.520  0.333  0.423  0.213  0.169]
  eval: e=0.2898  p=[-0.150  0.809  0.556  0.319  0.445  0.202  0.094]
    62           99         0.289819         expand
