  eval: e=0.2503  p=[0.500 0.500 0.500 0.500 0.500 0.500]
 
 Iteration   Func-count         f(x)         Procedure
     0            1         0.250252         
  eval: e=0.2470  p=[0.525 0.500 0.500 0.500 0.500 0.500]
  eval: e=0.8017  p=[0.500 0.525 0.500 0.500 0.500 0.500]
  eval: e=0.4966  p=[0.500 0.500 0.525 0.500 0.500 0.500]
  eval: e=0.1713  p=[0.500 0.500 0.500 0.525 0.500 0.500]
  eval: e=0.0893  p=[0.500 0.500 0.500 0.500 0.525 0.500]
  eval: e=0.1365  p=[0.500 0.500 0.500 0.500 0.500 0.525]
     1            7        0.0893001         initial simplex
  eval: e=0.0745  p=[0.508 0.475 0.508 0.508 0.508 0.508]
  eval: e=0.1715  p=[0.512 0.450 0.512 0.512 0.512 0.512]
     2            9        0.0745095         reflect
  eval: e=0.0810  p=[0.511 0.492 0.478 0.511 0.511 0.511]
     3           10        0.0745095         reflect
  eval: e=0.0852  p=[0.515 0.489 0.495 0.515 0.515 0.515]
     4           11        0.0745095         reflect
  eval: e=0.1259  p=[0.486 0.485 0.494 0.520 0.520 0.520]
     5           12        0.0745095         reflect
  eval: e=0.1661  p=[0.507 0.480 0.492 0.493 0.526 0.526]
  eval: e=0.1099  p=[0.505 0.485 0.494 0.501 0.520 0.520]
     6           14        0.0745095         contract outside
  eval: e=0.1924  p=[0.509 0.475 0.490 0.518 0.533 0.500]
  eval: e=0.0761  p=[0.502 0.494 0.497 0.505 0.508 0.519]
     7           16        0.0745095         contract inside
  eval: e=0.0976  p=[0.527 0.493 0.497 0.494 0.509 0.504]
     8           17        0.0745095         reflect
  eval: e=0.1190  p=[0.516 0.496 0.498 0.510 0.506 0.499]
  eval: e=0.0850  p=[0.508 0.488 0.495 0.503 0.516 0.515]
     9           19        0.0745095         contract inside
  eval: e=0.1149  p=[0.487 0.486 0.494 0.520 0.519 0.518]
  eval: e=0.0775  p=[0.517 0.491 0.496 0.500 0.512 0.508]
    10           21        0.0745095         contract inside
  eval: e=0.0847  p=[0.521 0.476 0.490 0.514 0.498 0.525]
    11           22        0.0745095         reflect
  eval: e=0.0689  p=[0.508 0.483 0.493 0.499 0.503 0.514]
  eval: e=0.0702  p=[0.504 0.480 0.492 0.491 0.497 0.513]
    12           24        0.0688648         reflect
  eval: e=0.0678  p=[0.515 0.483 0.493 0.509 0.497 0.514]
  eval: e=0.0751  p=[0.518 0.480 0.492 0.512 0.488 0.513]
    13           26        0.0678146         reflect
  eval: e=0.1008  p=[0.500 0.496 0.498 0.497 0.515 0.499]
  eval: e=0.0733  p=[0.515 0.481 0.492 0.510 0.503 0.519]
    14           28        0.0678146         contract inside
  eval: e=0.0837  p=[0.511 0.477 0.516 0.499 0.499 0.516]
  eval: e=0.0731  p=[0.511 0.488 0.487 0.508 0.508 0.512]
    15           30        0.0678146         contract inside
  eval: e=0.0715  p=[0.502 0.477 0.494 0.513 0.498 0.521]
    16           31        0.0678146         reflect
  eval: e=0.0792  p=[0.518 0.468 0.492 0.511 0.498 0.510]
  eval: e=0.0706  p=[0.506 0.487 0.496 0.506 0.506 0.517]
    17           33        0.0678146         contract inside
  eval: e=0.0655  p=[0.511 0.491 0.477 0.507 0.497 0.524]
  eval: e=0.0642  p=[0.512 0.499 0.461 0.506 0.491 0.531]
    18           35        0.0641956         expand
  eval: e=0.0701  p=[0.502 0.491 0.482 0.504 0.498 0.517]
    19           36        0.0641956         reflect
  eval: e=0.0693  p=[0.504 0.485 0.486 0.504 0.489 0.525]
    20           37        0.0641956         reflect
  eval: e=0.0927  p=[0.513 0.500 0.476 0.497 0.497 0.519]
  eval: e=0.0666  p=[0.505 0.482 0.489 0.509 0.498 0.520]
    21           39        0.0641956         contract inside
  eval: e=0.0653  p=[0.509 0.487 0.472 0.504 0.487 0.524]
    22           40        0.0641956         reflect
  eval: e=0.0637  p=[0.515 0.482 0.482 0.507 0.490 0.525]
  eval: e=0.0637  p=[0.521 0.478 0.482 0.508 0.486 0.529]
    23           42         0.063719         reflect
  eval: e=0.0675  p=[0.517 0.487 0.478 0.507 0.499 0.517]
    24           43         0.063719         reflect
  eval: e=0.0623  p=[0.516 0.490 0.465 0.515 0.484 0.530]
  eval: e=0.0617  p=[0.521 0.494 0.452 0.523 0.474 0.538]
    25           45        0.0617358         expand
  eval: e=0.0623  p=[0.512 0.495 0.452 0.509 0.482 0.538]
    26           46        0.0617358         reflect
  eval: e=0.0644  p=[0.507 0.493 0.458 0.512 0.475 0.542]
    27           47        0.0617358         reflect
  eval: e=0.0651  p=[0.520 0.501 0.436 0.512 0.468 0.546]
    28           48        0.0617358         reflect
  eval: e=0.0614  p=[0.520 0.501 0.442 0.518 0.473 0.550]
  eval: e=0.0630  p=[0.525 0.508 0.426 0.526 0.467 0.563]
    29           50        0.0613624         reflect
  eval: e=0.0658  p=[0.509 0.487 0.479 0.514 0.493 0.529]
  eval: e=0.0626  p=[0.517 0.498 0.447 0.512 0.475 0.542]
    30           52        0.0613624         contract inside
  eval: e=0.0634  p=[0.525 0.497 0.453 0.513 0.487 0.533]
    31           53        0.0613624         reflect
  eval: e=0.0630  p=[0.525 0.489 0.448 0.521 0.470 0.544]
    32           54        0.0613624         reflect
  eval: e=0.0627  p=[0.525 0.509 0.416 0.526 0.463 0.556]
    33           55        0.0613624         reflect
  eval: e=0.0641  p=[0.515 0.499 0.432 0.524 0.459 0.556]
  eval: e=0.0618  p=[0.522 0.497 0.448 0.516 0.480 0.539]
    34           57        0.0613624         contract inside
  eval: e=0.0621  p=[0.514 0.509 0.437 0.513 0.479 0.543]
    35           58        0.0613624         reflect
  eval: e=0.0645  p=[0.511 0.489 0.477 0.505 0.491 0.527]
  eval: e=0.0615  p=[0.521 0.504 0.431 0.520 0.470 0.549]
    36           60        0.0613624         contract inside
  eval: e=0.0628  p=[0.519 0.502 0.440 0.521 0.478 0.544]
  eval: e=0.0616  p=[0.518 0.499 0.445 0.514 0.476 0.542]
    37           62        0.0613624         contract inside
  eval: e=0.0626  p=[0.527 0.507 0.433 0.526 0.469 0.549]
  eval: e=0.0615  p=[0.516 0.498 0.447 0.513 0.479 0.541]
    38           64        0.0613624         contract inside
  eval: e=0.0627  p=[0.525 0.489 0.451 0.522 0.471 0.543]
  eval: e=0.0614  p=[0.517 0.504 0.440 0.515 0.477 0.543]
    39           66        0.0613624         contract inside
  eval: e=0.0624  p=[0.515 0.503 0.438 0.519 0.470 0.549]
  eval: e=0.0614  p=[0.521 0.499 0.445 0.516 0.477 0.541]
    40           68        0.0613624         contract inside
  eval: e=0.0612  p=[0.517 0.507 0.432 0.510 0.477 0.551]
  eval: e=0.0617  p=[0.514 0.514 0.422 0.504 0.478 0.557]
    41           70        0.0612435         reflect
  eval: e=0.0619  p=[0.519 0.505 0.434 0.517 0.476 0.549]
  eval: e=0.0613  p=[0.518 0.500 0.442 0.515 0.476 0.544]
    42           72        0.0612435         contract inside
  eval: e=0.0617  p=[0.515 0.499 0.452 0.509 0.483 0.541]
  eval: e=0.0613  p=[0.520 0.503 0.436 0.518 0.473 0.547]
    43           74        0.0612435         contract inside
  eval: e=0.0612  p=[0.522 0.507 0.432 0.518 0.473 0.551]
  eval: e=0.0614  p=[0.525 0.511 0.425 0.520 0.469 0.556]
    44           76         0.061176         reflect
  eval: e=0.0618  p=[0.522 0.502 0.436 0.516 0.472 0.551]
  eval: e=0.0612  p=[0.518 0.503 0.439 0.516 0.476 0.545]
    45           78         0.061176         contract inside
  eval: e=0.0612  p=[0.517 0.509 0.429 0.515 0.472 0.555]
    46           79         0.061176         reflect
  eval: e=0.0610  p=[0.517 0.509 0.429 0.512 0.475 0.548]
  eval: e=0.0610  p=[0.516 0.512 0.422 0.508 0.477 0.547]
    47           81        0.0610324         expand
  eval: e=0.0610  p=[0.518 0.513 0.421 0.513 0.473 0.555]
  eval: e=0.0609  p=[0.518 0.520 0.411 0.512 0.472 0.560]
    48           83         0.060882         expand
  eval: e=0.0608  p=[0.516 0.517 0.419 0.509 0.475 0.556]
  eval: e=0.0606  p=[0.515 0.524 0.411 0.504 0.476 0.560]
    49           85         0.060628         expand
  eval: e=0.0616  p=[0.519 0.518 0.416 0.514 0.472 0.555]
  eval: e=0.0610  p=[0.517 0.510 0.428 0.511 0.475 0.552]
    50           87         0.060628         contract inside
  eval: e=0.0607  p=[0.517 0.524 0.405 0.507 0.472 0.563]
    51           88         0.060628         reflect
  eval: e=0.0604  p=[0.518 0.523 0.407 0.505 0.477 0.556]
  eval: e=0.0601  p=[0.518 0.531 0.396 0.500 0.479 0.557]
    52           90        0.0601043         expand
  eval: e=0.0601  p=[0.512 0.533 0.392 0.497 0.478 0.562]
  eval: e=0.0595  p=[0.507 0.546 0.372 0.487 0.481 0.567]
    53           92        0.0595277         expand
  eval: e=0.0601  p=[0.515 0.539 0.385 0.499 0.476 0.573]
    54           93        0.0595277         reflect
  eval: e=0.0594  p=[0.513 0.551 0.366 0.492 0.477 0.575]
  eval: e=0.0587  p=[0.511 0.572 0.334 0.483 0.477 0.587]
    55           95        0.0586658         expand
  eval: e=0.0591  p=[0.509 0.558 0.357 0.481 0.482 0.576]
    56           96        0.0586658         reflect
  eval: e=0.0587  p=[0.508 0.566 0.347 0.477 0.485 0.577]
    57           97        0.0586658         reflect
  eval: e=0.0579  p=[0.508 0.580 0.320 0.471 0.484 0.586]
  eval: e=0.0565  p=[0.504 0.609 0.275 0.455 0.487 0.598]
    58           99        0.0564807         expand
  eval: e=0.0571  p=[0.500 0.599 0.294 0.460 0.483 0.602]
    59          100        0.0564807         reflect
  eval: e=0.0568  p=[0.498 0.611 0.275 0.449 0.490 0.596]
    60          101        0.0564807         reflect
  eval: e=0.0557  p=[0.503 0.625 0.255 0.448 0.487 0.612]
  eval: e=0.0541  p=[0.500 0.665 0.196 0.429 0.490 0.634]
    61          103        0.0540824         expand
  eval: e=0.0544  p=[0.498 0.649 0.217 0.436 0.489 0.622]
    62          104        0.0540824         reflect
  eval: e=0.0539  p=[0.496 0.669 0.183 0.427 0.488 0.636]
  eval: e=0.0536  p=[0.490 0.720 0.102 0.401 0.489 0.665]
    63          106        0.0535794         expand
  eval: e=0.0516  p=[0.486 0.713 0.119 0.394 0.499 0.653]
  eval: e=0.0525  p=[0.474 0.784 0.011 0.350 0.509 0.685]
    64          108        0.0516441         reflect
  eval: e=0.0523  p=[0.492 0.723 0.100 0.395 0.498 0.654]
    65          109        0.0516441         reflect
  eval: e=0.0524  p=[0.492 0.749 0.062 0.388 0.494 0.679]
    66          110        0.0516441         reflect
  eval: e=0.1031  p=[0.482  0.798 -0.010  0.360  0.499  0.704]
  eval: e=0.0539  p=[0.498 0.656 0.204 0.431 0.490 0.625]
    67          112        0.0516441         contract inside
  eval: e=0.0532  p=[0.488 0.760 0.044 0.377 0.497 0.681]
    68          113        0.0516441         reflect
  eval: e=0.0545  p=[0.482 0.775 0.014 0.366 0.499 0.685]
  eval: e=0.0528  p=[0.496 0.693 0.151 0.413 0.492 0.646]
    69          115        0.0516441         contract inside
  eval: e=0.1091  p=[0.483  0.797 -0.012  0.358  0.500  0.701]
  eval: e=0.0526  p=[0.495 0.691 0.150 0.413 0.493 0.644]
    70          117        0.0516441         contract inside
  eval: e=0.0508  p=[0.493 0.722 0.107 0.392 0.502 0.654]
  eval: e=0.0501  p=[0.494 0.723 0.109 0.388 0.509 0.648]
    71          119        0.0500876         expand
  eval: e=0.0528  p=[0.496 0.671 0.186 0.421 0.497 0.627]
  eval: e=0.0519  p=[0.494 0.693 0.151 0.410 0.497 0.640]
    72          121        0.0500876         contract outside
  eval: e=0.0506  p=[0.489 0.738 0.079 0.382 0.504 0.659]
    73          122        0.0500876         reflect
  eval: e=0.0504  p=[0.488 0.755 0.057 0.373 0.508 0.667]
    74          123        0.0500876         reflect
  eval: e=0.0519  p=[0.489 0.700 0.143 0.392 0.510 0.628]
    75          124        0.0500876         reflect
  eval: e=0.0502  p=[0.488 0.718 0.119 0.385 0.511 0.645]
    76          125        0.0500876         reflect
  eval: e=0.0512  p=[0.491 0.747 0.068 0.385 0.499 0.676]
    77          126        0.0500876         reflect
  eval: e=0.0500  p=[0.484 0.772 0.033 0.359 0.513 0.675]
  eval: e=0.3256  p=[0.479  0.811 -0.026  0.334  0.520  0.693]
    78          128        0.0499861         reflect
  eval: e=0.0490  p=[0.492 0.771 0.036 0.363 0.516 0.671]
  eval: e=0.0524  p=[0.495  0.801 -0.005  0.348  0.525  0.680]
    79          130        0.0489716         reflect
  eval: e=0.0494  p=[0.488 0.746 0.077 0.365 0.521 0.646]
    80          131        0.0489716         reflect
  eval: e=0.0485  p=[0.489 0.757 0.064 0.362 0.522 0.658]
  eval: e=0.0482  p=[0.490 0.766 0.057 0.352 0.530 0.657]
    81          133        0.0482091         expand
  eval: e=0.0489  p=[0.491 0.743 0.087 0.365 0.525 0.647]
    82          134        0.0482091         reflect
  eval: e=0.0486  p=[0.491 0.790 0.014 0.346 0.527 0.670]
    83          135        0.0482091         reflect
  eval: e=0.0663  p=[0.484  0.806 -0.008  0.329  0.535  0.674]
  eval: e=0.0491  p=[0.492 0.744 0.080 0.373 0.515 0.654]
    84          137        0.0482091         contract inside
  eval: e=0.0495  p=[0.497 0.749 0.084 0.362 0.532 0.640]
  eval: e=0.0486  p=[0.494 0.754 0.071 0.361 0.527 0.649]
    85          139        0.0482091         contract outside
  eval: e=0.0475  p=[0.495 0.777 0.038 0.355 0.526 0.670]
  eval: e=0.0470  p=[0.499 0.793 0.019 0.349 0.528 0.682]
    86          141        0.0470013         expand
  eval: e=0.0472  p=[0.494 0.795 0.015 0.339 0.536 0.671]
    87          142        0.0470013         reflect
  eval: e=0.0483  p=[0.494 0.776 0.051 0.341 0.542 0.654]
    88          143        0.0470013         reflect
  eval: e=0.0948  p=[0.496  0.815 -0.011  0.331  0.538  0.681]
  eval: e=0.0481  p=[0.492 0.761 0.062 0.356 0.529 0.655]
    89          145        0.0470013         contract inside
  eval: e=0.0490  p=[0.496 0.759 0.078 0.354 0.537 0.653]
  eval: e=0.0478  p=[0.492 0.782 0.030 0.348 0.529 0.666]
    90          147        0.0470013         contract inside
  eval: e=0.0468  p=[0.493 0.804 0.007 0.334 0.537 0.680]
  eval: e=0.3340  p=[0.493  0.829 -0.025  0.320  0.542  0.695]
    91          149        0.0468347         reflect
  eval: e=0.0486  p=[0.493 0.791 0.012 0.352 0.521 0.682]
  eval: e=0.0475  p=[0.494 0.780 0.041 0.343 0.537 0.661]
    92          151        0.0468347         contract inside
  eval: e=0.0470  p=[0.498 0.806 0.002 0.338 0.535 0.681]
    93          152        0.0468347         reflect
  eval: e=0.3051  p=[0.498  0.825 -0.024  0.327  0.539  0.691]
  eval: e=0.0474  p=[0.493 0.777 0.041 0.349 0.531 0.664]
    94          154        0.0468347         contract inside
  eval: e=0.0467  p=[0.498 0.803 0.012 0.336 0.539 0.681]
  eval: e=0.0470  p=[0.501 0.814 0.002 0.331 0.543 0.688]
    95          156        0.0466864         reflect
  eval: e=0.0675  p=[0.498  0.813 -0.010  0.338  0.532  0.691]
  eval: e=0.0470  p=[0.495 0.788 0.029 0.342 0.536 0.669]
    96          158        0.0466864         contract inside
  eval: e=0.0953  p=[0.499  0.819 -0.013  0.330  0.539  0.690]
  eval: e=0.0471  p=[0.495 0.788 0.027 0.344 0.533 0.671]
    97          160        0.0466864         contract inside
  eval: e=0.0466  p=[0.499 0.798 0.017 0.342 0.533 0.684]
  eval: e=0.0464  p=[0.502 0.800 0.018 0.344 0.532 0.690]
    98          162        0.0463567         expand
  eval: e=0.0466  p=[0.500 0.810 0.001 0.337 0.536 0.690]
    99          163        0.0463567         reflect
  eval: e=0.0464  p=[0.497 0.794 0.027 0.343 0.534 0.683]
   100          164        0.0463567         reflect
  eval: e=0.0462  p=[0.502  0.813 -0.001  0.339  0.533  0.699]
  eval: e=0.1113  p=[0.505  0.826 -0.015  0.337  0.532  0.715]
   101          166        0.0461606         reflect
  eval: e=0.0462  p=[0.499 0.815 0.002 0.328 0.542 0.692]
   102          167        0.0461606         reflect
  eval: e=0.0465  p=[0.506 0.808 0.013 0.342 0.535 0.699]
   103          168        0.0461606         reflect
  eval: e=0.0460  p=[0.504 0.810 0.009 0.341 0.532 0.704]
  eval: e=0.0457  p=[0.507 0.814 0.007 0.344 0.529 0.715]
   104          170        0.0456855         expand
  eval: e=0.0460  p=[0.504 0.804 0.021 0.343 0.533 0.703]
   105          171        0.0456855         reflect
  eval: e=0.0461  p=[0.497 0.806 0.012 0.338 0.533 0.696]
   106          172        0.0456855         reflect
  eval: e=0.0531  p=[0.506  0.823 -0.007  0.336  0.533  0.716]
  eval: e=0.0462  p=[0.500 0.801 0.018 0.341 0.534 0.691]
   107          174        0.0456855         contract inside
  eval: e=0.0457  p=[0.501 0.818 0.002 0.333 0.536 0.709]
   108          175        0.0456855         reflect
  eval: e=0.0460  p=[0.505 0.804 0.018 0.351 0.523 0.712]
   109          176        0.0456855         reflect
  eval: e=0.0459  p=[0.506 0.818 0.001 0.342 0.528 0.720]
   110          177        0.0456855         reflect
  eval: e=0.0450  p=[0.505 0.808 0.021 0.345 0.527 0.719]
  eval: e=0.0442  p=[0.507 0.805 0.031 0.348 0.524 0.729]
   111          179        0.0441718         expand
  eval: e=0.0452  p=[0.512 0.816 0.015 0.349 0.525 0.734]
   112          180        0.0441718         reflect
  eval: e=0.0449  p=[0.507 0.821 0.008 0.335 0.535 0.725]
   113          181        0.0441718         reflect
  eval: e=0.0442  p=[0.509 0.826 0.001 0.340 0.526 0.741]
   114          182        0.0441718         reflect
  eval: e=0.0442  p=[0.509 0.815 0.020 0.341 0.530 0.730]
  eval: e=0.0436  p=[0.510 0.814 0.030 0.341 0.531 0.735]
   115          184        0.0436379         expand
  eval: e=0.0431  p=[0.517 0.814 0.029 0.352 0.521 0.751]
  eval: e=0.0414  p=[0.524 0.813 0.042 0.362 0.514 0.772]
   116          186        0.0414394         expand
  eval: e=0.0417  p=[0.516 0.818 0.035 0.348 0.523 0.763]
   117          187        0.0414394         reflect
  eval: e=0.0420  p=[0.512 0.817 0.034 0.343 0.526 0.754]
   118          188        0.0414394         reflect
  eval: e=0.0409  p=[0.519 0.810 0.050 0.359 0.513 0.773]
  eval: e=0.0408  p=[0.525 0.804 0.071 0.371 0.502 0.798]
   119          190        0.0408355         expand
  eval: e=0.0414  p=[0.522 0.797 0.081 0.364 0.514 0.776]
   120          191        0.0408355         reflect
  eval: e=0.0395  p=[0.530 0.815 0.066 0.362 0.512 0.804]
  eval: e=0.0521  p=[0.542 0.820 0.084 0.368 0.506 0.841]
   121          193        0.0395431         reflect
  eval: e=0.0416  p=[0.533 0.807 0.080 0.375 0.499 0.820]
   122          194        0.0395431         reflect
  eval: e=0.0404  p=[0.538 0.801 0.091 0.384 0.495 0.823]
   123          195        0.0395431         reflect
  eval: e=0.0479  p=[0.541 0.794 0.108 0.391 0.489 0.834]
  eval: e=0.0403  p=[0.522 0.812 0.054 0.359 0.514 0.781]
   124          197        0.0395431         contract inside
  eval: e=0.0417  p=[0.521 0.806 0.055 0.359 0.518 0.764]
  eval: e=0.0398  p=[0.530 0.807 0.074 0.371 0.504 0.806]
   125          199        0.0395431         contract inside
  eval: e=0.0479  p=[0.532 0.799 0.103 0.375 0.501 0.824]
  eval: e=0.0401  p=[0.526 0.809 0.057 0.365 0.510 0.785]
   126          201        0.0395431         contract inside
  eval: e=0.0395  p=[0.535 0.819 0.057 0.373 0.499 0.823]
  eval: e=0.0433  p=[0.542 0.830 0.045 0.378 0.492 0.846]
   127          203        0.0394893         reflect
  eval: e=0.0381  p=[0.536 0.817 0.062 0.367 0.509 0.809]
  eval: e=0.0375  p=[0.541 0.824 0.058 0.365 0.513 0.815]
   128          205        0.0374612         expand
  eval: e=0.0399  p=[0.524 0.828 0.031 0.347 0.522 0.781]
   129          206        0.0374612         reflect
  eval: e=0.0384  p=[0.540 0.822 0.061 0.369 0.506 0.824]
   130          207        0.0374612         reflect
  eval: e=0.0399  p=[0.540 0.829 0.058 0.364 0.509 0.833]
  eval: e=0.0384  p=[0.537 0.824 0.058 0.364 0.509 0.821]
   131          209        0.0374612         contract outside
  eval: e=0.0486  p=[0.547 0.809 0.093 0.387 0.492 0.850]
  eval: e=0.0386  p=[0.530 0.823 0.047 0.357 0.515 0.799]
   132          211        0.0374612         contract inside
  eval: e=0.0367  p=[0.541 0.836 0.042 0.359 0.514 0.823]
  eval: e=0.0355  p=[0.546 0.850 0.026 0.354 0.519 0.831]
   133          213        0.0354764         expand
  eval: e=0.0357  p=[0.546 0.839 0.036 0.366 0.508 0.834]
   134          214        0.0354764         reflect
  eval: e=0.0375  p=[0.545 0.842 0.038 0.352 0.524 0.818]
   135          215        0.0354764         reflect
  eval: e=0.0362  p=[0.555 0.844 0.045 0.366 0.511 0.849]
   136          216        0.0354764         reflect
  eval: e=0.0358  p=[0.550 0.852 0.026 0.353 0.522 0.832]
   137          217        0.0354764         reflect
  eval: e=0.0357  p=[0.558 0.860 0.018 0.354 0.523 0.839]
   138          218        0.0354764         reflect
  eval: e=0.0344  p=[0.554 0.848 0.032 0.368 0.508 0.848]
  eval: e=0.0355  p=[0.559 0.851 0.028 0.376 0.500 0.863]
   139          220         0.034424         reflect
  eval: e=0.0329  p=[0.562 0.873 0.003 0.355 0.518 0.862]
  eval: e=3.0384  p=[0.572  0.898 -0.024  0.350  0.520  0.886]
   140          222        0.0328992         reflect
  eval: e=0.0358  p=[0.550 0.863 0.002 0.351 0.521 0.833]
   141          223        0.0328992         reflect
  eval: e=0.0339  p=[0.555 0.859 0.013 0.362 0.510 0.850]
   142          224        0.0328992         reflect
  eval: e=0.0369  p=[0.557 0.846 0.041 0.369 0.507 0.855]
  eval: e=0.0345  p=[0.552 0.859 0.011 0.355 0.518 0.838]
   143          226        0.0328992         contract inside
  eval: e=0.0376  p=[0.547 0.850 0.022 0.366 0.503 0.849]
  eval: e=0.0344  p=[0.555 0.857 0.019 0.357 0.518 0.841]
   144          228        0.0328992         contract inside
  eval: e=0.0340  p=[0.562  0.876 -0.001  0.351  0.522  0.857]
   145          229        0.0328992         reflect
  eval: e=0.0319  p=[0.567  0.874 -0.000  0.363  0.513  0.868]
  eval: e=0.5491  p=[0.578  0.887 -0.013  0.367  0.510  0.887]
   146          231        0.0318769         reflect
  eval: e=0.0337  p=[0.567 0.870 0.010 0.363 0.512 0.871]
   147          232        0.0318769         reflect
  eval: e=0.7846  p=[0.568  0.889 -0.017  0.349  0.523  0.868]
  eval: e=0.0335  p=[0.558 0.858 0.019 0.363 0.512 0.853]
   148          234        0.0318769         contract inside
  eval: e=0.0920  p=[0.568  0.880 -0.004  0.362  0.511  0.879]
  eval: e=0.0333  p=[0.558 0.863 0.013 0.358 0.516 0.851]
   149          236        0.0318769         contract inside
  eval: e=0.0341  p=[0.560 0.856 0.021 0.371 0.505 0.862]
  eval: e=0.0326  p=[0.562 0.871 0.004 0.356 0.518 0.858]
   150          238        0.0318769         contract inside
  eval: e=0.0322  p=[0.570 0.878 0.004 0.357 0.519 0.871]
   151          239        0.0318769         reflect
  eval: e=0.0333  p=[0.559 0.869 0.004 0.354 0.520 0.851]
   152          240        0.0318769         reflect
  eval: e=0.2121  p=[0.568  0.885 -0.010  0.351  0.523  0.867]
  eval: e=0.0329  p=[0.560 0.865 0.012 0.360 0.515 0.857]
   153          242        0.0318769         contract inside
  eval: e=0.0637  p=[0.568  0.881 -0.004  0.356  0.518  0.872]
  eval: e=0.0328  p=[0.561 0.867 0.009 0.358 0.517 0.856]
   154          244        0.0318769         contract inside
  eval: e=0.0336  p=[0.568 0.874 0.007 0.362 0.513 0.874]
  eval: e=0.0326  p=[0.561 0.870 0.005 0.356 0.518 0.856]
   155          246        0.0318769         contract inside
  eval: e=0.0550  p=[0.567  0.880 -0.004  0.355  0.520  0.867]
  eval: e=0.0326  p=[0.562 0.869 0.008 0.359 0.516 0.859]
   156          248        0.0318769         contract inside
  eval: e=0.0322  p=[0.566 0.870 0.007 0.361 0.516 0.861]
   157          249        0.0318769         reflect
  eval: e=0.0316  p=[0.568 0.877 0.000 0.359 0.517 0.869]
  eval: e=0.0584  p=[0.572  0.881 -0.004  0.360  0.517  0.875]
   158          251        0.0315789         reflect
  eval: e=0.0317  p=[0.570 0.876 0.003 0.362 0.515 0.872]
   159          252        0.0315789         reflect
  eval: e=0.0382  p=[0.572  0.880 -0.002  0.360  0.517  0.874]
  eval: e=0.0322  p=[0.565 0.871 0.006 0.359 0.516 0.863]
   160          254        0.0315789         contract inside
  eval: e=0.0310  p=[0.574 0.877 0.002 0.364 0.514 0.877]
  eval: e=0.0305  p=[0.580 0.881 0.001 0.369 0.512 0.886]
   161          256        0.0305202         expand
  eval: e=0.0482  p=[0.574  0.882 -0.002  0.362  0.514  0.882]
  eval: e=0.0317  p=[0.568 0.873 0.005 0.361 0.516 0.866]
   162          258        0.0305202         contract inside
  eval: e=0.0350  p=[0.576  0.881 -0.001  0.364  0.514  0.881]
  eval: e=0.0318  p=[0.568 0.874 0.004 0.360 0.516 0.867]
   163          260        0.0305202         contract inside
  eval: e=0.0313  p=[0.571 0.874 0.000 0.368 0.510 0.872]
   164          261        0.0305202         reflect
  eval: e=0.0311  p=[0.574 0.877 0.005 0.364 0.515 0.876]
   165          262        0.0305202         reflect
  eval: e=0.0306  p=[0.576 0.878 0.001 0.367 0.512 0.879]
   166          263        0.0305202         reflect
  eval: e=0.0348  p=[0.579  0.881 -0.001  0.368  0.511  0.885]
  eval: e=0.0313  p=[0.570 0.875 0.003 0.363 0.514 0.871]
   167          265        0.0305202         contract inside
  eval: e=0.0304  p=[0.576 0.878 0.001 0.368 0.512 0.879]
  eval: e=0.0305  p=[0.579  0.879 -0.001  0.371  0.511  0.882]
   168          267        0.0304413         reflect
  eval: e=0.0300  p=[0.581 0.877 0.003 0.374 0.508 0.886]
  eval: e=0.0293  p=[0.587 0.878 0.005 0.381 0.504 0.894]
   169          269        0.0293315         expand
  eval: e=0.0296  p=[0.584 0.880 0.001 0.376 0.507 0.891]
   170          270        0.0293315         reflect
  eval: e=0.0301  p=[0.588 0.883 0.004 0.374 0.511 0.896]
   171          271        0.0293315         reflect
  eval: e=0.0309  p=[0.590  0.882 -0.001  0.381  0.505  0.899]
  eval: e=0.0294  p=[0.586 0.881 0.001 0.376 0.507 0.894]
   172          273        0.0293315         contract outside
  eval: e=0.0291  p=[0.591 0.882 0.003 0.381 0.506 0.900]
  eval: e=0.0290  p=[0.599 0.883 0.004 0.387 0.503 0.911]
   173          275        0.0289945         expand
  eval: e=0.0284  p=[0.594 0.880 0.004 0.385 0.503 0.902]
  eval: e=0.0276  p=[0.601 0.880 0.005 0.393 0.499 0.910]
   174          277        0.0276371         expand
  eval: e=0.0299  p=[0.605 0.884 0.006 0.395 0.498 0.920]
   175          278        0.0276371         reflect
  eval: e=0.0283  p=[0.599 0.879 0.003 0.396 0.495 0.910]
   176          279        0.0276371         reflect
  eval: e=0.0301  p=[0.580 0.876 0.000 0.375 0.507 0.883]
  eval: e=0.0287  p=[0.599 0.882 0.005 0.390 0.501 0.911]
   177          281        0.0276371         contract inside
  eval: e=0.0277  p=[0.606 0.881 0.007 0.399 0.496 0.919]
   178          282        0.0276371         reflect
  eval: e=0.0274  p=[0.611 0.880 0.009 0.406 0.492 0.925]
  eval: e=0.0276  p=[0.623 0.880 0.013 0.420 0.484 0.941]
   179          284        0.0274409         reflect
  eval: e=0.0280  p=[0.618 0.885 0.006 0.409 0.490 0.935]
   180          285        0.0274409         reflect
  eval: e=0.0271  p=[0.612 0.879 0.007 0.410 0.488 0.926]
  eval: e=0.0275  p=[0.619 0.877 0.008 0.422 0.481 0.933]
   181          287        0.0271056         reflect
  eval: e=0.0268  p=[0.617 0.879 0.008 0.415 0.486 0.931]
  eval: e=0.0269  p=[0.625 0.878 0.009 0.427 0.479 0.941]
   182          289        0.0267571         reflect
  eval: e=0.0267  p=[0.623 0.883 0.011 0.415 0.489 0.938]
  eval: e=0.0282  p=[0.634 0.885 0.014 0.424 0.485 0.952]
   183          291        0.0266909         reflect
  eval: e=0.0276  p=[0.605 0.876 0.009 0.403 0.493 0.915]
   184          292        0.0266909         reflect
  eval: e=0.0267  p=[0.617 0.878 0.009 0.415 0.486 0.930]
  eval: e=0.0271  p=[0.622 0.877 0.011 0.423 0.482 0.935]
   185          294        0.0266646         reflect
  eval: e=0.0267  p=[0.627 0.878 0.012 0.428 0.479 0.945]
  eval: e=0.0279  p=[0.641 0.877 0.016 0.445 0.469 0.962]
   186          296        0.0266619         reflect
  eval: e=0.0277  p=[0.630 0.883 0.010 0.426 0.481 0.950]
  eval: e=0.0270  p=[0.612 0.878 0.009 0.409 0.490 0.924]
   187          298        0.0266619         contract inside
  eval: e=0.0265  p=[0.625 0.878 0.010 0.425 0.481 0.939]
  eval: e=0.0274  p=[0.632 0.877 0.011 0.435 0.475 0.946]
   188          300        0.0265128         reflect
  eval: e=0.0257  p=[0.628 0.879 0.013 0.425 0.482 0.943]
  eval: e=0.0252  p=[0.635 0.879 0.016 0.433 0.479 0.951]
   189          302        0.0251866         expand
  eval: e=0.0258  p=[0.636 0.881 0.013 0.435 0.477 0.954]
   190          303        0.0251866         reflect
  eval: e=0.0254  p=[0.638 0.880 0.016 0.435 0.478 0.955]
   191          304        0.0251866         reflect
  eval: e=0.0272  p=[0.637 0.875 0.015 0.442 0.471 0.953]
  eval: e=0.0260  p=[0.626 0.881 0.012 0.422 0.484 0.942]
   192          306        0.0251866         contract inside
  eval: e=0.0270  p=[0.646 0.881 0.017 0.444 0.473 0.966]
  eval: e=0.0261  p=[0.624 0.879 0.011 0.422 0.483 0.939]
   193          308        0.0251866         contract inside
  eval: e=0.0248  p=[0.634 0.881 0.013 0.429 0.482 0.949]
  eval: e=0.0242  p=[0.637 0.882 0.014 0.430 0.483 0.951]
   194          310        0.0242324         expand
  eval: e=0.0256  p=[0.641 0.883 0.017 0.434 0.480 0.958]
   195          311        0.0242324         reflect
  eval: e=0.0255  p=[0.647 0.883 0.018 0.440 0.477 0.965]
   196          312        0.0242324         reflect
  eval: e=0.0242  p=[0.652 0.882 0.019 0.447 0.474 0.970]
  eval: e=0.0241  p=[0.665 0.882 0.023 0.460 0.468 0.983]
   197          314        0.0240963         expand
  eval: e=0.0235  p=[0.651 0.883 0.021 0.443 0.478 0.967]
  eval: e=0.0230  p=[0.659 0.883 0.026 0.447 0.479 0.974]
   198          316        0.0230135         expand
  eval: e=0.0233  p=[0.653 0.881 0.020 0.448 0.474 0.968]
   199          317        0.0230135         reflect
  eval: e=0.0238  p=[0.648 0.880 0.021 0.444 0.476 0.962]
   200          318        0.0230135         reflect
  eval: e=0.0220  p=[0.661 0.883 0.024 0.452 0.476 0.975]
  eval: e=0.0209  p=[0.673 0.884 0.028 0.461 0.475 0.985]
   201          320        0.0208725         expand
  eval: e=0.0205  p=[0.676 0.885 0.028 0.464 0.473 0.990]
  eval: e=0.1424  p=[0.697 0.888 0.034 0.480 0.470 1.009]
   202          322        0.0205133         reflect
  eval: e=0.0424  p=[0.687 0.883 0.035 0.478 0.466 1.003]
  eval: e=0.0231  p=[0.650 0.883 0.019 0.442 0.479 0.964]
   203          324        0.0205133         contract inside
  eval: e=0.0234  p=[0.655 0.883 0.024 0.442 0.484 0.964]
   204          325        0.0205133         reflect
  eval: e=0.0208  p=[0.673 0.887 0.028 0.457 0.478 0.986]
   205          326        0.0205133         reflect
  eval: e=0.0244  p=[0.673 0.885 0.025 0.464 0.469 0.991]
  eval: e=0.0221  p=[0.660 0.884 0.024 0.448 0.480 0.971]
   206          328        0.0205133         contract inside
  eval: e=0.0205  p=[0.677 0.888 0.031 0.458 0.480 0.988]
  eval: e=0.0217  p=[0.690 0.891 0.036 0.463 0.483 0.998]
   207          330        0.0204895         reflect
  eval: e=0.0223  p=[0.690 0.888 0.036 0.469 0.476 1.001]
   208          331        0.0204895         reflect
  eval: e=0.0193  p=[0.691 0.888 0.032 0.472 0.475 1.000]
  eval: e=0.2007  p=[0.707 0.891 0.036 0.484 0.473 1.013]
   209          333         0.019291         reflect
  eval: e=0.0225  p=[0.661 0.884 0.021 0.450 0.477 0.973]
  eval: e=0.0199  p=[0.682 0.887 0.032 0.465 0.477 0.994]
   210          335         0.019291         contract inside
  eval: e=0.1821  p=[0.698 0.889 0.035 0.478 0.473 1.010]
  eval: e=0.0210  p=[0.669 0.885 0.027 0.455 0.478 0.981]
   211          337         0.019291         contract inside
  eval: e=0.0199  p=[0.689 0.888 0.032 0.470 0.474 1.000]
   212          338         0.019291         reflect
  eval: e=0.0245  p=[0.690 0.890 0.034 0.468 0.478 1.001]
  eval: e=0.0202  p=[0.677 0.886 0.029 0.462 0.475 0.989]
   213          340         0.019291         contract inside
  eval: e=0.0196  p=[0.691 0.887 0.034 0.473 0.474 1.001]
   214          341         0.019291         reflect
  eval: e=0.0202  p=[0.693 0.890 0.035 0.469 0.479 1.001]
   215          342         0.019291         reflect
  eval: e=0.0631  p=[0.697 0.887 0.034 0.479 0.471 1.007]
  eval: e=0.0198  p=[0.682 0.888 0.032 0.463 0.478 0.993]
   216          344         0.019291         contract inside
  eval: e=0.0887  p=[0.699 0.890 0.037 0.475 0.477 1.007]
  eval: e=0.0197  p=[0.683 0.887 0.031 0.466 0.476 0.994]
   217          346         0.019291         contract inside
  eval: e=0.0202  p=[0.680 0.885 0.029 0.467 0.472 0.993]
  eval: e=0.0197  p=[0.683 0.886 0.031 0.468 0.474 0.995]
   218          348         0.019291         contract outside
  eval: e=0.0202  p=[0.682 0.886 0.031 0.465 0.477 0.992]
  eval: e=0.0194  p=[0.687 0.888 0.032 0.469 0.475 0.998]
   219          350         0.019291         contract inside
  eval: e=0.0193  p=[0.690 0.888 0.032 0.472 0.474 1.000]
   220          351         0.019291         reflect
  eval: e=0.0250  p=[0.693 0.887 0.032 0.476 0.471 1.003]
  eval: e=0.0195  p=[0.685 0.887 0.032 0.467 0.476 0.995]
   221          353         0.019291         contract inside
  eval: e=0.0258  p=[0.693 0.888 0.033 0.475 0.473 1.003]
  eval: e=0.0195  p=[0.685 0.887 0.032 0.468 0.475 0.996]
   222          355         0.019291         contract inside
  eval: e=0.0210  p=[0.693 0.889 0.034 0.473 0.476 1.002]
  eval: e=0.0194  p=[0.686 0.887 0.031 0.469 0.474 0.997]
   223          357         0.019291         contract inside
  eval: e=0.0196  p=[0.684 0.888 0.030 0.465 0.476 0.994]
  eval: e=0.0194  p=[0.685 0.888 0.031 0.467 0.476 0.996]
   224          359         0.019291         contract outside
  eval: e=0.0192  p=[0.690 0.888 0.032 0.472 0.473 1.000]
  eval: e=0.0229  p=[0.692 0.888 0.031 0.475 0.472 1.003]
   225          361        0.0191715         reflect
  eval: e=0.0196  p=[0.691 0.888 0.032 0.473 0.474 1.001]
  eval: e=0.0194  p=[0.687 0.887 0.032 0.469 0.475 0.997]
   226          363        0.0191715         contract inside
  eval: e=0.0201  p=[0.691 0.887 0.033 0.474 0.473 1.001]
  eval: e=0.0193  p=[0.687 0.888 0.031 0.469 0.475 0.997]
   227          365        0.0191715         contract inside
  eval: e=0.0193  p=[0.692 0.888 0.032 0.472 0.475 1.001]
   228          366        0.0191715         reflect
  eval: e=0.0196  p=[0.692 0.888 0.031 0.473 0.474 1.000]
  eval: e=0.0192  p=[0.688 0.888 0.032 0.470 0.475 0.999]
   229          368        0.0191715         contract inside
  eval: e=0.0207  p=[0.692 0.888 0.032 0.474 0.474 1.002]
  eval: e=0.0193  p=[0.688 0.888 0.032 0.470 0.475 0.998]
   230          370        0.0191715         contract inside
  eval: e=0.0211  p=[0.693 0.888 0.032 0.474 0.474 1.002]
  eval: e=0.0193  p=[0.688 0.888 0.032 0.470 0.475 0.998]
   231          372        0.0191715         contract inside
  eval: e=0.0194  p=[0.687 0.887 0.032 0.470 0.474 0.998]
  eval: e=0.0192  p=[0.690 0.888 0.032 0.472 0.475 1.000]
   232          374        0.0191543         contract inside
  eval: e=0.0192  p=[0.689 0.888 0.032 0.470 0.475 0.999]
   233          375        0.0191543         reflect
  eval: e=0.0193  p=[0.687 0.887 0.031 0.470 0.474 0.998]
  eval: e=0.0192  p=[0.690 0.888 0.032 0.471 0.475 1.000]
   234          377        0.0191543         contract inside
  eval: e=0.0191  p=[0.690 0.888 0.032 0.472 0.475 1.000]
  eval: e=0.0200  p=[0.692 0.888 0.032 0.472 0.474 1.001]
   235          379        0.0190906         reflect
  eval: e=0.0193  p=[0.691 0.888 0.032 0.472 0.474 1.001]
  eval: e=0.0192  p=[0.689 0.888 0.032 0.471 0.475 0.999]
   236          381        0.0190906         contract inside
  eval: e=0.0191  p=[0.689 0.888 0.032 0.471 0.474 0.999]
   237          382        0.0190906         reflect
  eval: e=0.0191  p=[0.690 0.888 0.032 0.472 0.474 1.000]
  eval: e=0.0194  p=[0.690 0.888 0.032 0.472 0.474 1.001]
   238          384        0.0190847         reflect
  eval: e=0.0194  p=[0.691 0.888 0.032 0.473 0.474 1.001]
  eval: e=0.0192  p=[0.689 0.888 0.032 0.471 0.475 0.999]
   239          386        0.0190847         contract inside
  eval: e=0.0195  p=[0.691 0.888 0.032 0.473 0.473 1.001]
  eval: e=0.0191  p=[0.689 0.888 0.032 0.471 0.475 0.999]
   240          388        0.0190847         contract inside
  eval: e=0.0191  p=[0.689 0.888 0.032 0.470 0.475 0.999]
   241          389        0.0190847         reflect
  eval: e=0.0191  p=[0.690 0.888 0.032 0.471 0.475 1.000]
   242          390        0.0190847         reflect
  eval: e=0.0191  p=[0.689 0.888 0.032 0.470 0.475 0.999]
   243          391        0.0190847         reflect
  eval: e=0.0191  p=[0.690 0.888 0.032 0.471 0.475 1.000]
  eval: e=0.0191  p=[0.690 0.888 0.032 0.471 0.475 1.000]
   244          393        0.0190684         contract outside
  eval: e=0.0192  p=[0.691 0.888 0.032 0.471 0.475 1.000]
  eval: e=0.0191  p=[0.689 0.888 0.032 0.471 0.474 1.000]
   245          395        0.0190684         contract inside
  eval: e=0.0191  p=[0.691 0.888 0.032 0.472 0.475 1.000]
   246          396        0.0190684         reflect
  eval: e=0.0194  p=[0.691 0.888 0.032 0.473 0.474 1.001]
  eval: e=0.0191  p=[0.690 0.888 0.032 0.471 0.475 1.000]
   247          398        0.0190684         contract inside
  eval: e=0.0192  p=[0.691 0.888 0.032 0.472 0.475 1.001]
  eval: e=0.0191  p=[0.690 0.888 0.032 0.471 0.475 1.000]
   248          400        0.0190684         contract inside
  eval: e=0.0191  p=[0.689 0.888 0.032 0.471 0.475 1.000]
  eval: e=0.0191  p=[0.690 0.888 0.032 0.472 0.475 1.000]
   249          402        0.0190684         contract inside
  eval: e=0.0192  p=[0.690 0.888 0.032 0.472 0.474 1.001]
  eval: e=0.0191  p=[0.690 0.888 0.032 0.471 0.475 1.000]
   250          404        0.0190684         contract inside
  eval: e=0.0191  p=[0.691 0.888 0.032 0.472 0.475 1.000]
  eval: e=0.0191  p=[0.690 0.888 0.032 0.471 0.475 1.000]
   251          406        0.0190684         contract inside
  eval: e=0.0191  p=[0.690 0.888 0.032 0.471 0.475 1.000]
   252          407        0.0190684         reflect
  eval: e=0.0191  p=[0.689 0.888 0.032 0.471 0.474 1.000]
  eval: e=0.0191  p=[0.690 0.888 0.032 0.471 0.475 1.000]
   253          409        0.0190684         contract inside
  eval: e=0.0191  p=[0.689 0.888 0.032 0.471 0.475 1.000]
  eval: e=0.0191  p=[0.690 0.888 0.032 0.471 0.475 1.000]
   254          411        0.0190684         contract inside
  eval: e=0.0191  p=[0.690 0.888 0.032 0.471 0.475 1.000]
   255          412        0.0190684         reflect
  eval: e=0.0191  p=[0.690 0.888 0.032 0.471 0.475 1.000]
  eval: e=0.0191  p=[0.690 0.888 0.032 0.471 0.475 1.000]
   256          414         0.019061         expand
  eval: e=0.0191  p=[0.690 0.888 0.032 0.471 0.475 1.000]
  eval: e=0.0191  p=[0.690 0.888 0.032 0.471 0.475 1.000]
   257          416         0.019061         contract outside
  eval: e=0.0191  p=[0.690 0.888 0.032 0.471 0.475 1.000]
   258          417         0.019061         reflect
  eval: e=0.0191  p=[0.690 0.888 0.032 0.471 0.475 1.000]
   259          418         0.019061         reflect
  eval: e=0.0191  p=[0.690 0.888 0.032 0.471 0.475 1.000]
   260          419         0.019061         reflect
  eval: e=0.0191  p=[0.690 0.888 0.032 0.471 0.475 1.000]
  eval: e=0.0191  p=[0.690 0.888 0.032 0.471 0.475 1.000]
   261          421         0.019061         contract inside
  eval: e=0.0191  p=[0.690 0.888 0.032 0.471 0.475 1.000]
  eval: e=0.0191  p=[0.690 0.888 0.032 0.471 0.475 1.000]
   262          423         0.019061         contract inside
  eval: e=0.0191  p=[0.690 0.888 0.032 0.471 0.475 1.000]
   263          424         0.019061         reflect
  eval: e=0.0191  p=[0.690 0.889 0.032 0.470 0.475 1.000]
   264          425         0.019061         reflect
  eval: e=0.0191  p=[0.690 0.888 0.032 0.471 0.475 1.000]
   265          426         0.019061         reflect
  eval: e=0.0191  p=[0.690 0.888 0.032 0.471 0.475 1.000]
   266          427         0.019061         reflect
  eval: e=0.0191  p=[0.690 0.889 0.032 0.471 0.475 1.000]
  eval: e=0.0191  p=[0.690 0.888 0.032 0.471 0.475 1.000]
   267          429         0.019059         contract inside
  eval: e=0.0191  p=[0.690 0.889 0.032 0.471 0.475 1.000]
   268          430         0.019059         reflect
  eval: e=0.0191  p=[0.690 0.889 0.032 0.470 0.475 1.000]
  eval: e=0.0191  p=[0.690 0.889 0.032 0.470 0.476 1.000]
   269          432        0.0190568         reflect
  eval: e=0.0191  p=[0.690 0.889 0.032 0.471 0.475 1.000]
   270          433        0.0190568         reflect
  eval: e=0.0191  p=[0.690 0.888 0.032 0.471 0.475 1.000]
  eval: e=0.0191  p=[0.690 0.889 0.032 0.471 0.475 1.000]
   271          435        0.0190568         contract inside
  eval: e=0.0191  p=[0.690 0.888 0.032 0.470 0.475 1.000]
  eval: e=0.0191  p=[0.690 0.888 0.032 0.471 0.475 1.000]
   272          437        0.0190568         contract inside
  eval: e=0.0191  p=[0.690 0.888 0.032 0.471 0.475 1.000]
  eval: e=0.0191  p=[0.690 0.889 0.032 0.471 0.475 1.000]
   273          439        0.0190568         contract inside
  eval: e=0.0191  p=[0.690 0.889 0.032 0.470 0.476 1.000]
  eval: e=0.0191  p=[0.690 0.889 0.032 0.470 0.475 1.000]
   274          441        0.0190568         contract outside
  eval: e=0.0191  p=[0.690 0.888 0.032 0.471 0.475 1.000]
   275          442        0.0190568         reflect
  eval: e=0.0191  p=[0.690 0.889 0.032 0.470 0.476 1.000]
   276          443        0.0190568         reflect
  eval: e=0.0191  p=[0.690 0.889 0.032 0.471 0.475 1.000]
  eval: e=0.0191  p=[0.690 0.889 0.032 0.471 0.475 1.000]
   277          445        0.0190564         contract inside
  eval: e=0.0191  p=[0.690 0.889 0.032 0.470 0.476 1.000]
   278          446        0.0190564         reflect
  eval: e=0.0191  p=[0.690 0.889 0.032 0.470 0.476 1.000]
  eval: e=0.0191  p=[0.690 0.889 0.032 0.471 0.475 1.000]
   279          448        0.0190562         contract inside
  eval: e=0.0191  p=[0.690 0.889 0.032 0.471 0.475 1.000]
  eval: e=0.0191  p=[0.690 0.889 0.032 0.470 0.475 1.000]
   280          450        0.0190562         contract inside
  eval: e=0.0191  p=[0.690 0.888 0.032 0.471 0.475 1.000]
  eval: e=0.0191  p=[0.690 0.889 0.032 0.470 0.475 1.000]
   281          452        0.0190562         contract inside
  eval: e=0.0191  p=[0.690 0.889 0.032 0.470 0.476 1.000]
  eval: e=0.0191  p=[0.690 0.889 0.032 0.471 0.475 1.000]
   282          454         0.019056         contract inside
  eval: e=0.0191  p=[0.690 0.888 0.032 0.471 0.475 1.000]
  eval: e=0.0191  p=[0.690 0.889 0.032 0.470 0.476 1.000]
   283          456        0.0190556         contract inside
  eval: e=0.0191  p=[0.690 0.889 0.032 0.471 0.475 1.000]
   284          457        0.0190556         reflect
  eval: e=0.0191  p=[0.690 0.889 0.032 0.471 0.475 1.000]
  eval: e=0.0191  p=[0.690 0.889 0.032 0.471 0.475 1.000]
   285          459        0.0190556         contract inside
  eval: e=0.0191  p=[0.690 0.889 0.032 0.470 0.476 1.000]
  eval: e=0.0191  p=[0.690 0.889 0.032 0.471 0.475 1.000]
   286          461        0.0190556         contract inside
  eval: e=0.0191  p=[0.690 0.889 0.032 0.471 0.475 1.000]
  eval: e=0.0191  p=[0.690 0.889 0.032 0.470 0.475 1.000]
   287          463        0.0190556         contract inside
 
Optimization terminated:
 the current x satisfies the termination criteria using OPTIONS.TolX of 1.000000e-04 
 and F(X) satisfies the convergence criteria using OPTIONS.TolFun of 1.000000e-06 

=== Fit complete: error=0.019056  AIC=-3865.2 ===
