  eval: e=0.3924  p=[0.950 0.450 0.350 0.450 0.150 0.450 0.450]
 
 Iteration   Func-count         f(x)         Procedure
     0            1         0.392406         
  eval: e=0.3924  p=[0.997 0.450 0.350 0.450 0.150 0.450 0.450]
  eval: e=0.3919  p=[0.950 0.473 0.350 0.450 0.150 0.450 0.450]
  eval: e=0.3922  p=[0.950 0.450 0.367 0.450 0.150 0.450 0.450]
  eval: e=0.3925  p=[0.950 0.450 0.350 0.473 0.150 0.450 0.450]
  eval: e=0.3923  p=[0.950 0.450 0.350 0.450 0.158 0.450 0.450]
  eval: e=0.3928  p=[0.950 0.450 0.350 0.450 0.150 0.473 0.450]
  eval: e=0.3926  p=[0.950 0.450 0.350 0.450 0.150 0.450 0.473]
     1            8         0.391934         initial simplex
  eval: e=0.3919  p=[0.964 0.456 0.355 0.456 0.152 0.428 0.456]
  eval: e=0.3916  p=[0.970 0.460 0.358 0.460 0.153 0.405 0.460]
     2           10          0.39164         expand
  eval: e=0.3918  p=[0.969 0.459 0.357 0.459 0.153 0.437 0.430]
     3           11          0.39164         reflect
  eval: e=0.3916  p=[0.975 0.462 0.359 0.433 0.154 0.433 0.447]
  eval: e=0.3911  p=[0.987 0.468 0.364 0.413 0.156 0.425 0.446]
     4           13         0.391146         expand
  eval: e=0.3914  p=[0.925 0.467 0.363 0.445 0.156 0.426 0.446]
     5           14         0.391146         reflect
  eval: e=0.3911  p=[0.965 0.472 0.367 0.443 0.157 0.420 0.445]
  eval: e=0.3904  p=[0.972 0.483 0.375 0.440 0.161 0.404 0.442]
     6           16         0.390429         expand
  eval: e=0.3908  p=[0.971 0.481 0.374 0.440 0.151 0.407 0.442]
     7           17         0.390429         reflect
  eval: e=0.3904  p=[0.977 0.490 0.358 0.438 0.158 0.394 0.440]
     8           18         0.390429         reflect
  eval: e=0.3905  p=[0.985 0.472 0.378 0.434 0.161 0.378 0.437]
     9           19         0.390429         reflect
  eval: e=0.3903  p=[0.970 0.489 0.377 0.418 0.160 0.374 0.459]
  eval: e=0.3902  p=[0.970 0.504 0.387 0.397 0.163 0.343 0.474]
    10           21         0.390239         expand
  eval: e=0.3895  p=[0.969 0.502 0.386 0.400 0.163 0.389 0.434]
  eval: e=0.3885  p=[0.968 0.523 0.400 0.370 0.167 0.381 0.421]
    11           23         0.388509         expand
  eval: e=0.3893  p=[1.027 0.510 0.390 0.393 0.164 0.354 0.441]
    12           24         0.388509         reflect
  eval: e=0.3893  p=[0.976 0.522 0.397 0.419 0.166 0.335 0.439]
    13           25         0.388509         reflect
  eval: e=0.3888  p=[0.993 0.520 0.394 0.386 0.175 0.333 0.442]
    14           26         0.388509         reflect
  eval: e=0.3881  p=[0.982 0.543 0.394 0.378 0.169 0.349 0.448]
  eval: e=0.3867  p=[0.980 0.578 0.401 0.350 0.173 0.334 0.453]
    15           28          0.38673         expand
  eval: e=0.3870  p=[0.991 0.550 0.426 0.349 0.176 0.316 0.449]
    16           29          0.38673         reflect
  eval: e=0.3860  p=[1.001 0.577 0.423 0.321 0.177 0.280 0.449]
  eval: e=0.3808  p=[1.015 0.624 0.447 0.262 0.186 0.218 0.453]
    17           31         0.380818         expand
  eval: e=0.3849  p=[1.016 0.589 0.428 0.325 0.181 0.306 0.411]
    18           32         0.380818         reflect
  eval: e=0.3845  p=[1.022 0.591 0.427 0.277 0.183 0.306 0.438]
    19           33         0.380818         reflect
  eval: e=0.3817  p=[0.968 0.625 0.445 0.269 0.191 0.273 0.435]
    20           34         0.380818         reflect
  eval: e=0.3815  p=[0.995 0.645 0.456 0.243 0.184 0.276 0.432]
    21           35         0.380818         reflect
  eval: e=0.3747  p=[1.028 0.678 0.466 0.223 0.197 0.199 0.456]
  eval: e=0.3613  p=[1.058 0.755 0.500 0.150 0.211 0.108 0.474]
    22           37         0.361309         expand
  eval: e=0.3737  p=[1.025 0.709 0.461 0.187 0.199 0.204 0.436]
    23           38         0.361309         reflect
