  eval: e=0.2378  p=[0.500 0.500 0.500 0.500 0.500 0.500]
 
 Iteration   Func-count         f(x)         Procedure
     0            1          0.23777         
  eval: e=0.2370  p=[0.525 0.500 0.500 0.500 0.500 0.500]
  eval: e=0.7656  p=[0.500 0.525 0.500 0.500 0.500 0.500]
  eval: e=0.4738  p=[0.500 0.500 0.525 0.500 0.500 0.500]
  eval: e=0.1627  p=[0.500 0.500 0.500 0.525 0.500 0.500]
  eval: e=0.0878  p=[0.500 0.500 0.500 0.500 0.525 0.500]
  eval: e=0.1304  p=[0.500 0.500 0.500 0.500 0.500 0.525]
     1            7         0.087771         initial simplex
  eval: e=0.0747  p=[0.508 0.475 0.508 0.508 0.508 0.508]
  eval: e=0.1724  p=[0.512 0.450 0.512 0.512 0.512 0.512]
     2            9        0.0746918         reflect
  eval: e=0.0816  p=[0.511 0.492 0.478 0.511 0.511 0.511]
     3           10        0.0746918         reflect
  eval: e=0.0858  p=[0.515 0.489 0.495 0.515 0.515 0.515]
     4           11        0.0746918         reflect
  eval: e=0.1273  p=[0.486 0.485 0.494 0.520 0.520 0.520]
     5           12        0.0746918         reflect
  eval: e=0.1670  p=[0.507 0.480 0.492 0.493 0.526 0.526]
  eval: e=0.0852  p=[0.502 0.495 0.498 0.517 0.507 0.507]
     6           14        0.0746918         contract inside
  eval: e=0.1558  p=[0.507 0.479 0.491 0.524 0.529 0.495]
  eval: e=0.0780  p=[0.502 0.495 0.498 0.506 0.507 0.518]
     7           16        0.0746918         contract inside
  eval: e=0.1506  p=[0.526 0.497 0.499 0.499 0.505 0.500]
  eval: e=0.0901  p=[0.496 0.488 0.495 0.515 0.516 0.515]
     8           18        0.0746918         contract inside
  eval: e=0.0893  p=[0.516 0.494 0.497 0.504 0.508 0.505]
  eval: e=0.0767  p=[0.511 0.492 0.497 0.507 0.510 0.507]
     9           20        0.0746918         contract outside
  eval: e=0.0687  p=[0.516 0.479 0.491 0.521 0.494 0.522]
  eval: e=0.0753  p=[0.525 0.469 0.487 0.532 0.479 0.533]
    10           22        0.0686935         reflect
  eval: e=0.0807  p=[0.502 0.487 0.495 0.509 0.498 0.509]
    11           23        0.0686935         reflect
  eval: e=0.0782  p=[0.515 0.478 0.491 0.504 0.503 0.519]
    12           24        0.0686935         reflect
  eval: e=0.0822  p=[0.507 0.477 0.515 0.507 0.496 0.517]
  eval: e=0.0726  p=[0.510 0.488 0.487 0.510 0.507 0.512]
    13           26        0.0686935         contract inside
  eval: e=0.0963  p=[0.519 0.482 0.496 0.510 0.512 0.519]
  eval: e=0.0698  p=[0.506 0.486 0.495 0.509 0.501 0.512]
    14           28        0.0686935         contract inside
  eval: e=0.0843  p=[0.503 0.493 0.501 0.517 0.507 0.508]
  eval: e=0.0714  p=[0.512 0.482 0.494 0.507 0.504 0.516]
    15           30        0.0686935         contract inside
  eval: e=0.0790  p=[0.520 0.473 0.493 0.515 0.501 0.508]
  eval: e=0.0710  p=[0.506 0.489 0.497 0.508 0.506 0.515]
    16           32        0.0686935         contract inside
  eval: e=0.0763  p=[0.509 0.474 0.494 0.514 0.497 0.521]
  eval: e=0.0712  p=[0.509 0.479 0.495 0.513 0.500 0.518]
    17           34        0.0686935         contract outside
  eval: e=0.0650  p=[0.512 0.493 0.478 0.514 0.496 0.523]
  eval: e=0.0638  p=[0.514 0.501 0.462 0.518 0.490 0.531]
    18           36        0.0638241         expand
  eval: e=0.0647  p=[0.511 0.484 0.491 0.515 0.491 0.525]
    19           37        0.0638241         reflect
  eval: e=0.0664  p=[0.509 0.491 0.483 0.521 0.490 0.525]
    20           38        0.0638241         reflect
  eval: e=0.0769  p=[0.512 0.498 0.478 0.518 0.491 0.526]
  eval: e=0.0666  p=[0.510 0.484 0.491 0.514 0.498 0.520]
    21           40        0.0638241         contract inside
  eval: e=0.0620  p=[0.516 0.486 0.475 0.524 0.483 0.530]
  eval: e=0.0622  p=[0.521 0.484 0.463 0.533 0.471 0.537]
    22           42        0.0620035         reflect
  eval: e=0.0633  p=[0.519 0.489 0.469 0.529 0.481 0.539]
    23           43        0.0620035         reflect
  eval: e=0.0681  p=[0.510 0.499 0.466 0.519 0.483 0.535]
  eval: e=0.0641  p=[0.511 0.494 0.472 0.520 0.486 0.532]
    24           45        0.0620035         contract outside
  eval: e=0.0647  p=[0.517 0.498 0.460 0.528 0.476 0.541]
    25           46        0.0620035         reflect
  eval: e=0.0615  p=[0.520 0.493 0.460 0.524 0.478 0.541]
  eval: e=0.0635  p=[0.526 0.495 0.448 0.525 0.472 0.549]
    26           48        0.0615373         reflect
  eval: e=0.0611  p=[0.521 0.503 0.442 0.532 0.473 0.546]
  eval: e=0.0623  p=[0.526 0.513 0.418 0.541 0.464 0.556]
    27           50        0.0611235         reflect
  eval: e=0.0653  p=[0.517 0.491 0.466 0.521 0.488 0.532]
  eval: e=0.0622  p=[0.517 0.496 0.462 0.526 0.479 0.539]
    28           52        0.0611235         contract inside
  eval: e=0.0629  p=[0.524 0.496 0.451 0.531 0.475 0.543]
    29           53        0.0611235         reflect
  eval: e=0.0652  p=[0.525 0.486 0.457 0.538 0.466 0.548]
  eval: e=0.0618  p=[0.517 0.498 0.461 0.523 0.484 0.535]
    30           55        0.0611235         contract inside
  eval: e=0.0620  p=[0.519 0.502 0.448 0.525 0.477 0.539]
    31           56        0.0611235         reflect
  eval: e=0.0652  p=[0.512 0.497 0.464 0.520 0.483 0.533]
  eval: e=0.0615  p=[0.521 0.496 0.454 0.529 0.477 0.541]
    32           58        0.0611235         contract inside
  eval: e=0.0620  p=[0.521 0.496 0.451 0.526 0.479 0.538]
  eval: e=0.0614  p=[0.520 0.496 0.454 0.526 0.479 0.538]
    33           60        0.0611235         contract outside
  eval: e=0.0608  p=[0.524 0.510 0.432 0.528 0.473 0.550]
  eval: e=0.0609  p=[0.528 0.523 0.410 0.530 0.469 0.560]
    34           62        0.0608127         reflect
  eval: e=0.0631  p=[0.522 0.497 0.453 0.529 0.478 0.545]
  eval: e=0.0612  p=[0.520 0.501 0.449 0.526 0.477 0.540]
    35           64        0.0608127         contract inside
  eval: e=0.0619  p=[0.526 0.502 0.436 0.532 0.468 0.550]
  eval: e=0.0613  p=[0.519 0.499 0.455 0.525 0.480 0.539]
    36           66        0.0608127         contract inside
  eval: e=0.0610  p=[0.521 0.508 0.436 0.532 0.475 0.544]
    37           67        0.0608127         reflect
  eval: e=0.0612  p=[0.520 0.510 0.435 0.528 0.475 0.545]
    38           68        0.0608127         reflect
  eval: e=0.0617  p=[0.522 0.514 0.429 0.531 0.473 0.549]
  eval: e=0.0611  p=[0.521 0.501 0.448 0.527 0.477 0.541]
    39           70        0.0608127         contract inside
  eval: e=0.0612  p=[0.524 0.512 0.425 0.533 0.470 0.550]
    40           71        0.0608127         reflect
  eval: e=0.0612  p=[0.523 0.502 0.443 0.531 0.473 0.545]
  eval: e=0.0610  p=[0.522 0.504 0.441 0.531 0.474 0.545]
    41           73        0.0608127         contract outside
  eval: e=0.0611  p=[0.524 0.512 0.425 0.535 0.470 0.552]
    42           74        0.0608127         reflect
  eval: e=0.0613  p=[0.521 0.501 0.449 0.529 0.477 0.543]
  eval: e=0.0610  p=[0.523 0.509 0.431 0.532 0.472 0.548]
    43           76        0.0608127         contract inside
  eval: e=0.0612  p=[0.520 0.500 0.451 0.526 0.478 0.540]
  eval: e=0.0610  p=[0.523 0.509 0.432 0.533 0.472 0.549]
    44           78        0.0608127         contract inside
  eval: e=0.0608  p=[0.524 0.511 0.431 0.528 0.474 0.547]
  eval: e=0.0607  p=[0.525 0.514 0.425 0.526 0.475 0.547]
    45           80        0.0606844         expand
  eval: e=0.0611  p=[0.526 0.518 0.418 0.533 0.470 0.553]
  eval: e=0.0609  p=[0.524 0.514 0.425 0.532 0.472 0.550]
    46           82        0.0606844         contract outside
  eval: e=0.0609  p=[0.524 0.518 0.420 0.530 0.473 0.551]
    47           83        0.0606844         reflect
  eval: e=0.0607  p=[0.524 0.515 0.425 0.529 0.475 0.549]
    48           84        0.0606844         reflect
  eval: e=0.0606  p=[0.527 0.519 0.417 0.528 0.472 0.555]
  eval: e=0.0605  p=[0.530 0.524 0.408 0.525 0.470 0.560]
    49           86        0.0605325         expand
  eval: e=0.0606  p=[0.527 0.523 0.413 0.524 0.474 0.554]
    50           87        0.0605325         reflect
  eval: e=0.0604  p=[0.527 0.521 0.416 0.523 0.475 0.553]
  eval: e=0.0602  p=[0.529 0.525 0.411 0.518 0.476 0.555]
    51           89        0.0601723         expand
  eval: e=0.0603  p=[0.529 0.519 0.418 0.520 0.475 0.554]
    52           90        0.0601723         reflect
  eval: e=0.0601  p=[0.531 0.530 0.402 0.520 0.475 0.556]
  eval: e=0.0598  p=[0.534 0.539 0.387 0.515 0.476 0.559]
    53           92          0.05983         expand
  eval: e=0.0598  p=[0.534 0.533 0.396 0.515 0.474 0.561]
    54           93          0.05983         reflect
  eval: e=0.0596  p=[0.536 0.540 0.386 0.513 0.474 0.567]
  eval: e=0.0590  p=[0.541 0.552 0.367 0.506 0.473 0.577]
    55           95        0.0589866         expand
  eval: e=0.0593  p=[0.538 0.541 0.383 0.509 0.475 0.569]
    56           96        0.0589866         reflect
  eval: e=0.0593  p=[0.538 0.546 0.379 0.502 0.480 0.565]
    57           97        0.0589866         reflect
  eval: e=0.0589  p=[0.543 0.560 0.356 0.502 0.476 0.575]
  eval: e=0.0585  p=[0.550 0.580 0.324 0.493 0.477 0.585]
    58           99         0.058473         expand
  eval: e=0.0581  p=[0.550 0.572 0.334 0.495 0.475 0.584]
  eval: e=0.0573  p=[0.560 0.596 0.296 0.484 0.474 0.598]
    59          101        0.0572675         expand
  eval: e=0.0576  p=[0.554 0.586 0.316 0.488 0.477 0.590]
    60          102        0.0572675         reflect
  eval: e=0.0567  p=[0.560 0.595 0.301 0.479 0.476 0.602]
  eval: e=0.0550  p=[0.573 0.622 0.258 0.460 0.475 0.624]
    61          104        0.0549835         expand
  eval: e=0.0565  p=[0.567 0.613 0.268 0.478 0.471 0.616]
    62          105        0.0549835         reflect
  eval: e=0.0568  p=[0.577 0.642 0.227 0.460 0.474 0.628]
    63          106        0.0549835         reflect
  eval: e=0.0561  p=[0.586 0.661 0.196 0.448 0.477 0.636]
    64          107        0.0549835         reflect
  eval: e=0.0544  p=[0.589 0.660 0.196 0.447 0.473 0.646]
  eval: e=0.0536  p=[0.609 0.700 0.132 0.424 0.471 0.676]
    65          109        0.0535905         expand
  eval: e=0.0549  p=[0.603 0.692 0.143 0.430 0.470 0.669]
    66          110        0.0535905         reflect
  eval: e=0.0546  p=[0.611 0.714 0.112 0.417 0.472 0.685]
    67          111        0.0535905         reflect
  eval: e=0.0530  p=[0.606 0.692 0.143 0.425 0.471 0.674]
  eval: e=0.0527  p=[0.620 0.718 0.101 0.408 0.469 0.697]
    68          113        0.0527196         expand
  eval: e=0.0552  p=[0.633 0.756 0.046 0.385 0.474 0.713]
    69          114        0.0527196         reflect
  eval: e=0.0535  p=[0.630 0.740 0.067 0.393 0.467 0.718]
    70          115        0.0527196         reflect
  eval: e=0.0553  p=[0.582 0.639 0.225 0.459 0.468 0.643]
  eval: e=0.0534  p=[0.620 0.727 0.091 0.404 0.473 0.696]
    71          117        0.0527196         contract inside
  eval: e=1.4121  p=[0.659  0.807 -0.042  0.365  0.465  0.757]
  eval: e=0.0533  p=[0.594 0.669 0.183 0.437 0.473 0.657]
    72          119        0.0527196         contract inside
  eval: e=0.0518  p=[0.625 0.730 0.086 0.397 0.471 0.707]
  eval: e=0.0515  p=[0.636 0.749 0.057 0.381 0.472 0.726]
    73          121          0.05152         expand
  eval: e=0.0523  p=[0.625 0.720 0.098 0.399 0.470 0.705]
    74          122          0.05152         reflect
  eval: e=0.0520  p=[0.633 0.741 0.067 0.383 0.470 0.723]
    75          123          0.05152         reflect
  eval: e=0.0509  p=[0.612 0.701 0.131 0.410 0.475 0.683]
  eval: e=0.0508  p=[0.604 0.682 0.163 0.419 0.479 0.665]
    76          125        0.0507512         expand
  eval: e=0.0534  p=[0.617 0.699 0.132 0.405 0.472 0.695]
  eval: e=0.0519  p=[0.620 0.720 0.101 0.404 0.472 0.696]
    77          127        0.0507512         contract inside
  eval: e=0.0541  p=[0.652 0.774 0.013 0.361 0.471 0.747]
  eval: e=0.0518  p=[0.609 0.695 0.140 0.418 0.472 0.679]
    78          129        0.0507512         contract inside
  eval: e=0.0498  p=[0.622 0.718 0.108 0.393 0.476 0.701]
  eval: e=0.0488  p=[0.623 0.718 0.111 0.386 0.479 0.704]
    79          131        0.0487912         expand
  eval: e=0.0495  p=[0.616 0.715 0.115 0.398 0.478 0.693]
    80          132        0.0487912         reflect
  eval: e=0.0505  p=[0.602 0.685 0.162 0.419 0.480 0.664]
    81          133        0.0487912         reflect
  eval: e=0.0495  p=[0.610 0.695 0.148 0.403 0.481 0.682]
    82          134        0.0487912         reflect
  eval: e=0.0478  p=[0.622 0.719 0.112 0.384 0.484 0.698]
  eval: e=0.0467  p=[0.629 0.731 0.098 0.367 0.489 0.708]
    83          136        0.0466794         expand
  eval: e=0.0509  p=[0.592 0.660 0.209 0.416 0.491 0.646]
  eval: e=0.0494  p=[0.603 0.682 0.171 0.407 0.486 0.666]
    84          138        0.0466794         contract outside
  eval: e=0.0464  p=[0.624 0.727 0.105 0.375 0.486 0.707]
  eval: e=0.0443  p=[0.635 0.749 0.077 0.353 0.490 0.728]
    85          140        0.0443391         expand
  eval: e=0.0466  p=[0.637 0.745 0.078 0.352 0.487 0.729]
    86          141        0.0443391         reflect
  eval: e=0.0449  p=[0.637 0.752 0.068 0.351 0.489 0.727]
    87          142        0.0443391         reflect
  eval: e=0.0461  p=[0.639 0.744 0.085 0.341 0.495 0.728]
    88          143        0.0443391         reflect
  eval: e=0.0446  p=[0.663 0.798 0.001 0.309 0.490 0.775]
    89          144        0.0443391         reflect
  eval: e=0.0421  p=[0.656 0.789 0.025 0.306 0.501 0.761]
  eval: e=0.2568  p=[0.673  0.824 -0.018  0.265  0.513  0.790]
    90          146        0.0420934         reflect
  eval: e=0.0417  p=[0.660 0.794 0.014 0.303 0.495 0.775]
  eval: e=0.9989  p=[0.676  0.826 -0.028  0.272  0.497  0.808]
    91          148        0.0417081         reflect
  eval: e=0.0407  p=[0.660 0.797 0.012 0.302 0.499 0.769]
  eval: e=0.4229  p=[0.672  0.824 -0.021  0.277  0.506  0.789]
    92          150        0.0406674         reflect
  eval: e=0.3402  p=[0.666  0.815 -0.020  0.301  0.493  0.784]
  eval: e=0.0440  p=[0.645 0.762 0.059 0.331 0.495 0.742]
    93          152        0.0406674         contract inside
  eval: e=0.0448  p=[0.670  0.811 -0.005  0.283  0.501  0.789]
  eval: e=0.0415  p=[0.662 0.796 0.013 0.300 0.498 0.774]
    94          154        0.0406674         contract outside
  eval: e=0.0417  p=[0.643 0.765 0.065 0.322 0.502 0.741]
    95          155        0.0406674         reflect
  eval: e=0.1395  p=[0.674  0.819 -0.014  0.269  0.507  0.793]
  eval: e=0.0428  p=[0.645 0.767 0.054 0.332 0.494 0.744]
    96          157        0.0406674         contract inside
  eval: e=0.0394  p=[0.664 0.807 0.002 0.291 0.502 0.779]
  eval: e=0.9235  p=[0.673  0.830 -0.027  0.271  0.506  0.798]
    97          159        0.0394268         reflect
  eval: e=0.0910  p=[0.670  0.816 -0.010  0.277  0.505  0.789]
  eval: e=0.0418  p=[0.651 0.779 0.038 0.318 0.497 0.755]
    98          161        0.0394268         contract inside
  eval: e=0.0405  p=[0.657 0.791 0.023 0.307 0.496 0.770]
    99          162        0.0394268         reflect
  eval: e=0.0394  p=[0.664 0.805 0.005 0.291 0.501 0.781]
   100          163        0.0394268         reflect
  eval: e=0.0394  p=[0.656 0.793 0.026 0.301 0.505 0.763]
   101          164        0.0394268         reflect
  eval: e=2.2253  p=[0.678  0.832 -0.038  0.275  0.498  0.804]
  eval: e=0.0406  p=[0.652 0.782 0.039 0.311 0.501 0.757]
   102          166        0.0394268         contract inside
  eval: e=0.0397  p=[0.656 0.795 0.023 0.301 0.504 0.766]
   103          167        0.0394268         reflect
  eval: e=0.0391  p=[0.656 0.794 0.027 0.298 0.504 0.769]
  eval: e=0.0391  p=[0.653 0.792 0.035 0.296 0.506 0.769]
   104          169        0.0390923         expand
  eval: e=0.0406  p=[0.665  0.813 -0.001  0.285  0.503  0.786]
  eval: e=0.0399  p=[0.655 0.789 0.029 0.304 0.502 0.764]
   105          171        0.0390923         contract inside
  eval: e=0.0383  p=[0.659 0.803 0.017 0.288 0.510 0.771]
  eval: e=0.0378  p=[0.660 0.808 0.014 0.278 0.517 0.772]
   106          173        0.0378456         expand
  eval: e=0.0380  p=[0.663 0.811 0.006 0.282 0.510 0.779]
   107          174        0.0378456         reflect
  eval: e=0.0378  p=[0.664 0.810 0.006 0.279 0.510 0.782]
  eval: e=0.0368  p=[0.668  0.817 -0.002  0.268  0.513  0.790]
   108          176        0.0368128         expand
  eval: e=0.0624  p=[0.668  0.820 -0.006  0.267  0.511  0.794]
  eval: e=0.0388  p=[0.659 0.800 0.018 0.293 0.507 0.771]
   109          178        0.0368128         contract inside
  eval: e=0.0379  p=[0.658 0.807 0.019 0.278 0.517 0.773]
   110          179        0.0368128         reflect
  eval: e=0.0384  p=[0.657 0.804 0.028 0.274 0.521 0.772]
   111          180        0.0368128         reflect
  eval: e=0.0601  p=[0.669  0.824 -0.007  0.262  0.522  0.783]
  eval: e=0.0382  p=[0.657 0.800 0.025 0.287 0.510 0.773]
   112          182        0.0368128         contract inside
  eval: e=0.0372  p=[0.662 0.816 0.012 0.263 0.522 0.782]
   113          183        0.0368128         reflect
  eval: e=0.0435  p=[0.666  0.815 -0.004  0.278  0.509  0.784]
  eval: e=0.0377  p=[0.659 0.807 0.020 0.275 0.518 0.775]
   114          185        0.0368128         contract inside
  eval: e=0.0372  p=[0.667  0.822 -0.001  0.261  0.522  0.784]
   115          186        0.0368128         reflect
  eval: e=0.0381  p=[0.662 0.815 0.015 0.259 0.527 0.779]
  eval: e=0.0374  p=[0.663 0.812 0.008 0.276 0.514 0.779]
   116          188        0.0368128         contract inside
  eval: e=0.0379  p=[0.668  0.821 -0.002  0.262  0.518  0.788]
  eval: e=0.0369  p=[0.666 0.817 0.003 0.266 0.518 0.784]
   117          190        0.0368128         contract outside
  eval: e=0.0361  p=[0.668  0.822 -0.001  0.258  0.519  0.793]
  eval: e=0.0820  p=[0.672  0.829 -0.008  0.248  0.520  0.804]
   118          192        0.0361309         reflect
  eval: e=0.1835  p=[0.672  0.829 -0.014  0.256  0.518  0.796]
  eval: e=0.0372  p=[0.662 0.812 0.012 0.270 0.518 0.780]
   119          194        0.0361309         contract inside
  eval: e=0.0363  p=[0.668  0.824 -0.001  0.253  0.524  0.792]
   120          195        0.0361309         reflect
  eval: e=0.0682  p=[0.671  0.822 -0.008  0.262  0.516  0.793]
  eval: e=0.0368  p=[0.664 0.818 0.007 0.263 0.521 0.785]
   121          197        0.0361309         contract inside
  eval: e=0.0367  p=[0.666 0.815 0.008 0.265 0.515 0.791]
   122          198        0.0361309         reflect
  eval: e=0.0596  p=[0.671  0.825 -0.007  0.254  0.519  0.798]
  eval: e=0.0369  p=[0.665 0.816 0.007 0.266 0.518 0.785]
   123          200        0.0361309         contract inside
  eval: e=0.0364  p=[0.667 0.820 0.003 0.258 0.519 0.794]
   124          201        0.0361309         reflect
  eval: e=0.0369  p=[0.669  0.823 -0.002  0.256  0.519  0.797]
  eval: e=0.0367  p=[0.666 0.817 0.005 0.263 0.518 0.788]
   125          203        0.0361309         contract inside
  eval: e=0.0368  p=[0.665 0.821 0.009 0.252 0.525 0.791]
  eval: e=0.0365  p=[0.666 0.820 0.006 0.256 0.522 0.791]
   126          205        0.0361309         contract outside
  eval: e=0.0362  p=[0.669  0.822 -0.000  0.255  0.518  0.798]
   127          206        0.0361309         reflect
  eval: e=0.0360  p=[0.669 0.824 0.000 0.252 0.521 0.799]
  eval: e=0.0360  p=[0.671  0.827 -0.002  0.246  0.522  0.804]
   128          208        0.0359955         reflect
  eval: e=0.0482  p=[0.670  0.829 -0.005  0.245  0.526  0.798]
  eval: e=0.0364  p=[0.667 0.818 0.004 0.260 0.518 0.793]
   129          210        0.0359955         contract inside
  eval: e=0.0403  p=[0.670  0.823 -0.004  0.256  0.517  0.799]
  eval: e=0.0363  p=[0.667 0.821 0.004 0.256 0.521 0.793]
   130          212        0.0359955         contract inside
  eval: e=0.0380  p=[0.669  0.826 -0.003  0.250  0.523  0.797]
  eval: e=0.0363  p=[0.667 0.820 0.003 0.258 0.519 0.794]
   131          214        0.0359955         contract inside
  eval: e=0.0362  p=[0.669  0.824 -0.001  0.252  0.522  0.795]
   132          215        0.0359955         reflect
  eval: e=0.0374  p=[0.669  0.825 -0.002  0.251  0.523  0.796]
  eval: e=0.0363  p=[0.668 0.821 0.002 0.256 0.520 0.794]
   133          217        0.0359955         contract inside
  eval: e=0.0410  p=[0.670  0.825 -0.004  0.253  0.520  0.798]
  eval: e=0.0362  p=[0.668 0.822 0.002 0.255 0.521 0.794]
   134          219        0.0359955         contract inside
  eval: e=0.0358  p=[0.669 0.821 0.001 0.257 0.517 0.799]
  eval: e=0.0356  p=[0.669 0.820 0.002 0.259 0.513 0.803]
   135          221        0.0355762         expand
  eval: e=0.0357  p=[0.669  0.823 -0.001  0.255  0.518  0.800]
   136          222        0.0355762         reflect
  eval: e=0.0365  p=[0.670  0.823 -0.002  0.255  0.516  0.802]
  eval: e=0.0361  p=[0.668 0.822 0.001 0.255 0.520 0.796]
   137          224        0.0355762         contract inside
  eval: e=0.0358  p=[0.668 0.823 0.000 0.255 0.519 0.797]
   138          225        0.0355762         reflect
  eval: e=0.0357  p=[0.668 0.820 0.002 0.259 0.515 0.801]
   139          226        0.0355762         reflect
  eval: e=0.0353  p=[0.669 0.822 0.002 0.253 0.516 0.805]
  eval: e=0.0349  p=[0.670 0.822 0.004 0.251 0.515 0.811]
   140          228        0.0349153         expand
  eval: e=0.0352  p=[0.669 0.822 0.002 0.255 0.514 0.807]
   141          229        0.0349153         reflect
  eval: e=0.0354  p=[0.669 0.820 0.003 0.260 0.511 0.807]
   142          230        0.0349153         reflect
  eval: e=0.0350  p=[0.670 0.819 0.003 0.258 0.509 0.812]
   143          231        0.0349153         reflect
  eval: e=0.0348  p=[0.670 0.821 0.002 0.253 0.512 0.813]
  eval: e=0.0344  p=[0.672 0.822 0.003 0.251 0.511 0.819]
   144          233        0.0343634         expand
  eval: e=0.0347  p=[0.670 0.818 0.006 0.257 0.506 0.820]
   145          234        0.0343634         reflect
  eval: e=0.0342  p=[0.671 0.821 0.005 0.251 0.508 0.823]
  eval: e=0.0338  p=[0.673 0.821 0.006 0.247 0.506 0.833]
   146          236        0.0338177         expand
  eval: e=0.0338  p=[0.672 0.821 0.005 0.246 0.510 0.827]
  eval: e=0.0330  p=[0.674 0.822 0.007 0.240 0.509 0.836]
   147          238        0.0330392         expand
  eval: e=0.0332  p=[0.674 0.819 0.008 0.246 0.505 0.837]
   148          239        0.0330392         reflect
  eval: e=0.0332  p=[0.674 0.822 0.008 0.239 0.508 0.839]
   149          240        0.0330392         reflect
  eval: e=0.0332  p=[0.676 0.820 0.008 0.242 0.500 0.851]
   150          241        0.0330392         reflect
  eval: e=0.0322  p=[0.677 0.824 0.007 0.231 0.507 0.851]
  eval: e=0.0319  p=[0.681 0.827 0.007 0.219 0.507 0.867]
   151          243        0.0319468         expand
  eval: e=0.0329  p=[0.679 0.822 0.012 0.227 0.501 0.869]
   152          244        0.0319468         reflect
  eval: e=0.0314  p=[0.680 0.823 0.011 0.224 0.504 0.867]
  eval: e=0.0316  p=[0.683 0.824 0.013 0.212 0.503 0.884]
   153          246        0.0313988         reflect
  eval: e=0.0331  p=[0.681 0.826 0.010 0.217 0.505 0.873]
   154          247        0.0313988         reflect
  eval: e=0.0318  p=[0.680 0.828 0.009 0.213 0.512 0.867]
   155          248        0.0313988         reflect
  eval: e=0.0325  p=[0.684 0.827 0.011 0.207 0.505 0.887]
   156          249        0.0313988         reflect
  eval: e=0.0314  p=[0.678 0.824 0.009 0.226 0.507 0.858]
   157          250        0.0313988         reflect
  eval: e=0.0442  p=[0.686 0.829 0.013 0.199 0.503 0.902]
  eval: e=0.0318  p=[0.677 0.824 0.008 0.229 0.508 0.853]
   158          252        0.0313988         contract inside
  eval: e=0.0314  p=[0.681 0.829 0.007 0.213 0.513 0.864]
   159          253        0.0313988         reflect
  eval: e=0.0329  p=[0.675 0.824 0.006 0.234 0.512 0.838]
  eval: e=0.0312  p=[0.682 0.827 0.010 0.214 0.507 0.875]
   160          255        0.0312352         contract inside
  eval: e=0.0315  p=[0.679 0.824 0.011 0.221 0.509 0.860]
   161          256        0.0312352         reflect
  eval: e=0.0310  p=[0.683 0.828 0.011 0.207 0.510 0.877]
  eval: e=0.0321  p=[0.686 0.830 0.012 0.196 0.511 0.890]
   162          258        0.0310243         reflect
  eval: e=0.0307  p=[0.681 0.823 0.010 0.221 0.505 0.867]
  eval: e=0.0307  p=[0.681 0.821 0.010 0.225 0.502 0.867]
   163          260        0.0306539         reflect
  eval: e=0.0313  p=[0.683 0.827 0.008 0.214 0.506 0.876]
   164          261        0.0306539         reflect
  eval: e=0.0317  p=[0.681 0.822 0.013 0.223 0.500 0.876]
  eval: e=0.0310  p=[0.681 0.827 0.008 0.215 0.510 0.867]
   165          263        0.0306539         contract inside
  eval: e=0.0317  p=[0.685 0.828 0.010 0.206 0.506 0.885]
  eval: e=0.0310  p=[0.680 0.825 0.009 0.221 0.507 0.865]
   166          265        0.0306539         contract inside
  eval: e=0.0307  p=[0.683 0.829 0.008 0.207 0.511 0.875]
   167          266        0.0306539         reflect
  eval: e=0.0313  p=[0.681 0.826 0.010 0.215 0.510 0.866]
  eval: e=0.0309  p=[0.682 0.827 0.009 0.214 0.507 0.873]
   168          268        0.0306539         contract inside
  eval: e=0.0310  p=[0.682 0.826 0.008 0.215 0.510 0.867]
  eval: e=0.0308  p=[0.682 0.826 0.009 0.215 0.509 0.869]
   169          270        0.0306539         contract outside
  eval: e=0.0305  p=[0.684 0.829 0.009 0.206 0.510 0.878]
  eval: e=0.0306  p=[0.686 0.831 0.008 0.198 0.511 0.885]
   170          272        0.0305189         reflect
  eval: e=0.0308  p=[0.681 0.826 0.007 0.219 0.508 0.866]
   171          273        0.0305189         reflect
  eval: e=0.0301  p=[0.683 0.826 0.009 0.212 0.507 0.876]
  eval: e=0.0297  p=[0.684 0.826 0.009 0.211 0.505 0.880]
   172          275        0.0297298         expand
  eval: e=0.0309  p=[0.683 0.826 0.008 0.212 0.509 0.872]
  eval: e=0.0305  p=[0.682 0.827 0.009 0.214 0.507 0.873]
   173          277        0.0297298         contract inside
  eval: e=0.0300  p=[0.684 0.827 0.008 0.211 0.506 0.878]
   174          278        0.0297298         reflect
  eval: e=0.0303  p=[0.685 0.828 0.011 0.205 0.507 0.885]
   175          279        0.0297298         reflect
  eval: e=0.0298  p=[0.683 0.824 0.010 0.215 0.503 0.878]
   176          280        0.0297298         reflect
  eval: e=0.0304  p=[0.687 0.830 0.009 0.199 0.508 0.890]
   177          281        0.0297298         reflect
  eval: e=0.0295  p=[0.687 0.828 0.010 0.202 0.506 0.890]
  eval: e=0.0293  p=[0.689 0.828 0.010 0.196 0.505 0.899]
   178          283        0.0292714         expand
  eval: e=0.0291  p=[0.686 0.826 0.010 0.206 0.502 0.892]
  eval: e=0.0286  p=[0.687 0.824 0.011 0.207 0.498 0.899]
   179          285         0.028617         expand
  eval: e=0.0293  p=[0.684 0.822 0.011 0.216 0.500 0.883]
   180          286         0.028617         reflect
  eval: e=0.0289  p=[0.686 0.823 0.009 0.214 0.499 0.888]
   181          287         0.028617         reflect
  eval: e=0.0282  p=[0.687 0.823 0.012 0.208 0.497 0.898]
  eval: e=0.0274  p=[0.689 0.820 0.014 0.206 0.493 0.908]
   182          289         0.027441         expand
  eval: e=0.0275  p=[0.690 0.824 0.012 0.201 0.497 0.907]
   183          290         0.027441         reflect
  eval: e=0.0273  p=[0.691 0.821 0.014 0.203 0.492 0.914]
  eval: e=0.0279  p=[0.694 0.819 0.016 0.199 0.485 0.931]
   184          292        0.0273225         reflect
  eval: e=0.0286  p=[0.693 0.825 0.012 0.193 0.494 0.922]
   185          293        0.0273225         reflect
  eval: e=0.0273  p=[0.690 0.817 0.014 0.212 0.485 0.914]
  eval: e=0.0283  p=[0.691 0.812 0.016 0.220 0.475 0.921]
   186          295        0.0273074         reflect
  eval: e=0.0306  p=[0.694 0.821 0.016 0.194 0.488 0.934]
  eval: e=0.0280  p=[0.688 0.822 0.011 0.209 0.496 0.899]
   187          297        0.0273074         contract inside
  eval: e=0.0262  p=[0.693 0.819 0.014 0.202 0.488 0.923]
  eval: e=0.0254  p=[0.695 0.817 0.016 0.199 0.482 0.935]
   188          299        0.0253978         expand
  eval: e=0.0281  p=[0.688 0.816 0.015 0.217 0.488 0.903]
  eval: e=0.0273  p=[0.689 0.818 0.014 0.211 0.489 0.908]
   189          301        0.0253978         contract outside
  eval: e=0.0262  p=[0.694 0.817 0.017 0.202 0.484 0.929]
   190          302        0.0253978         reflect
  eval: e=0.0266  p=[0.693 0.813 0.018 0.210 0.478 0.929]
   191          303        0.0253978         reflect
  eval: e=0.0261  p=[0.695 0.814 0.016 0.206 0.478 0.935]
   192          304        0.0253978         reflect
  eval: e=0.0272  p=[0.697 0.815 0.018 0.200 0.477 0.944]
   193          305        0.0253978         reflect
  eval: e=0.0263  p=[0.697 0.810 0.019 0.207 0.470 0.948]
   194          306        0.0253978         reflect
  eval: e=0.0266  p=[0.700 0.811 0.021 0.196 0.471 0.959]
   195          307        0.0253978         reflect
  eval: e=0.0259  p=[0.695 0.812 0.018 0.207 0.477 0.934]
   196          308        0.0253978         reflect
  eval: e=0.0249  p=[0.699 0.814 0.018 0.196 0.476 0.951]
  eval: e=0.0250  p=[0.702 0.815 0.018 0.188 0.474 0.962]
   197          310         0.024941         reflect
  eval: e=0.0268  p=[0.691 0.817 0.014 0.210 0.484 0.918]
  eval: e=0.0256  p=[0.698 0.813 0.019 0.199 0.474 0.949]
   198          312         0.024941         contract inside
  eval: e=0.0256  p=[0.695 0.819 0.016 0.196 0.487 0.930]
   199          313         0.024941         reflect
  eval: e=0.0248  p=[0.699 0.813 0.018 0.199 0.474 0.949]
  eval: e=0.0245  p=[0.701 0.811 0.018 0.197 0.470 0.958]
   200          315         0.024474         expand
  eval: e=0.0240  p=[0.699 0.815 0.018 0.192 0.478 0.951]
  eval: e=0.0233  p=[0.702 0.815 0.019 0.185 0.478 0.959]
   201          317        0.0233409         expand
  eval: e=0.0256  p=[0.702 0.817 0.017 0.184 0.479 0.960]
  eval: e=0.0246  p=[0.700 0.816 0.017 0.190 0.478 0.954]
   202          319        0.0233409         contract outside
  eval: e=0.0238  p=[0.700 0.818 0.016 0.188 0.483 0.947]
   203          320        0.0233409         reflect
  eval: e=0.0239  p=[0.704 0.811 0.019 0.189 0.468 0.971]
   204          321        0.0233409         reflect
  eval: e=0.0236  p=[0.707 0.811 0.020 0.183 0.469 0.979]
   205          322        0.0233409         reflect
  eval: e=0.0223  p=[0.706 0.813 0.019 0.182 0.473 0.971]
  eval: e=0.0213  p=[0.709 0.813 0.019 0.175 0.472 0.981]
   206          324         0.021323         expand
  eval: e=0.0221  p=[0.707 0.810 0.020 0.183 0.468 0.978]
   207          325         0.021323         reflect
  eval: e=0.0225  p=[0.708 0.815 0.020 0.170 0.476 0.980]
   208          326         0.021323         reflect
  eval: e=0.0217  p=[0.706 0.816 0.019 0.172 0.480 0.971]
   209          327         0.021323         reflect
  eval: e=0.0449  p=[0.714 0.809 0.023 0.168 0.465 1.003]
  eval: e=0.0227  p=[0.703 0.816 0.018 0.183 0.478 0.961]
   210          329         0.021323         contract inside
  eval: e=0.0222  p=[0.705 0.817 0.018 0.174 0.482 0.965]
   211          330         0.021323         reflect
  eval: e=0.0203  p=[0.711 0.814 0.019 0.167 0.474 0.986]
  eval: e=0.0190  p=[0.716 0.814 0.018 0.158 0.473 0.999]
   212          332        0.0190304         expand
  eval: e=0.0198  p=[0.714 0.813 0.020 0.161 0.472 0.997]
   213          333        0.0190304         reflect
  eval: e=0.0214  p=[0.711 0.813 0.019 0.171 0.473 0.984]
   214          334        0.0190304         reflect
  eval: e=0.0611  p=[0.716 0.809 0.020 0.166 0.464 1.006]
  eval: e=0.0212  p=[0.708 0.815 0.019 0.172 0.478 0.975]
   215          336        0.0190304         contract inside
  eval: e=0.0200  p=[0.714 0.817 0.018 0.154 0.481 0.991]
   216          337        0.0190304         reflect
  eval: e=0.0491  p=[0.718 0.812 0.019 0.158 0.469 1.005]
  eval: e=0.0208  p=[0.709 0.815 0.019 0.169 0.477 0.979]
   217          339        0.0190304         contract inside
  eval: e=0.0223  p=[0.713 0.816 0.019 0.159 0.478 0.991]
  eval: e=0.0204  p=[0.711 0.814 0.019 0.168 0.474 0.986]
   218          341        0.0190304         contract inside
  eval: e=0.0196  p=[0.716 0.817 0.018 0.152 0.480 0.994]
   219          342        0.0190304         reflect
  eval: e=0.0903  p=[0.719 0.815 0.019 0.149 0.475 1.007]
  eval: e=0.0204  p=[0.711 0.815 0.019 0.166 0.477 0.983]
   220          344        0.0190304         contract inside
  eval: e=0.0384  p=[0.718 0.815 0.019 0.151 0.475 1.004]
  eval: e=0.0202  p=[0.712 0.815 0.019 0.164 0.477 0.986]
   221          346        0.0190304         contract inside
  eval: e=0.0216  p=[0.717 0.815 0.019 0.153 0.475 1.001]
  eval: e=0.0200  p=[0.712 0.815 0.019 0.163 0.477 0.988]
   222          348        0.0190304         contract inside
  eval: e=0.0199  p=[0.717 0.817 0.019 0.150 0.479 0.999]
   223          349        0.0190304         reflect
  eval: e=0.0432  p=[0.718 0.816 0.019 0.148 0.477 1.004]
  eval: e=0.0198  p=[0.713 0.815 0.019 0.160 0.477 0.990]
   224          351        0.0190304         contract inside
  eval: e=0.0192  p=[0.715 0.812 0.020 0.161 0.471 0.999]
   225          352        0.0190304         reflect
  eval: e=0.0617  p=[0.718 0.814 0.019 0.151 0.474 1.006]
  eval: e=0.0196  p=[0.714 0.815 0.019 0.160 0.476 0.992]
   226          354        0.0190304         contract inside
  eval: e=0.0201  p=[0.713 0.812 0.019 0.168 0.471 0.991]
  eval: e=0.0194  p=[0.716 0.815 0.019 0.154 0.477 0.997]
   227          356        0.0190304         contract inside
  eval: e=0.0299  p=[0.717 0.813 0.019 0.155 0.473 1.003]
  eval: e=0.0195  p=[0.714 0.815 0.019 0.159 0.476 0.993]
   228          358        0.0190304         contract inside
  eval: e=0.0195  p=[0.716 0.817 0.017 0.154 0.479 0.994]
   229          359        0.0190304         reflect
  eval: e=0.0198  p=[0.714 0.813 0.019 0.163 0.471 0.997]
  eval: e=0.0193  p=[0.715 0.816 0.018 0.155 0.477 0.995]
   230          361        0.0190304         contract inside
  eval: e=0.0195  p=[0.717 0.815 0.018 0.154 0.475 1.001]
   231          362        0.0190304         reflect
  eval: e=0.0209  p=[0.715 0.812 0.020 0.160 0.471 1.001]
  eval: e=0.0192  p=[0.716 0.816 0.018 0.155 0.477 0.996]
   232          364        0.0190304         contract inside
  eval: e=0.0247  p=[0.717 0.815 0.018 0.154 0.474 1.002]
  eval: e=0.0193  p=[0.715 0.815 0.019 0.158 0.475 0.996]
   233          366        0.0190304         contract inside
  eval: e=0.0195  p=[0.714 0.814 0.019 0.160 0.475 0.993]
  eval: e=0.0190  p=[0.716 0.815 0.018 0.155 0.475 0.999]
   234          368        0.0189684         contract inside
  eval: e=0.0192  p=[0.715 0.814 0.018 0.160 0.473 0.997]
   235          369        0.0189684         reflect
  eval: e=0.0192  p=[0.716 0.813 0.018 0.161 0.470 1.000]
   236          370        0.0189684         reflect
  eval: e=0.0200  p=[0.716 0.813 0.018 0.159 0.471 1.001]
  eval: e=0.0192  p=[0.715 0.814 0.019 0.158 0.474 0.997]
   237          372        0.0189684         contract inside
  eval: e=0.0193  p=[0.716 0.814 0.019 0.156 0.474 0.999]
  eval: e=0.0191  p=[0.715 0.814 0.018 0.159 0.473 0.998]
   238          374        0.0189684         contract inside
  eval: e=0.0190  p=[0.716 0.816 0.017 0.155 0.476 0.998]
   239          375        0.0189684         reflect
  eval: e=0.0206  p=[0.716 0.813 0.018 0.160 0.471 1.001]
  eval: e=0.0191  p=[0.716 0.815 0.018 0.157 0.475 0.997]
   240          377        0.0189684         contract inside
  eval: e=0.0193  p=[0.716 0.816 0.018 0.153 0.478 0.996]
  eval: e=0.0190  p=[0.716 0.814 0.018 0.159 0.472 0.999]
   241          379        0.0189684         contract inside
  eval: e=0.0189  p=[0.716 0.815 0.017 0.156 0.474 1.000]
  eval: e=0.0195  p=[0.717 0.815 0.017 0.155 0.474 1.001]
   242          381        0.0188735         reflect
  eval: e=0.0189  p=[0.717 0.815 0.017 0.154 0.475 0.999]
   243          382        0.0188735         reflect
  eval: e=0.0199  p=[0.717 0.815 0.017 0.156 0.473 1.001]
  eval: e=0.0190  p=[0.716 0.815 0.018 0.156 0.475 0.998]
   244          384        0.0188735         contract inside
  eval: e=0.0190  p=[0.717 0.816 0.017 0.153 0.477 0.999]
   245          385        0.0188735         reflect
  eval: e=0.0194  p=[0.716 0.814 0.018 0.156 0.473 1.000]
  eval: e=0.0190  p=[0.716 0.815 0.017 0.155 0.475 0.998]
   246          387        0.0188735         contract inside
  eval: e=0.0190  p=[0.717 0.817 0.017 0.152 0.478 0.998]
  eval: e=0.0190  p=[0.716 0.815 0.018 0.157 0.474 0.999]
   247          389        0.0188735         contract inside
  eval: e=0.0189  p=[0.717 0.816 0.017 0.154 0.475 1.000]
  eval: e=0.0199  p=[0.717 0.816 0.017 0.152 0.476 1.001]
   248          391        0.0188573         reflect
  eval: e=0.0190  p=[0.716 0.814 0.018 0.158 0.473 1.000]
   249          392        0.0188573         reflect
  eval: e=0.0196  p=[0.716 0.814 0.018 0.156 0.473 1.001]
  eval: e=0.0189  p=[0.716 0.815 0.018 0.155 0.475 0.999]
   250          394        0.0188573         contract inside
  eval: e=0.0189  p=[0.717 0.815 0.017 0.156 0.474 1.000]
   251          395        0.0188573         reflect
  eval: e=0.0189  p=[0.717 0.815 0.017 0.154 0.475 1.000]
   252          396        0.0188573         reflect
  eval: e=0.0189  p=[0.717 0.816 0.016 0.152 0.477 1.000]
   253          397        0.0188573         reflect
  eval: e=0.0195  p=[0.717 0.816 0.017 0.154 0.475 1.001]
  eval: e=0.0189  p=[0.717 0.815 0.017 0.155 0.475 0.999]
   254          399        0.0188573         contract inside
  eval: e=0.0188  p=[0.717 0.815 0.017 0.155 0.475 1.000]
  eval: e=0.0189  p=[0.717 0.815 0.016 0.155 0.474 1.000]
   255          401        0.0188081         reflect
  eval: e=0.0191  p=[0.717 0.816 0.017 0.154 0.475 1.000]
  eval: e=0.0189  p=[0.717 0.815 0.017 0.155 0.475 1.000]
   256          403        0.0188081         contract inside
  eval: e=0.0190  p=[0.717 0.816 0.016 0.152 0.476 1.000]
  eval: e=0.0188  p=[0.717 0.815 0.017 0.155 0.474 1.000]
   257          405        0.0188081         contract inside
  eval: e=0.0189  p=[0.717 0.816 0.017 0.153 0.476 1.000]
   258          406        0.0188081         reflect
  eval: e=0.0189  p=[0.717 0.816 0.017 0.153 0.476 0.999]
  eval: e=0.0188  p=[0.717 0.815 0.017 0.154 0.475 1.000]
   259          408        0.0188081         contract inside
  eval: e=0.0188  p=[0.717 0.814 0.018 0.156 0.474 1.000]
   260          409        0.0188081         reflect
  eval: e=0.0189  p=[0.717 0.814 0.017 0.157 0.473 1.000]
  eval: e=0.0188  p=[0.717 0.816 0.017 0.154 0.476 1.000]
   261          411        0.0188081         contract inside
  eval: e=0.0189  p=[0.717 0.815 0.017 0.155 0.475 1.000]
  eval: e=0.0188  p=[0.717 0.815 0.017 0.155 0.475 1.000]
   262          413        0.0188081         contract inside
  eval: e=0.0188  p=[0.717 0.815 0.017 0.156 0.474 1.000]
   263          414        0.0188081         reflect
  eval: e=0.0188  p=[0.717 0.815 0.017 0.155 0.475 1.000]
   264          415        0.0188081         reflect
  eval: e=0.0188  p=[0.717 0.816 0.016 0.153 0.476 1.000]
   265          416        0.0188081         reflect
  eval: e=0.0188  p=[0.717 0.816 0.017 0.152 0.476 1.000]
  eval: e=0.0188  p=[0.717 0.815 0.017 0.155 0.475 1.000]
   266          418        0.0188081         contract inside
  eval: e=0.0188  p=[0.717 0.816 0.017 0.154 0.475 1.000]
  eval: e=0.0188  p=[0.717 0.816 0.016 0.153 0.475 1.000]
   267          420        0.0187993         reflect
  eval: e=0.0188  p=[0.717 0.815 0.016 0.155 0.474 1.000]
   268          421        0.0187993         reflect
  eval: e=0.0188  p=[0.717 0.815 0.016 0.155 0.475 1.000]
   269          422        0.0187993         reflect
  eval: e=0.0188  p=[0.717 0.816 0.016 0.154 0.475 1.000]
   270          423        0.0187993         reflect
  eval: e=0.0188  p=[0.717 0.816 0.017 0.153 0.476 1.000]
   271          424        0.0187993         reflect
  eval: e=0.0189  p=[0.717 0.815 0.017 0.155 0.474 1.000]
  eval: e=0.0188  p=[0.717 0.816 0.016 0.154 0.475 1.000]
   272          426        0.0187993         contract inside
  eval: e=0.0188  p=[0.717 0.815 0.016 0.155 0.474 1.000]
  eval: e=0.0188  p=[0.717 0.816 0.017 0.154 0.475 1.000]
   273          428        0.0187993         contract inside
  eval: e=0.0188  p=[0.717 0.816 0.017 0.153 0.476 1.000]
   274          429        0.0187993         reflect
  eval: e=0.0188  p=[0.717 0.815 0.017 0.154 0.475 1.000]
  eval: e=0.0188  p=[0.717 0.816 0.016 0.154 0.475 1.000]
   275          431        0.0187993         contract inside
  eval: e=0.0188  p=[0.717 0.815 0.016 0.155 0.475 1.000]
  eval: e=0.0188  p=[0.717 0.816 0.017 0.154 0.475 1.000]
   276          433        0.0187993         contract inside
  eval: e=0.0188  p=[0.717 0.816 0.016 0.153 0.476 1.000]
   277          434        0.0187993         reflect
  eval: e=0.0188  p=[0.717 0.816 0.016 0.152 0.476 1.000]
  eval: e=0.0188  p=[0.717 0.816 0.017 0.154 0.475 1.000]
   278          436         0.018799         contract inside
  eval: e=0.0188  p=[0.717 0.816 0.017 0.154 0.475 1.000]
  eval: e=0.0188  p=[0.717 0.816 0.016 0.154 0.475 1.000]
   279          438         0.018799         contract inside
  eval: e=0.0188  p=[0.717 0.816 0.016 0.154 0.475 1.000]
   280          439         0.018799         reflect
  eval: e=0.0188  p=[0.717 0.816 0.016 0.154 0.475 1.000]
  eval: e=0.0188  p=[0.717 0.816 0.016 0.154 0.475 1.000]
   281          441         0.018799         contract inside
  eval: e=0.0188  p=[0.717 0.816 0.016 0.154 0.475 1.000]
  eval: e=0.0188  p=[0.717 0.816 0.016 0.154 0.475 1.000]
   282          443        0.0187989         contract inside
  eval: e=0.0188  p=[0.717 0.816 0.017 0.154 0.475 1.000]
  eval: e=0.0188  p=[0.717 0.816 0.016 0.154 0.475 1.000]
   283          445        0.0187985         contract inside
  eval: e=0.0188  p=[0.717 0.816 0.016 0.154 0.475 1.000]
   284          446        0.0187985         reflect
  eval: e=0.0188  p=[0.717 0.815 0.017 0.154 0.475 1.000]
  eval: e=0.0188  p=[0.717 0.816 0.016 0.154 0.475 1.000]
   285          448        0.0187976         contract inside
  eval: e=0.0188  p=[0.717 0.816 0.017 0.154 0.475 1.000]
  eval: e=0.0188  p=[0.717 0.816 0.016 0.154 0.475 1.000]
   286          450        0.0187973         contract inside
  eval: e=0.0188  p=[0.717 0.816 0.016 0.154 0.475 1.000]
  eval: e=0.0188  p=[0.717 0.816 0.016 0.154 0.475 1.000]
   287          452        0.0187959         expand
  eval: e=0.0188  p=[0.717 0.816 0.016 0.154 0.475 1.000]
  eval: e=0.0188  p=[0.717 0.816 0.016 0.154 0.475 1.000]
   288          454        0.0187959         contract inside
  eval: e=0.0188  p=[0.717 0.816 0.016 0.153 0.476 1.000]
   289          455        0.0187959         reflect
  eval: e=0.0188  p=[0.717 0.816 0.016 0.154 0.475 1.000]
  eval: e=0.0188  p=[0.717 0.816 0.016 0.154 0.475 1.000]
   290          457        0.0187945         expand
  eval: e=0.0188  p=[0.717 0.816 0.016 0.154 0.475 1.000]
   291          458        0.0187945         reflect
  eval: e=0.0188  p=[0.717 0.816 0.016 0.154 0.475 1.000]
  eval: e=0.0188  p=[0.717 0.816 0.016 0.154 0.475 1.000]
   292          460        0.0187931         expand
  eval: e=0.0188  p=[0.717 0.816 0.016 0.154 0.475 1.000]
  eval: e=0.0188  p=[0.717 0.816 0.016 0.154 0.475 1.000]
   293          462        0.0187931         contract inside
  eval: e=0.0188  p=[0.717 0.816 0.016 0.154 0.475 1.000]
  eval: e=0.0188  p=[0.717 0.816 0.016 0.153 0.476 1.000]
   294          464        0.0187879         expand
  eval: e=0.0188  p=[0.717 0.816 0.015 0.153 0.476 1.000]
   295          465        0.0187879         reflect
  eval: e=0.0188  p=[0.717 0.816 0.016 0.154 0.475 1.000]
   296          466        0.0187879         reflect
  eval: e=0.0188  p=[0.718 0.816 0.015 0.153 0.475 1.000]
   297          467        0.0187879         reflect
  eval: e=0.0188  p=[0.718 0.816 0.015 0.154 0.475 1.000]
   298          468        0.0187879         reflect
  eval: e=0.0188  p=[0.718 0.816 0.015 0.154 0.475 1.000]
  eval: e=0.0188  p=[0.718 0.817 0.015 0.153 0.475 1.000]
   299          470        0.0187788         expand
  eval: e=0.0188  p=[0.718 0.817 0.015 0.153 0.476 1.000]
   300          471        0.0187788         reflect
  eval: e=0.0188  p=[0.718 0.817 0.015 0.153 0.476 1.000]
   301          472        0.0187788         reflect
  eval: e=0.0188  p=[0.718 0.817 0.015 0.153 0.476 1.000]
   302          473        0.0187788         reflect
  eval: e=0.0188  p=[0.718 0.817 0.014 0.153 0.476 1.000]
   303          474        0.0187788         reflect
  eval: e=0.0188  p=[0.718 0.817 0.015 0.153 0.476 1.000]
  eval: e=0.0188  p=[0.718 0.817 0.014 0.153 0.476 1.000]
   304          476        0.0187781         reflect
  eval: e=0.0188  p=[0.718 0.817 0.014 0.153 0.476 1.000]
  eval: e=0.0188  p=[0.718 0.818 0.013 0.153 0.476 1.000]
   305          478        0.0187586         expand
  eval: e=0.0188  p=[0.718 0.817 0.014 0.153 0.475 1.000]
   306          479        0.0187586         reflect
  eval: e=0.0188  p=[0.718 0.817 0.014 0.153 0.476 1.000]
   307          480        0.0187586         reflect
  eval: e=0.0188  p=[0.718 0.817 0.014 0.153 0.476 1.000]
   308          481        0.0187586         reflect
  eval: e=0.0188  p=[0.718 0.818 0.013 0.153 0.476 1.000]
   309          482        0.0187586         reflect
  eval: e=0.0188  p=[0.718 0.818 0.013 0.153 0.476 1.000]
   310          483        0.0187586         reflect
  eval: e=0.0188  p=[0.718 0.818 0.012 0.153 0.476 1.000]
  eval: e=0.0187  p=[0.719 0.819 0.011 0.153 0.475 1.000]
   311          485        0.0187487         expand
  eval: e=0.0187  p=[0.719 0.819 0.012 0.152 0.476 1.000]
  eval: e=0.0187  p=[0.719 0.819 0.010 0.152 0.476 1.000]
   312          487        0.0187348         expand
  eval: e=0.0187  p=[0.719 0.819 0.011 0.152 0.476 1.000]
   313          488        0.0187348         reflect
  eval: e=0.0187  p=[0.719 0.820 0.010 0.152 0.476 1.000]
  eval: e=0.0187  p=[0.720 0.821 0.008 0.152 0.476 1.000]
   314          490        0.0187095         expand
  eval: e=0.0187  p=[0.719 0.820 0.009 0.152 0.476 1.000]
   315          491        0.0187095         reflect
  eval: e=0.0187  p=[0.720 0.821 0.008 0.152 0.476 1.000]
   316          492        0.0187095         reflect
  eval: e=0.0187  p=[0.720 0.822 0.006 0.151 0.476 1.000]
  eval: e=0.0187  p=[0.721 0.824 0.002 0.151 0.477 1.000]
   317          494        0.0186873         expand
  eval: e=0.0187  p=[0.720 0.822 0.005 0.150 0.477 1.000]
  eval: e=0.0186  p=[0.721 0.824 0.002 0.149 0.478 1.000]
   318          496        0.0186472         expand
  eval: e=0.0187  p=[0.721 0.824 0.002 0.150 0.477 1.000]
   319          497        0.0186472         reflect
  eval: e=0.0187  p=[0.722 0.825 0.000 0.150 0.477 1.000]
   320          498        0.0186472         reflect
  eval: e=0.0248  p=[0.722  0.826 -0.001  0.149  0.477  1.000]
  eval: e=0.0187  p=[0.720 0.822 0.006 0.151 0.477 1.000]
   321          500        0.0186472         contract inside
  eval: e=0.0218  p=[0.722  0.826 -0.001  0.149  0.478  1.000]
  eval: e=0.0187  p=[0.720 0.822 0.006 0.151 0.477 1.000]
   322          502        0.0186472         contract inside
  eval: e=0.0282  p=[0.722  0.826 -0.001  0.149  0.478  1.000]
  eval: e=0.0187  p=[0.720 0.822 0.005 0.151 0.477 1.000]
   323          504        0.0186472         contract inside
  eval: e=0.0188  p=[0.722  0.825 -0.000  0.149  0.477  1.000]
  eval: e=0.0187  p=[0.720 0.823 0.005 0.151 0.477 1.000]
   324          506        0.0186472         contract inside
  eval: e=0.0186  p=[0.722 0.825 0.000 0.149 0.478 1.000]
  eval: e=0.0626  p=[0.723  0.827 -0.003  0.148  0.478  1.000]
   325          508        0.0186423         reflect
  eval: e=0.0302  p=[0.722  0.826 -0.002  0.149  0.478  1.000]
  eval: e=0.0187  p=[0.721 0.823 0.004 0.150 0.477 1.000]
   326          510        0.0186423         contract inside
  eval: e=0.0187  p=[0.721 0.824 0.002 0.149 0.478 1.000]
   327          511        0.0186423         reflect
  eval: e=0.0248  p=[0.722  0.826 -0.001  0.148  0.478  1.000]
  eval: e=0.0187  p=[0.721 0.823 0.003 0.150 0.477 1.000]
   328          513        0.0186423         contract inside
  eval: e=0.0193  p=[0.722  0.826 -0.000  0.149  0.478  1.000]
  eval: e=0.0187  p=[0.721 0.824 0.003 0.150 0.477 1.000]
   329          515        0.0186423         contract inside
  eval: e=0.0186  p=[0.722  0.825 -0.000  0.149  0.478  1.000]
  eval: e=0.0323  p=[0.722  0.826 -0.002  0.148  0.478  1.000]
   330          517        0.0186377         reflect
  eval: e=0.0186  p=[0.722  0.826 -0.000  0.149  0.478  1.000]
   331          518        0.0186377         reflect
  eval: e=0.0261  p=[0.722  0.826 -0.001  0.148  0.478  1.000]
  eval: e=0.0187  p=[0.721 0.824 0.002 0.150 0.477 1.000]
   332          520        0.0186377         contract inside
  eval: e=0.0186  p=[0.721 0.825 0.002 0.148 0.478 1.000]
   333          521        0.0186377         reflect
  eval: e=0.0187  p=[0.722  0.825 -0.000  0.149  0.478  1.000]
  eval: e=0.0186  p=[0.721 0.825 0.001 0.149 0.478 1.000]
   334          523        0.0186377         contract inside
  eval: e=0.0186  p=[0.722 0.826 0.000 0.148 0.478 1.000]
  eval: e=0.0201  p=[0.722  0.826 -0.001  0.147  0.479  1.000]
   335          525        0.0186277         reflect
  eval: e=0.0242  p=[0.722  0.826 -0.001  0.148  0.478  1.000]
  eval: e=0.0186  p=[0.722 0.825 0.001 0.149 0.478 1.000]
   336          527        0.0186277         contract inside
  eval: e=0.0223  p=[0.722  0.826 -0.001  0.149  0.477  1.000]
  eval: e=0.0186  p=[0.722 0.825 0.001 0.149 0.478 1.000]
   337          529        0.0186277         contract inside
  eval: e=0.0200  p=[0.722  0.826 -0.001  0.149  0.478  1.000]
  eval: e=0.0186  p=[0.722 0.825 0.001 0.149 0.478 1.000]
   338          531        0.0186277         contract inside
  eval: e=0.0186  p=[0.722 0.825 0.001 0.148 0.479 1.000]
   339          532        0.0186277         reflect
  eval: e=0.0189  p=[0.722  0.826 -0.000  0.148  0.478  1.000]
  eval: e=0.0186  p=[0.722 0.825 0.001 0.149 0.478 1.000]
   340          534        0.0186277         contract inside
  eval: e=0.0187  p=[0.722  0.825 -0.000  0.149  0.478  1.000]
  eval: e=0.0186  p=[0.722 0.825 0.001 0.148 0.478 1.000]
   341          536        0.0186277         contract inside
  eval: e=0.0186  p=[0.722 0.826 0.000 0.148 0.478 1.000]
  eval: e=0.0192  p=[0.722  0.826 -0.000  0.148  0.478  1.000]
   342          538        0.0186263         reflect
  eval: e=0.0199  p=[0.722  0.826 -0.001  0.148  0.478  1.000]
  eval: e=0.0186  p=[0.722 0.825 0.001 0.148 0.478 1.000]
   343          540        0.0186263         contract inside
  eval: e=0.0186  p=[0.722 0.825 0.001 0.148 0.478 1.000]
  eval: e=0.0186  p=[0.722 0.825 0.000 0.149 0.478 1.000]
   344          542        0.0186263         contract inside
  eval: e=0.0186  p=[0.722 0.825 0.001 0.148 0.479 1.000]
   345          543        0.0186263         reflect
  eval: e=0.0186  p=[0.722 0.826 0.000 0.148 0.479 1.000]
  eval: e=0.0193  p=[0.722  0.826 -0.000  0.147  0.479  1.000]
   346          545        0.0186256         reflect
  eval: e=0.0186  p=[0.722  0.826 -0.000  0.148  0.478  1.000]
  eval: e=0.0186  p=[0.722 0.825 0.001 0.148 0.478 1.000]
   347          547        0.0186256         contract inside
  eval: e=0.0194  p=[0.722  0.826 -0.000  0.149  0.478  1.000]
  eval: e=0.0186  p=[0.722 0.825 0.001 0.148 0.478 1.000]
   348          549        0.0186256         contract inside
  eval: e=0.0187  p=[0.722  0.826 -0.000  0.148  0.479  1.000]
  eval: e=0.0186  p=[0.722 0.825 0.001 0.148 0.478 1.000]
   349          551        0.0186256         contract inside
  eval: e=0.0186  p=[0.722  0.826 -0.000  0.148  0.478  1.000]
  eval: e=0.0192  p=[0.722  0.826 -0.000  0.148  0.478  1.000]
   350          553        0.0186254         reflect
  eval: e=0.0187  p=[0.722  0.826 -0.000  0.148  0.478  1.000]
  eval: e=0.0186  p=[0.722 0.825 0.000 0.148 0.478 1.000]
   351          555        0.0186254         contract inside
  eval: e=0.0193  p=[0.722  0.826 -0.000  0.148  0.478  1.000]
  eval: e=0.0186  p=[0.722 0.825 0.000 0.148 0.478 1.000]
   352          557        0.0186254         contract inside
  eval: e=0.0186  p=[0.722 0.826 0.000 0.148 0.479 1.000]
   353          558        0.0186254         reflect
  eval: e=0.0186  p=[0.722  0.826 -0.000  0.148  0.479  1.000]
  eval: e=0.0186  p=[0.722 0.826 0.000 0.148 0.478 1.000]
   354          560        0.0186254         contract inside
  eval: e=0.0188  p=[0.722  0.826 -0.000  0.148  0.478  1.000]
  eval: e=0.0186  p=[0.722 0.826 0.000 0.148 0.478 1.000]
   355          562        0.0186254         contract inside
  eval: e=0.0186  p=[0.722 0.826 0.000 0.148 0.478 1.000]
  eval: e=0.0186  p=[0.722 0.826 0.000 0.148 0.479 1.000]
   356          564        0.0186247         expand
  eval: e=0.0186  p=[0.722  0.826 -0.000  0.148  0.479  1.000]
  eval: e=0.0186  p=[0.722 0.826 0.000 0.148 0.478 1.000]
   357          566        0.0186247         contract inside
  eval: e=0.0187  p=[0.722  0.826 -0.000  0.148  0.479  1.000]
  eval: e=0.0186  p=[0.722 0.826 0.000 0.148 0.478 1.000]
   358          568        0.0186247         contract inside
  eval: e=0.0186  p=[0.722  0.826 -0.000  0.148  0.478  1.000]
  eval: e=0.0186  p=[0.722  0.826 -0.000  0.149  0.478  1.000]
   359          570        0.0186246         reflect
  eval: e=0.0186  p=[0.722  0.826 -0.000  0.148  0.478  1.000]
  eval: e=0.0186  p=[0.722 0.826 0.000 0.148 0.478 1.000]
   360          572        0.0186246         contract inside
  eval: e=0.0187  p=[0.722  0.826 -0.000  0.148  0.478  1.000]
  eval: e=0.0186  p=[0.722 0.826 0.000 0.148 0.478 1.000]
   361          574        0.0186246         contract inside
  eval: e=0.0186  p=[0.722  0.826 -0.000  0.148  0.479  1.000]
  eval: e=0.0186  p=[0.722  0.826 -0.000  0.148  0.479  1.000]
   362          576        0.0186216         reflect
  eval: e=0.0186  p=[0.722  0.826 -0.000  0.148  0.478  1.000]
  eval: e=0.0186  p=[0.722 0.826 0.000 0.148 0.478 1.000]
   363          578        0.0186216         contract inside
  eval: e=0.0186  p=[0.722  0.826 -0.000  0.148  0.478  1.000]
  eval: e=0.0186  p=[0.722 0.826 0.000 0.148 0.478 1.000]
   364          580        0.0186216         contract inside
  eval: e=0.0186  p=[0.722  0.826 -0.000  0.148  0.478  1.000]
   365          581        0.0186216         reflect
  eval: e=0.0186  p=[0.722 0.826 0.000 0.148 0.478 1.000]
  eval: e=0.0186  p=[0.722  0.826 -0.000  0.148  0.478  1.000]
   366          583        0.0186202         contract inside
  eval: e=0.0186  p=[0.722  0.826 -0.000  0.148  0.478  1.000]
  eval: e=0.0186  p=[0.722 0.826 0.000 0.148 0.478 1.000]
   367          585        0.0186202         contract inside
  eval: e=0.0186  p=[0.722  0.826 -0.000  0.148  0.478  1.000]
  eval: e=0.0186  p=[0.722 0.826 0.000 0.148 0.478 1.000]
   368          587        0.0186202         contract inside
  eval: e=0.0186  p=[0.722  0.826 -0.000  0.148  0.478  1.000]
   369          588        0.0186202         reflect
  eval: e=0.0186  p=[0.722  0.826 -0.000  0.148  0.478  1.000]
  eval: e=0.0186  p=[0.722  0.826 -0.000  0.148  0.478  1.000]
   370          590        0.0186202         contract inside
  eval: e=0.0186  p=[0.722  0.826 -0.000  0.148  0.478  1.000]
   371          591        0.0186202         reflect
  eval: e=0.0186  p=[0.722  0.826 -0.000  0.148  0.478  1.000]
  eval: e=0.0186  p=[0.722  0.826 -0.000  0.148  0.479  1.000]
   372          593          0.01862         reflect
  eval: e=0.0186  p=[0.722  0.826 -0.000  0.148  0.479  1.000]
   373          594          0.01862         reflect
  eval: e=0.0186  p=[0.722  0.826 -0.000  0.148  0.479  1.000]
   374          595          0.01862         reflect
  eval: e=0.0186  p=[0.722  0.826 -0.000  0.148  0.479  1.000]
  eval: e=0.0186  p=[0.722  0.826 -0.000  0.147  0.479  1.000]
   375          597        0.0186193         reflect
  eval: e=0.0186  p=[0.722  0.826 -0.000  0.148  0.479  1.000]
  eval: e=0.0186  p=[0.722  0.826 -0.000  0.148  0.479  1.000]
   376          599        0.0186193         contract inside
  eval: e=0.0186  p=[0.722  0.826 -0.000  0.148  0.479  1.000]
   377          600        0.0186193         reflect
  eval: e=0.0186  p=[0.722  0.826 -0.000  0.148  0.478  1.000]
   378          601        0.0186193         reflect
  eval: e=0.0186  p=[0.722  0.826 -0.000  0.148  0.479  1.000]
   379          602        0.0186193         reflect
  eval: e=0.0186  p=[0.722  0.826 -0.000  0.148  0.479  1.000]
  eval: e=0.0186  p=[0.722  0.826 -0.000  0.148  0.479  1.000]
   380          604        0.0186182         reflect
  eval: e=0.0186  p=[0.722  0.826 -0.000  0.148  0.479  1.000]
   381          605        0.0186182         reflect
  eval: e=0.0186  p=[0.722  0.826 -0.000  0.147  0.479  1.000]
   382          606        0.0186182         reflect
  eval: e=0.0186  p=[0.722  0.826 -0.000  0.147  0.479  1.000]
  eval: e=0.0186  p=[0.722  0.826 -0.000  0.148  0.479  1.000]
   383          608        0.0186182         contract inside
  eval: e=0.0186  p=[0.722  0.826 -0.000  0.147  0.479  1.000]
  eval: e=0.0186  p=[0.722  0.826 -0.000  0.148  0.479  1.000]
   384          610        0.0186182         contract inside
  eval: e=0.0186  p=[0.722  0.826 -0.000  0.148  0.479  1.000]
   385          611        0.0186182         reflect
  eval: e=0.0186  p=[0.722  0.826 -0.000  0.148  0.479  1.000]
  eval: e=0.0186  p=[0.722  0.826 -0.000  0.148  0.479  1.000]
   386          613        0.0186182         contract inside
  eval: e=0.0186  p=[0.722  0.826 -0.000  0.148  0.479  1.000]
  eval: e=0.0186  p=[0.722  0.826 -0.000  0.148  0.479  1.000]
   387          615        0.0186182         contract inside
  eval: e=0.0186  p=[0.722  0.826 -0.000  0.148  0.479  1.000]
  eval: e=0.0186  p=[0.722  0.826 -0.000  0.148  0.479  1.000]
   388          617        0.0186179         contract outside
  eval: e=0.0186  p=[0.722  0.826 -0.000  0.148  0.479  1.000]
  eval: e=0.0186  p=[0.722  0.826 -0.000  0.147  0.479  1.000]
   389          619        0.0186178         reflect
  eval: e=0.0186  p=[0.722  0.826 -0.000  0.147  0.479  1.000]
   390          620        0.0186178         reflect
  eval: e=0.0186  p=[0.722  0.826 -0.000  0.147  0.479  1.000]
   391          621        0.0186178         reflect
  eval: e=0.0186  p=[0.722  0.826 -0.000  0.147  0.479  1.000]
   392          622        0.0186178         reflect
  eval: e=0.0186  p=[0.722  0.826 -0.000  0.148  0.479  1.000]
  eval: e=0.0186  p=[0.722  0.826 -0.000  0.147  0.479  1.000]
   393          624        0.0186178         contract inside
  eval: e=0.0186  p=[0.722  0.826 -0.000  0.148  0.479  1.000]
  eval: e=0.0186  p=[0.722  0.826 -0.000  0.148  0.479  1.000]
   394          626        0.0186178         contract outside
  eval: e=0.0186  p=[0.722  0.826 -0.000  0.147  0.479  1.000]
  eval: e=0.0186  p=[0.722  0.826 -0.000  0.148  0.479  1.000]
   395          628        0.0186178         contract inside
  eval: e=0.0186  p=[0.722  0.826 -0.000  0.148  0.479  1.000]
  eval: e=0.0186  p=[0.722  0.826 -0.000  0.148  0.479  1.000]
   396          630        0.0186178         contract inside
  eval: e=0.0186  p=[0.722  0.826 -0.000  0.147  0.479  1.000]
   397          631        0.0186178         reflect
  eval: e=0.0186  p=[0.722  0.826 -0.000  0.148  0.479  1.000]
  eval: e=0.0186  p=[0.722  0.826 -0.000  0.148  0.479  1.000]
   398          633        0.0186177         contract inside
  eval: e=0.0186  p=[0.722  0.826 -0.000  0.148  0.479  1.000]
  eval: e=0.0186  p=[0.722  0.826 -0.000  0.148  0.479  1.000]
   399          635        0.0186177         contract inside
  eval: e=0.0186  p=[0.722  0.826 -0.000  0.147  0.479  1.000]
  eval: e=0.0186  p=[0.722  0.826 -0.000  0.148  0.479  1.000]
   400          637        0.0186177         contract inside
  eval: e=0.0186  p=[0.722  0.826 -0.000  0.148  0.479  1.000]
  eval: e=0.0186  p=[0.722  0.826 -0.000  0.148  0.479  1.000]
   401          639        0.0186177         contract inside
 
Optimization terminated:
 the current x satisfies the termination criteria using OPTIONS.TolX of 1.000000e-04 
 and F(X) satisfies the convergence criteria using OPTIONS.TolFun of 1.000000e-06 

=== Fit complete: error=0.018618  AIC=-3888.0 ===
