  eval: e=0.3332  p=[0.500 0.500 0.500 0.500 0.500 0.500 0.500]
 
 Iteration   Func-count         f(x)         Procedure
     0            1         0.333209         
  eval: e=0.3330  p=[0.525 0.500 0.500 0.500 0.500 0.500 0.500]
  eval: e=0.3278  p=[0.500 0.525 0.500 0.500 0.500 0.500 0.500]
  eval: e=0.3302  p=[0.500 0.500 0.525 0.500 0.500 0.500 0.500]
  eval: e=0.3348  p=[0.500 0.500 0.500 0.525 0.500 0.500 0.500]
  eval: e=0.3234  p=[0.500 0.500 0.500 0.500 0.525 0.500 0.500]
  eval: e=0.3376  p=[0.500 0.500 0.500 0.500 0.500 0.525 0.500]
  eval: e=0.3353  p=[0.500 0.500 0.500 0.500 0.500 0.500 0.525]
     1            8         0.323423         initial simplex
  eval: e=0.3231  p=[0.507 0.507 0.507 0.507 0.507 0.475 0.507]
  eval: e=0.3134  p=[0.511 0.511 0.511 0.511 0.511 0.450 0.511]
     2           10         0.313368         expand
  eval: e=0.3214  p=[0.510 0.510 0.510 0.510 0.510 0.486 0.478]
     3           11         0.313368         reflect
  eval: e=0.3175  p=[0.513 0.513 0.513 0.481 0.513 0.482 0.497]
     4           12         0.313368         reflect
  eval: e=0.3142  p=[0.517 0.517 0.517 0.501 0.517 0.476 0.496]
     5           13         0.313368         reflect
  eval: e=0.3085  p=[0.490 0.522 0.522 0.501 0.522 0.470 0.495]
  eval: e=0.2944  p=[0.472 0.533 0.533 0.501 0.533 0.454 0.492]
     6           15         0.294434         expand
  eval: e=0.2997  p=[0.506 0.531 0.499 0.501 0.531 0.457 0.492]
     7           16         0.294434         reflect
  eval: e=0.2925  p=[0.508 0.508 0.524 0.501 0.540 0.444 0.490]
  eval: e=0.2689  p=[0.513 0.499 0.535 0.502 0.560 0.416 0.485]
     8           18         0.268925         expand
  eval: e=0.2854  p=[0.512 0.532 0.534 0.502 0.525 0.420 0.486]
     9           19         0.268925         reflect
  eval: e=0.2736  p=[0.502 0.529 0.530 0.489 0.544 0.416 0.510]
    10           20         0.268925         reflect
  eval: e=0.2648  p=[0.496 0.530 0.532 0.521 0.550 0.401 0.495]
  eval: e=0.2457  p=[0.488 0.539 0.541 0.541 0.568 0.361 0.495]
    11           22           0.2457         expand
  eval: e=0.2501  p=[0.484 0.532 0.535 0.513 0.560 0.374 0.496]
    12           23           0.2457         reflect
  eval: e=0.2453  p=[0.483 0.545 0.548 0.503 0.581 0.378 0.477]
  eval: e=0.2714  p=[0.469 0.562 0.567 0.499 0.616 0.342 0.460]
    13           25         0.245316         reflect
  eval: e=0.2464  p=[0.480 0.529 0.574 0.513 0.575 0.349 0.491]
    14           26         0.245316         reflect
  eval: e=0.2477  p=[0.517 0.526 0.553 0.517 0.585 0.321 0.491]
    15           27         0.245316         reflect
  eval: e=0.2521  p=[0.478 0.524 0.557 0.521 0.610 0.327 0.498]
    16           28         0.245316         reflect
  eval: e=0.2528  p=[0.481 0.527 0.568 0.542 0.610 0.306 0.471]
    17           29         0.245316         reflect
  eval: e=0.2519  p=[0.462 0.564 0.573 0.541 0.608 0.274 0.491]
    18           30         0.245316         reflect
  eval: e=0.2509  p=[0.488 0.547 0.541 0.500 0.558 0.375 0.512]
    19           31         0.245316         reflect
  eval: e=0.2548  p=[0.493 0.556 0.547 0.516 0.543 0.368 0.488]
  eval: e=0.2486  p=[0.482 0.532 0.555 0.519 0.593 0.337 0.496]
    20           33         0.245316         contract inside
  eval: e=0.2896  p=[0.515 0.507 0.527 0.490 0.540 0.439 0.496]
  eval: e=0.2538  p=[0.475 0.550 0.561 0.528 0.591 0.315 0.493]
  eval: e=0.2453  p=[0.485 0.542 0.545 0.522 0.574 0.370 0.486]
  eval: e=0.2457  p=[0.481 0.537 0.561 0.508 0.578 0.364 0.484]
  eval: e=0.2461  p=[0.500 0.535 0.551 0.510 0.583 0.350 0.484]
  eval: e=0.2460  p=[0.482 0.539 0.552 0.511 0.587 0.358 0.486]
  eval: e=0.2466  p=[0.483 0.539 0.542 0.508 0.571 0.376 0.487]
  eval: e=0.2473  p=[0.485 0.546 0.545 0.502 0.569 0.377 0.495]
  eval: e=0.2562  p=[0.472 0.555 0.561 0.522 0.595 0.326 0.484]
    21           42         0.245283         shrink
  eval: e=0.2600  p=[0.499 0.526 0.538 0.496 0.560 0.409 0.487]
  eval: e=0.2497  p=[0.479 0.547 0.555 0.516 0.586 0.347 0.485]
    22           44         0.245283         contract inside
  eval: e=0.2489  p=[0.492 0.533 0.543 0.503 0.569 0.388 0.486]
  eval: e=0.2459  p=[0.489 0.537 0.546 0.506 0.573 0.378 0.486]
    23           46         0.245283         contract outside
  eval: e=0.2447  p=[0.487 0.532 0.554 0.518 0.587 0.358 0.474]
  eval: e=0.2462  p=[0.488 0.525 0.559 0.526 0.596 0.349 0.464]
    24           48         0.244704         reflect
  eval: e=0.2477  p=[0.490 0.537 0.560 0.515 0.590 0.354 0.478]
  eval: e=0.2451  p=[0.485 0.538 0.546 0.510 0.575 0.370 0.484]
    25           50         0.244704         contract inside
  eval: e=0.2466  p=[0.470 0.541 0.550 0.512 0.576 0.386 0.481]
  eval: e=0.2451  p=[0.492 0.537 0.550 0.511 0.581 0.359 0.483]
    26           52         0.244704         contract inside
  eval: e=0.2469  p=[0.490 0.538 0.549 0.511 0.570 0.378 0.478]
  eval: e=0.2450  p=[0.484 0.538 0.551 0.511 0.583 0.363 0.484]
    27           54         0.244704         contract inside
  eval: e=0.2471  p=[0.482 0.540 0.556 0.518 0.586 0.354 0.478]
  eval: e=0.2450  p=[0.487 0.538 0.549 0.509 0.576 0.372 0.484]
    28           56         0.244704         contract inside
  eval: e=0.2438  p=[0.491 0.540 0.537 0.515 0.582 0.371 0.480]
  eval: e=0.2430  p=[0.496 0.542 0.524 0.519 0.584 0.374 0.477]
    29           58         0.242987         expand
  eval: e=0.2435  p=[0.494 0.531 0.543 0.525 0.579 0.355 0.487]
    30           59         0.242987         reflect
  eval: e=0.2441  p=[0.494 0.532 0.546 0.507 0.587 0.359 0.478]
    31           60         0.242987         reflect
  eval: e=0.2444  p=[0.496 0.533 0.544 0.519 0.590 0.355 0.478]
    32           61         0.242987         reflect
  eval: e=0.2426  p=[0.490 0.533 0.538 0.520 0.586 0.366 0.477]
  eval: e=0.2414  p=[0.489 0.532 0.532 0.525 0.589 0.369 0.474]
    33           63          0.24143         expand
  eval: e=0.2417  p=[0.500 0.530 0.533 0.524 0.587 0.364 0.474]
    34           64          0.24143         reflect
  eval: e=0.2423  p=[0.500 0.529 0.530 0.530 0.596 0.352 0.471]
    35           65          0.24143         reflect
  eval: e=0.2409  p=[0.504 0.533 0.518 0.525 0.588 0.364 0.480]
  eval: e=0.2398  p=[0.512 0.534 0.500 0.529 0.588 0.368 0.483]
    36           67         0.239785         expand
  eval: e=0.2413  p=[0.499 0.532 0.515 0.527 0.585 0.371 0.478]
    37           68         0.239785         reflect
  eval: e=0.2405  p=[0.504 0.534 0.505 0.544 0.586 0.370 0.477]
    38           69         0.239785         reflect
  eval: e=0.2387  p=[0.506 0.535 0.497 0.531 0.596 0.379 0.466]
  eval: e=0.2370  p=[0.513 0.537 0.474 0.534 0.604 0.391 0.456]
    39           71          0.23698         expand
  eval: e=0.2368  p=[0.509 0.523 0.501 0.542 0.598 0.365 0.469]
  eval: e=0.2337  p=[0.515 0.513 0.490 0.553 0.605 0.360 0.465]
    40           73         0.233715         expand
  eval: e=0.2429  p=[0.509 0.532 0.484 0.537 0.588 0.388 0.474]
  eval: e=0.2399  p=[0.502 0.529 0.519 0.532 0.594 0.361 0.472]
    41           75         0.233715         contract inside
  eval: e=0.2366  p=[0.510 0.531 0.478 0.546 0.599 0.376 0.471]
    42           76         0.233715         reflect
  eval: e=0.2361  p=[0.527 0.529 0.462 0.550 0.600 0.373 0.469]
    43           77         0.233715         reflect
  eval: e=0.2331  p=[0.524 0.527 0.464 0.556 0.608 0.372 0.463]
  eval: e=0.2293  p=[0.536 0.524 0.438 0.570 0.620 0.372 0.455]
    44           79         0.229308         expand
  eval: e=0.2306  p=[0.529 0.522 0.455 0.546 0.617 0.373 0.457]
    45           80         0.229308         reflect
  eval: e=0.2345  p=[0.538 0.525 0.424 0.562 0.616 0.385 0.458]
    46           81         0.229308         reflect
  eval: e=0.2290  p=[0.536 0.518 0.420 0.575 0.629 0.384 0.440]
  eval: e=0.2295  p=[0.548 0.509 0.380 0.598 0.650 0.392 0.418]
    47           83         0.229044         reflect
  eval: e=0.2303  p=[0.542 0.509 0.431 0.580 0.620 0.358 0.463]
    48           84         0.229044         reflect
  eval: e=0.2275  p=[0.554 0.509 0.414 0.579 0.631 0.368 0.445]
  eval: e=0.2275  p=[0.575 0.499 0.382 0.595 0.647 0.364 0.433]
    49           86         0.227495         reflect
  eval: e=0.2247  p=[0.545 0.506 0.415 0.583 0.640 0.370 0.441]
  eval: e=0.2221  p=[0.554 0.494 0.392 0.599 0.660 0.369 0.426]
    50           88         0.222069         expand
  eval: e=0.2244  p=[0.538 0.501 0.445 0.582 0.636 0.353 0.442]
    51           89         0.222069         reflect
  eval: e=0.2254  p=[0.568 0.509 0.366 0.599 0.657 0.377 0.429]
    52           90         0.222069         reflect
  eval: e=0.2292  p=[0.564 0.496 0.375 0.621 0.656 0.365 0.429]
    53           91         0.222069         reflect
  eval: e=0.2196  p=[0.558 0.505 0.383 0.598 0.662 0.381 0.414]
  eval: e=0.2153  p=[0.566 0.503 0.360 0.606 0.683 0.392 0.389]
    54           93         0.215313         expand
  eval: e=0.2260  p=[0.572 0.484 0.353 0.618 0.680 0.373 0.402]
    55           94         0.215313         reflect
  eval: e=0.2202  p=[0.546 0.509 0.411 0.567 0.652 0.383 0.421]
    56           95         0.215313         reflect
  eval: e=0.2172  p=[0.578 0.485 0.363 0.611 0.685 0.363 0.404]
    57           96         0.215313         reflect
  eval: e=0.2134  p=[0.567 0.487 0.355 0.616 0.698 0.378 0.387]
  eval: e=0.2123  p=[0.573 0.475 0.325 0.634 0.731 0.383 0.358]
    58           98         0.212282         expand
  eval: e=0.2164  p=[0.549 0.509 0.407 0.581 0.664 0.376 0.418]
    59           99         0.212282         reflect
  eval: e=0.2095  p=[0.548 0.485 0.406 0.596 0.689 0.372 0.388]
  eval: e=0.2087  p=[0.538 0.473 0.426 0.595 0.706 0.369 0.367]
    60          101         0.208673         expand
  eval: e=0.2099  p=[0.578 0.485 0.322 0.616 0.730 0.399 0.353]
    61          102         0.208673         reflect
  eval: e=0.1990  p=[0.568 0.489 0.355 0.604 0.726 0.392 0.348]
  eval: e=0.1897  p=[0.575 0.486 0.337 0.607 0.759 0.404 0.309]
    62          104         0.189659         expand
  eval: e=0.2017  p=[0.584 0.467 0.315 0.647 0.765 0.385 0.322]
    63          105         0.189659         reflect
  eval: e=0.1910  p=[0.554 0.486 0.349 0.614 0.755 0.411 0.314]
    64          106         0.189659         reflect
  eval: e=0.2092  p=[0.585 0.456 0.288 0.653 0.802 0.408 0.271]
    65          107         0.189659         reflect
  eval: e=0.1868  p=[0.573 0.447 0.315 0.641 0.816 0.396 0.267]
  eval: e=0.1959  p=[0.577 0.419 0.292 0.659 0.883 0.398 0.205]
    66          109          0.18684         reflect
  eval: e=0.1809  p=[0.566 0.467 0.347 0.615 0.792 0.409 0.271]
  eval: e=0.1758  p=[0.562 0.463 0.358 0.606 0.822 0.422 0.228]
    67          111         0.175822         expand
  eval: e=0.1773  p=[0.557 0.452 0.360 0.630 0.820 0.399 0.240]
    68          112         0.175822         reflect
  eval: e=0.2191  p=[0.542 0.480 0.414 0.587 0.754 0.388 0.313]
  eval: e=0.1894  p=[0.574 0.462 0.320 0.637 0.790 0.403 0.282]
    69          114         0.175822         contract inside
  eval: e=0.1981  p=[0.599 0.459 0.246 0.658 0.873 0.436 0.193]
    70          115         0.175822         reflect
  eval: e=0.1666  p=[0.557 0.463 0.338 0.608 0.846 0.436 0.202]
  eval: e=0.1606  p=[0.544 0.461 0.350 0.588 0.886 0.461 0.142]
    71          117         0.160635         expand
  eval: e=0.2163  p=[0.526 0.471 0.436 0.578 0.741 0.391 0.316]
  eval: e=0.1770  p=[0.581 0.462 0.294 0.638 0.840 0.425 0.224]
    72          119         0.160635         contract inside
  eval: e=0.1610  p=[0.579 0.438 0.318 0.628 0.884 0.421 0.169]
    73          120         0.160635         reflect
  eval: e=0.1662  p=[0.559 0.424 0.324 0.641 0.914 0.432 0.135]
    74          121         0.160635         reflect
  eval: e=0.1479  p=[0.556 0.438 0.343 0.612 0.920 0.442 0.119]
  eval: e=0.1374  p=[0.547 0.426 0.354 0.600 0.985 0.461 0.038]
    75          123         0.137394         expand
  eval: e=0.1469  p=[0.549 0.446 0.359 0.596 0.941 0.468 0.069]
    76          124         0.137394         reflect
  eval: e=0.1436  p=[0.563 0.440 0.313 0.597 0.972 0.484 0.047]
    77          125         0.137394         reflect
  eval: e=0.1403  p=[0.534 0.423 0.385 0.578 0.990 0.475 0.012]
    78          126         0.137394         reflect
  eval: e=0.1926  p=[0.546  0.410  0.329  0.602  1.055  0.493 -0.053]
  eval: e=0.1597  p=[0.558 0.450 0.351 0.605 0.881 0.440 0.158]
    79          128         0.137394         contract inside
  eval: e=0.1707  p=[0.548 0.457 0.370 0.557 0.954 0.485 0.047]
  eval: e=0.1525  p=[0.556 0.432 0.336 0.620 0.924 0.446 0.113]
    80          130         0.137394         contract inside
  eval: e=0.1385  p=[0.522  0.441  0.381  0.567  0.996  0.503 -0.004]
    81          131         0.137394         reflect
  eval: e=0.1423  p=[0.550  0.412  0.358  0.602  1.025  0.475 -0.018]
    82          132         0.137394         reflect
  eval: e=0.1812  p=[0.534  0.413  0.360  0.584  1.072  0.506 -0.084]
  eval: e=0.1463  p=[0.552 0.441 0.353 0.599 0.928 0.457 0.097]
    83          134         0.137394         contract inside
  eval: e=0.1382  p=[0.534  0.433  0.380  0.563  1.029  0.504 -0.044]
    84          135         0.137394         reflect
  eval: e=0.1464  p=[0.537  0.416  0.362  0.578  1.037  0.492 -0.032]
  eval: e=0.1335  p=[0.540  0.423  0.362  0.582  1.013  0.486 -0.007]
    85          137           0.1335         contract outside
  eval: e=0.1722  p=[0.531  0.416  0.371  0.569  1.074  0.512 -0.090]
  eval: e=0.1412  p=[0.547 0.435 0.357 0.592 0.965 0.470 0.050]
    86          139           0.1335         contract inside
  eval: e=0.1448  p=[0.515  0.415  0.424  0.570  1.029  0.480 -0.039]
  eval: e=0.1340  p=[0.551 0.434 0.341 0.590 0.986 0.483 0.025]
    87          141           0.1335         contract inside
  eval: e=0.1508  p=[0.528 0.449 0.373 0.562 0.965 0.491 0.039]
  eval: e=0.1332  p=[0.545  0.422  0.362  0.592  1.010  0.479 -0.004]
    88          143         0.133201         contract inside
  eval: e=0.1414  p=[0.531  0.423  0.375  0.572  1.038  0.499 -0.045]
  eval: e=0.1363  p=[0.543 0.432 0.362 0.587 0.983 0.477 0.026]
    89          145         0.133201         contract inside
  eval: e=0.1329  p=[0.546  0.437  0.341  0.588  1.011  0.495 -0.003]
  eval: e=0.1434  p=[0.552  0.444  0.319  0.593  1.022  0.505 -0.011]
    90          147         0.132855         reflect
  eval: e=0.1390  p=[0.566 0.418 0.333 0.605 1.009 0.464 0.013]
  eval: e=0.1336  p=[0.533 0.435 0.369 0.577 0.999 0.493 0.000]
    91          149         0.132855         contract inside
  eval: e=0.1448  p=[0.553 0.426 0.332 0.613 0.967 0.461 0.065]
  eval: e=0.1339  p=[0.539  0.431  0.368  0.575  1.014  0.493 -0.016]
    92          151         0.132855         contract inside
  eval: e=0.1360  p=[0.538  0.435  0.361  0.569  1.020  0.512 -0.032]
    93          152         0.132855         reflect
  eval: e=0.1438  p=[0.541  0.431  0.353  0.577  1.032  0.506 -0.037]
  eval: e=0.1324  p=[0.542 0.431 0.360 0.584 0.995 0.485 0.011]
    94          154         0.132378         contract inside
  eval: e=0.1382  p=[0.547 0.426 0.354 0.599 0.988 0.463 0.033]
  eval: e=0.1323  p=[0.540  0.433  0.359  0.576  1.012  0.500 -0.016]
    95          156         0.132296         contract inside
  eval: e=0.1378  p=[0.530  0.427  0.380  0.574  1.029  0.497 -0.036]
  eval: e=0.1304  p=[0.546 0.432 0.350 0.586 0.997 0.487 0.010]
    96          158         0.130351         contract inside
  eval: e=0.1309  p=[0.545 0.430 0.348 0.592 0.997 0.485 0.014]
    97          159         0.130351         reflect
  eval: e=0.1368  p=[0.554 0.424 0.340 0.595 1.011 0.483 0.001]
  eval: e=0.1308  p=[0.538 0.433 0.362 0.581 1.002 0.491 0.001]
    98          161         0.130351         contract inside
  eval: e=0.1310  p=[0.546 0.439 0.348 0.589 0.994 0.491 0.010]
    99          162         0.130351         reflect
  eval: e=0.1312  p=[0.542 0.446 0.343 0.579 0.992 0.502 0.012]
   100          163         0.130351         reflect
  eval: e=0.1349  p=[0.539 0.432 0.365 0.580 0.986 0.488 0.015]
  eval: e=0.1304  p=[0.545 0.436 0.347 0.586 1.005 0.493 0.001]
   101          165         0.130351         contract inside
  eval: e=0.1306  p=[0.544  0.439  0.342  0.584  1.004  0.501 -0.001]
   102          166         0.130351         reflect
  eval: e=0.1339  p=[0.547 0.440 0.338 0.594 0.985 0.486 0.029]
  eval: e=0.1303  p=[0.542  0.435  0.354  0.581  1.005  0.496 -0.004]
   103          168         0.130329         contract inside
  eval: e=0.1326  p=[0.545  0.424  0.357  0.592  1.009  0.482 -0.003]
  eval: e=0.1299  p=[0.543 0.440 0.347 0.582 0.996 0.497 0.008]
   104          170         0.129895         contract inside
  eval: e=0.1317  p=[0.540  0.431  0.352  0.580  1.008  0.494 -0.003]
  eval: e=0.1298  p=[0.545 0.437 0.349 0.587 0.997 0.492 0.007]
   105          172         0.129789         contract inside
  eval: e=0.1306  p=[0.542  0.442  0.353  0.576  1.005  0.502 -0.008]
   106          173         0.129789         reflect
  eval: e=0.1295  p=[0.549 0.442 0.336 0.585 1.001 0.500 0.003]
  eval: e=0.1317  p=[0.555 0.447 0.322 0.587 1.000 0.505 0.005]
   107          175         0.129518         reflect
  eval: e=0.1307  p=[0.545 0.436 0.353 0.582 0.998 0.490 0.006]
  eval: e=0.1296  p=[0.544 0.439 0.345 0.584 1.003 0.498 0.001]
   108          177         0.129518         contract inside
  eval: e=0.1316  p=[0.548 0.432 0.341 0.593 0.996 0.487 0.015]
  eval: e=0.1296  p=[0.543  0.440  0.350  0.580  1.003  0.499 -0.002]
   109          179         0.129518         contract inside
  eval: e=0.1299  p=[0.545 0.439 0.347 0.581 0.996 0.498 0.005]
   110          180         0.129518         reflect
  eval: e=0.1299  p=[0.543  0.445  0.343  0.580  1.003  0.508 -0.005]
   111          181         0.129518         reflect
  eval: e=0.1305  p=[0.547 0.446 0.336 0.585 0.994 0.501 0.009]
  eval: e=0.1295  p=[0.543  0.437  0.350  0.582  1.003  0.498 -0.001]
   112          183         0.129478         contract inside
  eval: e=0.1306  p=[0.544  0.441  0.344  0.584  1.006  0.500 -0.002]
  eval: e=0.1292  p=[0.544 0.440 0.346 0.582 0.998 0.498 0.003]
   113          185         0.129168         contract inside
  eval: e=0.1307  p=[0.546  0.440  0.344  0.583  1.006  0.501 -0.006]
  eval: e=0.1291  p=[0.544 0.440 0.346 0.582 0.999 0.498 0.004]
   114          187         0.129085         contract inside
  eval: e=0.1301  p=[0.547 0.433 0.349 0.587 0.997 0.487 0.010]
  eval: e=0.1292  p=[0.544  0.442  0.344  0.581  1.002  0.503 -0.001]
   115          189         0.129085         contract inside
  eval: e=0.1305  p=[0.544  0.443  0.342  0.578  1.005  0.506 -0.005]
  eval: e=0.1290  p=[0.545 0.438 0.347 0.585 0.999 0.496 0.004]
   116          191         0.128998         contract inside
  eval: e=0.1297  p=[0.546 0.440 0.340 0.586 0.998 0.499 0.006]
  eval: e=0.1292  p=[0.544  0.440  0.347  0.582  1.002  0.499 -0.000]
   117          193         0.128998         contract inside
  eval: e=0.1292  p=[0.545 0.441 0.345 0.582 0.998 0.499 0.003]
   118          194         0.128998         reflect
  eval: e=0.1298  p=[0.539 0.438 0.358 0.579 0.999 0.497 0.000]
  eval: e=0.1289  p=[0.547 0.441 0.341 0.584 1.000 0.499 0.002]
   119          196         0.128905         contract inside
  eval: e=0.1296  p=[0.546 0.443 0.341 0.583 0.997 0.500 0.006]
  eval: e=0.1290  p=[0.544 0.439 0.347 0.582 1.001 0.498 0.001]
   120          198         0.128905         contract inside
  eval: e=0.1296  p=[0.546 0.437 0.347 0.584 0.997 0.494 0.007]
  eval: e=0.1289  p=[0.544 0.441 0.345 0.582 1.001 0.500 0.001]
   121          200         0.128883         contract inside
  eval: e=0.1295  p=[0.545 0.440 0.344 0.584 0.997 0.498 0.005]
  eval: e=0.1289  p=[0.544 0.440 0.346 0.582 1.001 0.499 0.001]
   122          202         0.128854         contract inside
  eval: e=0.1291  p=[0.545 0.441 0.345 0.583 1.001 0.499 0.001]
   123          203         0.128854         reflect
  eval: e=0.1295  p=[0.544 0.439 0.345 0.584 1.002 0.497 0.001]
  eval: e=0.1288  p=[0.545 0.441 0.345 0.582 0.999 0.499 0.003]
   124          205         0.128849         contract inside
  eval: e=0.1291  p=[0.544 0.440 0.346 0.582 0.999 0.498 0.003]
  eval: e=0.1289  p=[0.544 0.440 0.346 0.582 0.999 0.498 0.003]
   125          207         0.128849         contract outside
  eval: e=0.1291  p=[0.546  0.440  0.345  0.583  1.002  0.499 -0.000]
  eval: e=0.1288  p=[0.544 0.440 0.346 0.583 0.999 0.498 0.003]
   126          209         0.128846         contract inside
  eval: e=0.1291  p=[0.546 0.441 0.343 0.584 0.999 0.499 0.004]
  eval: e=0.1288  p=[0.544 0.440 0.346 0.582 1.001 0.498 0.002]
   127          211         0.128826         contract inside
  eval: e=0.1289  p=[0.545 0.442 0.343 0.580 1.001 0.502 0.000]
  eval: e=0.1288  p=[0.545 0.441 0.344 0.581 1.001 0.500 0.001]
   128          213         0.128791         contract outside
  eval: e=0.1289  p=[0.542 0.440 0.350 0.581 1.000 0.499 0.001]
  eval: e=0.1287  p=[0.543 0.440 0.348 0.581 1.000 0.499 0.002]
   129          215         0.128714         contract outside
  eval: e=0.1290  p=[0.544 0.439 0.347 0.582 0.999 0.497 0.003]
  eval: e=0.1288  p=[0.544 0.441 0.346 0.582 1.000 0.500 0.001]
   130          217         0.128714         contract inside
  eval: e=0.1289  p=[0.544 0.441 0.346 0.582 1.001 0.500 0.001]
  eval: e=0.1287  p=[0.544 0.440 0.346 0.582 1.000 0.499 0.002]
   131          219         0.128714         contract inside
  eval: e=0.1289  p=[0.544 0.441 0.345 0.582 0.999 0.499 0.003]
  eval: e=0.1288  p=[0.544 0.441 0.346 0.582 1.000 0.499 0.002]
   132          221         0.128714         contract outside
  eval: e=0.1289  p=[0.544 0.440 0.346 0.582 1.001 0.499 0.001]
  eval: e=0.1287  p=[0.545 0.441 0.346 0.582 1.000 0.499 0.002]
   133          223         0.128714         contract inside
  eval: e=0.1288  p=[0.544 0.441 0.346 0.581 1.001 0.500 0.000]
  eval: e=0.1287  p=[0.544 0.441 0.346 0.582 1.000 0.500 0.001]
   134          225         0.128714         contract outside
  eval: e=0.1288  p=[0.544 0.441 0.345 0.581 1.000 0.500 0.002]
   135          226         0.128714         reflect
  eval: e=0.1289  p=[0.544 0.440 0.348 0.582 0.999 0.498 0.003]
  eval: e=0.1287  p=[0.544 0.441 0.345 0.582 1.000 0.500 0.001]
   136          228         0.128687         contract inside
  eval: e=0.1288  p=[0.544 0.439 0.347 0.583 1.000 0.498 0.002]
  eval: e=0.1287  p=[0.544 0.441 0.346 0.582 1.000 0.500 0.002]
   137          230         0.128687         contract inside
  eval: e=0.1288  p=[0.544 0.440 0.346 0.582 0.999 0.499 0.002]
  eval: e=0.1287  p=[0.544 0.441 0.346 0.582 1.000 0.499 0.002]
   138          232          0.12868         contract inside
  eval: e=0.1287  p=[0.544 0.440 0.346 0.582 1.000 0.499 0.001]
   139          233          0.12868         reflect
  eval: e=0.1288  p=[0.544 0.440 0.347 0.581 1.000 0.500 0.001]
  eval: e=0.1287  p=[0.544 0.441 0.346 0.582 1.000 0.499 0.002]
   140          235          0.12868         contract inside
  eval: e=0.1288  p=[0.544 0.440 0.346 0.582 1.000 0.499 0.002]
  eval: e=0.1287  p=[0.544 0.441 0.346 0.582 1.000 0.499 0.001]
   141          237          0.12868         contract inside
  eval: e=0.1288  p=[0.544 0.441 0.346 0.581 1.000 0.500 0.001]
  eval: e=0.1287  p=[0.544 0.440 0.346 0.582 1.000 0.499 0.002]
   142          239          0.12868         contract inside
  eval: e=0.1287  p=[0.544 0.441 0.346 0.582 1.000 0.499 0.002]
  eval: e=0.1287  p=[0.544 0.441 0.346 0.582 1.000 0.499 0.001]
   143          241          0.12868         contract inside
  eval: e=0.1287  p=[0.545 0.441 0.344 0.582 1.000 0.500 0.002]
  eval: e=0.1288  p=[0.546 0.442 0.342 0.582 1.000 0.501 0.002]
   144          243         0.128677         reflect
  eval: e=0.1288  p=[0.545 0.440 0.345 0.582 1.000 0.499 0.001]
  eval: e=0.1287  p=[0.544 0.441 0.346 0.582 1.000 0.500 0.002]
   145          245         0.128659         contract inside
  eval: e=0.1287  p=[0.544 0.440 0.346 0.582 1.000 0.499 0.002]
  eval: e=0.1287  p=[0.544 0.441 0.345 0.582 1.000 0.500 0.002]
   146          247         0.128659         contract inside
  eval: e=0.1287  p=[0.545 0.441 0.345 0.582 1.000 0.500 0.002]
   147          248         0.128659         reflect
  eval: e=0.1287  p=[0.545 0.441 0.344 0.582 1.000 0.500 0.002]
  eval: e=0.1287  p=[0.545 0.441 0.345 0.582 1.000 0.500 0.002]
   148          250         0.128659         contract outside
  eval: e=0.1287  p=[0.545 0.441 0.344 0.582 1.000 0.500 0.002]
   149          251         0.128659         reflect
  eval: e=0.1287  p=[0.545 0.441 0.344 0.582 1.000 0.500 0.001]
  eval: e=0.1287  p=[0.544 0.441 0.345 0.582 1.000 0.499 0.002]
   150          253         0.128653         contract inside
  eval: e=0.1287  p=[0.545 0.441 0.344 0.582 1.000 0.500 0.002]
   151          254         0.128653         reflect
  eval: e=0.1287  p=[0.544 0.440 0.346 0.582 1.000 0.499 0.002]
  eval: e=0.1286  p=[0.545 0.441 0.344 0.582 1.000 0.500 0.002]
   152          256         0.128647         contract inside
  eval: e=0.1287  p=[0.545 0.441 0.345 0.582 1.000 0.499 0.002]
  eval: e=0.1286  p=[0.545 0.441 0.345 0.582 1.000 0.500 0.002]
   153          258         0.128642         contract inside
  eval: e=0.1287  p=[0.545 0.441 0.344 0.582 1.000 0.500 0.002]
  eval: e=0.1286  p=[0.545 0.441 0.345 0.582 1.000 0.500 0.002]
   154          260         0.128637         contract inside
  eval: e=0.1286  p=[0.545 0.441 0.345 0.582 1.000 0.500 0.002]
   155          261         0.128637         reflect
  eval: e=0.1287  p=[0.544 0.441 0.346 0.582 1.000 0.499 0.002]
  eval: e=0.1286  p=[0.545 0.441 0.345 0.582 1.000 0.500 0.002]
   156          263         0.128637         contract inside
  eval: e=0.1287  p=[0.545 0.441 0.345 0.582 1.000 0.500 0.001]
   157          264         0.128637         reflect
  eval: e=0.1287  p=[0.545 0.441 0.344 0.582 1.000 0.500 0.002]
  eval: e=0.1286  p=[0.544 0.441 0.345 0.582 1.000 0.500 0.002]
   158          266         0.128637         contract inside
  eval: e=0.1287  p=[0.545 0.441 0.344 0.582 1.000 0.500 0.002]
  eval: e=0.1286  p=[0.545 0.441 0.344 0.582 1.000 0.500 0.002]
   159          268         0.128637         contract outside
  eval: e=0.1286  p=[0.545 0.441 0.344 0.582 1.000 0.500 0.002]
   160          269         0.128637         reflect
  eval: e=0.1287  p=[0.545 0.441 0.345 0.582 1.000 0.500 0.002]
  eval: e=0.1286  p=[0.545 0.441 0.345 0.582 1.000 0.500 0.002]
   161          271         0.128634         contract inside
  eval: e=0.1286  p=[0.544 0.441 0.345 0.582 1.000 0.500 0.002]
   162          272         0.128634         reflect
  eval: e=0.1287  p=[0.544 0.441 0.345 0.582 1.000 0.500 0.002]
  eval: e=0.1286  p=[0.545 0.441 0.345 0.582 1.000 0.500 0.002]
   163          274         0.128634         contract inside
  eval: e=0.1287  p=[0.544 0.441 0.345 0.582 1.000 0.500 0.001]
  eval: e=0.1286  p=[0.545 0.441 0.345 0.582 1.000 0.500 0.002]
   164          276         0.128632         contract inside
  eval: e=0.1286  p=[0.545 0.441 0.345 0.582 1.000 0.500 0.002]
  eval: e=0.1286  p=[0.545 0.441 0.345 0.582 1.000 0.500 0.002]
   165          278         0.128632         contract inside
  eval: e=0.1286  p=[0.545 0.441 0.345 0.582 1.000 0.500 0.002]
   166          279         0.128632         reflect
  eval: e=0.1286  p=[0.545 0.441 0.345 0.582 1.000 0.500 0.002]
   167          280         0.128632         reflect
  eval: e=0.1286  p=[0.545 0.441 0.345 0.582 1.000 0.500 0.002]
  eval: e=0.1286  p=[0.545 0.441 0.345 0.582 1.000 0.500 0.002]
   168          282         0.128632         contract outside
  eval: e=0.1286  p=[0.544 0.441 0.345 0.582 1.000 0.500 0.002]
  eval: e=0.1286  p=[0.545 0.441 0.345 0.582 1.000 0.500 0.002]
   169          284          0.12863         contract inside
  eval: e=0.1286  p=[0.545 0.441 0.345 0.582 1.000 0.500 0.002]
  eval: e=0.1286  p=[0.545 0.441 0.345 0.582 1.000 0.500 0.002]
   170          286          0.12863         contract inside
  eval: e=0.1286  p=[0.545 0.441 0.344 0.582 1.000 0.500 0.002]
   171          287          0.12863         reflect
  eval: e=0.1286  p=[0.545 0.441 0.344 0.582 1.000 0.500 0.002]
  eval: e=0.1286  p=[0.545 0.441 0.345 0.582 1.000 0.500 0.002]
   172          289          0.12863         contract inside
  eval: e=0.1286  p=[0.544 0.441 0.345 0.582 1.000 0.500 0.002]
   173          290          0.12863         reflect
  eval: e=0.1286  p=[0.545 0.441 0.345 0.582 1.000 0.500 0.002]
  eval: e=0.1286  p=[0.545 0.441 0.345 0.582 1.000 0.500 0.002]
   174          292          0.12863         contract inside
  eval: e=0.1286  p=[0.545 0.441 0.344 0.582 1.000 0.500 0.002]
  eval: e=0.1286  p=[0.545 0.441 0.345 0.582 1.000 0.500 0.002]
   175          294          0.12863         contract inside
  eval: e=0.1286  p=[0.545 0.441 0.345 0.582 1.000 0.500 0.002]
   176          295          0.12863         reflect
  eval: e=0.1286  p=[0.545 0.441 0.345 0.582 1.000 0.500 0.002]
   177          296          0.12863         reflect
  eval: e=0.1286  p=[0.545 0.441 0.345 0.582 1.000 0.500 0.002]
   178          297          0.12863         reflect
  eval: e=0.1286  p=[0.545 0.441 0.345 0.582 1.000 0.500 0.002]
  eval: e=0.1286  p=[0.545 0.441 0.345 0.582 1.000 0.500 0.002]
   179          299          0.12863         contract inside
  eval: e=0.1286  p=[0.545 0.441 0.345 0.582 1.000 0.500 0.002]
  eval: e=0.1286  p=[0.545 0.441 0.345 0.582 1.000 0.500 0.002]
   180          301          0.12863         contract inside
  eval: e=0.1286  p=[0.545 0.441 0.345 0.582 1.000 0.500 0.002]
  eval: e=0.1286  p=[0.545 0.441 0.345 0.582 1.000 0.500 0.002]
   181          303          0.12863         contract inside
  eval: e=0.1286  p=[0.545 0.441 0.345 0.582 1.000 0.500 0.002]
  eval: e=0.1286  p=[0.545 0.441 0.345 0.582 1.000 0.500 0.002]
   182          305          0.12863         contract inside
  eval: e=0.1286  p=[0.545 0.441 0.345 0.582 1.000 0.500 0.002]
   183          306          0.12863         reflect
  eval: e=0.1286  p=[0.545 0.441 0.345 0.582 1.000 0.500 0.002]
  eval: e=0.1286  p=[0.545 0.441 0.345 0.582 1.000 0.500 0.002]
   184          308         0.128629         contract inside
  eval: e=0.1286  p=[0.545 0.441 0.345 0.582 1.000 0.500 0.002]
  eval: e=0.1286  p=[0.545 0.441 0.345 0.582 1.000 0.500 0.002]
   185          310         0.128628         contract inside
  eval: e=0.1286  p=[0.545 0.441 0.345 0.582 1.000 0.500 0.002]
  eval: e=0.1286  p=[0.545 0.441 0.345 0.582 1.000 0.500 0.002]
   186          312         0.128628         contract inside
  eval: e=0.1286  p=[0.545 0.441 0.345 0.582 1.000 0.500 0.002]
  eval: e=0.1286  p=[0.545 0.441 0.345 0.582 1.000 0.500 0.002]
   187          314         0.128628         contract inside
  eval: e=0.1286  p=[0.545 0.441 0.345 0.582 1.000 0.500 0.002]
  eval: e=0.1286  p=[0.545 0.441 0.345 0.582 1.000 0.500 0.002]
   188          316         0.128628         contract inside
  eval: e=0.1286  p=[0.545 0.441 0.345 0.582 1.000 0.500 0.002]
  eval: e=0.1286  p=[0.545 0.441 0.345 0.582 1.000 0.500 0.002]
   189          318         0.128627         expand
  eval: e=0.1286  p=[0.545 0.441 0.345 0.582 1.000 0.500 0.002]
  eval: e=0.1286  p=[0.545 0.441 0.345 0.582 1.000 0.500 0.002]
   190          320         0.128627         expand
  eval: e=0.1286  p=[0.545 0.441 0.345 0.582 1.000 0.500 0.002]
   191          321         0.128627         reflect
  eval: e=0.1286  p=[0.544 0.441 0.345 0.582 1.000 0.500 0.002]
  eval: e=0.1286  p=[0.545 0.441 0.345 0.582 1.000 0.500 0.002]
  eval: e=0.1286  p=[0.545 0.441 0.345 0.582 1.000 0.500 0.002]
  eval: e=0.1286  p=[0.545 0.441 0.345 0.582 1.000 0.500 0.002]
  eval: e=0.1286  p=[0.545 0.441 0.345 0.582 1.000 0.500 0.002]
  eval: e=0.1286  p=[0.545 0.441 0.345 0.582 1.000 0.500 0.002]
  eval: e=0.1286  p=[0.545 0.441 0.345 0.582 1.000 0.500 0.002]
  eval: e=0.1286  p=[0.545 0.441 0.345 0.582 1.000 0.500 0.002]
  eval: e=0.1286  p=[0.545 0.441 0.345 0.582 1.000 0.500 0.002]
   192          330         0.128627         shrink
  eval: e=0.1286  p=[0.545 0.441 0.345 0.582 1.000 0.500 0.002]
  eval: e=0.1286  p=[0.545 0.441 0.345 0.582 1.000 0.500 0.002]
   193          332         0.128627         contract outside
 
Optimization terminated:
 the current x satisfies the termination criteria using OPTIONS.TolX of 1.000000e-04 
 and F(X) satisfies the convergence criteria using OPTIONS.TolFun of 1.000000e-06 

=== Fit complete: error=0.128627  AIC=-1993.8 ===
