  eval: e=0.3386  p=[0.500 0.500 0.500 0.500 0.500 0.500 0.500]
 
 Iteration   Func-count         f(x)         Procedure
     0            1         0.338631         
  eval: e=0.3384  p=[0.525 0.500 0.500 0.500 0.500 0.500 0.500]
  eval: e=0.3327  p=[0.500 0.525 0.500 0.500 0.500 0.500 0.500]
  eval: e=0.3354  p=[0.500 0.500 0.525 0.500 0.500 0.500 0.500]
  eval: e=0.3404  p=[0.500 0.500 0.500 0.525 0.500 0.500 0.500]
  eval: e=0.3297  p=[0.500 0.500 0.500 0.500 0.525 0.500 0.500]
  eval: e=0.3424  p=[0.500 0.500 0.500 0.500 0.500 0.525 0.500]
  eval: e=0.3410  p=[0.500 0.500 0.500 0.500 0.500 0.500 0.525]
     1            8         0.329723         initial simplex
  eval: e=0.3292  p=[0.507 0.507 0.507 0.507 0.507 0.475 0.507]
  eval: e=0.3201  p=[0.511 0.511 0.511 0.511 0.511 0.450 0.511]
     2           10         0.320113         expand
  eval: e=0.3269  p=[0.510 0.510 0.510 0.510 0.510 0.486 0.478]
     3           11         0.320113         reflect
  eval: e=0.3231  p=[0.513 0.513 0.513 0.481 0.513 0.482 0.497]
     4           12         0.320113         reflect
  eval: e=0.3199  p=[0.517 0.517 0.517 0.501 0.517 0.476 0.496]
  eval: e=0.3090  p=[0.525 0.525 0.525 0.501 0.525 0.465 0.494]
     5           14         0.308966         expand
  eval: e=0.3111  p=[0.492 0.524 0.524 0.501 0.524 0.466 0.494]
     6           15         0.308966         reflect
  eval: e=0.3058  p=[0.515 0.531 0.499 0.501 0.531 0.457 0.492]
  eval: e=0.2862  p=[0.522 0.546 0.486 0.501 0.546 0.435 0.489]
     7           17         0.286197         expand
  eval: e=0.2935  p=[0.521 0.512 0.520 0.501 0.544 0.438 0.489]
     8           18         0.286197         reflect
  eval: e=0.2893  p=[0.527 0.541 0.525 0.502 0.525 0.420 0.486]
     9           19         0.286197         reflect
  eval: e=0.2776  p=[0.521 0.539 0.520 0.489 0.544 0.416 0.510]
  eval: e=0.2517  p=[0.527 0.553 0.524 0.479 0.560 0.381 0.526]
    10           21         0.251696         expand
  eval: e=0.2599  p=[0.523 0.548 0.520 0.518 0.554 0.391 0.500]
    11           22         0.251696         reflect
  eval: e=0.2537  p=[0.528 0.561 0.525 0.490 0.569 0.406 0.483]
    12           23         0.251696         reflect
  eval: e=0.2462  p=[0.558 0.558 0.512 0.497 0.569 0.373 0.497]
  eval: e=0.2525  p=[0.590 0.574 0.505 0.495 0.591 0.326 0.498]
    13           25          0.24618         reflect
  eval: e=0.2452  p=[0.533 0.566 0.507 0.496 0.580 0.348 0.498]
  eval: e=0.2536  p=[0.537 0.586 0.497 0.493 0.607 0.290 0.500]
    14           27         0.245238         reflect
  eval: e=0.2490  p=[0.541 0.594 0.508 0.494 0.571 0.349 0.505]
    15           28         0.245238         reflect
  eval: e=0.2535  p=[0.539 0.581 0.498 0.491 0.604 0.346 0.513]
    16           29         0.245238         reflect
  eval: e=0.2578  p=[0.549 0.585 0.541 0.488 0.599 0.306 0.518]
    17           30         0.245238         reflect
  eval: e=0.2630  p=[0.556 0.595 0.513 0.464 0.603 0.326 0.511]
  eval: e=0.2476  p=[0.531 0.559 0.518 0.504 0.567 0.375 0.503]
    18           32         0.245238         contract inside
  eval: e=0.2811  p=[0.524 0.550 0.485 0.498 0.550 0.430 0.489]
  eval: e=0.2522  p=[0.543 0.576 0.527 0.491 0.586 0.337 0.511]
    19           34         0.245238         contract inside
  eval: e=0.2515  p=[0.550 0.579 0.502 0.496 0.584 0.311 0.532]
    20           35         0.245238         reflect
  eval: e=0.2533  p=[0.541 0.558 0.530 0.496 0.544 0.361 0.507]
  eval: e=0.2476  p=[0.541 0.564 0.522 0.495 0.559 0.357 0.509]
    21           37         0.245238         contract outside
  eval: e=0.2541  p=[0.537 0.559 0.500 0.498 0.554 0.375 0.509]
  eval: e=0.2474  p=[0.542 0.572 0.520 0.492 0.578 0.347 0.510]
    22           39         0.245238         contract inside
  eval: e=0.2525  p=[0.557 0.587 0.501 0.514 0.585 0.322 0.488]
  eval: e=0.2465  p=[0.535 0.562 0.518 0.488 0.567 0.366 0.517]
    23           41         0.245238         contract inside
  eval: e=0.2617  p=[0.531 0.557 0.528 0.494 0.556 0.408 0.479]
  eval: e=0.2481  p=[0.545 0.573 0.508 0.496 0.577 0.335 0.519]
    24           43         0.245238         contract inside
  eval: e=0.2447  p=[0.540 0.535 0.522 0.497 0.571 0.366 0.510]
  eval: e=0.2503  p=[0.539 0.506 0.529 0.499 0.570 0.374 0.513]
    25           45         0.244707         reflect
  eval: e=0.2529  p=[0.535 0.545 0.525 0.496 0.563 0.388 0.494]
  eval: e=0.2454  p=[0.542 0.566 0.513 0.496 0.574 0.348 0.512]
    26           47         0.244707         contract inside
  eval: e=0.2419  p=[0.539 0.556 0.509 0.496 0.585 0.364 0.505]
  eval: e=0.2395  p=[0.538 0.552 0.503 0.497 0.598 0.367 0.503]
    27           49          0.23947         expand
  eval: e=0.2453  p=[0.551 0.558 0.509 0.485 0.586 0.344 0.510]
    28           50          0.23947         reflect
  eval: e=0.2433  p=[0.543 0.542 0.504 0.495 0.577 0.371 0.503]
    29           51          0.23947         reflect
  eval: e=0.2403  p=[0.553 0.546 0.501 0.502 0.592 0.353 0.492]
    30           52          0.23947         reflect
  eval: e=0.2432  p=[0.529 0.547 0.505 0.493 0.596 0.341 0.512]
    31           53          0.23947         reflect
  eval: e=0.2367  p=[0.540 0.532 0.501 0.494 0.598 0.363 0.496]
  eval: e=0.2321  p=[0.538 0.515 0.496 0.494 0.610 0.370 0.487]
    32           55         0.232103         expand
  eval: e=0.2390  p=[0.527 0.528 0.501 0.507 0.592 0.375 0.491]
    33           56         0.232103         reflect
  eval: e=0.2365  p=[0.543 0.510 0.502 0.500 0.602 0.378 0.502]
    34           57         0.232103         reflect
  eval: e=0.2331  p=[0.538 0.533 0.481 0.499 0.620 0.364 0.487]
    35           58         0.232103         reflect
  eval: e=0.2338  p=[0.533 0.525 0.493 0.503 0.626 0.357 0.490]
    36           59         0.232103         reflect
  eval: e=0.2339  p=[0.549 0.513 0.489 0.507 0.615 0.392 0.475]
    37           60         0.232103         reflect
  eval: e=0.2303  p=[0.523 0.505 0.489 0.500 0.626 0.391 0.489]
  eval: e=0.2366  p=[0.509 0.484 0.483 0.500 0.643 0.410 0.487]
    38           62         0.230329         reflect
  eval: e=0.2315  p=[0.534 0.485 0.484 0.506 0.628 0.383 0.475]
    39           63         0.230329         reflect
  eval: e=0.2212  p=[0.546 0.496 0.480 0.495 0.644 0.378 0.482]
  eval: e=0.2129  p=[0.556 0.480 0.469 0.489 0.671 0.380 0.477]
    40           65         0.212912         expand
  eval: e=0.2213  p=[0.534 0.506 0.469 0.500 0.654 0.375 0.464]
    41           66         0.212912         reflect
  eval: e=0.2243  p=[0.524 0.501 0.477 0.491 0.652 0.357 0.488]
    42           67         0.212912         reflect
  eval: e=0.2251  p=[0.538 0.483 0.468 0.491 0.649 0.392 0.472]
    43           68         0.212912         reflect
  eval: e=0.2256  p=[0.533 0.459 0.476 0.492 0.663 0.392 0.470]
    44           69         0.212912         reflect
  eval: e=0.2164  p=[0.531 0.461 0.457 0.498 0.688 0.393 0.465]
    45           70         0.212912         reflect
  eval: e=0.2091  p=[0.535 0.485 0.461 0.483 0.687 0.382 0.475]
  eval: e=0.2054  p=[0.536 0.485 0.450 0.471 0.717 0.382 0.476]
    46           72          0.20542         expand
  eval: e=0.2015  p=[0.549 0.460 0.444 0.480 0.715 0.372 0.457]
  eval: e=0.1934  p=[0.561 0.437 0.422 0.470 0.759 0.362 0.442]
    47           74         0.193411         expand
  eval: e=0.2227  p=[0.547 0.499 0.441 0.482 0.706 0.362 0.468]
    48           75         0.193411         reflect
  eval: e=0.2210  p=[0.545 0.480 0.442 0.481 0.736 0.354 0.465]
    49           76         0.193411         reflect
  eval: e=0.1895  p=[0.564 0.456 0.423 0.478 0.756 0.389 0.443]
  eval: e=0.1866  p=[0.584 0.434 0.396 0.472 0.808 0.405 0.420]
    50           78         0.186597         expand
  eval: e=0.2045  p=[0.552 0.440 0.446 0.484 0.732 0.395 0.449]
    51           79         0.186597         reflect
  eval: e=0.2013  p=[0.570 0.413 0.411 0.462 0.806 0.388 0.449]
    52           80         0.186597         reflect
  eval: e=0.2379  p=[0.567 0.420 0.429 0.475 0.745 0.418 0.443]
  eval: e=0.1991  p=[0.550 0.465 0.439 0.479 0.738 0.370 0.459]
    53           82         0.186597         contract inside
  eval: e=0.1820  p=[0.586 0.440 0.409 0.453 0.807 0.373 0.441]
  eval: e=0.1796  p=[0.614 0.429 0.385 0.431 0.866 0.363 0.429]
    54           84         0.179558         expand
  eval: e=0.1791  p=[0.577 0.407 0.373 0.445 0.880 0.382 0.415]
  eval: e=0.2258  p=[0.588 0.370 0.325 0.422 0.984 0.383 0.384]
    55           86         0.179137         reflect
  eval: e=0.2158  p=[0.610 0.379 0.370 0.455 0.880 0.380 0.399]
  eval: e=0.1906  p=[0.554 0.459 0.430 0.467 0.758 0.381 0.457]
    56           88         0.179137         contract inside
  eval: e=0.1762  p=[0.594 0.430 0.370 0.438 0.872 0.362 0.428]
  eval: e=0.1822  p=[0.615 0.425 0.332 0.414 0.942 0.346 0.418]
    57           90         0.176171         reflect
  eval: e=0.2108  p=[0.583 0.461 0.394 0.453 0.817 0.363 0.423]
  eval: e=0.1845  p=[0.573 0.425 0.406 0.459 0.809 0.381 0.442]
    58           92         0.176171         contract inside
  eval: e=0.1839  p=[0.609 0.398 0.356 0.430 0.906 0.383 0.407]
    59           93         0.176171         reflect
  eval: e=0.1669  p=[0.612 0.415 0.355 0.427 0.926 0.397 0.415]
  eval: e=0.2049  p=[0.637 0.403 0.321 0.406 1.010 0.414 0.402]
    60           95         0.166919         reflect
  eval: e=0.2046  p=[0.635 0.380 0.325 0.419 0.976 0.383 0.388]
  eval: e=0.1781  p=[0.574 0.439 0.404 0.455 0.812 0.382 0.440]
    61           97         0.166919         contract inside
  eval: e=0.1737  p=[0.603 0.407 0.361 0.409 0.926 0.353 0.430]
    62           98         0.166919         reflect
  eval: e=0.1621  p=[0.622 0.410 0.338 0.408 0.959 0.368 0.405]
  eval: e=0.1665  p=[0.646 0.403 0.304 0.382 1.035 0.361 0.386]
    63          100         0.162127         reflect
  eval: e=0.1882  p=[0.590 0.441 0.383 0.431 0.878 0.362 0.439]
  eval: e=0.1711  p=[0.604 0.409 0.363 0.430 0.899 0.378 0.415]
    64          102         0.162127         contract inside
  eval: e=0.1815  p=[0.582 0.404 0.347 0.430 0.926 0.386 0.414]
  eval: e=0.1709  p=[0.606 0.423 0.376 0.430 0.881 0.369 0.425]
    65          104         0.162127         contract inside
  eval: e=0.1756  p=[0.627 0.431 0.360 0.412 0.913 0.363 0.430]
    66          105         0.162127         reflect
  eval: e=0.1672  p=[0.645 0.396 0.317 0.389 1.010 0.358 0.403]
    67          106         0.162127         reflect
  eval: e=0.1614  p=[0.640 0.396 0.335 0.393 0.989 0.377 0.407]
  eval: e=0.2008  p=[0.662 0.379 0.318 0.370 1.048 0.384 0.396]
    68          108         0.161371         reflect
  eval: e=0.1857  p=[0.610 0.385 0.338 0.413 0.970 0.379 0.399]
  eval: e=0.1658  p=[0.623 0.420 0.355 0.412 0.927 0.367 0.422]
    69          110         0.161371         contract inside
  eval: e=0.1577  p=[0.640 0.413 0.335 0.416 0.957 0.394 0.396]
  eval: e=0.1652  p=[0.659 0.416 0.322 0.419 0.973 0.415 0.379]
    70          112         0.157745         reflect
  eval: e=0.1543  p=[0.649 0.412 0.326 0.391 1.002 0.374 0.405]
  eval: e=0.1621  p=[0.672 0.414 0.308 0.372 1.053 0.371 0.401]
    71          114         0.154329         reflect
  eval: e=0.1912  p=[0.660 0.395 0.299 0.380 1.053 0.384 0.390]
  eval: e=0.1635  p=[0.619 0.416 0.357 0.418 0.924 0.373 0.416]
    72          116         0.154329         contract inside
  eval: e=0.1585  p=[0.614 0.427 0.369 0.430 0.900 0.398 0.416]
    73          117         0.154329         reflect
  eval: e=0.1673  p=[0.647 0.412 0.335 0.392 0.977 0.360 0.404]
  eval: e=0.1597  p=[0.621 0.414 0.350 0.418 0.939 0.388 0.412]
    74          119         0.154329         contract inside
  eval: e=0.1606  p=[0.636 0.405 0.334 0.409 0.979 0.396 0.394]
    75          120         0.154329         reflect
  eval: e=0.1583  p=[0.644 0.406 0.325 0.401 0.997 0.397 0.394]
    76          121         0.154329         reflect
  eval: e=0.1648  p=[0.648 0.411 0.341 0.409 0.973 0.410 0.402]
  eval: e=0.1574  p=[0.628 0.410 0.339 0.408 0.963 0.378 0.404]
    77          123         0.154329         contract inside
  eval: e=0.1518  p=[0.627 0.429 0.344 0.428 0.935 0.402 0.400]
  eval: e=0.1523  p=[0.620 0.445 0.348 0.446 0.909 0.415 0.396]
    78          125         0.151786         reflect
  eval: e=0.1564  p=[0.628 0.426 0.348 0.417 0.934 0.385 0.414]
    79          126         0.151786         reflect
  eval: e=0.1484  p=[0.645 0.421 0.332 0.407 0.972 0.392 0.396]
  eval: e=0.1442  p=[0.657 0.425 0.323 0.402 0.989 0.394 0.388]
    80          128         0.144231         expand
  eval: e=0.1632  p=[0.664 0.408 0.300 0.388 1.036 0.380 0.384]
  eval: e=0.1542  p=[0.626 0.422 0.352 0.419 0.934 0.394 0.408]
    81          130         0.144231         contract inside
  eval: e=0.1617  p=[0.629 0.433 0.351 0.423 0.921 0.380 0.410]
  eval: e=0.1522  p=[0.640 0.413 0.332 0.406 0.978 0.393 0.398]
    82          132         0.144231         contract inside
  eval: e=0.1534  p=[0.633 0.427 0.340 0.405 0.967 0.383 0.409]
    83          133         0.144231         reflect
  eval: e=0.1451  p=[0.646 0.434 0.337 0.412 0.963 0.400 0.402]
    84          134         0.144231         reflect
  eval: e=0.1425  p=[0.652 0.420 0.324 0.401 1.000 0.398 0.389]
  eval: e=0.1533  p=[0.664 0.416 0.312 0.392 1.033 0.404 0.377]
    85          136         0.142459         reflect
  eval: e=0.1477  p=[0.631 0.436 0.346 0.430 0.932 0.416 0.393]
    86          137         0.142459         reflect
  eval: e=0.1390  p=[0.655 0.430 0.318 0.404 0.998 0.402 0.386]
  eval: e=0.1431  p=[0.670 0.434 0.302 0.397 1.030 0.406 0.374]
    87          139         0.139003         reflect
  eval: e=0.1473  p=[0.655 0.427 0.324 0.419 0.975 0.418 0.378]
    88          140         0.139003         reflect
  eval: e=0.1395  p=[0.652 0.444 0.330 0.421 0.962 0.415 0.383]
    89          141         0.139003         reflect
  eval: e=0.1373  p=[0.673 0.433 0.314 0.397 1.013 0.410 0.377]
  eval: e=0.1446  p=[0.696 0.434 0.299 0.382 1.051 0.414 0.366]
    90          143         0.137256         reflect
  eval: e=0.1497  p=[0.681 0.424 0.303 0.387 1.040 0.395 0.380]
  eval: e=0.1431  p=[0.643 0.433 0.335 0.419 0.959 0.410 0.389]
    91          145         0.137256         contract inside
  eval: e=0.1512  p=[0.653 0.436 0.328 0.397 0.992 0.390 0.397]
  eval: e=0.1412  p=[0.655 0.429 0.325 0.414 0.979 0.411 0.383]
    92          147         0.137256         contract inside
  eval: e=0.1389  p=[0.665 0.427 0.311 0.405 1.008 0.412 0.368]
    93          148         0.137256         reflect
  eval: e=0.1348  p=[0.656 0.437 0.322 0.415 0.988 0.423 0.377]
  eval: e=0.1343  p=[0.655 0.443 0.321 0.422 0.987 0.438 0.371]
    94          150          0.13429         expand
  eval: e=0.1418  p=[0.673 0.431 0.306 0.399 1.026 0.414 0.370]
    95          151          0.13429         reflect
  eval: e=0.1289  p=[0.670 0.448 0.312 0.417 0.993 0.431 0.365]
  eval: e=0.1255  p=[0.680 0.462 0.306 0.425 0.989 0.448 0.352]
    96          153         0.125462         expand
  eval: e=0.1387  p=[0.652 0.445 0.330 0.426 0.956 0.425 0.379]
    97          154         0.125462         reflect
  eval: e=0.1274  p=[0.668 0.453 0.313 0.415 0.996 0.432 0.365]
    98          155         0.125462         reflect
  eval: e=0.1387  p=[0.676 0.440 0.303 0.406 1.023 0.432 0.359]
    99          156         0.125462         reflect
  eval: e=0.1260  p=[0.679 0.456 0.310 0.423 0.994 0.454 0.349]
   100          157         0.125462         reflect
  eval: e=0.1265  p=[0.673 0.467 0.316 0.428 0.980 0.456 0.361]
   101          158         0.125462         reflect
  eval: e=0.1351  p=[0.661 0.463 0.329 0.433 0.953 0.443 0.371]
   102          159         0.125462         reflect
  eval: e=0.1280  p=[0.688 0.462 0.301 0.415 1.019 0.455 0.349]
   103          160         0.125462         reflect
  eval: e=0.1317  p=[0.671 0.484 0.313 0.449 0.964 0.483 0.342]
   104          161         0.125462         reflect
  eval: e=0.1370  p=[0.686 0.459 0.294 0.418 1.027 0.462 0.340]
  eval: e=0.1297  p=[0.667 0.462 0.320 0.429 0.971 0.448 0.363]
   105          163         0.125462         contract inside
  eval: e=0.1257  p=[0.695 0.485 0.301 0.431 0.988 0.470 0.338]
   106          164         0.125462         reflect
  eval: e=0.1339  p=[0.686 0.444 0.306 0.399 1.018 0.420 0.365]
  eval: e=0.1268  p=[0.675 0.474 0.312 0.436 0.978 0.468 0.348]
   107          166         0.125462         contract inside
  eval: e=0.1248  p=[0.692 0.469 0.297 0.420 1.013 0.462 0.340]
  eval: e=0.1323  p=[0.705 0.473 0.285 0.416 1.033 0.469 0.328]
   108          168         0.124844         reflect
  eval: e=0.1314  p=[0.672 0.471 0.314 0.436 0.963 0.456 0.352]
  eval: e=0.1230  p=[0.684 0.465 0.304 0.420 1.005 0.455 0.350]
   109          170         0.123045         contract inside
  eval: e=0.1242  p=[0.697 0.484 0.301 0.438 0.988 0.486 0.332]
   110          171         0.123045         reflect
  eval: e=0.1242  p=[0.697 0.466 0.298 0.417 1.010 0.456 0.344]
   111          172         0.123045         reflect
  eval: e=0.1263  p=[0.705 0.472 0.289 0.422 1.017 0.467 0.326]
  eval: e=0.1230  p=[0.697 0.471 0.296 0.423 1.007 0.464 0.335]
   112          174         0.123045         contract outside
  eval: e=0.1233  p=[0.705 0.487 0.291 0.427 1.006 0.472 0.334]
   113          175         0.123045         reflect
  eval: e=0.1310  p=[0.691 0.459 0.297 0.418 1.017 0.457 0.344]
  eval: e=0.1219  p=[0.694 0.478 0.300 0.428 0.995 0.467 0.339]
   114          177         0.121874         contract inside
  eval: e=0.1258  p=[0.711 0.486 0.290 0.424 1.018 0.484 0.326]
  eval: e=0.1222  p=[0.687 0.468 0.302 0.425 0.996 0.457 0.346]
   115          179         0.121874         contract inside
  eval: e=0.1230  p=[0.697 0.479 0.301 0.430 0.990 0.469 0.340]
   116          180         0.121874         reflect
  eval: e=0.1288  p=[0.692 0.463 0.298 0.411 1.015 0.439 0.350]
  eval: e=0.1214  p=[0.696 0.479 0.300 0.431 0.995 0.475 0.336]
   117          182         0.121443         contract inside
  eval: e=0.1235  p=[0.692 0.485 0.300 0.436 0.989 0.475 0.336]
  eval: e=0.1218  p=[0.693 0.480 0.300 0.431 0.994 0.470 0.338]
   118          184         0.121443         contract outside
  eval: e=0.1258  p=[0.680 0.462 0.310 0.427 0.989 0.459 0.347]
  eval: e=0.1210  p=[0.699 0.481 0.296 0.427 1.002 0.469 0.337]
   119          186         0.120969         contract inside
  eval: e=0.1243  p=[0.689 0.481 0.305 0.432 0.986 0.468 0.347]
  eval: e=0.1210  p=[0.695 0.473 0.298 0.425 1.002 0.465 0.338]
   120          188         0.120969         contract inside
  eval: e=0.1245  p=[0.705 0.489 0.295 0.436 0.987 0.479 0.329]
  eval: e=0.1208  p=[0.689 0.471 0.302 0.424 1.001 0.461 0.344]
   121          190         0.120771         contract inside
  eval: e=0.1223  p=[0.690 0.472 0.298 0.425 1.006 0.463 0.340]
  eval: e=0.1209  p=[0.692 0.474 0.299 0.426 1.002 0.465 0.340]
   122          192         0.120771         contract outside
  eval: e=0.1203  p=[0.700 0.485 0.296 0.430 1.001 0.478 0.332]
  eval: e=0.1218  p=[0.707 0.493 0.293 0.432 1.003 0.488 0.325]
   123          194         0.120264         reflect
  eval: e=0.1213  p=[0.695 0.477 0.297 0.428 1.004 0.471 0.337]
   124          195         0.120264         reflect
  eval: e=0.1226  p=[0.697 0.474 0.297 0.423 1.008 0.468 0.338]
  eval: e=0.1207  p=[0.694 0.478 0.299 0.429 0.997 0.470 0.338]
   125          197         0.120264         contract inside
  eval: e=0.1229  p=[0.694 0.475 0.296 0.423 1.008 0.462 0.340]
  eval: e=0.1205  p=[0.695 0.478 0.299 0.429 0.998 0.471 0.337]
   126          199         0.120264         contract inside
  eval: e=0.1214  p=[0.694 0.478 0.300 0.427 0.997 0.465 0.339]
  eval: e=0.1206  p=[0.695 0.477 0.298 0.428 1.002 0.470 0.337]
   127          201         0.120264         contract inside
  eval: e=0.1203  p=[0.695 0.482 0.299 0.430 0.999 0.473 0.338]
   128          202         0.120264         reflect
  eval: e=0.1207  p=[0.690 0.475 0.302 0.429 0.998 0.471 0.339]
   129          203         0.120264         reflect
  eval: e=0.1206  p=[0.697 0.482 0.300 0.431 0.997 0.476 0.336]
   130          204         0.120264         reflect
  eval: e=0.1209  p=[0.701 0.488 0.296 0.434 0.997 0.484 0.329]
  eval: e=0.1201  p=[0.692 0.475 0.300 0.427 1.000 0.467 0.341]
   131          206         0.120132         contract inside
  eval: e=0.1201  p=[0.696 0.480 0.299 0.429 1.001 0.475 0.337]
  eval: e=0.1207  p=[0.697 0.480 0.299 0.428 1.003 0.478 0.336]
   132          208          0.12005         reflect
  eval: e=0.1205  p=[0.702 0.484 0.296 0.429 1.001 0.475 0.335]
   133          209          0.12005         reflect
  eval: e=0.1208  p=[0.698 0.485 0.299 0.431 0.997 0.477 0.336]
  eval: e=0.1201  p=[0.696 0.479 0.298 0.428 1.001 0.472 0.337]
   134          211          0.12005         contract inside
  eval: e=0.1210  p=[0.696 0.479 0.297 0.427 1.003 0.470 0.337]
  eval: e=0.1202  p=[0.697 0.481 0.299 0.430 0.998 0.475 0.336]
   135          213          0.12005         contract inside
  eval: e=0.1206  p=[0.698 0.484 0.297 0.429 1.002 0.475 0.336]
  eval: e=0.1201  p=[0.696 0.479 0.299 0.429 0.999 0.472 0.337]
   136          215          0.12005         contract inside
  eval: e=0.1205  p=[0.691 0.476 0.301 0.429 0.998 0.471 0.339]
  eval: e=0.1200  p=[0.699 0.482 0.297 0.429 1.001 0.474 0.336]
   137          217          0.12004         contract inside
  eval: e=0.1203  p=[0.698 0.478 0.298 0.428 1.001 0.473 0.335]
  eval: e=0.1200  p=[0.696 0.481 0.299 0.429 0.999 0.473 0.337]
   138          219         0.119999         contract inside
  eval: e=0.1205  p=[0.691 0.474 0.301 0.427 0.999 0.468 0.342]
  eval: e=0.1199  p=[0.698 0.482 0.297 0.429 1.000 0.475 0.335]
   139          221         0.119944         contract inside
  eval: e=0.1204  p=[0.696 0.478 0.298 0.427 1.002 0.471 0.338]
  eval: e=0.1200  p=[0.696 0.480 0.299 0.429 0.999 0.474 0.337]
   140          223         0.119944         contract inside
  eval: e=0.1199  p=[0.701 0.486 0.296 0.431 1.000 0.480 0.332]
   141          224         0.119944         reflect
  eval: e=0.1200  p=[0.699 0.484 0.298 0.430 0.999 0.478 0.335]
   142          225         0.119944         reflect
  eval: e=0.1201  p=[0.700 0.485 0.297 0.430 1.001 0.479 0.334]
  eval: e=0.1199  p=[0.697 0.481 0.298 0.429 1.000 0.474 0.336]
   143          227         0.119904         contract inside
  eval: e=0.1206  p=[0.700 0.485 0.296 0.431 0.999 0.476 0.334]
  eval: e=0.1198  p=[0.697 0.481 0.298 0.429 1.000 0.475 0.336]
   144          229         0.119844         contract inside
  eval: e=0.1200  p=[0.697 0.482 0.299 0.430 0.999 0.477 0.335]
   145          230         0.119844         reflect
  eval: e=0.1199  p=[0.696 0.480 0.298 0.429 1.000 0.473 0.336]
   146          231         0.119844         reflect
  eval: e=0.1199  p=[0.699 0.482 0.297 0.430 1.000 0.478 0.333]
   147          232         0.119844         reflect
  eval: e=0.1200  p=[0.699 0.484 0.297 0.430 1.001 0.479 0.333]
  eval: e=0.1198  p=[0.697 0.481 0.298 0.430 1.000 0.475 0.336]
   148          234         0.119833         contract inside
  eval: e=0.1202  p=[0.699 0.482 0.297 0.429 1.001 0.474 0.335]
  eval: e=0.1198  p=[0.697 0.482 0.298 0.430 1.000 0.476 0.335]
   149          236         0.119824         contract inside
  eval: e=0.1200  p=[0.694 0.477 0.300 0.428 1.000 0.470 0.338]
  eval: e=0.1198  p=[0.699 0.484 0.297 0.430 1.000 0.478 0.334]
   150          238         0.119823         contract inside
  eval: e=0.1198  p=[0.697 0.481 0.298 0.430 1.000 0.476 0.336]
  eval: e=0.1200  p=[0.696 0.480 0.299 0.430 0.999 0.477 0.336]
   151          240         0.119819         reflect
  eval: e=0.1198  p=[0.699 0.484 0.298 0.430 1.000 0.479 0.334]
   152          241         0.119819         reflect
  eval: e=0.1198  p=[0.699 0.484 0.298 0.431 1.000 0.479 0.333]
  eval: e=0.1200  p=[0.700 0.485 0.297 0.431 1.001 0.482 0.332]
   153          243          0.11981         reflect
  eval: e=0.1199  p=[0.697 0.482 0.298 0.430 0.999 0.476 0.336]
  eval: e=0.1198  p=[0.699 0.482 0.298 0.430 1.000 0.477 0.334]
   154          245         0.119773         contract inside
  eval: e=0.1199  p=[0.700 0.484 0.297 0.431 0.999 0.479 0.333]
  eval: e=0.1198  p=[0.698 0.482 0.298 0.430 1.000 0.476 0.335]
   155          247         0.119758         contract inside
  eval: e=0.1198  p=[0.699 0.484 0.297 0.431 1.000 0.480 0.333]
   156          248         0.119758         reflect
  eval: e=0.1199  p=[0.697 0.481 0.298 0.430 1.001 0.476 0.335]
  eval: e=0.1197  p=[0.699 0.483 0.298 0.430 1.000 0.478 0.334]
   157          250         0.119749         contract inside
  eval: e=0.1199  p=[0.700 0.483 0.297 0.430 1.001 0.479 0.333]
  eval: e=0.1197  p=[0.698 0.482 0.298 0.430 1.000 0.477 0.335]
   158          252         0.119745         contract inside
  eval: e=0.1197  p=[0.697 0.482 0.299 0.430 1.000 0.478 0.335]
  eval: e=0.1198  p=[0.697 0.481 0.299 0.430 1.000 0.478 0.335]
   159          254         0.119731         reflect
  eval: e=0.1199  p=[0.700 0.484 0.297 0.431 1.000 0.480 0.333]
  eval: e=0.1197  p=[0.698 0.482 0.298 0.430 1.000 0.477 0.335]
   160          256         0.119731         contract inside
  eval: e=0.1198  p=[0.697 0.481 0.298 0.430 1.000 0.476 0.335]
  eval: e=0.1197  p=[0.698 0.482 0.298 0.430 1.000 0.477 0.335]
   161          258         0.119731         contract outside
  eval: e=0.1198  p=[0.696 0.480 0.299 0.429 1.000 0.475 0.336]
  eval: e=0.1197  p=[0.699 0.483 0.298 0.430 1.000 0.479 0.334]
   162          260         0.119725         contract inside
  eval: e=0.1198  p=[0.697 0.482 0.298 0.430 1.000 0.478 0.335]
  eval: e=0.1197  p=[0.698 0.482 0.298 0.430 1.000 0.477 0.335]
   163          262         0.119725         contract outside
  eval: e=0.1198  p=[0.698 0.483 0.298 0.431 1.000 0.479 0.334]
  eval: e=0.1197  p=[0.698 0.482 0.298 0.430 1.000 0.477 0.335]
   164          264         0.119704         contract inside
  eval: e=0.1197  p=[0.697 0.481 0.298 0.430 1.000 0.477 0.335]
   165          265         0.119704         reflect
  eval: e=0.1197  p=[0.698 0.482 0.298 0.430 1.000 0.478 0.335]
   166          266         0.119704         reflect
  eval: e=0.1197  p=[0.697 0.482 0.299 0.430 1.000 0.478 0.335]
   167          267         0.119704         reflect
  eval: e=0.1198  p=[0.698 0.482 0.298 0.430 1.000 0.478 0.335]
  eval: e=0.1197  p=[0.698 0.482 0.298 0.430 1.000 0.478 0.335]
   168          269         0.119704         contract inside
  eval: e=0.1197  p=[0.698 0.482 0.298 0.430 1.000 0.478 0.335]
   169          270         0.119704         reflect
  eval: e=0.1198  p=[0.698 0.482 0.298 0.430 1.000 0.477 0.335]
  eval: e=0.1197  p=[0.698 0.482 0.298 0.430 1.000 0.478 0.335]
   170          272         0.119702         contract inside
  eval: e=0.1197  p=[0.698 0.482 0.298 0.430 1.000 0.477 0.335]
  eval: e=0.1197  p=[0.698 0.482 0.298 0.430 1.000 0.478 0.335]
   171          274         0.119702         contract inside
  eval: e=0.1197  p=[0.698 0.482 0.298 0.430 1.000 0.477 0.335]
   172          275         0.119702         reflect
  eval: e=0.1197  p=[0.696 0.481 0.299 0.430 1.000 0.476 0.336]
  eval: e=0.1197  p=[0.698 0.482 0.298 0.430 1.000 0.478 0.334]
   173          277         0.119702         contract inside
  eval: e=0.1197  p=[0.699 0.483 0.298 0.430 1.000 0.479 0.334]
  eval: e=0.1197  p=[0.700 0.484 0.298 0.431 1.000 0.480 0.333]
   174          279         0.119686         reflect
  eval: e=0.1197  p=[0.698 0.483 0.298 0.430 1.000 0.478 0.334]
  eval: e=0.1197  p=[0.698 0.482 0.298 0.430 1.000 0.478 0.335]
   175          281         0.119686         contract inside
  eval: e=0.1197  p=[0.698 0.483 0.298 0.430 1.000 0.478 0.334]
  eval: e=0.1197  p=[0.698 0.482 0.298 0.430 1.000 0.478 0.335]
   176          283         0.119686         contract inside
  eval: e=0.1197  p=[0.698 0.482 0.298 0.430 1.000 0.478 0.335]
   177          284         0.119686         reflect
  eval: e=0.1197  p=[0.698 0.482 0.298 0.430 1.000 0.478 0.335]
   178          285         0.119686         reflect
  eval: e=0.1197  p=[0.698 0.482 0.298 0.430 1.000 0.478 0.335]
   179          286         0.119686         reflect
  eval: e=0.1197  p=[0.698 0.482 0.298 0.430 1.000 0.479 0.334]
   180          287         0.119686         reflect
  eval: e=0.1197  p=[0.698 0.482 0.298 0.430 1.000 0.478 0.335]
  eval: e=0.1197  p=[0.698 0.482 0.298 0.430 1.000 0.478 0.335]
   181          289         0.119686         contract inside
  eval: e=0.1197  p=[0.698 0.483 0.298 0.430 1.000 0.478 0.334]
  eval: e=0.1197  p=[0.699 0.483 0.298 0.430 1.000 0.479 0.334]
   182          291         0.119681         reflect
  eval: e=0.1197  p=[0.698 0.483 0.298 0.430 1.000 0.479 0.334]
   183          292         0.119681         reflect
  eval: e=0.1197  p=[0.699 0.483 0.298 0.430 1.000 0.479 0.334]
  eval: e=0.1197  p=[0.699 0.483 0.298 0.430 1.000 0.480 0.334]
   184          294         0.119666         expand
  eval: e=0.1197  p=[0.699 0.483 0.298 0.430 1.000 0.478 0.335]
   185          295         0.119666         reflect
  eval: e=0.1197  p=[0.698 0.483 0.298 0.430 1.000 0.478 0.335]
  eval: e=0.1197  p=[0.698 0.483 0.298 0.430 1.000 0.478 0.334]
   186          297         0.119666         contract inside
  eval: e=0.1197  p=[0.698 0.482 0.298 0.430 1.000 0.479 0.334]
  eval: e=0.1197  p=[0.698 0.483 0.298 0.430 1.000 0.478 0.334]
   187          299         0.119666         contract inside
  eval: e=0.1197  p=[0.699 0.483 0.298 0.430 1.000 0.479 0.334]
   188          300         0.119666         reflect
  eval: e=0.1197  p=[0.699 0.484 0.298 0.430 1.000 0.479 0.334]
   189          301         0.119666         reflect
  eval: e=0.1197  p=[0.700 0.484 0.298 0.431 1.000 0.480 0.334]
  eval: e=0.1197  p=[0.698 0.483 0.298 0.430 1.000 0.478 0.335]
   190          303         0.119666         contract inside
  eval: e=0.1197  p=[0.698 0.483 0.298 0.430 1.000 0.479 0.335]
  eval: e=0.1197  p=[0.698 0.482 0.299 0.430 1.000 0.479 0.335]
   191          305         0.119656         expand
  eval: e=0.1197  p=[0.698 0.483 0.298 0.430 1.000 0.478 0.335]
   192          306         0.119656         reflect
  eval: e=0.1197  p=[0.699 0.483 0.298 0.430 1.000 0.479 0.334]
   193          307         0.119656         reflect
  eval: e=0.1197  p=[0.699 0.483 0.298 0.430 1.000 0.479 0.335]
   194          308         0.119656         reflect
  eval: e=0.1197  p=[0.698 0.482 0.299 0.430 1.000 0.478 0.335]
   195          309         0.119656         reflect
  eval: e=0.1197  p=[0.698 0.483 0.298 0.430 1.000 0.479 0.334]
   196          310         0.119656         reflect
  eval: e=0.1197  p=[0.698 0.483 0.299 0.430 1.000 0.480 0.335]
   197          311         0.119656         reflect
  eval: e=0.1197  p=[0.698 0.483 0.298 0.430 1.000 0.479 0.335]
   198          312         0.119656         reflect
  eval: e=0.1196  p=[0.699 0.483 0.299 0.430 1.000 0.480 0.335]
  eval: e=0.1196  p=[0.699 0.483 0.299 0.430 1.000 0.480 0.335]
   199          314          0.11964         expand
  eval: e=0.1197  p=[0.699 0.483 0.299 0.430 1.000 0.480 0.334]
  eval: e=0.1197  p=[0.698 0.483 0.298 0.430 1.000 0.479 0.335]
   200          316          0.11964         contract inside
  eval: e=0.1197  p=[0.698 0.482 0.299 0.430 1.000 0.480 0.335]
   201          317          0.11964         reflect
  eval: e=0.1196  p=[0.699 0.483 0.299 0.430 1.000 0.481 0.334]
   202          318          0.11964         reflect
  eval: e=0.1197  p=[0.699 0.483 0.298 0.430 1.000 0.479 0.334]
   203          319          0.11964         reflect
  eval: e=0.1196  p=[0.699 0.483 0.299 0.430 1.000 0.479 0.335]
  eval: e=0.1196  p=[0.698 0.482 0.299 0.430 1.000 0.479 0.335]
   204          321         0.119636         expand
  eval: e=0.1196  p=[0.699 0.483 0.299 0.430 1.000 0.479 0.335]
   205          322         0.119636         reflect
  eval: e=0.1197  p=[0.698 0.482 0.299 0.430 1.000 0.479 0.335]
   206          323         0.119636         reflect
  eval: e=0.1196  p=[0.699 0.483 0.299 0.430 1.000 0.480 0.335]
   207          324         0.119636         reflect
  eval: e=0.1196  p=[0.699 0.483 0.299 0.430 1.000 0.481 0.335]
  eval: e=0.1196  p=[0.699 0.483 0.300 0.430 1.000 0.481 0.335]
   208          326         0.119627         expand
  eval: e=0.1196  p=[0.699 0.483 0.299 0.430 1.000 0.480 0.334]
   209          327         0.119627         reflect
  eval: e=0.1196  p=[0.700 0.484 0.299 0.430 1.000 0.482 0.335]
  eval: e=0.1196  p=[0.700 0.484 0.300 0.430 1.000 0.483 0.335]
   210          329         0.119607         expand
  eval: e=0.1196  p=[0.699 0.483 0.300 0.430 1.000 0.481 0.335]
  eval: e=0.1196  p=[0.699 0.482 0.300 0.429 1.000 0.481 0.336]
   211          331         0.119593         expand
  eval: e=0.1197  p=[0.699 0.483 0.300 0.430 1.000 0.482 0.335]
  eval: e=0.1196  p=[0.699 0.483 0.299 0.430 1.000 0.480 0.335]
   212          333         0.119593         contract inside
  eval: e=0.1196  p=[0.699 0.483 0.300 0.430 1.000 0.481 0.336]
   213          334         0.119593         reflect
  eval: e=0.1196  p=[0.700 0.483 0.300 0.430 1.000 0.482 0.335]
  eval: e=0.1196  p=[0.700 0.484 0.300 0.430 1.000 0.482 0.336]
   214          336         0.119557         expand
  eval: e=0.1196  p=[0.701 0.484 0.300 0.430 1.000 0.483 0.335]
   215          337         0.119557         reflect
  eval: e=0.1196  p=[0.700 0.483 0.301 0.430 1.000 0.483 0.336]
   216          338         0.119557         reflect
  eval: e=0.1195  p=[0.700 0.484 0.300 0.430 1.000 0.483 0.336]
  eval: e=0.1195  p=[0.701 0.484 0.301 0.429 1.000 0.483 0.336]
   217          340         0.119515         expand
  eval: e=0.1196  p=[0.701 0.484 0.302 0.429 1.000 0.485 0.336]
   218          341         0.119515         reflect
  eval: e=0.1195  p=[0.700 0.483 0.301 0.429 1.000 0.482 0.337]
   219          342         0.119515         reflect
  eval: e=0.1195  p=[0.701 0.484 0.302 0.429 1.000 0.484 0.336]
   220          343         0.119515         reflect
  eval: e=0.1195  p=[0.701 0.484 0.301 0.429 1.000 0.483 0.336]
   221          344         0.119515         reflect
  eval: e=0.1195  p=[0.702 0.485 0.301 0.429 1.000 0.486 0.336]
  eval: e=0.1195  p=[0.704 0.487 0.302 0.429 1.000 0.488 0.336]
   222          346         0.119513         reflect
  eval: e=0.1195  p=[0.701 0.484 0.302 0.429 1.000 0.484 0.337]
  eval: e=0.1194  p=[0.702 0.484 0.303 0.428 1.000 0.484 0.338]
   223          348         0.119411         expand
  eval: e=0.1195  p=[0.701 0.484 0.301 0.429 1.000 0.482 0.337]
   224          349         0.119411         reflect
  eval: e=0.1194  p=[0.702 0.484 0.303 0.428 1.000 0.485 0.338]
   225          350         0.119411         reflect
  eval: e=0.1194  p=[0.701 0.484 0.301 0.429 1.000 0.483 0.337]
   226          351         0.119411         reflect
  eval: e=0.1194  p=[0.703 0.486 0.302 0.429 1.000 0.485 0.337]
   227          352         0.119411         reflect
  eval: e=0.1194  p=[0.703 0.485 0.303 0.428 1.000 0.485 0.338]
  eval: e=0.1194  p=[0.704 0.485 0.304 0.428 1.000 0.486 0.339]
   228          354         0.119365         expand
  eval: e=0.1194  p=[0.703 0.485 0.304 0.428 1.000 0.486 0.339]
  eval: e=0.1193  p=[0.704 0.486 0.305 0.427 1.000 0.487 0.340]
   229          356         0.119285         expand
  eval: e=0.1193  p=[0.702 0.484 0.304 0.427 1.000 0.484 0.340]
  eval: e=0.1192  p=[0.702 0.483 0.305 0.426 1.000 0.483 0.342]
   230          358         0.119175         expand
  eval: e=0.1193  p=[0.704 0.485 0.306 0.427 1.000 0.487 0.341]
   231          359         0.119175         reflect
  eval: e=0.1192  p=[0.703 0.483 0.306 0.426 1.000 0.485 0.342]
   232          360         0.119175         reflect
  eval: e=0.1192  p=[0.705 0.485 0.307 0.425 1.000 0.488 0.343]
   233          361         0.119175         reflect
  eval: e=0.1191  p=[0.705 0.485 0.308 0.425 1.000 0.487 0.344]
  eval: e=0.1190  p=[0.706 0.485 0.310 0.423 1.000 0.488 0.347]
   234          363         0.118969         expand
  eval: e=0.1190  p=[0.706 0.485 0.309 0.424 1.000 0.489 0.345]
   235          364         0.118969         reflect
  eval: e=0.1189  p=[0.705 0.484 0.310 0.423 1.000 0.487 0.347]
  eval: e=0.1187  p=[0.706 0.483 0.313 0.421 1.000 0.488 0.351]
   236          366         0.118722         expand
  eval: e=0.1189  p=[0.705 0.483 0.311 0.422 1.000 0.486 0.348]
   237          367         0.118722         reflect
  eval: e=0.1188  p=[0.705 0.483 0.312 0.421 1.000 0.486 0.350]
   238          368         0.118722         reflect
  eval: e=0.1187  p=[0.708 0.484 0.314 0.421 1.000 0.488 0.351]
  eval: e=0.1185  p=[0.710 0.485 0.318 0.418 1.000 0.490 0.356]
   239          370         0.118504         expand
  eval: e=0.1185  p=[0.707 0.483 0.315 0.419 1.000 0.486 0.354]
   240          371         0.118504         reflect
  eval: e=0.1184  p=[0.711 0.484 0.320 0.417 0.999 0.492 0.358]
  eval: e=0.1182  p=[0.715 0.485 0.328 0.412 0.999 0.497 0.367]
   241          373         0.118161         expand
  eval: e=0.1182  p=[0.709 0.482 0.321 0.415 0.999 0.489 0.361]
   242          374         0.118161         reflect
  eval: e=0.1180  p=[0.710 0.482 0.324 0.414 0.999 0.489 0.364]
  eval: e=0.1175  p=[0.712 0.481 0.330 0.409 0.999 0.490 0.373]
   243          376         0.117514         expand
  eval: e=0.1178  p=[0.713 0.483 0.328 0.411 0.999 0.493 0.369]
   244          377         0.117514         reflect
  eval: e=0.1177  p=[0.715 0.483 0.332 0.408 0.999 0.495 0.373]
   245          378         0.117514         reflect
  eval: e=0.1174  p=[0.717 0.483 0.336 0.405 0.999 0.495 0.378]
  eval: e=0.1169  p=[0.723 0.483 0.347 0.397 0.999 0.499 0.392]
   246          380         0.116941         expand
  eval: e=0.1172  p=[0.721 0.483 0.343 0.401 0.999 0.500 0.386]
   247          381         0.116941         reflect
  eval: e=0.1167  p=[0.721 0.481 0.348 0.397 0.999 0.499 0.393]
  eval: e=0.1158  p=[0.726 0.479 0.363 0.387 0.998 0.503 0.411]
   248          383         0.115785         expand
  eval: e=0.1166  p=[0.727 0.483 0.356 0.392 0.999 0.504 0.402]
   249          384         0.115785         reflect
  eval: e=0.1158  p=[0.725 0.480 0.358 0.389 0.999 0.499 0.407]
   250          385         0.115785         reflect
  eval: e=0.1157  p=[0.730 0.481 0.366 0.385 0.998 0.504 0.415]
  eval: e=0.1146  p=[0.738 0.479 0.385 0.371 0.998 0.510 0.438]
   251          387          0.11455         expand
  eval: e=0.1148  p=[0.734 0.479 0.378 0.376 0.998 0.507 0.429]
   252          388          0.11455         reflect
  eval: e=0.1147  p=[0.743 0.481 0.393 0.367 0.998 0.516 0.446]
   253          389          0.11455         reflect
  eval: e=0.1137  p=[0.741 0.478 0.394 0.365 0.998 0.511 0.450]
  eval: e=0.1114  p=[0.751 0.476 0.420 0.347 0.997 0.516 0.482]
   254          391         0.111419         expand
  eval: e=0.1127  p=[0.747 0.476 0.411 0.354 0.997 0.517 0.469]
   255          392         0.111419         reflect
  eval: e=0.1115  p=[0.748 0.474 0.417 0.349 0.997 0.515 0.479]
   256          393         0.111419         reflect
  eval: e=0.1114  p=[0.757 0.476 0.432 0.340 0.997 0.526 0.494]
  eval: e=0.1082  p=[0.773 0.474 0.470 0.315 0.996 0.539 0.538]
   257          395         0.108203         expand
  eval: e=0.1087  p=[0.769 0.475 0.458 0.321 0.996 0.532 0.526]
   258          396         0.108203         reflect
  eval: e=0.1079  p=[0.771 0.474 0.466 0.316 0.996 0.535 0.535]
  eval: e=0.1027  p=[0.790 0.471 0.510 0.286 0.995 0.549 0.588]
   259          398         0.102656         expand
  eval: e=0.1038  p=[0.776 0.469 0.484 0.303 0.995 0.535 0.560]
   260          399         0.102656         reflect
  eval: e=0.0988  p=[0.792 0.468 0.520 0.279 0.994 0.547 0.603]
  eval: e=0.1227  p=[0.818 0.462 0.588 0.232 0.993 0.566 0.685]
   261          401        0.0988062         reflect
  eval: e=0.0996  p=[0.796 0.468 0.526 0.274 0.994 0.549 0.610]
   262          402        0.0988062         reflect
  eval: e=0.1035  p=[0.808 0.469 0.551 0.258 0.994 0.561 0.638]
   263          403        0.0988062         reflect
  eval: e=0.1268  p=[0.821 0.465 0.586 0.235 0.993 0.573 0.679]
  eval: e=0.1077  p=[0.768 0.473 0.461 0.319 0.996 0.530 0.531]
   264          405        0.0988062         contract inside
  eval: e=0.0968  p=[0.803 0.466 0.548 0.260 0.994 0.557 0.636]
  eval: e=0.1279  p=[0.820 0.461 0.594 0.230 0.992 0.570 0.691]
   265          407        0.0968462         reflect
  eval: e=0.0996  p=[0.807 0.464 0.559 0.251 0.993 0.555 0.652]
   266          408        0.0968462         reflect
  eval: e=0.1440  p=[0.823 0.463 0.596 0.227 0.992 0.571 0.694]
  eval: e=0.1032  p=[0.782 0.470 0.495 0.296 0.995 0.540 0.572]
   267          410        0.0968462         contract inside
  eval: e=0.1233  p=[0.818 0.468 0.576 0.241 0.993 0.568 0.668]
  eval: e=0.1007  p=[0.786 0.468 0.507 0.288 0.995 0.543 0.587]
   268          412        0.0968462         contract inside
  eval: e=0.1011  p=[0.780 0.467 0.497 0.294 0.995 0.536 0.576]
   269          413        0.0968462         reflect
  eval: e=0.0967  p=[0.805 0.465 0.553 0.256 0.994 0.556 0.643]
  eval: e=0.1128  p=[0.816 0.462 0.582 0.236 0.993 0.564 0.679]
   270          415        0.0967198         reflect
  eval: e=0.0921  p=[0.801 0.462 0.550 0.257 0.994 0.550 0.642]
  eval: e=0.0898  p=[0.806 0.458 0.571 0.242 0.993 0.550 0.669]
   271          417        0.0897661         expand
  eval: e=0.1229  p=[0.819 0.463 0.585 0.234 0.993 0.566 0.681]
  eval: e=0.0977  p=[0.789 0.466 0.519 0.279 0.994 0.544 0.602]
   272          419        0.0897661         contract inside
  eval: e=0.1076  p=[0.813 0.462 0.578 0.238 0.993 0.559 0.674]
  eval: e=0.0975  p=[0.793 0.467 0.525 0.275 0.994 0.547 0.609]
   273          421        0.0897661         contract inside
  eval: e=0.0985  p=[0.788 0.466 0.516 0.282 0.994 0.545 0.597]
   274          422        0.0897661         reflect
  eval: e=0.0904  p=[0.797 0.462 0.546 0.261 0.994 0.550 0.636]
   275          423        0.0897661         reflect
  eval: e=0.0904  p=[0.803 0.461 0.559 0.251 0.993 0.552 0.652]
   276          424        0.0897661         reflect
  eval: e=0.1012  p=[0.811 0.460 0.576 0.239 0.993 0.556 0.673]
  eval: e=0.0953  p=[0.794 0.465 0.531 0.272 0.994 0.548 0.616]
   277          426        0.0897661         contract inside
  eval: e=0.0974  p=[0.811 0.460 0.576 0.240 0.993 0.559 0.672]
   278          427        0.0897661         reflect
  eval: e=0.0999  p=[0.812 0.458 0.585 0.234 0.993 0.559 0.684]
  eval: e=0.0944  p=[0.798 0.464 0.540 0.265 0.994 0.550 0.628]
   279          429        0.0897661         contract inside
  eval: e=0.0967  p=[0.791 0.466 0.523 0.276 0.994 0.545 0.608]
   280          430        0.0897661         reflect
  eval: e=0.0887  p=[0.795 0.460 0.544 0.261 0.994 0.543 0.636]
  eval: e=0.0860  p=[0.792 0.457 0.541 0.261 0.994 0.536 0.635]
   281          432        0.0859852         expand
  eval: e=0.0889  p=[0.790 0.459 0.536 0.266 0.994 0.539 0.626]
   282          433        0.0859852         reflect
  eval: e=0.0832  p=[0.803 0.456 0.569 0.243 0.993 0.548 0.667]
  eval: e=0.0857  p=[0.810 0.451 0.592 0.227 0.992 0.550 0.697]
   283          435        0.0832018         reflect
  eval: e=0.0810  p=[0.803 0.454 0.572 0.240 0.993 0.545 0.673]
  eval: e=0.0828  p=[0.808 0.448 0.593 0.224 0.993 0.543 0.702]
   284          437        0.0810482         reflect
  eval: e=0.0754  p=[0.801 0.451 0.573 0.239 0.993 0.541 0.675]
  eval: e=0.0647  p=[0.802 0.445 0.589 0.226 0.993 0.537 0.699]
   285          439        0.0646746         expand
  eval: e=0.0743  p=[0.803 0.449 0.579 0.233 0.993 0.538 0.685]
   286          440        0.0646746         reflect
  eval: e=0.0692  p=[0.797 0.447 0.572 0.238 0.993 0.531 0.678]
   287          441        0.0646746         reflect
  eval: e=0.0739  p=[0.791 0.447 0.560 0.246 0.993 0.528 0.663]
   288          442        0.0646746         reflect
  eval: e=0.0752  p=[0.808 0.442 0.603 0.216 0.992 0.537 0.716]
   289          443        0.0646746         reflect
  eval: e=0.0907  p=[0.810 0.440 0.614 0.208 0.992 0.539 0.731]
  eval: e=0.0784  p=[0.796 0.453 0.560 0.248 0.993 0.537 0.659]
   290          445        0.0646746         contract inside
  eval: e=0.0587  p=[0.797 0.440 0.584 0.227 0.993 0.524 0.696]
  eval: e=0.0519  p=[0.793 0.433 0.591 0.219 0.993 0.512 0.711]
   291          447        0.0518636         expand
  eval: e=0.0563  p=[0.794 0.436 0.586 0.225 0.993 0.518 0.701]
   292          448        0.0518636         reflect
  eval: e=0.0429  p=[0.800 0.433 0.606 0.210 0.992 0.520 0.727]
  eval: e=0.0312  p=[0.802 0.423 0.629 0.192 0.992 0.512 0.761]
   293          450          0.03125         expand
  eval: e=0.0690  p=[0.787 0.437 0.571 0.235 0.993 0.514 0.683]
   294          451          0.03125         reflect
  eval: e=0.0654  p=[0.788 0.427 0.592 0.218 0.993 0.505 0.714]
   295          452          0.03125         reflect
  eval: e=0.0300  p=[0.799 0.424 0.619 0.198 0.992 0.509 0.750]
  eval: e=0.1049  p=[0.803 0.413 0.649 0.174 0.991 0.499 0.793]
   296          454        0.0300177         reflect
  eval: e=0.0402  p=[0.793 0.417 0.622 0.195 0.992 0.499 0.756]
   297          455        0.0300177         reflect
  eval: e=0.0622  p=[0.805 0.421 0.637 0.186 0.992 0.512 0.772]
   298          456        0.0300177         reflect
  eval: e=0.1081  p=[0.809 0.430 0.629 0.193 0.992 0.523 0.757]
  eval: e=0.0493  p=[0.793 0.428 0.601 0.212 0.992 0.510 0.725]
   299          458        0.0300177         contract inside
  eval: e=0.0295  p=[0.792 0.407 0.635 0.181 0.992 0.484 0.781]
  eval: e=0.0228  p=[0.786 0.389 0.658 0.158 0.991 0.457 0.822]
   300          460        0.0228074         expand
  eval: e=0.0688  p=[0.784 0.422 0.593 0.214 0.993 0.492 0.721]
  eval: e=0.0257  p=[0.799 0.421 0.626 0.193 0.992 0.507 0.759]
   301          462        0.0228074         contract inside
  eval: e=0.0485  p=[0.796 0.402 0.656 0.166 0.991 0.484 0.809]
   302          463        0.0228074         reflect
  eval: e=0.1947  p=[0.798 0.397 0.670 0.156 0.991 0.482 0.827]
  eval: e=0.0395  p=[0.795 0.424 0.611 0.203 0.992 0.504 0.740]
   303          465        0.0228074         contract inside
  eval: e=0.1563  p=[0.799 0.401 0.662 0.160 0.991 0.483 0.817]
  eval: e=0.0383  p=[0.794 0.421 0.616 0.199 0.992 0.503 0.748]
   304          467        0.0228074         contract inside
  eval: e=0.0492  p=[0.794 0.432 0.596 0.217 0.992 0.514 0.716]
  eval: e=0.0177  p=[0.796 0.410 0.641 0.178 0.991 0.491 0.786]
   305          469        0.0177144         contract inside
  eval: e=0.0226  p=[0.799 0.415 0.636 0.183 0.992 0.497 0.777]
   306          470        0.0177144         reflect
  eval: e=0.0548  p=[0.798 0.405 0.654 0.168 0.991 0.489 0.804]
  eval: e=0.0314  p=[0.795 0.419 0.621 0.195 0.992 0.501 0.756]
   307          472        0.0177144         contract inside
  eval: e=0.0497  p=[0.799 0.408 0.650 0.171 0.991 0.490 0.798]
  eval: e=0.0299  p=[0.796 0.418 0.625 0.192 0.992 0.500 0.761]
   308          474        0.0177144         contract inside
  eval: e=0.0220  p=[0.798 0.409 0.646 0.175 0.991 0.492 0.791]
   309          475        0.0177144         reflect
  eval: e=0.0214  p=[0.790 0.402 0.642 0.173 0.992 0.475 0.794]
   310          476        0.0177144         reflect
  eval: e=0.0303  p=[0.791 0.394 0.659 0.160 0.991 0.468 0.819]
  eval: e=0.0240  p=[0.797 0.417 0.629 0.188 0.992 0.499 0.767]
   311          478        0.0177144         contract inside
  eval: e=0.0379  p=[0.794 0.400 0.655 0.165 0.991 0.477 0.810]
  eval: e=0.0244  p=[0.795 0.413 0.632 0.185 0.992 0.494 0.773]
   312          480        0.0177144         contract inside
  eval: e=0.0222  p=[0.789 0.394 0.655 0.162 0.991 0.465 0.815]
   313          481        0.0177144         reflect
  eval: e=0.0290  p=[0.792 0.397 0.656 0.163 0.991 0.471 0.813]
  eval: e=0.0208  p=[0.794 0.409 0.638 0.180 0.992 0.488 0.783]
   314          483        0.0177144         contract inside
  eval: e=0.0444  p=[0.790 0.391 0.661 0.157 0.991 0.463 0.824]
  eval: e=0.0205  p=[0.795 0.410 0.637 0.181 0.992 0.490 0.781]
   315          485        0.0177144         contract inside
  eval: e=0.0393  p=[0.803 0.425 0.626 0.194 0.992 0.513 0.757]
  eval: e=0.0165  p=[0.790 0.398 0.650 0.167 0.991 0.471 0.806]
   316          487        0.0164934         contract inside
  eval: e=0.0164  p=[0.788 0.394 0.653 0.165 0.991 0.467 0.811]
  eval: e=0.0195  p=[0.783 0.384 0.661 0.156 0.991 0.452 0.828]
   317          489        0.0164376         reflect
  eval: e=0.0225  p=[0.797 0.415 0.633 0.186 0.992 0.499 0.771]
  eval: e=0.0165  p=[0.791 0.399 0.649 0.168 0.991 0.474 0.804]
   318          491        0.0164376         contract inside
  eval: e=0.0260  p=[0.786 0.397 0.643 0.171 0.991 0.467 0.798]
  eval: e=0.0167  p=[0.795 0.406 0.645 0.174 0.991 0.486 0.793]
   319          493        0.0164376         contract inside
  eval: e=0.0163  p=[0.796 0.406 0.647 0.173 0.991 0.487 0.795]
  eval: e=0.0247  p=[0.798 0.408 0.649 0.173 0.991 0.494 0.796]
   320          495        0.0163048         reflect
  eval: e=0.0175  p=[0.792 0.398 0.654 0.165 0.991 0.474 0.810]
   321          496        0.0163048         reflect
  eval: e=0.0263  p=[0.790 0.393 0.660 0.159 0.991 0.467 0.820]
  eval: e=0.0180  p=[0.794 0.406 0.643 0.175 0.991 0.484 0.791]
   322          498        0.0163048         contract inside
  eval: e=0.0169  p=[0.791 0.397 0.654 0.165 0.991 0.473 0.810]
   323          499        0.0163048         reflect
  eval: e=0.0271  p=[0.788 0.390 0.660 0.158 0.991 0.460 0.823]
  eval: e=0.0164  p=[0.794 0.405 0.646 0.173 0.991 0.484 0.795]
   324          501        0.0163048         contract inside
  eval: e=0.0180  p=[0.793 0.404 0.644 0.174 0.991 0.481 0.794]
  eval: e=0.0159  p=[0.792 0.399 0.652 0.167 0.991 0.476 0.806]
   325          503        0.0159468         contract inside
  eval: e=0.0179  p=[0.793 0.405 0.643 0.174 0.991 0.482 0.792]
  eval: e=0.0158  p=[0.792 0.399 0.651 0.167 0.991 0.475 0.806]
   326          505         0.015775         contract inside
  eval: e=0.0161  p=[0.789 0.394 0.654 0.163 0.991 0.467 0.813]
   327          506         0.015775         reflect
  eval: e=0.0150  p=[0.792 0.400 0.651 0.168 0.991 0.477 0.805]
  eval: e=0.0145  p=[0.792 0.400 0.652 0.168 0.991 0.479 0.806]
   328          508        0.0144807         expand
  eval: e=0.0145  p=[0.793 0.401 0.651 0.169 0.991 0.481 0.803]
  eval: e=0.0140  p=[0.794 0.403 0.652 0.170 0.991 0.486 0.802]
   329          510        0.0139596         expand
  eval: e=0.0197  p=[0.797 0.407 0.649 0.173 0.991 0.491 0.796]
  eval: e=0.0155  p=[0.790 0.398 0.652 0.167 0.991 0.473 0.807]
   330          512        0.0139596         contract inside
  eval: e=0.0153  p=[0.790 0.395 0.657 0.163 0.991 0.472 0.815]
   331          513        0.0139596         reflect
  eval: e=0.0160  p=[0.787 0.391 0.659 0.160 0.991 0.463 0.820]
   332          514        0.0139596         reflect
  eval: e=0.0140  p=[0.793 0.401 0.653 0.168 0.991 0.483 0.805]
   333          515        0.0139596         reflect
  eval: e=0.0172  p=[0.797 0.408 0.647 0.175 0.991 0.492 0.793]
  eval: e=0.0147  p=[0.789 0.395 0.656 0.163 0.991 0.470 0.814]
   334          517        0.0139596         contract inside
  eval: e=0.0136  p=[0.791 0.398 0.655 0.166 0.991 0.478 0.809]
  eval: e=0.0138  p=[0.791 0.398 0.657 0.166 0.991 0.480 0.811]
   335          519        0.0136126         reflect
  eval: e=0.0133  p=[0.791 0.398 0.656 0.166 0.991 0.479 0.811]
  eval: e=0.0134  p=[0.791 0.397 0.659 0.165 0.991 0.481 0.813]
   336          521        0.0132637         reflect
  eval: e=0.0130  p=[0.793 0.400 0.658 0.166 0.991 0.483 0.810]
  eval: e=0.0153  p=[0.795 0.401 0.660 0.165 0.991 0.488 0.812]
   337          523        0.0129639         reflect
  eval: e=0.0143  p=[0.794 0.404 0.652 0.171 0.991 0.488 0.801]
   338          524        0.0129639         reflect
  eval: e=0.0136  p=[0.796 0.406 0.652 0.172 0.991 0.494 0.799]
   339          525        0.0129639         reflect
  eval: e=0.0129  p=[0.795 0.403 0.656 0.169 0.991 0.490 0.805]
  eval: e=0.0145  p=[0.797 0.405 0.657 0.170 0.991 0.496 0.805]
   340          527         0.012936         reflect
  eval: e=0.0136  p=[0.793 0.399 0.657 0.166 0.991 0.482 0.811]
   341          528         0.012936         reflect
  eval: e=0.0123  p=[0.794 0.401 0.658 0.167 0.991 0.487 0.809]
  eval: e=0.0119  p=[0.794 0.400 0.660 0.167 0.991 0.489 0.811]
   342          530        0.0119214         expand
  eval: e=0.0117  p=[0.792 0.398 0.660 0.165 0.991 0.484 0.814]
  eval: e=0.0109  p=[0.792 0.396 0.665 0.162 0.991 0.483 0.820]
   343          532        0.0108829         expand
  eval: e=0.0125  p=[0.789 0.392 0.664 0.159 0.991 0.473 0.823]
   344          533        0.0108829         reflect
  eval: e=0.0126  p=[0.793 0.398 0.664 0.164 0.991 0.487 0.816]
   345          534        0.0108829         reflect
  eval: e=0.0116  p=[0.792 0.397 0.663 0.164 0.991 0.485 0.817]
   346          535        0.0108829         reflect
  eval: e=0.0137  p=[0.794 0.398 0.666 0.163 0.991 0.490 0.819]
  eval: e=0.0122  p=[0.792 0.398 0.659 0.165 0.991 0.482 0.813]
   347          537        0.0108829         contract inside
  eval: e=0.0112  p=[0.792 0.396 0.665 0.163 0.991 0.485 0.819]
   348          538        0.0108829         reflect
  eval: e=0.0101  p=[0.789 0.390 0.670 0.157 0.991 0.476 0.829]
  eval: e=0.0122  p=[0.786 0.384 0.677 0.151 0.990 0.469 0.841]
   349          540         0.010071         reflect
  eval: e=0.0128  p=[0.789 0.393 0.664 0.161 0.991 0.477 0.821]
  eval: e=0.0113  p=[0.792 0.397 0.664 0.163 0.991 0.485 0.818]
   350          542         0.010071         contract inside
  eval: e=0.0123  p=[0.794 0.401 0.663 0.166 0.991 0.494 0.813]
  eval: e=0.0117  p=[0.793 0.398 0.663 0.165 0.991 0.489 0.815]
   351          544         0.010071         contract outside
  eval: e=0.0106  p=[0.792 0.395 0.670 0.161 0.991 0.487 0.824]
   352          545         0.010071         reflect
  eval: e=0.0100  p=[0.790 0.391 0.671 0.157 0.991 0.480 0.829]
  eval: e=0.0119  p=[0.788 0.386 0.677 0.153 0.990 0.475 0.839]
   353          547       0.00999593         reflect
  eval: e=0.0106  p=[0.789 0.391 0.670 0.157 0.991 0.477 0.829]
   354          548       0.00999593         reflect
  eval: e=0.0112  p=[0.789 0.390 0.672 0.156 0.990 0.478 0.831]
   355          549       0.00999593         reflect
  eval: e=0.0096  p=[0.788 0.388 0.675 0.155 0.990 0.478 0.834]
  eval: e=0.0101  p=[0.786 0.384 0.680 0.151 0.990 0.474 0.843]
   356          551       0.00959679         reflect
  eval: e=0.0115  p=[0.791 0.395 0.666 0.161 0.991 0.483 0.821]
  eval: e=0.0103  p=[0.790 0.391 0.671 0.158 0.991 0.480 0.829]
   357          553       0.00959679         contract inside
  eval: e=0.0122  p=[0.788 0.387 0.675 0.154 0.990 0.475 0.836]
  eval: e=0.0105  p=[0.791 0.394 0.668 0.160 0.991 0.483 0.824]
   358          555       0.00959679         contract inside
  eval: e=0.0107  p=[0.788 0.387 0.677 0.154 0.990 0.477 0.837]
  eval: e=0.0100  p=[0.789 0.389 0.674 0.156 0.990 0.479 0.833]
   359          557       0.00959679         contract outside
  eval: e=0.0112  p=[0.787 0.387 0.673 0.154 0.991 0.470 0.835]
  eval: e=0.0102  p=[0.791 0.393 0.670 0.159 0.991 0.483 0.827]
   360          559       0.00959679         contract inside
  eval: e=0.0101  p=[0.790 0.391 0.672 0.158 0.990 0.482 0.830]
   361          560       0.00959679         reflect
  eval: e=0.0106  p=[0.788 0.387 0.676 0.154 0.990 0.477 0.837]
  eval: e=0.0101  p=[0.790 0.392 0.670 0.159 0.991 0.481 0.827]
   362          562       0.00959679         contract inside
  eval: e=0.0099  p=[0.789 0.390 0.672 0.157 0.990 0.480 0.831]
   363          563       0.00959679         reflect
  eval: e=0.0095  p=[0.788 0.388 0.674 0.155 0.990 0.476 0.834]
  eval: e=0.0095  p=[0.786 0.386 0.675 0.153 0.990 0.472 0.837]
   364          565       0.00952301         expand
  eval: e=0.0096  p=[0.787 0.387 0.676 0.154 0.990 0.475 0.837]
   365          566       0.00952301         reflect
  eval: e=0.0097  p=[0.788 0.388 0.677 0.154 0.990 0.479 0.837]
   366          567       0.00952301         reflect
  eval: e=0.0103  p=[0.787 0.386 0.676 0.153 0.990 0.473 0.839]
  eval: e=0.0097  p=[0.789 0.390 0.673 0.156 0.990 0.480 0.832]
   367          569       0.00952301         contract inside
  eval: e=0.0094  p=[0.788 0.388 0.675 0.155 0.990 0.477 0.835]
  eval: e=0.0095  p=[0.787 0.387 0.676 0.154 0.990 0.476 0.837]
   368          571       0.00938075         reflect
  eval: e=0.0090  p=[0.786 0.385 0.678 0.152 0.990 0.475 0.840]
  eval: e=0.0088  p=[0.785 0.382 0.681 0.150 0.990 0.472 0.846]
   369          573       0.00879748         expand
  eval: e=0.0098  p=[0.786 0.383 0.680 0.151 0.990 0.472 0.843]
  eval: e=0.0093  p=[0.786 0.385 0.678 0.152 0.990 0.474 0.840]
   370          575       0.00879748         contract outside
  eval: e=0.0096  p=[0.785 0.383 0.680 0.150 0.990 0.471 0.844]
   371          576       0.00879748         reflect
  eval: e=0.0095  p=[0.785 0.383 0.677 0.151 0.990 0.469 0.841]
   372          577       0.00879748         reflect
  eval: e=0.0095  p=[0.788 0.389 0.673 0.156 0.990 0.477 0.833]
   373          578       0.00879748         reflect
  eval: e=0.0090  p=[0.785 0.383 0.678 0.151 0.990 0.470 0.842]
   374          579       0.00879748         reflect
  eval: e=0.0088  p=[0.785 0.383 0.678 0.151 0.990 0.471 0.842]
  eval: e=0.0086  p=[0.784 0.382 0.679 0.150 0.990 0.468 0.844]
   375          581       0.00862709         expand
  eval: e=0.0093  p=[0.787 0.386 0.677 0.154 0.990 0.477 0.838]
   376          582       0.00862709         reflect
  eval: e=0.0088  p=[0.784 0.380 0.682 0.149 0.990 0.469 0.848]
   377          583       0.00862709         reflect
  eval: e=0.0087  p=[0.784 0.382 0.682 0.150 0.990 0.473 0.846]
   378          584       0.00862709         reflect
  eval: e=0.0091  p=[0.782 0.378 0.685 0.147 0.990 0.467 0.852]
   379          585       0.00862709         reflect
  eval: e=0.0081  p=[0.782 0.379 0.684 0.148 0.990 0.467 0.850]
  eval: e=0.0078  p=[0.780 0.376 0.687 0.145 0.990 0.464 0.855]
   380          587       0.00777484         expand
  eval: e=0.0105  p=[0.780 0.374 0.687 0.144 0.990 0.461 0.857]
  eval: e=0.0088  p=[0.785 0.383 0.680 0.151 0.990 0.473 0.843]
   381          589       0.00777484         contract inside
  eval: e=0.0092  p=[0.785 0.384 0.678 0.152 0.990 0.473 0.841]
  eval: e=0.0085  p=[0.783 0.380 0.683 0.148 0.990 0.468 0.849]
   382          591       0.00777484         contract inside
  eval: e=0.0083  p=[0.782 0.378 0.686 0.147 0.990 0.469 0.852]
   383          592       0.00777484         reflect
  eval: e=0.0089  p=[0.783 0.380 0.683 0.149 0.990 0.471 0.848]
  eval: e=0.0085  p=[0.784 0.380 0.682 0.149 0.990 0.469 0.848]
   384          594       0.00777484         contract inside
  eval: e=0.0082  p=[0.782 0.378 0.684 0.147 0.990 0.467 0.851]
   385          595       0.00777484         reflect
  eval: e=0.0079  p=[0.780 0.375 0.687 0.145 0.990 0.464 0.856]
   386          596       0.00777484         reflect
  eval: e=0.0082  p=[0.780 0.375 0.686 0.145 0.990 0.462 0.855]
   387          597       0.00777484         reflect
  eval: e=0.0086  p=[0.779 0.373 0.691 0.143 0.990 0.464 0.861]
  eval: e=0.0080  p=[0.780 0.375 0.688 0.145 0.990 0.465 0.856]
   388          599       0.00777484         contract outside
  eval: e=0.0076  p=[0.779 0.374 0.688 0.144 0.990 0.463 0.858]
  eval: e=0.0074  p=[0.778 0.371 0.691 0.142 0.990 0.460 0.862]
   389          601       0.00737557         expand
  eval: e=0.0074  p=[0.777 0.371 0.691 0.142 0.990 0.460 0.863]
  eval: e=0.0077  p=[0.774 0.366 0.696 0.139 0.990 0.455 0.870]
   390          603       0.00736482         reflect
  eval: e=0.0081  p=[0.777 0.371 0.689 0.142 0.990 0.457 0.862]
   391          604       0.00736482         reflect
  eval: e=0.0076  p=[0.779 0.373 0.691 0.143 0.990 0.463 0.861]
   392          605       0.00736482         reflect
  eval: e=0.0086  p=[0.776 0.368 0.694 0.140 0.990 0.457 0.868]
  eval: e=0.0078  p=[0.780 0.376 0.687 0.145 0.990 0.464 0.855]
   393          607       0.00736482         contract inside
  eval: e=0.0084  p=[0.782 0.377 0.688 0.146 0.990 0.469 0.855]
  eval: e=0.0076  p=[0.778 0.372 0.689 0.143 0.990 0.460 0.860]
   394          609       0.00736482         contract inside
  eval: e=0.0075  p=[0.777 0.371 0.690 0.143 0.990 0.459 0.861]
   395          610       0.00736482         reflect
  eval: e=0.0074  p=[0.777 0.370 0.692 0.142 0.990 0.459 0.863]
   396          611       0.00736482         reflect
  eval: e=0.0071  p=[0.776 0.368 0.693 0.140 0.990 0.457 0.866]
  eval: e=0.0075  p=[0.773 0.365 0.697 0.138 0.990 0.454 0.872]
   397          613       0.00714635         reflect
  eval: e=0.0070  p=[0.774 0.366 0.695 0.139 0.990 0.456 0.869]
  eval: e=0.0073  p=[0.771 0.362 0.699 0.136 0.990 0.451 0.876]
   398          615       0.00698715         reflect
  eval: e=0.0074  p=[0.775 0.368 0.695 0.140 0.990 0.459 0.867]
   399          616       0.00698715         reflect
  eval: e=0.0071  p=[0.774 0.366 0.694 0.139 0.990 0.454 0.869]
   400          617       0.00698715         reflect
  eval: e=0.0070  p=[0.774 0.366 0.696 0.139 0.990 0.456 0.870]
   401          618       0.00698715         reflect
  eval: e=0.0073  p=[0.774 0.366 0.696 0.139 0.990 0.456 0.870]
   402          619       0.00698715         reflect
  eval: e=0.0073  p=[0.773 0.364 0.698 0.137 0.990 0.453 0.874]
   403          620       0.00698715         reflect
  eval: e=0.0069  p=[0.772 0.362 0.699 0.136 0.990 0.452 0.876]
  eval: e=0.0078  p=[0.769 0.358 0.703 0.133 0.990 0.448 0.883]
   404          622       0.00693855         reflect
  eval: e=0.0086  p=[0.772 0.363 0.697 0.137 0.990 0.451 0.874]
  eval: e=0.0070  p=[0.775 0.367 0.695 0.139 0.990 0.457 0.869]
   405          624       0.00693855         contract inside
  eval: e=0.0071  p=[0.776 0.369 0.693 0.140 0.990 0.458 0.866]
   406          625       0.00693855         reflect
  eval: e=0.0071  p=[0.774 0.367 0.695 0.139 0.990 0.456 0.869]
   407          626       0.00693855         reflect
  eval: e=0.0068  p=[0.773 0.364 0.697 0.138 0.990 0.454 0.873]
  eval: e=0.0067  p=[0.771 0.362 0.700 0.136 0.990 0.452 0.876]
   408          628       0.00665464         expand
  eval: e=0.0069  p=[0.773 0.365 0.698 0.138 0.990 0.456 0.873]
   409          629       0.00665464         reflect
  eval: e=0.0068  p=[0.771 0.361 0.701 0.136 0.990 0.452 0.877]
   410          630       0.00665464         reflect
  eval: e=0.0071  p=[0.772 0.362 0.701 0.136 0.990 0.453 0.877]
  eval: e=0.0069  p=[0.774 0.365 0.696 0.138 0.990 0.455 0.871]
   411          632       0.00665464         contract inside
  eval: e=0.0067  p=[0.771 0.362 0.699 0.136 0.990 0.452 0.876]
   412          633       0.00665464         reflect
  eval: e=0.0065  p=[0.770 0.361 0.702 0.135 0.990 0.452 0.879]
  eval: e=0.0065  p=[0.768 0.358 0.705 0.133 0.989 0.450 0.884]
   413          635       0.00646555         expand
  eval: e=0.0068  p=[0.768 0.357 0.704 0.133 0.989 0.449 0.883]
   414          636       0.00646555         reflect
  eval: e=0.0067  p=[0.771 0.361 0.702 0.135 0.990 0.452 0.879]
   415          637       0.00646555         reflect
  eval: e=0.0068  p=[0.768 0.356 0.706 0.132 0.989 0.449 0.886]
   416          638       0.00646555         reflect
  eval: e=0.0072  p=[0.766 0.355 0.706 0.131 0.989 0.445 0.887]
  eval: e=0.0067  p=[0.772 0.362 0.700 0.136 0.990 0.453 0.877]
   417          640       0.00646555         contract inside
  eval: e=0.0069  p=[0.772 0.363 0.699 0.137 0.990 0.454 0.875]
  eval: e=0.0066  p=[0.769 0.359 0.703 0.134 0.990 0.450 0.881]
   418          642       0.00646555         contract inside
  eval: e=0.0065  p=[0.769 0.358 0.704 0.134 0.990 0.450 0.882]
   419          643       0.00646555         reflect
  eval: e=0.0070  p=[0.773 0.364 0.697 0.138 0.990 0.454 0.873]
  eval: e=0.0065  p=[0.769 0.358 0.704 0.134 0.990 0.450 0.882]
   420          645       0.00646555         contract inside
  eval: e=0.0067  p=[0.769 0.359 0.703 0.134 0.990 0.450 0.881]
  eval: e=0.0065  p=[0.770 0.359 0.702 0.134 0.990 0.450 0.880]
   421          647       0.00646555         contract outside
  eval: e=0.0065  p=[0.768 0.357 0.706 0.133 0.989 0.450 0.885]
   422          648       0.00646555         reflect
  eval: e=0.0067  p=[0.767 0.356 0.707 0.132 0.989 0.449 0.887]
  eval: e=0.0065  p=[0.770 0.360 0.701 0.135 0.990 0.451 0.879]
   423          650       0.00646555         contract inside
  eval: e=0.0066  p=[0.767 0.355 0.707 0.132 0.989 0.447 0.887]
  eval: e=0.0065  p=[0.768 0.357 0.705 0.133 0.989 0.449 0.885]
   424          652       0.00646476         contract outside
  eval: e=0.0064  p=[0.768 0.358 0.705 0.133 0.989 0.450 0.883]
  eval: e=0.0065  p=[0.768 0.357 0.706 0.133 0.989 0.450 0.885]
   425          654        0.0064151         reflect
  eval: e=0.0069  p=[0.769 0.358 0.704 0.133 0.989 0.450 0.883]
  eval: e=0.0064  p=[0.769 0.358 0.704 0.134 0.990 0.450 0.882]
   426          656        0.0064151         contract inside
  eval: e=0.0064  p=[0.768 0.357 0.706 0.133 0.989 0.450 0.885]
  eval: e=0.0064  p=[0.767 0.355 0.708 0.132 0.989 0.449 0.888]
   427          658       0.00639465         reflect
  eval: e=0.0066  p=[0.766 0.355 0.708 0.131 0.989 0.448 0.889]
  eval: e=0.0065  p=[0.769 0.359 0.703 0.134 0.990 0.450 0.881]
   428          660       0.00639465         contract inside
  eval: e=0.0064  p=[0.769 0.358 0.703 0.134 0.990 0.450 0.882]
   429          661       0.00639465         reflect
  eval: e=0.0064  p=[0.768 0.357 0.705 0.133 0.989 0.450 0.884]
   430          662       0.00639465         reflect
  eval: e=0.0064  p=[0.768 0.358 0.704 0.133 0.990 0.450 0.883]
   431          663       0.00639465         reflect
  eval: e=0.0067  p=[0.769 0.359 0.704 0.134 0.990 0.451 0.882]
  eval: e=0.0064  p=[0.768 0.357 0.705 0.133 0.989 0.449 0.884]
   432          665       0.00639465         contract inside
  eval: e=0.0064  p=[0.767 0.356 0.706 0.133 0.989 0.449 0.885]
  eval: e=0.0064  p=[0.766 0.355 0.707 0.132 0.989 0.448 0.887]
   433          667        0.0063548         expand
  eval: e=0.0064  p=[0.768 0.357 0.706 0.133 0.989 0.449 0.885]
   434          668        0.0063548         reflect
  eval: e=0.0064  p=[0.767 0.355 0.707 0.132 0.989 0.449 0.887]
   435          669        0.0063548         reflect
  eval: e=0.0064  p=[0.766 0.355 0.708 0.132 0.989 0.448 0.888]
   436          670        0.0063548         reflect
  eval: e=0.0063  p=[0.766 0.355 0.708 0.131 0.989 0.448 0.888]
  eval: e=0.0064  p=[0.765 0.353 0.710 0.130 0.989 0.447 0.891]
   437          672       0.00633927         reflect
  eval: e=0.0064  p=[0.766 0.354 0.709 0.131 0.989 0.448 0.889]
  eval: e=0.0064  p=[0.768 0.356 0.706 0.133 0.989 0.449 0.885]
   438          674       0.00633927         contract inside
  eval: e=0.0064  p=[0.766 0.354 0.709 0.131 0.989 0.448 0.889]
   439          675       0.00633927         reflect
  eval: e=0.0063  p=[0.766 0.354 0.709 0.131 0.989 0.448 0.889]
  eval: e=0.0063  p=[0.765 0.353 0.710 0.130 0.989 0.447 0.891]
   440          677       0.00627866         expand
  eval: e=0.0063  p=[0.765 0.353 0.710 0.130 0.989 0.447 0.891]
   441          678       0.00627866         reflect
  eval: e=0.0063  p=[0.767 0.355 0.707 0.132 0.989 0.448 0.887]
   442          679       0.00627866         reflect
  eval: e=0.0063  p=[0.765 0.354 0.709 0.131 0.989 0.447 0.889]
  eval: e=0.0062  p=[0.765 0.353 0.709 0.130 0.989 0.446 0.891]
   443          681       0.00624909         expand
  eval: e=0.0062  p=[0.764 0.351 0.711 0.130 0.989 0.446 0.893]
  eval: e=0.0063  p=[0.762 0.349 0.714 0.128 0.989 0.444 0.897]
   444          683       0.00624104         reflect
  eval: e=0.0062  p=[0.764 0.352 0.710 0.130 0.989 0.446 0.891]
   445          684       0.00624104         reflect
  eval: e=0.0063  p=[0.764 0.351 0.711 0.129 0.989 0.446 0.893]
   446          685       0.00624104         reflect
  eval: e=0.0062  p=[0.763 0.350 0.711 0.129 0.989 0.445 0.894]
  eval: e=0.0062  p=[0.762 0.348 0.713 0.128 0.989 0.443 0.897]
   447          687       0.00616063         expand
  eval: e=0.0062  p=[0.762 0.348 0.714 0.128 0.989 0.444 0.898]
   448          688       0.00616063         reflect
  eval: e=0.0061  p=[0.762 0.349 0.713 0.128 0.989 0.443 0.896]
  eval: e=0.0061  p=[0.761 0.347 0.714 0.127 0.989 0.442 0.898]
   449          690       0.00612362         expand
  eval: e=0.0061  p=[0.761 0.348 0.714 0.128 0.989 0.442 0.898]
  eval: e=0.0062  p=[0.759 0.345 0.716 0.126 0.989 0.440 0.901]
   450          692       0.00611689         reflect
  eval: e=0.0062  p=[0.761 0.348 0.713 0.128 0.989 0.443 0.897]
   451          693       0.00611689         reflect
  eval: e=0.0062  p=[0.760 0.345 0.716 0.126 0.989 0.441 0.901]
   452          694       0.00611689         reflect
  eval: e=0.0063  p=[0.758 0.344 0.718 0.125 0.989 0.440 0.903]
  eval: e=0.0062  p=[0.763 0.350 0.712 0.129 0.989 0.444 0.894]
   453          696       0.00611689         contract inside
  eval: e=0.0061  p=[0.759 0.344 0.717 0.126 0.989 0.440 0.902]
  eval: e=0.0063  p=[0.756 0.341 0.719 0.124 0.989 0.436 0.907]
   454          698       0.00610614         reflect
  eval: e=0.0062  p=[0.760 0.347 0.715 0.127 0.989 0.442 0.900]
  eval: e=0.0061  p=[0.761 0.348 0.714 0.128 0.989 0.442 0.898]
   455          700       0.00610614         contract inside
  eval: e=0.0062  p=[0.760 0.346 0.714 0.127 0.989 0.440 0.899]
   456          701       0.00610614         reflect
  eval: e=0.0063  p=[0.762 0.349 0.711 0.129 0.989 0.443 0.895]
  eval: e=0.0061  p=[0.760 0.346 0.715 0.127 0.989 0.442 0.900]
   457          703       0.00610614         contract inside
  eval: e=0.0062  p=[0.758 0.344 0.717 0.125 0.989 0.439 0.903]
   458          704       0.00610614         reflect
  eval: e=0.0062  p=[0.760 0.347 0.715 0.127 0.989 0.442 0.900]
   459          705       0.00610614         reflect
  eval: e=0.0062  p=[0.763 0.350 0.712 0.129 0.989 0.445 0.895]
  eval: e=0.0061  p=[0.759 0.345 0.716 0.126 0.989 0.440 0.901]
   460          707       0.00610614         contract inside
  eval: e=0.0062  p=[0.759 0.344 0.717 0.126 0.989 0.440 0.902]
  eval: e=0.0061  p=[0.761 0.347 0.714 0.127 0.989 0.442 0.898]
   461          709       0.00610614         contract inside
  eval: e=0.0062  p=[0.760 0.346 0.714 0.127 0.989 0.441 0.899]
  eval: e=0.0061  p=[0.760 0.347 0.715 0.127 0.989 0.442 0.900]
   462          711       0.00610614         contract inside
  eval: e=0.0062  p=[0.759 0.345 0.716 0.126 0.989 0.440 0.901]
  eval: e=0.0061  p=[0.761 0.347 0.714 0.127 0.989 0.442 0.899]
   463          713       0.00610614         contract inside
  eval: e=0.0061  p=[0.760 0.345 0.716 0.126 0.989 0.441 0.901]
  eval: e=0.0061  p=[0.759 0.345 0.717 0.126 0.989 0.441 0.902]
   464          715       0.00610291         reflect
  eval: e=0.0061  p=[0.759 0.345 0.716 0.126 0.989 0.440 0.902]
  eval: e=0.0061  p=[0.759 0.345 0.716 0.126 0.989 0.441 0.901]
   465          717       0.00610291         contract outside
  eval: e=0.0061  p=[0.758 0.344 0.717 0.126 0.989 0.440 0.903]
  eval: e=0.0061  p=[0.757 0.342 0.719 0.125 0.989 0.439 0.906]
   466          719       0.00610041         reflect
  eval: e=0.0061  p=[0.759 0.344 0.717 0.126 0.989 0.440 0.902]
   467          720       0.00610041         reflect
  eval: e=0.0061  p=[0.758 0.343 0.718 0.125 0.989 0.439 0.904]
  eval: e=0.0061  p=[0.760 0.346 0.715 0.127 0.989 0.441 0.900]
   468          722       0.00610041         contract inside
  eval: e=0.0061  p=[0.758 0.343 0.717 0.125 0.989 0.439 0.903]
   469          723       0.00610041         reflect
  eval: e=0.0061  p=[0.759 0.344 0.717 0.126 0.989 0.440 0.903]
  eval: e=0.0061  p=[0.758 0.344 0.718 0.125 0.989 0.440 0.904]
   470          725       0.00609431         reflect
  eval: e=0.0061  p=[0.759 0.345 0.716 0.126 0.989 0.441 0.901]
   471          726       0.00609431         reflect
  eval: e=0.0061  p=[0.760 0.346 0.715 0.127 0.989 0.442 0.900]
  eval: e=0.0061  p=[0.759 0.344 0.717 0.126 0.989 0.440 0.902]
   472          728       0.00609431         contract inside
  eval: e=0.0061  p=[0.758 0.344 0.717 0.126 0.989 0.440 0.903]
   473          729       0.00609431         reflect
  eval: e=0.0061  p=[0.758 0.344 0.717 0.125 0.989 0.439 0.903]
   474          730       0.00609431         reflect
  eval: e=0.0061  p=[0.759 0.345 0.717 0.126 0.989 0.441 0.902]
  eval: e=0.0061  p=[0.759 0.345 0.717 0.126 0.989 0.440 0.902]
   475          732       0.00609431         contract outside
  eval: e=0.0061  p=[0.757 0.342 0.719 0.125 0.989 0.439 0.905]
   476          733       0.00609431         reflect
  eval: e=0.0061  p=[0.759 0.345 0.717 0.126 0.989 0.441 0.902]
  eval: e=0.0061  p=[0.758 0.344 0.717 0.126 0.989 0.440 0.903]
   477          735       0.00609431         contract inside
  eval: e=0.0061  p=[0.758 0.344 0.717 0.126 0.989 0.440 0.903]
  eval: e=0.0061  p=[0.758 0.344 0.717 0.126 0.989 0.440 0.903]
   478          737       0.00609431         contract inside
  eval: e=0.0061  p=[0.758 0.344 0.717 0.126 0.989 0.440 0.903]
  eval: e=0.0061  p=[0.758 0.344 0.717 0.126 0.989 0.440 0.903]
   479          739       0.00609431         contract inside
  eval: e=0.0061  p=[0.757 0.343 0.718 0.125 0.989 0.439 0.905]
  eval: e=0.0061  p=[0.759 0.344 0.717 0.126 0.989 0.440 0.902]
   480          741       0.00609431         contract inside
  eval: e=0.0061  p=[0.760 0.346 0.715 0.127 0.989 0.441 0.900]
  eval: e=0.0061  p=[0.758 0.343 0.718 0.125 0.989 0.439 0.904]
   481          743       0.00609355         contract inside
  eval: e=0.0061  p=[0.758 0.344 0.717 0.126 0.989 0.440 0.903]
  eval: e=0.0061  p=[0.758 0.344 0.717 0.126 0.989 0.440 0.903]
   482          745       0.00609355         contract inside
  eval: e=0.0061  p=[0.758 0.343 0.718 0.125 0.989 0.439 0.904]
   483          746       0.00609355         reflect
  eval: e=0.0061  p=[0.758 0.343 0.718 0.125 0.989 0.439 0.904]
  eval: e=0.0061  p=[0.759 0.344 0.717 0.126 0.989 0.440 0.903]
   484          748       0.00609341         contract inside
  eval: e=0.0061  p=[0.758 0.344 0.717 0.125 0.989 0.440 0.903]
  eval: e=0.0061  p=[0.758 0.344 0.717 0.126 0.989 0.440 0.903]
   485          750       0.00609324         contract inside
  eval: e=0.0061  p=[0.758 0.344 0.717 0.125 0.989 0.440 0.903]
  eval: e=0.0061  p=[0.758 0.344 0.717 0.126 0.989 0.440 0.903]
   486          752       0.00609324         contract inside
  eval: e=0.0061  p=[0.759 0.344 0.717 0.126 0.989 0.440 0.902]
  eval: e=0.0061  p=[0.758 0.344 0.717 0.125 0.989 0.440 0.903]
   487          754       0.00609324         contract inside
  eval: e=0.0061  p=[0.758 0.344 0.717 0.126 0.989 0.440 0.903]
   488          755       0.00609324         reflect
  eval: e=0.0061  p=[0.758 0.344 0.717 0.125 0.989 0.440 0.903]
   489          756       0.00609324         reflect
  eval: e=0.0061  p=[0.758 0.344 0.717 0.125 0.989 0.439 0.903]
  eval: e=0.0061  p=[0.758 0.344 0.717 0.126 0.989 0.440 0.903]
   490          758       0.00609324         contract inside
  eval: e=0.0061  p=[0.758 0.344 0.717 0.126 0.989 0.440 0.903]
  eval: e=0.0061  p=[0.758 0.344 0.717 0.126 0.989 0.440 0.903]
   491          760       0.00609322         contract outside
  eval: e=0.0061  p=[0.758 0.344 0.718 0.125 0.989 0.440 0.904]
  eval: e=0.0061  p=[0.758 0.344 0.717 0.126 0.989 0.440 0.903]
   492          762       0.00609314         contract inside
  eval: e=0.0061  p=[0.759 0.345 0.717 0.126 0.989 0.440 0.902]
  eval: e=0.0061  p=[0.758 0.344 0.718 0.125 0.989 0.440 0.903]
   493          764       0.00609304         contract inside
  eval: e=0.0061  p=[0.758 0.344 0.718 0.125 0.989 0.440 0.903]
   494          765       0.00609304         reflect
  eval: e=0.0061  p=[0.758 0.344 0.717 0.125 0.989 0.440 0.903]
   495          766       0.00609304         reflect
  eval: e=0.0061  p=[0.758 0.344 0.717 0.126 0.989 0.440 0.903]
  eval: e=0.0061  p=[0.758 0.344 0.717 0.126 0.989 0.440 0.903]
   496          768       0.00609302         contract inside
  eval: e=0.0061  p=[0.758 0.344 0.717 0.125 0.989 0.440 0.903]
  eval: e=0.0061  p=[0.758 0.344 0.717 0.126 0.989 0.440 0.903]
   497          770       0.00609301         contract inside
  eval: e=0.0061  p=[0.758 0.344 0.717 0.125 0.989 0.440 0.903]
   498          771       0.00609301         reflect
  eval: e=0.0061  p=[0.758 0.344 0.717 0.126 0.989 0.440 0.903]
   499          772       0.00609301         reflect
  eval: e=0.0061  p=[0.758 0.344 0.718 0.125 0.989 0.440 0.903]
   500          773       0.00609301         reflect
  eval: e=0.0061  p=[0.758 0.344 0.717 0.126 0.989 0.440 0.903]
  eval: e=0.0061  p=[0.758 0.344 0.717 0.125 0.989 0.440 0.903]
   501          775       0.00609299         contract inside
  eval: e=0.0061  p=[0.758 0.343 0.718 0.125 0.989 0.439 0.904]
  eval: e=0.0061  p=[0.758 0.344 0.717 0.126 0.989 0.440 0.903]
   502          777       0.00609297         contract inside
  eval: e=0.0061  p=[0.758 0.344 0.717 0.126 0.989 0.440 0.903]
  eval: e=0.0061  p=[0.758 0.344 0.717 0.125 0.989 0.440 0.903]
   503          779       0.00609297         contract inside
  eval: e=0.0061  p=[0.758 0.343 0.718 0.125 0.989 0.440 0.904]
   504          780       0.00609297         reflect
  eval: e=0.0061  p=[0.758 0.344 0.717 0.126 0.989 0.440 0.903]
  eval: e=0.0061  p=[0.758 0.344 0.717 0.126 0.989 0.440 0.903]
   505          782       0.00609297         contract outside
  eval: e=0.0061  p=[0.758 0.344 0.717 0.125 0.989 0.440 0.903]
  eval: e=0.0061  p=[0.758 0.344 0.717 0.125 0.989 0.440 0.903]
   506          784       0.00609297         contract outside
  eval: e=0.0061  p=[0.758 0.344 0.717 0.126 0.989 0.440 0.903]
  eval: e=0.0061  p=[0.758 0.344 0.717 0.125 0.989 0.440 0.903]
   507          786       0.00609297         contract inside
  eval: e=0.0061  p=[0.758 0.344 0.717 0.125 0.989 0.440 0.903]
  eval: e=0.0061  p=[0.758 0.344 0.717 0.125 0.989 0.440 0.903]
   508          788       0.00609293         contract inside
  eval: e=0.0061  p=[0.758 0.344 0.718 0.125 0.989 0.440 0.903]
   509          789       0.00609293         reflect
  eval: e=0.0061  p=[0.758 0.344 0.717 0.126 0.989 0.440 0.903]
  eval: e=0.0061  p=[0.758 0.344 0.718 0.125 0.989 0.440 0.903]
   510          791       0.00609292         contract inside
  eval: e=0.0061  p=[0.758 0.344 0.717 0.125 0.989 0.440 0.903]
  eval: e=0.0061  p=[0.758 0.344 0.717 0.125 0.989 0.440 0.903]
   511          793       0.00609292         contract inside
  eval: e=0.0061  p=[0.758 0.344 0.717 0.125 0.989 0.440 0.903]
   512          794       0.00609292         reflect
  eval: e=0.0061  p=[0.758 0.344 0.717 0.126 0.989 0.440 0.903]
  eval: e=0.0061  p=[0.758 0.344 0.717 0.125 0.989 0.440 0.903]
   513          796       0.00609292         contract inside
  eval: e=0.0061  p=[0.758 0.344 0.717 0.125 0.989 0.440 0.903]
  eval: e=0.0061  p=[0.758 0.344 0.717 0.125 0.989 0.440 0.903]
   514          798       0.00609292         contract inside
  eval: e=0.0061  p=[0.758 0.344 0.718 0.125 0.989 0.440 0.904]
  eval: e=0.0061  p=[0.758 0.344 0.717 0.126 0.989 0.440 0.903]
   515          800       0.00609292         contract inside
  eval: e=0.0061  p=[0.758 0.344 0.717 0.125 0.989 0.440 0.903]
  eval: e=0.0061  p=[0.758 0.344 0.717 0.126 0.989 0.440 0.903]
   516          802        0.0060929         reflect
  eval: e=0.0061  p=[0.758 0.344 0.717 0.125 0.989 0.440 0.903]
  eval: e=0.0061  p=[0.758 0.344 0.717 0.125 0.989 0.440 0.903]
   517          804        0.0060929         contract inside
  eval: e=0.0061  p=[0.758 0.344 0.718 0.125 0.989 0.440 0.903]
   518          805        0.0060929         reflect
  eval: e=0.0061  p=[0.758 0.344 0.717 0.125 0.989 0.440 0.903]
  eval: e=0.0061  p=[0.758 0.344 0.717 0.125 0.989 0.440 0.903]
  eval: e=0.0061  p=[0.758 0.344 0.717 0.125 0.989 0.440 0.903]
  eval: e=0.0061  p=[0.758 0.344 0.717 0.125 0.989 0.440 0.903]
  eval: e=0.0061  p=[0.758 0.344 0.717 0.125 0.989 0.440 0.903]
  eval: e=0.0061  p=[0.758 0.344 0.717 0.125 0.989 0.440 0.903]
  eval: e=0.0061  p=[0.758 0.344 0.717 0.125 0.989 0.440 0.903]
  eval: e=0.0061  p=[0.758 0.344 0.717 0.125 0.989 0.440 0.903]
  eval: e=0.0061  p=[0.758 0.344 0.717 0.125 0.989 0.440 0.903]
   519          814        0.0060929         shrink
  eval: e=0.0061  p=[0.758 0.344 0.717 0.125 0.989 0.440 0.903]
  eval: e=0.0061  p=[0.758 0.344 0.717 0.125 0.989 0.440 0.903]
   520          816       0.00609289         contract inside
 
Optimization terminated:
 the current x satisfies the termination criteria using OPTIONS.TolX of 1.000000e-04 
 and F(X) satisfies the convergence criteria using OPTIONS.TolFun of 1.000000e-06 

=== Fit complete: error=0.006093  AIC=-4979.5 ===
