  eval: e=0.3391  p=[0.500 0.500 0.500 0.500 0.500 0.500 0.500]
 
 Iteration   Func-count         f(x)         Procedure
     0            1         0.339077         
  eval: e=0.3388  p=[0.525 0.500 0.500 0.500 0.500 0.500 0.500]
  eval: e=0.3330  p=[0.500 0.525 0.500 0.500 0.500 0.500 0.500]
  eval: e=0.3358  p=[0.500 0.500 0.525 0.500 0.500 0.500 0.500]
  eval: e=0.3408  p=[0.500 0.500 0.500 0.525 0.500 0.500 0.500]
  eval: e=0.3302  p=[0.500 0.500 0.500 0.500 0.525 0.500 0.500]
  eval: e=0.3428  p=[0.500 0.500 0.500 0.500 0.500 0.525 0.500]
  eval: e=0.3415  p=[0.500 0.500 0.500 0.500 0.500 0.500 0.525]
     1            8         0.330233         initial simplex
  eval: e=0.3297  p=[0.507 0.507 0.507 0.507 0.507 0.475 0.507]
  eval: e=0.3206  p=[0.511 0.511 0.511 0.511 0.511 0.450 0.511]
     2           10         0.320555         expand
  eval: e=0.3273  p=[0.510 0.510 0.510 0.510 0.510 0.486 0.478]
     3           11         0.320555         reflect
  eval: e=0.3234  p=[0.513 0.513 0.513 0.481 0.513 0.482 0.497]
     4           12         0.320555         reflect
  eval: e=0.3202  p=[0.517 0.517 0.517 0.501 0.517 0.476 0.496]
  eval: e=0.3093  p=[0.525 0.525 0.525 0.501 0.525 0.465 0.494]
     5           14         0.309286         expand
  eval: e=0.3116  p=[0.492 0.524 0.524 0.501 0.524 0.466 0.494]
     6           15         0.309286         reflect
  eval: e=0.3062  p=[0.515 0.531 0.499 0.501 0.531 0.457 0.492]
  eval: e=0.2866  p=[0.522 0.546 0.486 0.501 0.546 0.435 0.489]
     7           17         0.286551         expand
  eval: e=0.2939  p=[0.521 0.512 0.520 0.501 0.544 0.438 0.489]
     8           18         0.286551         reflect
  eval: e=0.2896  p=[0.527 0.541 0.525 0.502 0.525 0.420 0.486]
     9           19         0.286551         reflect
  eval: e=0.2779  p=[0.521 0.539 0.520 0.489 0.544 0.416 0.510]
  eval: e=0.2519  p=[0.527 0.553 0.524 0.479 0.560 0.381 0.526]
    10           21         0.251895         expand
  eval: e=0.2602  p=[0.523 0.548 0.520 0.518 0.554 0.391 0.500]
    11           22         0.251895         reflect
  eval: e=0.2539  p=[0.528 0.561 0.525 0.490 0.569 0.406 0.483]
    12           23         0.251895         reflect
  eval: e=0.2463  p=[0.558 0.558 0.512 0.497 0.569 0.373 0.497]
  eval: e=0.2524  p=[0.590 0.574 0.505 0.495 0.591 0.326 0.498]
    13           25         0.246306         reflect
  eval: e=0.2453  p=[0.533 0.566 0.507 0.496 0.580 0.348 0.498]
  eval: e=0.2536  p=[0.537 0.586 0.497 0.493 0.607 0.290 0.500]
    14           27         0.245262         reflect
  eval: e=0.2490  p=[0.541 0.594 0.508 0.494 0.571 0.349 0.505]
    15           28         0.245262         reflect
  eval: e=0.2534  p=[0.539 0.581 0.498 0.491 0.604 0.346 0.513]
    16           29         0.245262         reflect
  eval: e=0.2578  p=[0.549 0.585 0.541 0.488 0.599 0.306 0.518]
    17           30         0.245262         reflect
  eval: e=0.2629  p=[0.556 0.595 0.513 0.464 0.603 0.326 0.511]
  eval: e=0.2478  p=[0.531 0.559 0.518 0.504 0.567 0.375 0.503]
    18           32         0.245262         contract inside
  eval: e=0.2814  p=[0.524 0.550 0.485 0.498 0.550 0.430 0.489]
  eval: e=0.2521  p=[0.543 0.576 0.527 0.491 0.586 0.337 0.511]
    19           34         0.245262         contract inside
  eval: e=0.2515  p=[0.550 0.579 0.502 0.496 0.584 0.311 0.532]
    20           35         0.245262         reflect
  eval: e=0.2534  p=[0.541 0.558 0.530 0.496 0.544 0.361 0.507]
  eval: e=0.2477  p=[0.541 0.564 0.522 0.495 0.559 0.357 0.509]
    21           37         0.245262         contract outside
  eval: e=0.2543  p=[0.537 0.559 0.500 0.498 0.554 0.375 0.509]
  eval: e=0.2474  p=[0.542 0.572 0.520 0.492 0.578 0.347 0.510]
    22           39         0.245262         contract inside
  eval: e=0.2525  p=[0.557 0.587 0.501 0.514 0.585 0.322 0.488]
  eval: e=0.2466  p=[0.535 0.562 0.518 0.488 0.567 0.366 0.517]
    23           41         0.245262         contract inside
  eval: e=0.2619  p=[0.531 0.557 0.528 0.494 0.556 0.408 0.479]
  eval: e=0.2481  p=[0.545 0.573 0.508 0.496 0.577 0.335 0.519]
    24           43         0.245262         contract inside
  eval: e=0.2449  p=[0.540 0.535 0.522 0.497 0.571 0.366 0.510]
  eval: e=0.2506  p=[0.539 0.506 0.529 0.499 0.570 0.374 0.513]
    25           45         0.244892         reflect
  eval: e=0.2531  p=[0.535 0.545 0.525 0.496 0.563 0.388 0.494]
  eval: e=0.2455  p=[0.542 0.566 0.513 0.496 0.574 0.348 0.512]
    26           47         0.244892         contract inside
  eval: e=0.2461  p=[0.552 0.561 0.514 0.485 0.575 0.341 0.512]
    27           48         0.244892         reflect
  eval: e=0.2430  p=[0.545 0.556 0.508 0.491 0.588 0.354 0.507]
  eval: e=0.2431  p=[0.547 0.553 0.501 0.488 0.602 0.352 0.507]
    28           50         0.242996         reflect
  eval: e=0.2449  p=[0.545 0.544 0.507 0.493 0.571 0.366 0.505]
    29           51         0.242996         reflect
  eval: e=0.2423  p=[0.556 0.549 0.505 0.499 0.584 0.347 0.495]
  eval: e=0.2422  p=[0.566 0.542 0.498 0.505 0.593 0.337 0.484]
    30           53          0.24224         expand
  eval: e=0.2454  p=[0.535 0.548 0.508 0.492 0.589 0.330 0.511]
    31           54          0.24224         reflect
  eval: e=0.2399  p=[0.536 0.541 0.503 0.507 0.586 0.359 0.496]
  eval: e=0.2386  p=[0.528 0.531 0.498 0.518 0.591 0.368 0.488]
    32           56         0.238587         expand
  eval: e=0.2372  p=[0.541 0.526 0.501 0.502 0.593 0.357 0.488]
  eval: e=0.2341  p=[0.541 0.505 0.495 0.505 0.602 0.362 0.476]
    33           58          0.23412         expand
  eval: e=0.2454  p=[0.550 0.532 0.502 0.509 0.581 0.384 0.479]
  eval: e=0.2413  p=[0.546 0.536 0.503 0.505 0.583 0.371 0.487]
    34           60          0.23412         contract outside
  eval: e=0.2411  p=[0.556 0.506 0.502 0.508 0.591 0.373 0.490]
    35           61          0.23412         reflect
  eval: e=0.2341  p=[0.554 0.527 0.481 0.510 0.606 0.358 0.472]
  eval: e=0.2313  p=[0.560 0.524 0.461 0.516 0.624 0.354 0.453]
    36           63         0.231292         expand
  eval: e=0.2306  p=[0.552 0.513 0.483 0.521 0.621 0.353 0.462]
  eval: e=0.2268  p=[0.556 0.498 0.472 0.535 0.646 0.347 0.441]
    37           65         0.226776         expand
  eval: e=0.2304  p=[0.556 0.484 0.472 0.535 0.621 0.364 0.441]
    38           66         0.226776         reflect
  eval: e=0.2393  p=[0.532 0.482 0.474 0.530 0.624 0.388 0.453]
    39           67         0.226776         reflect
  eval: e=0.2228  p=[0.547 0.473 0.461 0.537 0.645 0.359 0.439]
  eval: e=0.2218  p=[0.548 0.441 0.439 0.553 0.676 0.354 0.415]
    40           69         0.221794         expand
  eval: e=0.2189  p=[0.536 0.484 0.444 0.547 0.661 0.352 0.415]
  eval: e=0.2159  p=[0.526 0.474 0.414 0.566 0.697 0.341 0.377]
    41           71         0.215888         expand
  eval: e=0.2373  p=[0.558 0.506 0.455 0.535 0.649 0.323 0.430]
    42           72         0.215888         reflect
  eval: e=0.2152  p=[0.570 0.450 0.419 0.552 0.699 0.330 0.379]
  eval: e=0.2145  p=[0.592 0.409 0.379 0.570 0.752 0.311 0.325]
    43           74         0.214477         expand
  eval: e=0.2250  p=[0.550 0.447 0.440 0.544 0.670 0.372 0.406]
    44           75         0.214477         reflect
  eval: e=0.2077  p=[0.570 0.431 0.385 0.586 0.737 0.336 0.340]
  eval: e=0.2188  p=[0.584 0.393 0.329 0.627 0.804 0.323 0.272]
    45           77         0.207714         reflect
  eval: e=0.2291  p=[0.553 0.386 0.396 0.595 0.747 0.339 0.331]
    46           78         0.207714         reflect
  eval: e=0.2112  p=[0.557 0.398 0.364 0.593 0.786 0.322 0.312]
    47           79         0.207714         reflect
  eval: e=0.2265  p=[0.561 0.499 0.430 0.532 0.671 0.342 0.416]
    48           80         0.207714         reflect
  eval: e=0.2284  p=[0.559 0.387 0.343 0.592 0.779 0.332 0.299]
  eval: e=0.2165  p=[0.557 0.470 0.440 0.549 0.679 0.343 0.406]
    49           82         0.207714         contract inside
  eval: e=0.2354  p=[0.553 0.378 0.387 0.599 0.757 0.338 0.321]
  eval: e=0.2149  p=[0.559 0.469 0.420 0.549 0.692 0.341 0.392]
    50           84         0.207714         contract inside
  eval: e=0.2234  p=[0.566 0.436 0.371 0.589 0.764 0.299 0.327]
  eval: e=0.2149  p=[0.562 0.439 0.389 0.578 0.740 0.317 0.347]
    51           86         0.207714         contract outside
  eval: e=0.2223  p=[0.573 0.442 0.358 0.587 0.777 0.307 0.299]
  eval: e=0.2119  p=[0.554 0.441 0.419 0.561 0.701 0.342 0.386]
    52           88         0.207714         contract inside
  eval: e=0.2124  p=[0.563 0.404 0.352 0.595 0.780 0.316 0.303]
    53           89         0.207714         reflect
  eval: e=0.2212  p=[0.605 0.381 0.359 0.586 0.786 0.312 0.310]
  eval: e=0.2111  p=[0.546 0.451 0.401 0.571 0.719 0.334 0.360]
    54           91         0.207714         contract inside
  eval: e=0.2107  p=[0.564 0.419 0.388 0.572 0.736 0.340 0.344]
    55           92         0.207714         reflect
  eval: e=0.2269  p=[0.568 0.375 0.348 0.608 0.796 0.317 0.285]
  eval: e=0.2099  p=[0.561 0.445 0.402 0.564 0.718 0.335 0.366]
    56           94         0.207714         contract inside
  eval: e=0.2067  p=[0.527 0.445 0.395 0.585 0.726 0.353 0.364]
  eval: e=0.2109  p=[0.494 0.462 0.403 0.593 0.713 0.375 0.383]
    57           96         0.206685         reflect
  eval: e=0.2121  p=[0.545 0.461 0.435 0.558 0.684 0.358 0.403]
  eval: e=0.2087  p=[0.549 0.447 0.414 0.567 0.708 0.348 0.378]
    58           98         0.206685         contract outside
  eval: e=0.2041  p=[0.553 0.426 0.366 0.592 0.765 0.335 0.318]
  eval: e=0.2025  p=[0.552 0.418 0.340 0.608 0.797 0.331 0.284]
    59          100          0.20249         expand
  eval: e=0.2123  p=[0.548 0.475 0.414 0.565 0.683 0.357 0.384]
  eval: e=0.2072  p=[0.555 0.417 0.377 0.586 0.760 0.331 0.330]
    60          102          0.20249         contract inside
  eval: e=0.2109  p=[0.562 0.413 0.371 0.591 0.762 0.344 0.327]
  eval: e=0.2071  p=[0.558 0.422 0.378 0.586 0.751 0.342 0.335]
    61          104          0.20249         contract outside
  eval: e=0.2042  p=[0.543 0.446 0.381 0.594 0.749 0.338 0.341]
    62          105          0.20249         reflect
  eval: e=0.2063  p=[0.540 0.419 0.361 0.611 0.775 0.345 0.312]
    63          106          0.20249         reflect
  eval: e=0.2073  p=[0.549 0.410 0.333 0.621 0.805 0.331 0.281]
    64          107          0.20249         reflect
  eval: e=0.2020  p=[0.522 0.420 0.348 0.611 0.796 0.342 0.302]
  eval: e=0.2028  p=[0.499 0.414 0.330 0.624 0.826 0.344 0.283]
    65          109         0.202047         reflect
  eval: e=0.2055  p=[0.536 0.444 0.404 0.574 0.725 0.349 0.367]
    66          110         0.202047         reflect
  eval: e=0.1997  p=[0.524 0.444 0.368 0.605 0.760 0.355 0.329]
  eval: e=0.1973  p=[0.509 0.457 0.364 0.615 0.759 0.368 0.328]
    67          112          0.19734         expand
  eval: e=0.1973  p=[0.507 0.449 0.363 0.613 0.771 0.351 0.321]
  eval: e=0.1947  p=[0.482 0.462 0.355 0.627 0.781 0.356 0.314]
    68          114         0.194729         expand
  eval: e=0.1960  p=[0.526 0.431 0.334 0.626 0.811 0.341 0.279]
    69          115         0.194729         reflect
  eval: e=0.1998  p=[0.509 0.460 0.361 0.605 0.773 0.348 0.321]
    70          116         0.194729         reflect
  eval: e=0.1926  p=[0.505 0.440 0.306 0.651 0.837 0.343 0.252]
  eval: e=0.1930  p=[0.490 0.439 0.257 0.689 0.893 0.340 0.195]
    71          118         0.192578         reflect
  eval: e=0.1922  p=[0.487 0.437 0.307 0.647 0.838 0.355 0.254]
  eval: e=0.2006  p=[0.459 0.433 0.271 0.673 0.882 0.364 0.210]
    72          120         0.192236         reflect
  eval: e=0.1881  p=[0.460 0.470 0.339 0.644 0.802 0.370 0.301]
  eval: e=0.1853  p=[0.413 0.496 0.338 0.662 0.805 0.389 0.310]
    73          122         0.185273         expand
  eval: e=0.1893  p=[0.458 0.490 0.327 0.655 0.806 0.373 0.286]
    74          123         0.185273         reflect
  eval: e=0.1888  p=[0.457 0.458 0.305 0.676 0.838 0.373 0.257]
    75          124         0.185273         reflect
  eval: e=0.1840  p=[0.442 0.461 0.285 0.683 0.874 0.355 0.230]
  eval: e=0.1831  p=[0.408 0.463 0.246 0.717 0.931 0.349 0.180]
    76          126          0.18307         expand
  eval: e=0.1785  p=[0.391 0.496 0.290 0.698 0.856 0.385 0.251]
  eval: e=0.1755  p=[0.324 0.528 0.267 0.734 0.878 0.407 0.237]
    77          128         0.175497         expand
  eval: e=0.1778  p=[0.390 0.484 0.244 0.728 0.914 0.383 0.193]
    78          129         0.175497         reflect
  eval: e=0.1747  p=[0.334 0.519 0.276 0.727 0.880 0.408 0.238]
  eval: e=0.1817  p=[0.249 0.558 0.261 0.765 0.902 0.441 0.231]
    79          131         0.174674         reflect
  eval: e=0.1744  p=[0.309 0.545 0.265 0.753 0.891 0.411 0.233]
  eval: e=0.1780  p=[0.219 0.599 0.244 0.806 0.918 0.439 0.223]
    80          133         0.174444         reflect
  eval: e=0.1898  p=[0.295 0.508 0.227 0.773 0.948 0.405 0.185]
  eval: e=0.1809  p=[0.417 0.494 0.302 0.684 0.841 0.381 0.261]
    81          135         0.174444         contract inside
  eval: e=0.1762  p=[0.285 0.550 0.248 0.754 0.917 0.406 0.215]
    82          136         0.174444         reflect
  eval: e=0.1728  p=[0.292 0.528 0.190 0.794 0.981 0.395 0.135]
  eval: e=0.2405  p=[0.231 0.545 0.116 0.860 1.069 0.399 0.047]
    83          138          0.17279         reflect
  eval: e=0.1821  p=[0.264 0.580 0.267 0.761 0.869 0.449 0.252]
  eval: e=0.1746  p=[0.300 0.551 0.261 0.750 0.885 0.424 0.234]
    84          140          0.17279         contract outside
  eval: e=0.1838  p=[0.221 0.564 0.198 0.812 0.972 0.429 0.163]
  eval: e=0.1752  p=[0.368 0.512 0.276 0.716 0.874 0.393 0.236]
    85          142          0.17279         contract inside
  eval: e=0.1829  p=[0.242 0.582 0.266 0.766 0.888 0.429 0.243]
  eval: e=0.1721  p=[0.353 0.509 0.250 0.737 0.907 0.395 0.206]
    86          144         0.172139         contract inside
  eval: e=0.1788  p=[0.367 0.504 0.262 0.735 0.882 0.403 0.219]
  eval: e=0.1728  p=[0.305 0.539 0.252 0.749 0.908 0.405 0.216]
    87          146         0.172139         contract inside
  eval: e=0.1683  p=[0.322 0.529 0.238 0.759 0.929 0.402 0.191]
  eval: e=0.1655  p=[0.321 0.530 0.224 0.772 0.955 0.400 0.169]
    88          148         0.165473         expand
  eval: e=0.1709  p=[0.264 0.551 0.215 0.793 0.957 0.418 0.172]
    89          149         0.165473         reflect
  eval: e=0.1668  p=[0.278 0.554 0.198 0.802 0.973 0.406 0.151]
    90          150         0.165473         reflect
  eval: e=0.1694  p=[0.306 0.523 0.194 0.793 0.993 0.385 0.132]
    91          151         0.165473         reflect
  eval: e=0.1826  p=[0.297 0.522 0.170 0.801 1.015 0.390 0.105]
  eval: e=0.1701  p=[0.306 0.539 0.241 0.765 0.922 0.406 0.201]
    92          153         0.165473         contract inside
  eval: e=0.1740  p=[0.300 0.528 0.180 0.810 1.003 0.396 0.117]
  eval: e=0.1695  p=[0.304 0.536 0.234 0.764 0.932 0.403 0.191]
    93          155         0.165473         contract inside
  eval: e=0.1703  p=[0.317 0.541 0.254 0.756 0.915 0.408 0.214]
    94          156         0.165473         reflect
  eval: e=0.1665  p=[0.246 0.569 0.196 0.818 0.992 0.413 0.146]
    95          157         0.165473         reflect
  eval: e=0.1721  p=[0.329 0.532 0.225 0.770 0.952 0.388 0.172]
  eval: e=0.1680  p=[0.280 0.546 0.217 0.787 0.956 0.411 0.172]
    96          159         0.165473         contract inside
  eval: e=0.1725  p=[0.266 0.544 0.176 0.816 1.005 0.398 0.118]
  eval: e=0.1681  p=[0.304 0.542 0.234 0.771 0.938 0.406 0.190]
    97          161         0.165473         contract inside
  eval: e=0.1664  p=[0.277 0.546 0.186 0.808 1.003 0.401 0.128]
    98          162         0.165473         reflect
  eval: e=0.1690  p=[0.271 0.552 0.180 0.822 1.013 0.403 0.120]
    99          163         0.165473         reflect
  eval: e=0.1669  p=[0.259 0.574 0.217 0.802 0.958 0.426 0.175]
   100          164         0.165473         reflect
  eval: e=0.1703  p=[0.290 0.551 0.240 0.767 0.922 0.415 0.203]
  eval: e=0.1649  p=[0.276 0.552 0.195 0.808 0.991 0.406 0.141]
   101          166          0.16487         contract inside
  eval: e=0.1707  p=[0.249 0.565 0.175 0.828 1.012 0.412 0.119]
  eval: e=0.1666  p=[0.291 0.547 0.220 0.785 0.956 0.407 0.172]
   102          168          0.16487         contract inside
  eval: e=0.1643  p=[0.276 0.560 0.193 0.812 0.995 0.406 0.137]
  eval: e=0.1666  p=[0.273 0.567 0.181 0.824 1.015 0.404 0.120]
   103          170         0.164256         reflect
  eval: e=0.1689  p=[0.302 0.528 0.187 0.800 1.003 0.385 0.123]
  eval: e=0.1656  p=[0.270 0.563 0.209 0.801 0.969 0.416 0.162]
   104          172         0.164256         contract inside
  eval: e=0.1635  p=[0.281 0.552 0.209 0.800 0.988 0.408 0.150]
  eval: e=0.1623  p=[0.282 0.551 0.215 0.799 0.995 0.409 0.149]
   105          174         0.162306         expand
  eval: e=0.1670  p=[0.265 0.559 0.186 0.820 1.015 0.407 0.122]
  eval: e=0.1654  p=[0.284 0.550 0.211 0.794 0.971 0.407 0.160]
   106          176         0.162306         contract inside
  eval: e=0.1631  p=[0.321 0.531 0.214 0.780 0.974 0.400 0.153]
   107          177         0.162306         reflect
  eval: e=0.1654  p=[0.303 0.550 0.231 0.782 0.954 0.412 0.178]
   108          178         0.162306         reflect
  eval: e=0.1633  p=[0.320 0.530 0.214 0.784 0.983 0.396 0.148]
   109          179         0.162306         reflect
  eval: e=0.1639  p=[0.268 0.563 0.197 0.816 1.006 0.410 0.136]
   110          180         0.162306         reflect
  eval: e=0.1611  p=[0.300 0.546 0.206 0.800 1.000 0.404 0.138]
  eval: e=0.1622  p=[0.308 0.544 0.203 0.803 1.014 0.403 0.127]
   111          182         0.161136         reflect
  eval: e=0.1722  p=[0.281 0.545 0.179 0.818 1.029 0.397 0.109]
  eval: e=0.1637  p=[0.297 0.549 0.218 0.791 0.973 0.408 0.160]
   112          184         0.161136         contract inside
  eval: e=0.1627  p=[0.314 0.542 0.221 0.787 0.988 0.404 0.151]
   113          185         0.161136         reflect
  eval: e=0.1605  p=[0.325 0.529 0.231 0.776 0.982 0.403 0.159]
  eval: e=0.1589  p=[0.350 0.513 0.250 0.758 0.975 0.402 0.170]
   114          187         0.158931         expand
  eval: e=0.1621  p=[0.356 0.512 0.243 0.755 0.962 0.397 0.170]
   115          188         0.158931         reflect
  eval: e=0.1600  p=[0.343 0.515 0.228 0.770 0.992 0.395 0.148]
   116          189         0.158931         reflect
  eval: e=0.1590  p=[0.328 0.530 0.236 0.773 0.984 0.407 0.160]
   117          190         0.158931         reflect
  eval: e=0.1599  p=[0.328 0.528 0.243 0.775 0.997 0.405 0.157]
   118          191         0.158931         reflect
  eval: e=0.1589  p=[0.339 0.514 0.242 0.765 0.985 0.402 0.161]
  eval: e=0.1592  p=[0.352 0.500 0.253 0.754 0.983 0.400 0.165]
   119          193         0.158856         reflect
  eval: e=0.1586  p=[0.388 0.495 0.256 0.743 0.975 0.394 0.166]
  eval: e=0.1606  p=[0.441 0.467 0.277 0.715 0.965 0.386 0.174]
   120          195         0.158632         reflect
  eval: e=0.1588  p=[0.323 0.528 0.232 0.783 1.011 0.406 0.144]
   121          196         0.158632         reflect
  eval: e=0.1563  p=[0.386 0.489 0.277 0.733 0.977 0.399 0.178]
  eval: e=0.1559  p=[0.428 0.461 0.312 0.700 0.966 0.397 0.198]
   122          198         0.155874         expand
  eval: e=0.1554  p=[0.367 0.504 0.278 0.743 0.978 0.408 0.182]
  eval: e=0.1539  p=[0.378 0.499 0.302 0.730 0.971 0.415 0.200]
   123          200         0.153898         expand
  eval: e=0.1573  p=[0.396 0.483 0.280 0.726 0.965 0.401 0.185]
   124          201         0.153898         reflect
  eval: e=0.1558  p=[0.416 0.468 0.300 0.714 0.973 0.397 0.190]
   125          202         0.153898         reflect
  eval: e=0.1530  p=[0.413 0.472 0.300 0.716 0.980 0.402 0.185]
  eval: e=0.1512  p=[0.445 0.452 0.325 0.696 0.983 0.401 0.193]
   126          204         0.151176         expand
  eval: e=0.1517  p=[0.453 0.454 0.331 0.690 0.971 0.402 0.204]
   127          205         0.151176         reflect
  eval: e=0.1615  p=[0.507 0.418 0.370 0.645 0.932 0.396 0.237]
  eval: e=0.1544  p=[0.369 0.501 0.267 0.749 0.992 0.404 0.168]
   128          207         0.151176         contract inside
  eval: e=0.1489  p=[0.437 0.453 0.349 0.687 0.974 0.411 0.216]
  eval: e=0.1448  p=[0.461 0.432 0.395 0.659 0.973 0.420 0.242]
   129          209         0.144838         expand
  eval: e=0.1474  p=[0.447 0.450 0.357 0.684 0.986 0.409 0.213]
   130          210         0.144838         reflect
  eval: e=0.1457  p=[0.420 0.469 0.339 0.706 0.990 0.417 0.204]
   131          211         0.144838         reflect
  eval: e=0.1444  p=[0.433 0.463 0.362 0.690 0.989 0.422 0.217]
  eval: e=0.1423  p=[0.442 0.460 0.392 0.678 0.997 0.434 0.231]
   132          213         0.142274         expand
  eval: e=0.1411  p=[0.501 0.418 0.431 0.635 0.971 0.424 0.257]
  eval: e=0.1377  p=[0.567 0.377 0.513 0.578 0.961 0.434 0.302]
   133          215         0.137657         expand
  eval: e=0.1397  p=[0.546 0.385 0.456 0.610 0.989 0.418 0.254]
   134          216         0.137657         reflect
  eval: e=0.1331  p=[0.497 0.411 0.462 0.628 0.995 0.436 0.264]
  eval: e=0.1278  p=[0.519 0.389 0.527 0.597 1.007 0.453 0.295]
   135          218         0.127816         expand
  eval: e=0.1297  p=[0.527 0.394 0.527 0.594 0.989 0.451 0.304]
   136          219         0.127816         reflect
  eval: e=0.1268  p=[0.548 0.380 0.542 0.579 0.988 0.456 0.310]
  eval: e=0.1196  p=[0.599 0.345 0.635 0.526 0.989 0.480 0.359]
   137          221         0.119633         expand
  eval: e=0.1213  p=[0.626 0.326 0.646 0.506 0.983 0.466 0.363]
   138          222         0.119633         reflect
  eval: e=0.1161  p=[0.632 0.333 0.661 0.510 1.003 0.477 0.361]
  eval: e=0.1209  p=[0.717 0.283 0.794 0.435 1.018 0.505 0.420]
   139          224         0.116069         reflect
  eval: e=0.1193  p=[0.705 0.268 0.741 0.442 0.980 0.475 0.409]
   140          225         0.116069         reflect
  eval: e=0.1154  p=[0.647 0.310 0.759 0.462 0.985 0.507 0.429]
  eval: e=0.1972  p=[0.697 0.273 0.910 0.388 0.983 0.551 0.517]
   141          227         0.115368         reflect
  eval: e=0.1166  p=[0.649 0.299 0.771 0.461 1.021 0.511 0.418]
   142          228         0.115368         reflect
  eval: e=0.1007  p=[0.723 0.255 0.827 0.407 1.002 0.511 0.448]
  eval: e=0.1565  p=[0.821 0.185 0.977 0.314 1.008 0.541 0.521]
   143          230         0.100694         reflect
  eval: e=0.1347  p=[0.790 0.221 0.912 0.350 0.982 0.526 0.502]
  eval: e=0.1180  p=[0.587 0.347 0.624 0.535 1.001 0.471 0.346]
   144          232         0.100694         contract inside
  eval: e=0.1109  p=[0.672 0.290 0.788 0.450 1.012 0.514 0.428]
   145          233         0.100694         reflect
  eval: e=0.1129  p=[0.720 0.255 0.842 0.407 1.012 0.510 0.452]
   146          234         0.100694         reflect
  eval: e=0.1378  p=[0.617 0.329 0.766 0.481 1.030 0.526 0.415]
  eval: e=0.1090  p=[0.683 0.283 0.747 0.452 0.993 0.488 0.410]
   147          236         0.100694         contract inside
  eval: e=0.1448  p=[0.763 0.232 0.918 0.365 1.007 0.534 0.496]
  eval: e=0.1121  p=[0.631 0.318 0.697 0.493 1.002 0.487 0.384]
   148          238         0.100694         contract inside
  eval: e=0.1109  p=[0.696 0.285 0.749 0.448 0.982 0.487 0.414]
   149          239         0.100694         reflect
  eval: e=0.1129  p=[0.731 0.238 0.884 0.381 0.994 0.524 0.487]
   150          240         0.100694         reflect
  eval: e=0.1076  p=[0.741 0.240 0.823 0.406 1.013 0.500 0.435]
   151          241         0.100694         reflect
  eval: e=0.1147  p=[0.674 0.290 0.734 0.461 0.987 0.493 0.407]
  eval: e=0.1046  p=[0.708 0.264 0.815 0.421 1.006 0.506 0.441]
   152          243         0.100694         contract inside
  eval: e=0.1171  p=[0.655 0.315 0.672 0.498 1.009 0.474 0.359]
  eval: e=0.1009  p=[0.712 0.257 0.831 0.410 0.998 0.512 0.455]
   153          245         0.100694         contract inside
  eval: e=0.1104  p=[0.779 0.217 0.897 0.363 0.999 0.518 0.483]
   154          246         0.100694         reflect
  eval: e=0.1043  p=[0.769 0.224 0.838 0.381 0.986 0.492 0.454]
   155          247         0.100694         reflect
  eval: e=0.1168  p=[0.766 0.212 0.902 0.363 1.017 0.520 0.479]
  eval: e=0.1046  p=[0.713 0.267 0.787 0.427 0.991 0.495 0.430]
   156          249         0.100694         contract inside
  eval: e=0.1104  p=[0.664 0.294 0.722 0.467 0.997 0.483 0.396]
  eval: e=0.1053  p=[0.693 0.275 0.766 0.441 0.998 0.492 0.417]
   157          251         0.100694         contract outside
  eval: e=0.1074  p=[0.762 0.226 0.878 0.375 1.005 0.514 0.470]
   158          252         0.100694         reflect
  eval: e=0.1080  p=[0.711 0.265 0.818 0.412 0.982 0.507 0.455]
  eval: e=0.1027  p=[0.733 0.246 0.822 0.407 1.006 0.501 0.440]
   159          254         0.100694         contract inside
  eval: e=0.1092  p=[0.681 0.285 0.746 0.452 0.991 0.488 0.412]
  eval: e=0.1005  p=[0.742 0.241 0.845 0.394 1.001 0.508 0.455]
   160          256         0.100521         contract inside
  eval: e=0.1065  p=[0.765 0.226 0.881 0.373 0.999 0.515 0.475]
  eval: e=0.1020  p=[0.711 0.263 0.795 0.424 0.998 0.498 0.432]
   161          258         0.100521         contract inside
  eval: e=0.1039  p=[0.750 0.237 0.826 0.394 0.989 0.499 0.449]
   162          259         0.100521         reflect
  eval: e=0.1018  p=[0.755 0.225 0.865 0.378 1.003 0.510 0.465]
   163          260         0.100521         reflect
  eval: e=0.1085  p=[0.696 0.268 0.823 0.423 1.013 0.519 0.445]
  eval: e=0.1015  p=[0.751 0.235 0.834 0.392 0.993 0.499 0.451]
   164          262         0.100521         contract inside
  eval: e=0.1077  p=[0.715 0.255 0.836 0.410 1.011 0.512 0.450]
  eval: e=0.1011  p=[0.741 0.241 0.829 0.398 0.994 0.502 0.449]
   165          264         0.100521         contract inside
  eval: e=0.1020  p=[0.734 0.244 0.843 0.394 0.991 0.510 0.462]
   166          265         0.100521         reflect
  eval: e=0.1056  p=[0.763 0.222 0.884 0.368 0.997 0.517 0.478]
  eval: e=0.1003  p=[0.724 0.253 0.817 0.410 0.998 0.502 0.443]
   167          267         0.100316         contract inside
  eval: e=0.1023  p=[0.737 0.243 0.828 0.403 1.005 0.503 0.443]
  eval: e=0.1006  p=[0.735 0.244 0.839 0.396 0.995 0.508 0.457]
   168          269         0.100316         contract inside
  eval: e=0.1037  p=[0.710 0.268 0.798 0.424 0.991 0.502 0.438]
  eval: e=0.0993  p=[0.744 0.236 0.849 0.390 1.000 0.508 0.458]
   169          271        0.0992706         contract inside
  eval: e=0.1030  p=[0.712 0.258 0.834 0.410 1.004 0.516 0.453]
  eval: e=0.1003  p=[0.741 0.241 0.834 0.396 0.995 0.503 0.452]
   170          273        0.0992706         contract inside
  eval: e=0.1025  p=[0.722 0.252 0.840 0.403 1.003 0.513 0.456]
  eval: e=0.1001  p=[0.736 0.244 0.832 0.399 0.996 0.505 0.451]
   171          275        0.0992706         contract inside
  eval: e=0.1004  p=[0.758 0.232 0.838 0.387 0.999 0.501 0.449]
   172          276        0.0992706         reflect
  eval: e=0.1010  p=[0.757 0.228 0.845 0.385 0.994 0.499 0.456]
  eval: e=0.0995  p=[0.732 0.248 0.832 0.402 1.000 0.508 0.450]
   173          278        0.0992706         contract inside
  eval: e=0.1008  p=[0.744 0.240 0.831 0.398 1.002 0.502 0.446]
  eval: e=0.1000  p=[0.737 0.243 0.837 0.396 0.997 0.507 0.454]
   174          280        0.0992706         contract inside
  eval: e=0.1014  p=[0.736 0.244 0.823 0.400 0.994 0.502 0.447]
  eval: e=0.0994  p=[0.740 0.241 0.840 0.396 1.000 0.506 0.453]
   175          282        0.0992706         contract inside
  eval: e=0.1005  p=[0.715 0.255 0.830 0.409 0.997 0.510 0.454]
  eval: e=0.0999  p=[0.747 0.238 0.836 0.393 0.998 0.503 0.451]
   176          284        0.0992706         contract inside
  eval: e=0.1002  p=[0.756 0.230 0.857 0.382 0.998 0.509 0.462]
   177          285        0.0992706         reflect
  eval: e=0.1003  p=[0.742 0.239 0.847 0.392 1.002 0.510 0.457]
  eval: e=0.0993  p=[0.742 0.240 0.844 0.393 1.000 0.508 0.455]
   178          287        0.0992706         contract outside
  eval: e=0.0999  p=[0.724 0.252 0.820 0.409 0.999 0.504 0.444]
   179          288        0.0992706         reflect
  eval: e=0.1004  p=[0.740 0.241 0.842 0.395 1.002 0.508 0.454]
  eval: e=0.0997  p=[0.737 0.243 0.834 0.398 0.998 0.506 0.452]
   180          290        0.0992706         contract inside
  eval: e=0.1002  p=[0.739 0.242 0.835 0.398 1.002 0.506 0.450]
  eval: e=0.0997  p=[0.738 0.243 0.837 0.397 0.998 0.506 0.453]
   181          292        0.0992706         contract inside
  eval: e=0.0994  p=[0.726 0.249 0.836 0.402 1.000 0.510 0.454]
   182          293        0.0992706         reflect
  eval: e=0.1001  p=[0.750 0.233 0.858 0.384 1.000 0.511 0.463]
  eval: e=0.0995  p=[0.731 0.248 0.829 0.403 0.999 0.506 0.449]
   183          295        0.0992706         contract inside
  eval: e=0.1001  p=[0.735 0.244 0.842 0.397 1.001 0.510 0.455]
  eval: e=0.0995  p=[0.737 0.243 0.836 0.398 0.999 0.507 0.452]
   184          297        0.0992706         contract inside
  eval: e=0.0999  p=[0.734 0.244 0.839 0.398 1.001 0.509 0.453]
  eval: e=0.0995  p=[0.737 0.243 0.837 0.397 0.999 0.507 0.453]
   185          299        0.0992706         contract inside
  eval: e=0.0996  p=[0.735 0.244 0.840 0.397 1.001 0.509 0.454]
  eval: e=0.0994  p=[0.736 0.243 0.837 0.398 0.999 0.507 0.453]
   186          301        0.0992706         contract inside
  eval: e=0.0996  p=[0.743 0.238 0.849 0.391 1.000 0.510 0.459]
  eval: e=0.0993  p=[0.734 0.245 0.834 0.400 0.999 0.507 0.451]
   187          303        0.0992706         contract inside
  eval: e=0.0996  p=[0.736 0.243 0.840 0.397 1.001 0.509 0.454]
  eval: e=0.0994  p=[0.737 0.243 0.838 0.397 0.999 0.507 0.453]
   188          305        0.0992706         contract inside
  eval: e=0.0992  p=[0.743 0.237 0.848 0.391 1.000 0.507 0.458]
  eval: e=0.0994  p=[0.748 0.232 0.855 0.386 1.000 0.507 0.461]
   189          307        0.0992229         reflect
  eval: e=0.0996  p=[0.752 0.233 0.846 0.387 0.999 0.505 0.455]
  eval: e=0.0993  p=[0.733 0.245 0.839 0.399 1.000 0.509 0.454]
   190          309        0.0992229         contract inside
  eval: e=0.0994  p=[0.741 0.239 0.846 0.392 1.000 0.508 0.457]
  eval: e=0.0993  p=[0.738 0.242 0.839 0.396 0.999 0.507 0.454]
   191          311        0.0992229         contract inside
  eval: e=0.0991  p=[0.736 0.241 0.843 0.395 1.000 0.509 0.457]
  eval: e=0.0990  p=[0.734 0.241 0.845 0.394 1.000 0.511 0.458]
   192          313        0.0989574         expand
  eval: e=0.0992  p=[0.740 0.238 0.847 0.392 1.000 0.509 0.458]
   193          314        0.0989574         reflect
  eval: e=0.0995  p=[0.744 0.234 0.854 0.387 1.000 0.510 0.461]
  eval: e=0.0992  p=[0.736 0.242 0.839 0.397 1.000 0.508 0.454]
   194          316        0.0989574         contract inside
  eval: e=0.0989  p=[0.734 0.241 0.844 0.395 1.000 0.508 0.457]
  eval: e=0.0988  p=[0.731 0.241 0.844 0.397 0.999 0.508 0.458]
   195          318         0.098792         expand
  eval: e=0.0990  p=[0.737 0.238 0.849 0.392 1.000 0.510 0.460]
   196          319         0.098792         reflect
  eval: e=0.0991  p=[0.728 0.245 0.840 0.399 0.999 0.509 0.456]
   197          320         0.098792         reflect
  eval: e=0.0989  p=[0.738 0.236 0.850 0.390 1.000 0.509 0.460]
   198          321         0.098792         reflect
  eval: e=0.0987  p=[0.727 0.243 0.842 0.398 1.000 0.511 0.458]
  eval: e=0.0986  p=[0.720 0.246 0.840 0.401 1.000 0.512 0.458]
   199          323        0.0985644         expand
  eval: e=0.0987  p=[0.724 0.244 0.841 0.399 0.999 0.510 0.458]
   200          324        0.0985644         reflect
  eval: e=0.0984  p=[0.724 0.241 0.849 0.395 1.000 0.512 0.463]
  eval: e=0.0982  p=[0.718 0.240 0.854 0.395 1.000 0.515 0.467]
   201          326        0.0981552         expand
  eval: e=0.0985  p=[0.730 0.237 0.852 0.392 1.000 0.512 0.464]
   202          327        0.0981552         reflect
  eval: e=0.0984  p=[0.719 0.243 0.844 0.399 0.999 0.512 0.461]
   203          328        0.0981552         reflect
  eval: e=0.0981  p=[0.717 0.242 0.847 0.398 1.000 0.512 0.464]
  eval: e=0.0977  p=[0.708 0.242 0.849 0.400 0.999 0.513 0.466]
   204          330        0.0976665         expand
  eval: e=0.0980  p=[0.705 0.248 0.842 0.404 0.999 0.515 0.463]
   205          331        0.0976665         reflect
  eval: e=0.0978  p=[0.705 0.245 0.848 0.400 1.000 0.517 0.467]
   206          332        0.0976665         reflect
  eval: e=0.0977  p=[0.706 0.242 0.853 0.398 1.000 0.517 0.469]
  eval: e=0.0976  p=[0.696 0.241 0.859 0.398 1.001 0.521 0.475]
   207          334        0.0976168         expand
  eval: e=0.0975  p=[0.703 0.238 0.859 0.395 0.999 0.517 0.474]
  eval: e=0.0973  p=[0.695 0.234 0.869 0.393 0.999 0.520 0.483]
   208          336        0.0972694         expand
  eval: e=0.0971  p=[0.684 0.247 0.852 0.405 0.999 0.520 0.474]
  eval: e=0.0967  p=[0.661 0.252 0.852 0.412 0.999 0.524 0.479]
   209          338        0.0967327         expand
  eval: e=0.0966  p=[0.678 0.242 0.863 0.402 1.000 0.523 0.482]
  eval: e=0.0961  p=[0.657 0.242 0.872 0.403 1.000 0.528 0.492]
   210          340        0.0961132         expand
  eval: e=0.0964  p=[0.661 0.247 0.858 0.408 0.999 0.525 0.483]
   211          341        0.0961132         reflect
  eval: e=0.0964  p=[0.662 0.238 0.874 0.400 1.000 0.528 0.493]
   212          342        0.0961132         reflect
  eval: e=0.0958  p=[0.649 0.240 0.876 0.404 0.999 0.528 0.497]
  eval: e=0.0955  p=[0.621 0.237 0.890 0.405 0.999 0.534 0.512]
   213          344        0.0954835         expand
  eval: e=0.0962  p=[0.621 0.241 0.887 0.405 1.000 0.538 0.510]
   214          345        0.0954835         reflect
  eval: e=0.0955  p=[0.612 0.243 0.885 0.410 0.998 0.535 0.511]
   215          346        0.0954835         reflect
  eval: e=0.0956  p=[0.589 0.252 0.878 0.420 0.999 0.541 0.512]
   216          347        0.0954835         reflect
  eval: e=0.0967  p=[0.603 0.234 0.903 0.403 1.000 0.541 0.524]
  eval: e=0.0958  p=[0.617 0.238 0.891 0.405 1.000 0.537 0.513]
   217          349        0.0954835         contract outside
  eval: e=0.0971  p=[0.591 0.236 0.907 0.406 0.999 0.544 0.529]
  eval: e=0.0958  p=[0.643 0.244 0.870 0.408 0.999 0.530 0.495]
   218          351        0.0954835         contract inside
  eval: e=0.0955  p=[0.584 0.247 0.889 0.416 0.999 0.542 0.520]
  eval: e=0.0962  p=[0.545 0.251 0.897 0.425 0.999 0.549 0.533]
   219          353        0.0954628         reflect
  eval: e=0.0949  p=[0.614 0.246 0.878 0.414 0.999 0.532 0.505]
  eval: e=0.0945  p=[0.611 0.248 0.873 0.418 0.999 0.529 0.503]
   220          355        0.0944522         expand
  eval: e=0.0956  p=[0.565 0.246 0.892 0.420 0.998 0.542 0.526]
   221          356        0.0944522         reflect
  eval: e=0.0950  p=[0.590 0.252 0.875 0.423 0.998 0.535 0.509]
   222          357        0.0944522         reflect
  eval: e=0.0954  p=[0.549 0.248 0.896 0.424 0.998 0.544 0.532]
   223          358        0.0944522         reflect
  eval: e=0.0946  p=[0.592 0.240 0.893 0.414 0.997 0.534 0.521]
   224          359        0.0944522         reflect
  eval: e=0.0949  p=[0.623 0.244 0.879 0.411 0.999 0.530 0.504]
   225          360        0.0944522         reflect
  eval: e=0.0941  p=[0.580 0.248 0.885 0.422 0.999 0.535 0.518]
  eval: e=0.0937  p=[0.564 0.250 0.886 0.428 0.999 0.535 0.521]
   226          362        0.0936826         expand
  eval: e=0.0946  p=[0.554 0.257 0.879 0.433 0.998 0.538 0.520]
   227          363        0.0936826         reflect
  eval: e=0.0937  p=[0.582 0.250 0.877 0.427 0.997 0.528 0.512]
  eval: e=0.0933  p=[0.581 0.252 0.870 0.432 0.996 0.522 0.508]
   228          365        0.0933332         expand
  eval: e=0.0944  p=[0.626 0.250 0.862 0.421 0.998 0.520 0.492]
   229          366        0.0933332         reflect
  eval: e=0.0931  p=[0.596 0.245 0.881 0.422 0.998 0.524 0.510]
  eval: e=0.0925  p=[0.599 0.242 0.883 0.422 0.998 0.518 0.511]
   230          368        0.0925281         expand
  eval: e=0.0930  p=[0.556 0.253 0.877 0.436 0.997 0.526 0.517]
   231          369        0.0925281         reflect
  eval: e=0.0937  p=[0.577 0.261 0.859 0.441 0.998 0.520 0.500]
   232          370        0.0925281         reflect
  eval: e=0.0933  p=[0.622 0.245 0.867 0.423 0.998 0.511 0.495]
   233          371        0.0925281         reflect
  eval: e=0.0922  p=[0.567 0.253 0.871 0.440 0.996 0.514 0.510]
  eval: e=0.0921  p=[0.546 0.255 0.870 0.451 0.995 0.506 0.513]
   234          373        0.0921007         expand
  eval: e=0.0916  p=[0.529 0.253 0.884 0.446 0.996 0.520 0.526]
  eval: e=0.0922  p=[0.480 0.254 0.895 0.458 0.996 0.520 0.543]
   235          375        0.0916329         reflect
  eval: e=0.0934  p=[0.582 0.252 0.860 0.444 0.995 0.500 0.499]
   236          376        0.0916329         reflect
  eval: e=0.0913  p=[0.570 0.240 0.888 0.432 0.995 0.510 0.520]
  eval: e=0.0910  p=[0.567 0.230 0.902 0.427 0.994 0.505 0.529]
   237          378        0.0910295         expand
  eval: e=0.0929  p=[0.561 0.242 0.898 0.424 0.998 0.531 0.529]
   238          379        0.0910295         reflect
  eval: e=0.0905  p=[0.555 0.239 0.896 0.433 0.997 0.512 0.527]
  eval: e=0.0900  p=[0.542 0.232 0.908 0.434 0.997 0.507 0.537]
   239          381        0.0900138         expand
  eval: e=0.0913  p=[0.492 0.243 0.911 0.445 0.995 0.522 0.551]
   240          382        0.0900138         reflect
  eval: e=0.0906  p=[0.540 0.231 0.911 0.435 0.995 0.505 0.539]
   241          383        0.0900138         reflect
  eval: e=0.0911  p=[0.529 0.240 0.893 0.450 0.994 0.493 0.530]
   242          384        0.0900138         reflect
  eval: e=0.0902  p=[0.471 0.239 0.911 0.460 0.993 0.498 0.553]
   243          385        0.0900138         reflect
  eval: e=0.0920  p=[0.503 0.221 0.936 0.434 0.995 0.508 0.563]
  eval: e=0.0902  p=[0.514 0.230 0.919 0.438 0.995 0.507 0.550]
   244          387        0.0900138         contract outside
  eval: e=0.0931  p=[0.515 0.217 0.932 0.437 0.993 0.491 0.557]
  eval: e=0.0904  p=[0.526 0.244 0.896 0.443 0.996 0.513 0.534]
   245          389        0.0900138         contract inside
  eval: e=0.0922  p=[0.562 0.228 0.900 0.437 0.995 0.486 0.526]
  eval: e=0.0902  p=[0.510 0.239 0.908 0.443 0.995 0.513 0.545]
   246          391        0.0900138         contract inside
  eval: e=0.0916  p=[0.519 0.230 0.922 0.430 0.996 0.521 0.552]
  eval: e=0.0902  p=[0.527 0.237 0.901 0.445 0.994 0.500 0.535]
   247          393        0.0900138         contract inside
  eval: e=0.0900  p=[0.470 0.242 0.913 0.458 0.996 0.508 0.554]
  eval: e=0.0920  p=[0.422 0.249 0.919 0.474 0.997 0.509 0.567]
   248          395        0.0899675         reflect
  eval: e=0.0903  p=[0.477 0.244 0.906 0.458 0.995 0.508 0.549]
   249          396        0.0899675         reflect
  eval: e=0.0900  p=[0.477 0.232 0.923 0.453 0.994 0.499 0.559]
   250          397        0.0899675         reflect
  eval: e=0.0908  p=[0.526 0.228 0.918 0.437 0.995 0.502 0.546]
  eval: e=0.0898  p=[0.489 0.240 0.909 0.453 0.995 0.506 0.548]
   251          399        0.0897658         contract inside
  eval: e=0.0901  p=[0.483 0.245 0.902 0.461 0.995 0.501 0.544]
   252          400        0.0897658         reflect
  eval: e=0.0899  p=[0.528 0.237 0.908 0.439 0.998 0.511 0.539]
   253          401        0.0897658         reflect
  eval: e=0.0898  p=[0.495 0.237 0.910 0.455 0.996 0.496 0.546]
   254          402        0.0897658         reflect
  eval: e=0.0897  p=[0.469 0.238 0.920 0.455 0.997 0.508 0.558]
  eval: e=0.0907  p=[0.440 0.239 0.930 0.460 0.999 0.513 0.570]
   255          404        0.0896732         reflect
  eval: e=0.0903  p=[0.509 0.229 0.924 0.438 0.997 0.509 0.553]
  eval: e=0.0896  p=[0.489 0.241 0.907 0.455 0.996 0.503 0.547]
   256          406        0.0896464         contract inside
  eval: e=0.0897  p=[0.518 0.245 0.898 0.447 0.999 0.512 0.535]
   257          407        0.0896464         reflect
  eval: e=0.0909  p=[0.446 0.248 0.910 0.469 0.996 0.506 0.557]
  eval: e=0.0896  p=[0.518 0.236 0.909 0.443 0.997 0.507 0.542]
   258          409        0.0895707         contract inside
  eval: e=0.0895  p=[0.532 0.236 0.904 0.441 0.997 0.505 0.536]
  eval: e=0.0901  p=[0.563 0.233 0.899 0.432 0.998 0.504 0.526]
   259          411        0.0895467         reflect
  eval: e=0.0897  p=[0.475 0.241 0.909 0.461 0.996 0.499 0.550]
   260          412        0.0895467         reflect
  eval: e=0.0900  p=[0.502 0.242 0.906 0.446 0.997 0.515 0.544]
  eval: e=0.0895  p=[0.497 0.238 0.909 0.453 0.997 0.501 0.545]
   261          414        0.0894656         contract inside
  eval: e=0.0892  p=[0.510 0.239 0.907 0.449 0.999 0.504 0.541]
  eval: e=0.0902  p=[0.521 0.238 0.906 0.447 1.001 0.504 0.537]
   262          416        0.0892409         reflect
  eval: e=0.0898  p=[0.479 0.232 0.920 0.455 0.995 0.496 0.556]
  eval: e=0.0894  p=[0.508 0.242 0.904 0.449 0.998 0.508 0.540]
   263          418        0.0892409         contract inside
  eval: e=0.0899  p=[0.532 0.236 0.909 0.438 0.999 0.511 0.538]
  eval: e=0.0894  p=[0.489 0.240 0.909 0.455 0.997 0.502 0.547]
   264          420        0.0892409         contract inside
  eval: e=0.0902  p=[0.543 0.239 0.894 0.443 0.997 0.501 0.527]
  eval: e=0.0894  p=[0.488 0.239 0.914 0.452 0.997 0.506 0.550]
   265          422        0.0892409         contract inside
  eval: e=0.0893  p=[0.523 0.236 0.908 0.442 0.999 0.507 0.539]
   266          423        0.0892409         reflect
  eval: e=0.0892  p=[0.495 0.241 0.907 0.454 0.998 0.503 0.544]
  eval: e=0.0892  p=[0.484 0.243 0.906 0.460 0.999 0.501 0.545]
   267          425        0.0891609         reflect
  eval: e=0.0895  p=[0.471 0.242 0.912 0.460 0.998 0.504 0.552]
  eval: e=0.0893  p=[0.486 0.241 0.910 0.455 0.998 0.504 0.548]
   268          427        0.0891609         contract outside
  eval: e=0.0891  p=[0.503 0.241 0.908 0.449 0.999 0.509 0.543]
  eval: e=0.0897  p=[0.506 0.242 0.907 0.448 1.001 0.513 0.542]
   269          429        0.0890728         reflect
  eval: e=0.0891  p=[0.490 0.237 0.914 0.453 0.999 0.502 0.549]
   270          430        0.0890728         reflect
  eval: e=0.0895  p=[0.509 0.238 0.911 0.447 1.001 0.508 0.543]
  eval: e=0.0892  p=[0.494 0.239 0.909 0.453 0.998 0.504 0.546]
   271          432        0.0890728         contract inside
  eval: e=0.0891  p=[0.513 0.240 0.905 0.449 1.000 0.503 0.538]
  eval: e=0.0901  p=[0.525 0.240 0.900 0.448 1.001 0.501 0.532]
   272          434        0.0890668         reflect
  eval: e=0.0891  p=[0.522 0.237 0.906 0.444 1.000 0.505 0.538]
   273          435        0.0890668         reflect
  eval: e=0.0892  p=[0.485 0.242 0.908 0.458 0.999 0.502 0.546]
   274          436        0.0890668         reflect
  eval: e=0.0896  p=[0.511 0.240 0.906 0.449 1.001 0.504 0.539]
  eval: e=0.0891  p=[0.498 0.239 0.908 0.452 0.998 0.504 0.544]
   275          438        0.0890668         contract inside
  eval: e=0.0889  p=[0.492 0.240 0.909 0.454 0.999 0.504 0.545]
  eval: e=0.0889  p=[0.482 0.241 0.909 0.457 0.999 0.503 0.547]
   276          440        0.0889111         expand
  eval: e=0.0890  p=[0.516 0.237 0.909 0.444 0.999 0.506 0.541]
   277          441        0.0889111         reflect
  eval: e=0.0889  p=[0.512 0.237 0.910 0.446 1.000 0.506 0.542]
   278          442        0.0889111         reflect
  eval: e=0.0892  p=[0.512 0.237 0.909 0.446 1.001 0.506 0.541]
  eval: e=0.0890  p=[0.502 0.239 0.909 0.451 0.999 0.504 0.543]
   279          444        0.0889111         contract inside
  eval: e=0.0893  p=[0.524 0.240 0.902 0.444 1.000 0.509 0.535]
  eval: e=0.0890  p=[0.499 0.238 0.911 0.451 0.999 0.504 0.545]
   280          446        0.0889111         contract inside
  eval: e=0.0890  p=[0.486 0.240 0.911 0.455 0.999 0.505 0.548]
   281          447        0.0889111         reflect
  eval: e=0.0889  p=[0.500 0.237 0.910 0.452 0.999 0.500 0.544]
  eval: e=0.0890  p=[0.498 0.235 0.912 0.453 0.999 0.496 0.545]
   282          449        0.0888835         reflect
  eval: e=0.0889  p=[0.486 0.237 0.915 0.452 0.999 0.505 0.551]
   283          450        0.0888835         reflect
  eval: e=0.0887  p=[0.492 0.237 0.913 0.452 1.000 0.504 0.548]
  eval: e=0.0886  p=[0.488 0.236 0.915 0.452 1.000 0.504 0.550]
   284          452         0.088622         expand
  eval: e=0.0890  p=[0.470 0.239 0.915 0.460 0.999 0.502 0.553]
   285          453         0.088622         reflect
  eval: e=0.0887  p=[0.496 0.235 0.914 0.451 1.000 0.502 0.547]
   286          454         0.088622         reflect
  eval: e=0.0886  p=[0.482 0.237 0.915 0.455 1.000 0.503 0.550]
  eval: e=0.0888  p=[0.474 0.236 0.916 0.457 1.000 0.502 0.553]
   287          456        0.0885963         reflect
  eval: e=0.0888  p=[0.514 0.235 0.911 0.444 1.000 0.505 0.542]
   288          457        0.0885963         reflect
  eval: e=0.0888  p=[0.474 0.237 0.915 0.458 0.999 0.500 0.553]
   289          458        0.0885963         reflect
  eval: e=0.0888  p=[0.496 0.237 0.910 0.453 1.000 0.500 0.544]
   290          459        0.0885963         reflect
  eval: e=0.0887  p=[0.503 0.232 0.916 0.447 1.000 0.501 0.547]
   291          460        0.0885963         reflect
  eval: e=0.0887  p=[0.487 0.234 0.917 0.451 1.000 0.504 0.551]
   292          461        0.0885963         reflect
  eval: e=0.0888  p=[0.488 0.234 0.919 0.449 0.999 0.506 0.553]
   293          462        0.0885963         reflect
  eval: e=0.0893  p=[0.515 0.232 0.915 0.442 1.001 0.507 0.544]
  eval: e=0.0886  p=[0.484 0.236 0.915 0.454 0.999 0.502 0.551]
   294          464        0.0885963         contract inside
  eval: e=0.0887  p=[0.465 0.235 0.921 0.458 1.000 0.501 0.558]
   295          465        0.0885963         reflect
  eval: e=0.0889  p=[0.485 0.236 0.913 0.456 1.001 0.499 0.548]
  eval: e=0.0886  p=[0.487 0.234 0.918 0.451 1.000 0.504 0.552]
   296          467        0.0885963         contract inside
  eval: e=0.0888  p=[0.514 0.235 0.910 0.445 1.000 0.504 0.542]
  eval: e=0.0886  p=[0.477 0.235 0.918 0.455 1.000 0.502 0.554]
   297          469        0.0885886         contract inside
  eval: e=0.0890  p=[0.469 0.239 0.916 0.458 1.000 0.505 0.554]
  eval: e=0.0885  p=[0.495 0.233 0.916 0.450 1.000 0.502 0.549]
   298          471        0.0885377         contract inside
  eval: e=0.0888  p=[0.487 0.236 0.915 0.454 0.999 0.501 0.550]
  eval: e=0.0886  p=[0.487 0.235 0.916 0.452 1.000 0.503 0.551]
   299          473        0.0885377         contract inside
  eval: e=0.0886  p=[0.476 0.235 0.919 0.454 1.000 0.504 0.555]
   300          474        0.0885377         reflect
  eval: e=0.0888  p=[0.485 0.234 0.918 0.451 1.000 0.504 0.552]
  eval: e=0.0886  p=[0.484 0.235 0.916 0.453 1.000 0.502 0.551]
   301          476        0.0885377         contract inside
  eval: e=0.0887  p=[0.481 0.236 0.915 0.455 1.000 0.502 0.551]
  eval: e=0.0886  p=[0.486 0.235 0.917 0.452 1.000 0.503 0.551]
   302          478        0.0885377         contract inside
  eval: e=0.0885  p=[0.480 0.234 0.918 0.454 1.000 0.501 0.553]
  eval: e=0.0885  p=[0.476 0.233 0.920 0.455 1.000 0.500 0.555]
   303          480        0.0885087         expand
  eval: e=0.0886  p=[0.492 0.234 0.915 0.452 1.000 0.500 0.548]
   304          481        0.0885087         reflect
  eval: e=0.0885  p=[0.488 0.232 0.919 0.450 1.000 0.501 0.552]
   305          482        0.0885087         reflect
  eval: e=0.0885  p=[0.488 0.232 0.919 0.451 1.000 0.501 0.552]
  eval: e=0.0886  p=[0.489 0.230 0.920 0.450 1.000 0.500 0.552]
   306          484        0.0884904         reflect
  eval: e=0.0885  p=[0.497 0.232 0.917 0.448 1.000 0.501 0.549]
  eval: e=0.0885  p=[0.507 0.231 0.916 0.445 1.000 0.501 0.546]
   307          486        0.0884745         reflect
  eval: e=0.0884  p=[0.492 0.231 0.918 0.450 1.000 0.499 0.550]
  eval: e=0.0885  p=[0.496 0.229 0.918 0.450 1.000 0.497 0.549]
   308          488        0.0884358         reflect
  eval: e=0.0885  p=[0.486 0.231 0.921 0.450 1.000 0.501 0.553]
   309          489        0.0884358         reflect
  eval: e=0.0885  p=[0.491 0.229 0.920 0.450 1.000 0.498 0.552]
   310          490        0.0884358         reflect
  eval: e=0.0884  p=[0.482 0.229 0.922 0.452 1.000 0.498 0.555]
  eval: e=0.0884  p=[0.476 0.227 0.925 0.452 1.000 0.497 0.558]
   311          492        0.0884068         reflect
  eval: e=0.0883  p=[0.487 0.231 0.919 0.451 1.000 0.499 0.552]
  eval: e=0.0883  p=[0.486 0.230 0.919 0.452 1.000 0.498 0.552]
   312          494        0.0883412         reflect
  eval: e=0.0886  p=[0.502 0.229 0.919 0.446 1.000 0.499 0.549]
  eval: e=0.0884  p=[0.483 0.232 0.919 0.453 1.000 0.500 0.553]
   313          496        0.0883412         contract inside
  eval: e=0.0884  p=[0.489 0.229 0.920 0.450 1.000 0.498 0.552]
   314          497        0.0883412         reflect
  eval: e=0.0884  p=[0.477 0.229 0.923 0.453 1.000 0.497 0.556]
   315          498        0.0883412         reflect
  eval: e=0.0884  p=[0.479 0.231 0.920 0.453 1.000 0.500 0.554]
   316          499        0.0883412         reflect
  eval: e=0.0884  p=[0.482 0.230 0.920 0.453 1.000 0.496 0.553]
   317          500        0.0883412         reflect
  eval: e=0.0885  p=[0.473 0.229 0.923 0.454 1.000 0.498 0.558]
  eval: e=0.0884  p=[0.488 0.231 0.919 0.451 1.000 0.499 0.552]
   318          502        0.0883412         contract inside
  eval: e=0.0883  p=[0.484 0.228 0.922 0.451 1.000 0.496 0.554]
  eval: e=0.0883  p=[0.485 0.226 0.923 0.451 1.000 0.495 0.554]
   319          504        0.0883121         expand
  eval: e=0.0883  p=[0.485 0.230 0.919 0.452 1.000 0.497 0.552]
   320          505        0.0883121         reflect
  eval: e=0.0884  p=[0.490 0.227 0.921 0.450 1.000 0.495 0.552]
  eval: e=0.0883  p=[0.482 0.230 0.920 0.452 1.000 0.498 0.554]
   321          507        0.0883121         contract inside
  eval: e=0.0883  p=[0.494 0.230 0.917 0.450 1.000 0.498 0.549]
   322          508        0.0883121         reflect
  eval: e=0.0884  p=[0.492 0.229 0.920 0.449 1.000 0.499 0.551]
  eval: e=0.0883  p=[0.489 0.230 0.920 0.450 1.000 0.498 0.552]
   323          510        0.0883121         contract outside
  eval: e=0.0883  p=[0.487 0.228 0.920 0.451 1.000 0.497 0.553]
  eval: e=0.0882  p=[0.487 0.227 0.921 0.450 1.000 0.496 0.553]
   324          512        0.0882444         expand
  eval: e=0.0884  p=[0.485 0.229 0.920 0.452 1.000 0.496 0.553]
  eval: e=0.0883  p=[0.488 0.229 0.920 0.451 1.000 0.498 0.552]
   325          514        0.0882444         contract inside
  eval: e=0.0883  p=[0.490 0.228 0.921 0.449 1.000 0.498 0.552]
   326          515        0.0882444         reflect
  eval: e=0.0883  p=[0.489 0.227 0.921 0.450 1.000 0.496 0.553]
   327          516        0.0882444         reflect
  eval: e=0.0883  p=[0.496 0.226 0.920 0.448 1.000 0.495 0.551]
   328          517        0.0882444         reflect
  eval: e=0.0883  p=[0.490 0.226 0.921 0.449 1.000 0.494 0.552]
   329          518        0.0882444         reflect
  eval: e=0.0883  p=[0.484 0.224 0.925 0.449 1.000 0.494 0.556]
   330          519        0.0882444         reflect
  eval: e=0.0883  p=[0.489 0.224 0.923 0.449 1.000 0.493 0.554]
   331          520        0.0882444         reflect
  eval: e=0.0882  p=[0.494 0.226 0.921 0.448 1.000 0.495 0.552]
  eval: e=0.0882  p=[0.498 0.225 0.920 0.446 1.000 0.496 0.550]
   332          522        0.0882243         expand
  eval: e=0.0883  p=[0.491 0.223 0.923 0.448 1.000 0.492 0.553]
   333          523        0.0882243         reflect
  eval: e=0.0882  p=[0.499 0.227 0.918 0.448 1.000 0.495 0.549]
   334          524        0.0882243         reflect
  eval: e=0.0882  p=[0.495 0.225 0.921 0.447 1.000 0.495 0.551]
  eval: e=0.0883  p=[0.498 0.224 0.920 0.446 1.000 0.495 0.550]
   335          526        0.0882157         reflect
  eval: e=0.0883  p=[0.495 0.229 0.918 0.448 1.000 0.498 0.550]
   336          527        0.0882157         reflect
  eval: e=0.0882  p=[0.491 0.226 0.920 0.449 1.000 0.496 0.552]
  eval: e=0.0882  p=[0.488 0.226 0.921 0.449 1.000 0.496 0.553]
   337          529        0.0882043         reflect
  eval: e=0.0883  p=[0.490 0.223 0.923 0.448 1.000 0.492 0.553]
  eval: e=0.0882  p=[0.494 0.227 0.920 0.448 1.000 0.497 0.551]
   338          531        0.0882043         contract inside
  eval: e=0.0882  p=[0.497 0.225 0.920 0.447 1.000 0.495 0.550]
  eval: e=0.0882  p=[0.502 0.224 0.919 0.445 1.000 0.494 0.549]
   339          533         0.088196         reflect
  eval: e=0.0882  p=[0.499 0.229 0.916 0.447 1.000 0.498 0.548]
   340          534         0.088196         reflect
  eval: e=0.0882  p=[0.505 0.226 0.917 0.445 1.000 0.496 0.547]
   341          535         0.088196         reflect
  eval: e=0.0882  p=[0.495 0.225 0.920 0.446 1.000 0.497 0.551]
   342          536         0.088196         reflect
  eval: e=0.0882  p=[0.486 0.227 0.922 0.450 1.000 0.496 0.554]
  eval: e=0.0882  p=[0.500 0.226 0.918 0.446 1.000 0.496 0.549]
   343          538         0.088196         contract inside
  eval: e=0.0882  p=[0.494 0.227 0.919 0.448 1.000 0.496 0.550]
  eval: e=0.0882  p=[0.497 0.226 0.920 0.447 1.000 0.496 0.550]
   344          540         0.088196         contract inside
  eval: e=0.0882  p=[0.499 0.225 0.919 0.446 1.000 0.495 0.550]
  eval: e=0.0882  p=[0.495 0.227 0.919 0.448 1.000 0.496 0.551]
   345          542         0.088196         contract inside
  eval: e=0.0882  p=[0.498 0.227 0.918 0.447 1.000 0.498 0.549]
  eval: e=0.0882  p=[0.496 0.226 0.920 0.447 1.000 0.496 0.551]
   346          544        0.0881902         contract inside
  eval: e=0.0882  p=[0.493 0.223 0.923 0.447 1.000 0.494 0.553]
  eval: e=0.0882  p=[0.498 0.227 0.918 0.447 1.000 0.497 0.549]
   347          546        0.0881902         contract inside
  eval: e=0.0882  p=[0.497 0.227 0.918 0.448 1.000 0.495 0.549]
  eval: e=0.0882  p=[0.496 0.226 0.920 0.447 1.000 0.496 0.551]
   348          548        0.0881902         contract inside
  eval: e=0.0882  p=[0.495 0.226 0.919 0.448 1.000 0.496 0.550]
  eval: e=0.0882  p=[0.495 0.227 0.919 0.448 1.000 0.496 0.550]
   349          550        0.0881879         reflect
  eval: e=0.0882  p=[0.490 0.226 0.921 0.449 1.000 0.496 0.552]
  eval: e=0.0882  p=[0.498 0.226 0.919 0.447 1.000 0.496 0.550]
   350          552        0.0881879         contract inside
  eval: e=0.0882  p=[0.502 0.226 0.918 0.445 1.000 0.496 0.548]
  eval: e=0.0882  p=[0.499 0.226 0.919 0.446 1.000 0.496 0.549]
   351          554        0.0881879         contract outside
  eval: e=0.0882  p=[0.499 0.225 0.919 0.446 1.000 0.496 0.549]
   352          555        0.0881879         reflect
  eval: e=0.0882  p=[0.497 0.224 0.921 0.446 1.000 0.495 0.551]
   353          556        0.0881879         reflect
  eval: e=0.0882  p=[0.499 0.225 0.919 0.447 1.000 0.495 0.549]
   354          557        0.0881879         reflect
  eval: e=0.0882  p=[0.499 0.227 0.918 0.447 1.000 0.496 0.549]
   355          558        0.0881879         reflect
  eval: e=0.0882  p=[0.498 0.225 0.919 0.447 1.000 0.495 0.550]
   356          559        0.0881879         reflect
  eval: e=0.0882  p=[0.496 0.226 0.919 0.448 1.000 0.495 0.550]
   357          560        0.0881879         reflect
  eval: e=0.0882  p=[0.497 0.227 0.918 0.447 1.000 0.496 0.549]
   358          561        0.0881879         reflect
  eval: e=0.0882  p=[0.496 0.225 0.920 0.447 1.000 0.495 0.551]
  eval: e=0.0882  p=[0.498 0.226 0.918 0.447 1.000 0.496 0.549]
   359          563        0.0881879         contract inside
  eval: e=0.0882  p=[0.497 0.227 0.919 0.447 1.000 0.496 0.550]
  eval: e=0.0882  p=[0.497 0.226 0.919 0.447 1.000 0.495 0.550]
   360          565        0.0881861         contract inside
  eval: e=0.0882  p=[0.495 0.226 0.919 0.448 1.000 0.495 0.550]
  eval: e=0.0882  p=[0.498 0.226 0.919 0.447 1.000 0.496 0.550]
   361          567        0.0881861         contract inside
  eval: e=0.0882  p=[0.498 0.226 0.919 0.446 1.000 0.496 0.549]
   362          568        0.0881861         reflect
  eval: e=0.0882  p=[0.496 0.227 0.919 0.447 1.000 0.497 0.550]
  eval: e=0.0882  p=[0.496 0.227 0.919 0.447 1.000 0.496 0.550]
   363          570        0.0881861         contract outside
  eval: e=0.0882  p=[0.497 0.225 0.920 0.447 1.000 0.495 0.550]
  eval: e=0.0882  p=[0.497 0.227 0.919 0.447 1.000 0.496 0.550]
   364          572        0.0881846         contract inside
  eval: e=0.0882  p=[0.499 0.227 0.918 0.447 1.000 0.496 0.549]
  eval: e=0.0882  p=[0.500 0.227 0.917 0.447 1.000 0.497 0.548]
   365          574        0.0881833         reflect
  eval: e=0.0882  p=[0.497 0.226 0.919 0.447 1.000 0.496 0.550]
  eval: e=0.0882  p=[0.498 0.226 0.919 0.447 1.000 0.496 0.549]
   366          576        0.0881833         contract inside
  eval: e=0.0882  p=[0.496 0.227 0.918 0.447 1.000 0.496 0.550]
  eval: e=0.0882  p=[0.498 0.226 0.919 0.447 1.000 0.496 0.550]
   367          578        0.0881833         contract inside
  eval: e=0.0882  p=[0.500 0.226 0.918 0.446 1.000 0.496 0.549]
  eval: e=0.0882  p=[0.497 0.226 0.919 0.447 1.000 0.496 0.550]
   368          580        0.0881822         contract inside
  eval: e=0.0882  p=[0.499 0.226 0.918 0.447 1.000 0.495 0.549]
   369          581        0.0881822         reflect
  eval: e=0.0882  p=[0.497 0.227 0.918 0.448 1.000 0.496 0.549]
  eval: e=0.0882  p=[0.498 0.226 0.919 0.447 1.000 0.496 0.549]
   370          583        0.0881822         contract inside
  eval: e=0.0882  p=[0.498 0.226 0.919 0.447 1.000 0.496 0.549]
  eval: e=0.0882  p=[0.498 0.226 0.919 0.447 1.000 0.496 0.549]
   371          585        0.0881822         contract inside
  eval: e=0.0882  p=[0.498 0.227 0.918 0.447 1.000 0.496 0.549]
   372          586        0.0881822         reflect
  eval: e=0.0882  p=[0.498 0.227 0.918 0.447 1.000 0.496 0.549]
   373          587        0.0881822         reflect
  eval: e=0.0882  p=[0.498 0.226 0.919 0.447 1.000 0.495 0.550]
  eval: e=0.0882  p=[0.498 0.227 0.918 0.447 1.000 0.496 0.549]
   374          589        0.0881822         contract inside
  eval: e=0.0882  p=[0.498 0.226 0.918 0.447 1.000 0.496 0.549]
   375          590        0.0881822         reflect
  eval: e=0.0882  p=[0.499 0.226 0.918 0.447 1.000 0.496 0.549]
   376          591        0.0881822         reflect
  eval: e=0.0882  p=[0.498 0.226 0.918 0.447 1.000 0.496 0.549]
   377          592        0.0881822         reflect
  eval: e=0.0882  p=[0.497 0.227 0.918 0.447 1.000 0.497 0.549]
  eval: e=0.0882  p=[0.499 0.226 0.918 0.447 1.000 0.496 0.549]
   378          594        0.0881822         contract inside
  eval: e=0.0882  p=[0.497 0.227 0.919 0.447 1.000 0.496 0.550]
  eval: e=0.0882  p=[0.499 0.226 0.918 0.447 1.000 0.496 0.549]
   379          596        0.0881822         contract inside
  eval: e=0.0882  p=[0.498 0.227 0.918 0.447 1.000 0.496 0.549]
   380          597        0.0881822         reflect
  eval: e=0.0882  p=[0.498 0.227 0.918 0.447 1.000 0.496 0.549]
  eval: e=0.0882  p=[0.498 0.226 0.918 0.447 1.000 0.496 0.549]
   381          599        0.0881822         contract inside
  eval: e=0.0882  p=[0.498 0.226 0.918 0.447 1.000 0.496 0.549]
  eval: e=0.0882  p=[0.498 0.226 0.918 0.447 1.000 0.496 0.549]
   382          601        0.0881822         contract inside
  eval: e=0.0882  p=[0.498 0.226 0.918 0.447 1.000 0.496 0.549]
  eval: e=0.0882  p=[0.498 0.226 0.918 0.447 1.000 0.496 0.549]
   383          603        0.0881822         contract inside
  eval: e=0.0882  p=[0.498 0.226 0.919 0.447 1.000 0.496 0.549]
  eval: e=0.0882  p=[0.498 0.226 0.918 0.447 1.000 0.496 0.549]
   384          605        0.0881819         contract inside
  eval: e=0.0882  p=[0.497 0.226 0.919 0.447 1.000 0.496 0.550]
  eval: e=0.0882  p=[0.498 0.226 0.919 0.447 1.000 0.496 0.549]
   385          607        0.0881819         contract outside
  eval: e=0.0882  p=[0.497 0.226 0.919 0.447 1.000 0.496 0.550]
   386          608        0.0881819         reflect
  eval: e=0.0882  p=[0.497 0.226 0.918 0.447 1.000 0.496 0.549]
  eval: e=0.0882  p=[0.498 0.226 0.918 0.447 1.000 0.496 0.549]
   387          610        0.0881819         contract inside
  eval: e=0.0882  p=[0.497 0.227 0.919 0.447 1.000 0.496 0.550]
   388          611        0.0881819         reflect
  eval: e=0.0882  p=[0.497 0.226 0.919 0.447 1.000 0.496 0.550]
  eval: e=0.0882  p=[0.498 0.226 0.918 0.447 1.000 0.496 0.549]
   389          613        0.0881819         contract inside
  eval: e=0.0882  p=[0.498 0.226 0.918 0.447 1.000 0.496 0.549]
   390          614        0.0881819         reflect
  eval: e=0.0882  p=[0.497 0.226 0.918 0.447 1.000 0.496 0.550]
  eval: e=0.0882  p=[0.498 0.226 0.918 0.447 1.000 0.496 0.549]
   391          616        0.0881819         contract inside
  eval: e=0.0882  p=[0.497 0.226 0.919 0.447 1.000 0.496 0.550]
  eval: e=0.0882  p=[0.498 0.226 0.918 0.447 1.000 0.496 0.549]
   392          618        0.0881819         contract inside
  eval: e=0.0882  p=[0.499 0.227 0.918 0.447 1.000 0.496 0.549]
  eval: e=0.0882  p=[0.497 0.226 0.919 0.447 1.000 0.496 0.550]
   393          620        0.0881818         contract inside
  eval: e=0.0882  p=[0.499 0.226 0.918 0.447 1.000 0.496 0.549]
  eval: e=0.0882  p=[0.497 0.226 0.919 0.447 1.000 0.496 0.550]
   394          622        0.0881818         contract inside
  eval: e=0.0882  p=[0.498 0.227 0.918 0.447 1.000 0.496 0.549]
   395          623        0.0881818         reflect
  eval: e=0.0882  p=[0.497 0.226 0.919 0.447 1.000 0.496 0.550]
  eval: e=0.0882  p=[0.498 0.226 0.918 0.447 1.000 0.496 0.549]
   396          625        0.0881817         contract inside
  eval: e=0.0882  p=[0.497 0.227 0.918 0.447 1.000 0.496 0.549]
  eval: e=0.0882  p=[0.498 0.226 0.918 0.447 1.000 0.496 0.549]
   397          627        0.0881817         contract inside
  eval: e=0.0882  p=[0.498 0.227 0.918 0.447 1.000 0.496 0.549]
  eval: e=0.0882  p=[0.498 0.226 0.918 0.447 1.000 0.496 0.549]
   398          629        0.0881817         contract inside
  eval: e=0.0882  p=[0.498 0.227 0.918 0.447 1.000 0.496 0.549]
   399          630        0.0881817         reflect
  eval: e=0.0882  p=[0.498 0.226 0.919 0.447 1.000 0.496 0.550]
  eval: e=0.0882  p=[0.498 0.227 0.918 0.447 1.000 0.496 0.549]
   400          632        0.0881817         contract inside
  eval: e=0.0882  p=[0.498 0.226 0.918 0.447 1.000 0.496 0.549]
  eval: e=0.0882  p=[0.498 0.226 0.918 0.447 1.000 0.496 0.549]
   401          634        0.0881816         contract inside
  eval: e=0.0882  p=[0.498 0.226 0.918 0.447 1.000 0.496 0.549]
   402          635        0.0881816         reflect
  eval: e=0.0882  p=[0.497 0.226 0.919 0.447 1.000 0.496 0.550]
  eval: e=0.0882  p=[0.498 0.226 0.918 0.447 1.000 0.496 0.549]
   403          637        0.0881816         contract inside
  eval: e=0.0882  p=[0.499 0.227 0.918 0.447 1.000 0.496 0.549]
  eval: e=0.0882  p=[0.497 0.226 0.918 0.447 1.000 0.496 0.549]
   404          639        0.0881816         contract inside
  eval: e=0.0882  p=[0.498 0.226 0.918 0.447 1.000 0.496 0.549]
  eval: e=0.0882  p=[0.498 0.226 0.918 0.447 1.000 0.496 0.549]
   405          641        0.0881816         contract inside
  eval: e=0.0882  p=[0.498 0.227 0.918 0.447 1.000 0.496 0.549]
  eval: e=0.0882  p=[0.498 0.226 0.918 0.447 1.000 0.496 0.549]
  eval: e=0.0882  p=[0.498 0.226 0.918 0.447 1.000 0.496 0.549]
  eval: e=0.0882  p=[0.498 0.226 0.918 0.447 1.000 0.496 0.549]
  eval: e=0.0882  p=[0.498 0.226 0.918 0.447 1.000 0.496 0.549]
  eval: e=0.0882  p=[0.498 0.226 0.918 0.447 1.000 0.496 0.549]
  eval: e=0.0882  p=[0.498 0.227 0.918 0.447 1.000 0.496 0.549]
  eval: e=0.0882  p=[0.498 0.226 0.918 0.447 1.000 0.496 0.549]
  eval: e=0.0882  p=[0.498 0.226 0.918 0.447 1.000 0.496 0.549]
   406          650        0.0881816         shrink
  eval: e=0.0882  p=[0.498 0.226 0.918 0.447 1.000 0.496 0.549]
   407          651        0.0881816         reflect
  eval: e=0.0882  p=[0.498 0.226 0.918 0.447 1.000 0.496 0.549]
  eval: e=0.0882  p=[0.498 0.226 0.918 0.447 1.000 0.496 0.549]
   408          653        0.0881816         contract inside
  eval: e=0.0882  p=[0.497 0.226 0.918 0.447 1.000 0.496 0.549]
   409          654        0.0881816         reflect
  eval: e=0.0882  p=[0.498 0.227 0.918 0.447 1.000 0.496 0.549]
  eval: e=0.0882  p=[0.498 0.226 0.918 0.447 1.000 0.496 0.549]
  eval: e=0.0882  p=[0.498 0.226 0.918 0.447 1.000 0.496 0.549]
  eval: e=0.0882  p=[0.498 0.226 0.918 0.447 1.000 0.496 0.549]
  eval: e=0.0882  p=[0.498 0.226 0.918 0.447 1.000 0.496 0.549]
  eval: e=0.0882  p=[0.498 0.226 0.918 0.447 1.000 0.496 0.549]
  eval: e=0.0882  p=[0.498 0.226 0.918 0.447 1.000 0.496 0.549]
  eval: e=0.0882  p=[0.498 0.226 0.918 0.447 1.000 0.496 0.549]
  eval: e=0.0882  p=[0.498 0.226 0.918 0.447 1.000 0.496 0.549]
   410          663        0.0881816         shrink
 
Optimization terminated:
 the current x satisfies the termination criteria using OPTIONS.TolX of 1.000000e-04 
 and F(X) satisfies the convergence criteria using OPTIONS.TolFun of 1.000000e-06 

=== Fit complete: error=0.088182  AIC=-2363.4 ===
