Sweeping k_1 ...
  p=0.1  k_1=0.1995  peak=451.7  SRX=0.988
  p=0.2  k_1=0.3981  peak=940.1  SRX=0.976
  p=0.3  k_1=0.7943  peak=1985.8  SRX=0.949
  p=0.4  k_1=1.585  peak=4097.7  SRX=0.892
  p=0.5  k_1=3.162  peak=7389.4  SRX=0.772
Sweeping k_3 ...
  p=0.1  k_3=2.512  peak=2982.8  SRX=0.886
  p=0.2  k_3=6.31  peak=7596.0  SRX=0.858
  p=0.3  k_3=15.85  peak=20391.9  SRX=0.801
  p=0.4  k_3=39.81  peak=37990.8  SRX=0.719
  p=0.5  k_3=100  peak=48838.3  SRX=0.628
Sweeping k_on ...
  p=0.1  k_on=1.585e+06  peak=312.4  SRX=0.903
  p=0.2  k_on=2.512e+06  peak=400.9  SRX=0.902
  p=0.3  k_on=3.981e+06  peak=563.2  SRX=0.900
  p=0.4  k_on=6.31e+06  peak=873.4  SRX=0.898
  p=0.5  k_on=1e+07  peak=1511.1  SRX=0.894
Sweeping k_off ...
  p=0.1  k_off=12.59  peak=3715.8  SRX=0.881
  p=0.2  k_off=15.85  peak=2748.4  SRX=0.886
  p=0.3  k_off=19.95  peak=2019.0  SRX=0.891
  p=0.4  k_off=25.12  peak=1494.3  SRX=0.894
  p=0.5  k_off=31.62  peak=1127.6  SRX=0.896
Sweeping k_5_0 ...
  p=0.1  k_5_0=1.995  peak=225.4  SRX=0.896
  p=0.2  k_5_0=3.981  peak=283.6  SRX=0.896
  p=0.3  k_5_0=7.943  peak=383.5  SRX=0.895
  p=0.4  k_5_0=15.85  peak=555.1  SRX=0.894
  p=0.5  k_5_0=31.62  peak=862.6  SRX=0.892
Sweeping k_7_0 ...
  p=0.1  k_7_0=2.512  peak=1878.1  SRX=0.870
  p=0.2  k_7_0=6.31  peak=3675.3  SRX=0.866
  p=0.3  k_7_0=15.85  peak=7716.5  SRX=0.858
  p=0.4  k_7_0=39.81  peak=6765.2  SRX=0.861
  p=0.5  k_7_0=100  peak=4254.6  SRX=0.878
Sweeping k_coop ...
  p=0.1  k_coop=0.1995  peak=6149.8  SRX=0.855
  p=0.2  k_coop=0.3981  peak=5958.4  SRX=0.857
  p=0.3  k_coop=0.7943  peak=5645.7  SRX=0.860
  p=0.4  k_coop=1.585  peak=5192.2  SRX=0.866
  p=0.5  k_coop=3.162  peak=4684.0  SRX=0.875
Saved temp/sweeps/sweep_4state_control.png
