Sweeping k_1 ...
  p=0.1  k_1=0.1995  peak=50.1  SRX=0.999
  p=0.2  k_1=0.3981  peak=99.5  SRX=0.999
  p=0.3  k_1=0.7943  peak=196.2  SRX=0.997
  p=0.4  k_1=1.585  peak=379.9  SRX=0.995
  p=0.5  k_1=3.162  peak=708.4  SRX=0.990
Sweeping k_3 ...
  p=0.1  k_3=2.512  peak=2099.2  SRX=0.886
  p=0.2  k_3=6.31  peak=4171.9  SRX=0.863
  p=0.3  k_3=15.85  peak=10421.5  SRX=0.821
  p=0.4  k_3=39.81  peak=14143.1  SRX=0.741
  p=0.5  k_3=100  peak=15405.6  SRX=0.608
Sweeping k_on ...
  p=0.1  k_on=1.585e+06  peak=783.8  SRX=0.901
  p=0.2  k_on=2.512e+06  peak=853.5  SRX=0.899
  p=0.3  k_on=3.981e+06  peak=981.1  SRX=0.897
  p=0.4  k_on=6.31e+06  peak=1232.2  SRX=0.893
  p=0.5  k_on=1e+07  peak=1804.2  SRX=0.885
Sweeping k_off ...
  p=0.1  k_off=12.59  peak=3694.1  SRX=0.868
  p=0.2  k_off=15.85  peak=2807.9  SRX=0.876
  p=0.3  k_off=19.95  peak=2061.1  SRX=0.882
  p=0.4  k_off=25.12  peak=1603.2  SRX=0.887
  p=0.5  k_off=31.62  peak=1329.6  SRX=0.891
Sweeping k_5_0 ...
  p=0.1  k_5_0=1.585  peak=261.7  SRX=0.887
  p=0.2  k_5_0=2.512  peak=310.3  SRX=0.887
  p=0.3  k_5_0=3.981  peak=390.0  SRX=0.886
  p=0.4  k_5_0=6.31  peak=514.1  SRX=0.885
  p=0.5  k_5_0=10  peak=706.7  SRX=0.884
Sweeping k_7_0 ...
  p=0.1  k_7_0=2.512  peak=2094.0  SRX=0.863
  p=0.2  k_7_0=6.31  peak=3682.8  SRX=0.861
  p=0.3  k_7_0=15.85  peak=5949.3  SRX=0.856
  p=0.4  k_7_0=39.81  peak=4259.1  SRX=0.861
  p=0.5  k_7_0=100  peak=2493.5  SRX=0.873
Sweeping k_coop ...
  p=0.1  k_coop=0.1995  peak=8303.1  SRX=0.825
  p=0.2  k_coop=0.3981  peak=8184.2  SRX=0.827
  p=0.3  k_coop=0.7943  peak=7944.9  SRX=0.830
  p=0.4  k_coop=1.585  peak=7466.5  SRX=0.836
  p=0.5  k_coop=3.162  peak=6544.1  SRX=0.845
Saved temp/sweeps/sweep_4state.png
