Sweeping k_1 ...
  p=0.1  k_1=0.1995  peak=156.6  SRX=0.898
  p=0.2  k_1=0.3981  peak=326.0  SRX=0.894
  p=0.3  k_1=0.7943  peak=703.5  SRX=0.886
  p=0.4  k_1=1.585  peak=1590.5  SRX=0.867
  p=0.5  k_1=3.162  peak=3632.6  SRX=0.823
Sweeping k_3 ...
  p=0.1  k_3=2.512  peak=164.1  SRX=0.825
  p=0.2  k_3=6.31  peak=437.9  SRX=0.822
  p=0.3  k_3=15.85  peak=1251.7  SRX=0.815
  p=0.4  k_3=39.81  peak=3853.8  SRX=0.794
  p=0.5  k_3=100  peak=11488.1  SRX=0.745
Sweeping k_on ...
  p=0.1  k_on=1.585e+06  peak=4229.8  SRX=0.791
  p=0.2  k_on=2.512e+06  peak=7823.2  SRX=0.766
  p=0.3  k_on=3.981e+06  peak=13615.5  SRX=0.727
  p=0.4  k_on=6.31e+06  peak=21284.6  SRX=0.674
  p=0.5  k_on=1e+07  peak=30342.7  SRX=0.614
Sweeping k_off ...
  p=0.1  k_off=12.59  peak=4492.3  SRX=0.789
  p=0.2  k_off=15.85  peak=3426.3  SRX=0.796
  p=0.3  k_off=19.95  peak=2624.8  SRX=0.802
  p=0.4  k_off=25.12  peak=2018.5  SRX=0.807
  p=0.5  k_off=31.62  peak=1557.3  SRX=0.811
Sweeping k_5_0 ...
  p=0.1  k_5_0=2.512  peak=75.2  SRX=0.816
  p=0.2  k_5_0=6.31  peak=181.3  SRX=0.816
  p=0.3  k_5_0=15.85  peak=415.8  SRX=0.814
  p=0.4  k_5_0=39.81  peak=872.0  SRX=0.811
  p=0.5  k_5_0=100  peak=1615.1  SRX=0.806
Sweeping k_7_0 ...
  p=0.1  k_7_0=2.512  peak=3670.6  SRX=0.766
  p=0.2  k_7_0=6.31  peak=6561.3  SRX=0.762
  p=0.3  k_7_0=15.85  peak=12502.3  SRX=0.754
  p=0.4  k_7_0=39.81  peak=9556.4  SRX=0.759
  p=0.5  k_7_0=100  peak=4684.8  SRX=0.788
Sweeping k_coop ...
  p=0.1  k_coop=0.1995  peak=9414.8  SRX=0.762
  p=0.2  k_coop=0.3981  peak=8212.5  SRX=0.767
  p=0.3  k_coop=0.7943  peak=6445.9  SRX=0.777
  p=0.4  k_coop=1.585  peak=4411.0  SRX=0.790
  p=0.5  k_coop=3.162  peak=2672.4  SRX=0.803
Saved temp/sweeps/sweep_6state_control.png
