Sweeping k_1 (best=1.106) ...
Sweeping k_force (best=0.0005) ...
Sweeping k_2 (best=300) ...
Sweeping k_3 (best=157) ...
Sweeping k_4_0 (best=10) ...
Sweeping k_4_1 (best=0.1) ...
Sweeping k_5_0 (best=100) ...
Sweeping k_5_1 (best=1) ...
Sweeping k_6_0 (best=0.1) ...
Sweeping k_6_1 (best=0.01) ...
Sweeping k_7_0 (best=438) ...
Sweeping k_7_1 (best=0.3248) ...
Sweeping k_8 (zero param, using baseline=0.01) ...
Sweeping k_9 (best=1) ...
Sweeping k_10 (zero param, using baseline=0.01) ...
Sweeping k_11 (best=18) ...
Sweeping k_12 (best=1.8) ...
Sweeping k_13 (best=5000) ...
Sweeping k_14 (best=1.8) ...
Sweeping k_cb (best=0.001) ...
Sweeping k_on (best=9.992e+07) ...
Sweeping k_off (best=32.12) ...
Sweeping k_coop (best=100) ...
Saved: temp/sweeps_all/sweep_all_6state.png
Done — 6-state sweep complete.
