Sweeping k_1 (best=3.113) ...
Sweeping k_force (best=0.0005) ...
Sweeping k_2 (best=31.13) ...
Sweeping k_3 (best=8.053) ...
Sweeping k_4_0 (best=10) ...
Sweeping k_4_1 (best=0.1) ...
Sweeping k_5_0 (best=1000) ...
Sweeping k_5_1 (best=1) ...
Sweeping k_6_0 (best=0.1) ...
Sweeping k_6_1 (best=0.01) ...
Sweeping k_7_0 (best=96.47) ...
Sweeping k_7_1 (best=0.3248) ...
Sweeping k_8 (zero param, using baseline=0.01) ...
Sweeping k_9 (best=1000) ...
Sweeping k_10 (zero param, using baseline=0.01) ...
Sweeping k_11 (best=18) ...
Sweeping k_12 (best=1.8) ...
Sweeping k_13 (best=5000) ...
Sweeping k_14 (best=1.8) ...
Sweeping k_cb (best=0.001) ...
Sweeping k_on (best=6.865e+07) ...
Sweeping k_off (best=27.99) ...
Sweeping k_coop (best=4.445) ...
Saved: /Users/tomtan/Research/MATMyoSim/code/demos/fitting/twitch_6state_HCM/temp/sweeps_all/sweep_all_6state.png
Done — 6-state sweep complete.
