Sweeping k_1 ...
  p=0.1  k_1=0.1995  peak=645.9  SRX=0.999
  p=0.2  k_1=0.3981  peak=1517.3  SRX=0.998
  p=0.3  k_1=0.7943  peak=4456.7  SRX=0.996
  p=0.4  k_1=1.585  peak=23548.3  SRX=0.992
  p=0.5  k_1=3.162  peak=29867.0  SRX=0.981
Sweeping k_on ...
  p=0.1  k_on=1.585e+06  peak=1.5  SRX=0.997
  p=0.2  k_on=2.512e+06  peak=2.4  SRX=0.997
  p=0.3  k_on=3.981e+06  peak=4.0  SRX=0.997
  p=0.4  k_on=6.31e+06  peak=6.7  SRX=0.997
  p=0.5  k_on=1e+07  peak=11.6  SRX=0.997
Sweeping k_off ...
  p=0.1  k_off=12.59  peak=20259.2  SRX=0.829
  p=0.2  k_off=15.85  peak=20199.1  SRX=0.833
  p=0.3  k_off=19.95  peak=20085.7  SRX=0.886
  p=0.4  k_off=25.12  peak=19784.9  SRX=0.992
  p=0.5  k_off=31.62  peak=10063.9  SRX=0.995
Sweeping k_9 ...
  p=0.1  k_9=1.995  peak=9561.7  SRX=0.995
  p=0.2  k_9=3.981  peak=9557.1  SRX=0.995
  p=0.3  k_9=7.943  peak=9547.8  SRX=0.995
  p=0.4  k_9=15.85  peak=9529.3  SRX=0.995
  p=0.5  k_9=31.62  peak=9493.0  SRX=0.995
Saved temp/sweeps/sweep_6state.png

------------------------------------------------------------------------
              abort() detected at Sat May 30 14:51:40 2026
------------------------------------------------------------------------
Architecture     : maca64
Processor ID     : ABI64 ARM ARM64E HG
Host Name        : 0587458976
Locale           : en_US


Abnormal termination:
abort()

Current Thread: 'FTP_1_320' id 0x1724a3000

Register State (from fault):
   X0 = 0000000000000000   X1 = 0000000000000000
   X2 = 0000000000000000   X3 = 0000000000000000
   X4 = 0000000000000073   X5 = 000000000000002e
   X6 = 0000000000000001   X7 = 0000000000000480
   X8 = 479ed63fd21dc9e8   X9 = 479ed63ea057f9e8
  X10 = 0000000000000002  X11 = 0000010000000000
  X12 = 00000000fffffffd  X13 = 0000000000000000
  X14 = 0000000000000000  X15 = 0000000000000000
  X16 = 0000000000000148  X17 = 00000001ffe9cfc0
  X18 = 0000000000000000  X19 = 0000000000000006
  X20 = 000000000000b663  X21 = 00000001724a30e0
  X22 = 000000019244e7a2  X23 = 00000001724a23a0
  X24 = 0000000000000000  X25 = 0000000000000000
  X26 = 000000016fba35b4  X27 = 00000001724a3000
  X28 = 00000001724a2e78

   FP = 00000001724a1cf0   LR = 0000000192617888
   SP = 00000001724a1cd0   PC = 00000001925dd5b0

 CPSR = 40001000


Stack Trace (from fault):
[  0] 0x000000010051d304 /Users/tomtan/Library/Application Support/MathWorks/ServiceHost/v2026.5.0.3/MathWorksServiceHost.app/Contents/Frameworks/bin/maca64/libmwfl.dylib+00004868 _ZN10foundation4core4diag15stacktrace_base7captureERKNS1_14thread_contextEm+00000048
[  1] 0x00000001005204e0 /Users/tomtan/Library/Application Support/MathWorks/ServiceHost/v2026.5.0.3/MathWorksServiceHost.app/Contents/Frameworks/bin/maca64/libmwfl.dylib+00017632 _ZN10foundation4core4test17terminate_handledERKNSt3__112basic_stringIcNS2_11char_traitsIcEENS2_9allocatorIcEEEE+00002240
[  2] 0x000000010051f92c /Users/tomtan/Library/Application Support/MathWorks/ServiceHost/v2026.5.0.3/MathWorksServiceHost.app/Contents/Frameworks/bin/maca64/libmwfl.dylib+00014636 _ZN10foundation4core4diag13terminate_logEPKcPK17__darwin_ucontext+00000140
[  3] 0x00000001003ad504 /Users/tomtan/Library/Application Support/MathWorks/ServiceHost/v2026.5.0.3/MathWorksServiceHost.app/Contents/Frameworks/bin/maca64/libmwagentutils.dylib+00300292 _ZNK5agent5utils12CrashContext16writeCrashReportERNSt3__113basic_ostreamIcNS2_11char_traitsIcEEEE+00000716
[  4] 0x00000001003ad1c8 /Users/tomtan/Library/Application Support/MathWorks/ServiceHost/v2026.5.0.3/MathWorksServiceHost.app/Contents/Frameworks/bin/maca64/libmwagentutils.dylib+00299464 _ZNK5agent5utils12CrashContext20writeCrashReportFileERKNSt3__112basic_stringIcNS2_11char_traitsIcEENS2_9allocatorIcEEEE+00000168
[  5] 0x00000001003add58 /Users/tomtan/Library/Application Support/MathWorks/ServiceHost/v2026.5.0.3/MathWorksServiceHost.app/Contents/Frameworks/bin/maca64/libmwagentutils.dylib+00302424 _ZNK5agent5utils12CrashContext6reportEv+00000032
[  6] 0x00000001003ab5fc /Users/tomtan/Library/Application Support/MathWorks/ServiceHost/v2026.5.0.3/MathWorksServiceHost.app/Contents/Frameworks/bin/maca64/libmwagentutils.dylib+00292348 _ZN5agent5utils5posix20installCrashHandlersEv+00000852
[  7] 0x0000000192621764           /usr/lib/system/libsystem_platform.dylib+00014180 _sigtramp+00000056
[  8] 0x0000000192617888            /usr/lib/system/libsystem_pthread.dylib+00026760 pthread_kill+00000296
[  9] 0x000000019251c850                  /usr/lib/system/libsystem_c.dylib+00497744 abort+00000124
[ 10] 0x000000019241b224             /usr/lib/system/libsystem_malloc.dylib+00057892 malloc_vreport+00000892
[ 11] 0x000000019241ef78             /usr/lib/system/libsystem_malloc.dylib+00073592 malloc_report+00000064
[ 12] 0x0000000192423e04             /usr/lib/system/libsystem_malloc.dylib+00093700 ___BUG_IN_CLIENT_OF_LIBMALLOC_POINTER_BEING_FREED_WAS_NOT_ALLOCATED+00000076
[ 13] 0x000000011513bab4 /Users/tomtan/Library/Application Support/MathWorks/ServiceHost/v2026.5.0.3/MathWorksServiceHost.app/Contents/Frameworks/bin/maca64/microservices/mwhome/homeservice/mwhomeservice.dylib+00228020 _ZNSt3__116__variant_detail12__visitation6__base12__dispatcherIJLm1EEE10__dispatchB8ne200100IOZNS0_6__ctorINS0_8__traitsIJN6mwhome4core13QueryResponseENS9_13ErrorResponseEEEEE19__generic_constructB8ne200100IRKNS0_18__copy_constructorISC_LNS0_6_TraitE1EEEEEvRSD_OT_EUlSM_E_JRKNS0_6__baseILSG_1EJSA_SB_EEEEEEDcSL_DpT0_+00003760
[ 14] 0x0000000115137ad0 /Users/tomtan/Library/Application Support/MathWorks/ServiceHost/v2026.5.0.3/MathWorksServiceHost.app/Contents/Frameworks/bin/maca64/microservices/mwhome/homeservice/mwhomeservice.dylib+00211664 _ZN6mwhome11homeservice23RecentArtifactsProvider24addDirectoriesOfInterestERKNSt3__16vectorINS2_12basic_stringIDsNS2_11char_traitsIDsEENS2_9allocatorIDsEEEENS7_IS9_EEEE+00000352
[ 15] 0x000000011451a100 /Users/tomtan/Library/Application Support/MathWorks/ServiceHost/v2026.5.0.3/MathWorksServiceHost.app/Contents/Frameworks/bin/maca64/spf/serviceproviders/mwhome/homeservicespfplugin/libmwhomehomeservicespfplugin.dylib+00090368 _ZNSt3__116__variant_detail12__visitation6__base12__dispatcherIJLm1EEE10__dispatchB8ne200100IOZNS0_6__ctorINS0_8__traitsIJN6mwhome4core14DeleteResponseENS9_13ErrorResponseEEEEE19__generic_constructB8ne200100IRKNS0_18__copy_constructorISC_LNS0_6_TraitE1EEEEEvRSD_OT_EUlSM_E_JRKNS0_6__baseILSG_1EJSA_SB_EEEEEEDcSL_DpT0_+00019616
[ 16] 0x0000000103252bd8 /Users/tomtan/Library/Application Support/MathWorks/ServiceHost/v2026.5.0.3/MathWorksServiceHost.app/Contents/Frameworks/bin/maca64/libmwagentspfcore.dylib+00043992 _ZNK5agent3spf4core16ExportedFunctionclEN10foundation10concurrent10threadpool10stop_tokenEONS1_14GenericPayloadE+00000316
[ 17] 0x000000010d86f360 /Users/tomtan/Library/Application Support/MathWorks/ServiceHost/v2026.5.0.3/MathWorksServiceHost.app/Contents/Frameworks/bin/maca64/libmwagentspflegacyservicewrapper.dylib+00127840 _ZNSt3__116__variant_detail12__visitation6__base12__dispatcherIJLm1EEE10__dispatchB8ne200100IONS1_9__variant15__value_visitorIZN5agent3spf13serialisation4sizeERKNS_7variantIJNSA_14ByteBufferViewENSA_10ByteBufferEEEEEUlRKT_E_EEJRKNS0_6__baseILNS0_6_TraitE1EJSC_SD_EEEEEEDcSH_DpT0_+00074932
[ 18] 0x000000010c369900 /Users/tomtan/Library/Application Support/MathWorks/ServiceHost/v2026.5.0.3/MathWorksServiceHost.app/Contents/Frameworks/bin/maca64/libmwagentnanomsgtransport.dylib+00022784 _ZN5agent16nanomsgtransport7Invoker4callERKN7mwboost5uuids4uuidENSt3__110shared_ptrINS7_8functionIFNS_4core9transport7MessageENSB_11MessageViewEEEEEEOSC_NS9_IFbvEEE+00002296
[ 19] 0x000000010060bc1c /Users/tomtan/Library/Application Support/MathWorks/ServiceHost/v2026.5.0.3/MathWorksServiceHost.app/Contents/Frameworks/bin/maca64/libmwfoundation_threadpool.dylib+00048156 _ZN10foundation10concurrent10threadpool6Thread7runTaskENSt3__110shared_ptrINS2_5StateEEEPNS1_11SharedQueueENS3_4pairINS9_INS3_8functionIFvvEEENS3_8optionalINS1_11stop_sourceEEEEEN7mwboost13intrusive_ptrINS1_11ClientQueueEEEEE+00000576
[ 20] 0x000000010060b1b4 /Users/tomtan/Library/Application Support/MathWorks/ServiceHost/v2026.5.0.3/MathWorksServiceHost.app/Contents/Frameworks/bin/maca64/libmwfoundation_threadpool.dylib+00045492 _ZN10foundation10concurrent10threadpool6Thread16workerThreadProcEPS2_NSt3__110shared_ptrINS2_5StateEEENS5_INS1_11SharedQueueEEENS4_6chrono8durationIxNS4_5ratioILl1ELl1000EEEEE+00001828
[ 21] 0x00000001006175a4 /Users/tomtan/Library/Application Support/MathWorks/ServiceHost/v2026.5.0.3/MathWorksServiceHost.app/Contents/Frameworks/bin/maca64/libmwfoundation_threadpool.dylib+00095652 _ZN10foundation10concurrent10threadpool10ThreadPool15addPostTaskHookENSt3__18functionIFvvEEE+00022644
[ 22] 0x0000000192617c08            /usr/lib/system/libsystem_pthread.dylib+00027656 _pthread_start+00000136
[ 23] 0x0000000192612ba8            /usr/lib/system/libsystem_pthread.dylib+00007080 thread_start+00000008


** This crash report has been written to /Users/tomtan/Library/Application Support/MathWorks/ServiceHost/logs/MathWorksServiceHost_crash_83867.log **
