Sweeping k_1 ...
  p=0.1  k_1=0.1995  peak=3250.6  SRX=0.996
  p=0.2  k_1=0.3981  peak=17767.0  SRX=0.990
  p=0.3  k_1=0.7943  peak=97414.6  SRX=0.967
  p=0.4  k_1=1.585  peak=158720.8  SRX=0.850
  p=0.5  k_1=3.162  peak=183215.3  SRX=0.618
Sweeping k_on ...
  p=0.1  k_on=1.585e+06  peak=318.7  SRX=0.996
  p=0.2  k_on=2.512e+06  peak=543.7  SRX=0.996
  p=0.3  k_on=3.981e+06  peak=973.8  SRX=0.996
  p=0.4  k_on=6.31e+06  peak=1898.1  SRX=0.995
  p=0.5  k_on=1e+07  peak=4297.4  SRX=0.994
Sweeping k_off ...
  p=0.1  k_off=12.59  peak=6696.1  SRX=0.993
  p=0.2  k_off=15.85  peak=4227.8  SRX=0.994
  p=0.3  k_off=19.95  peak=2819.6  SRX=0.995
  p=0.4  k_off=25.12  peak=1958.7  SRX=0.995
  p=0.5  k_off=31.62  peak=1402.4  SRX=0.995
Sweeping k_3 ...
  p=0.1  k_3=1.995  peak=383.2  SRX=0.996
  p=0.2  k_3=3.981  peak=877.3  SRX=0.996
  p=0.3  k_3=7.943  peak=2377.9  SRX=0.995
  p=0.4  k_3=15.85  peak=9887.1  SRX=0.993
  p=0.5  k_3=31.62  peak=68707.4  SRX=0.985
Sweeping k_4_0 ...
  p=0.1  k_4_0=1.995  peak=170103.4  SRX=0.987
  p=0.2  k_4_0=3.981  peak=101866.0  SRX=0.988
  p=0.3  k_4_0=7.943  peak=25216.4  SRX=0.991
  p=0.4  k_4_0=15.85  peak=6850.0  SRX=0.993
  p=0.5  k_4_0=31.62  peak=2284.5  SRX=0.995
Saved temp/sweeps/sweep_3state.png
