  eval: e=0.0149  p=[0.460 0.585 0.458 0.098 0.361 0.870 0.483 0.649]
 
 Iteration   Func-count         f(x)         Procedure
     0            1        0.0149003         
  eval: e=0.0146  p=[0.483 0.585 0.458 0.098 0.361 0.870 0.483 0.649]
  eval: e=0.0546  p=[0.460 0.615 0.458 0.098 0.361 0.870 0.483 0.649]
  eval: e=0.0426  p=[0.460 0.585 0.481 0.098 0.361 0.870 0.483 0.649]
  eval: e=0.0124  p=[0.460 0.585 0.458 0.102 0.361 0.870 0.483 0.649]
  eval: e=0.0187  p=[0.460 0.585 0.458 0.098 0.379 0.870 0.483 0.649]
  eval: e=0.0097  p=[0.460 0.585 0.458 0.098 0.361 0.913 0.483 0.649]
  eval: e=0.0150  p=[0.460 0.585 0.458 0.098 0.361 0.870 0.507 0.649]
  eval: e=0.0099  p=[0.460 0.585 0.458 0.098 0.361 0.870 0.483 0.682]
     1            9       0.00966849         initial simplex
  eval: e=0.0113  p=[0.466 0.556 0.464 0.099 0.366 0.880 0.489 0.658]
     2           10       0.00966849         reflect
  eval: e=0.0153  p=[0.468 0.578 0.437 0.099 0.367 0.883 0.490 0.660]
     3           11       0.00966849         reflect
  eval: e=0.0115  p=[0.469 0.576 0.454 0.099 0.346 0.887 0.492 0.662]
     4           12       0.00966849         reflect
  eval: e=0.0271  p=[0.463 0.583 0.480 0.098 0.353 0.874 0.485 0.653]
  eval: e=0.0106  p=[0.466 0.579 0.448 0.099 0.363 0.881 0.489 0.658]
     5           14       0.00966849         contract inside
  eval: e=0.0119  p=[0.471 0.574 0.456 0.100 0.359 0.890 0.464 0.665]
     6           15       0.00966849         reflect
  eval: e=0.0152  p=[0.474 0.571 0.456 0.100 0.358 0.895 0.483 0.669]
  eval: e=0.0104  p=[0.464 0.582 0.458 0.098 0.360 0.876 0.483 0.654]
     7           17       0.00966849         contract inside
  eval: e=0.0165  p=[0.446 0.571 0.455 0.101 0.358 0.897 0.483 0.670]
  eval: e=0.0101  p=[0.474 0.582 0.458 0.098 0.360 0.876 0.483 0.655]
     8           19       0.00966849         contract inside
  eval: e=0.0144  p=[0.473 0.570 0.455 0.095 0.358 0.899 0.484 0.671]
  eval: e=0.0098  p=[0.463 0.581 0.458 0.100 0.360 0.877 0.483 0.655]
     9           21       0.00966849         contract inside
  eval: e=0.0113  p=[0.460 0.583 0.458 0.097 0.361 0.875 0.507 0.653]
    10           22       0.00966849         reflect
  eval: e=0.0143  p=[0.459 0.582 0.460 0.097 0.378 0.875 0.483 0.654]
  eval: e=0.0098  p=[0.467 0.578 0.456 0.099 0.354 0.884 0.490 0.660]
    11           24       0.00966849         contract inside
  eval: e=0.0135  p=[0.463 0.608 0.449 0.098 0.355 0.882 0.486 0.659]
  eval: e=0.0098  p=[0.465 0.569 0.460 0.099 0.363 0.881 0.488 0.658]
    12           26       0.00966849         contract inside
  eval: e=0.0109  p=[0.470 0.578 0.455 0.100 0.360 0.890 0.463 0.664]
  eval: e=0.0098  p=[0.468 0.579 0.456 0.099 0.360 0.886 0.474 0.662]
    13           28       0.00966849         contract outside
  eval: e=0.0100  p=[0.464 0.581 0.468 0.098 0.357 0.885 0.478 0.661]
    14           29       0.00966849         reflect
  eval: e=0.0100  p=[0.467 0.578 0.460 0.099 0.359 0.892 0.482 0.666]
    15           30       0.00966849         reflect
  eval: e=0.0107  p=[0.455 0.578 0.461 0.099 0.358 0.895 0.482 0.669]
  eval: e=0.0094  p=[0.469 0.581 0.458 0.098 0.360 0.881 0.483 0.658]
    16           32       0.00941889         contract inside
  eval: e=0.0118  p=[0.466 0.578 0.449 0.099 0.363 0.886 0.489 0.662]
  eval: e=0.0093  p=[0.465 0.580 0.463 0.099 0.358 0.885 0.480 0.661]
    17           34       0.00927834         contract inside
  eval: e=0.0099  p=[0.463 0.581 0.457 0.098 0.361 0.877 0.484 0.655]
    18           35       0.00927834         reflect
  eval: e=0.0097  p=[0.470 0.573 0.458 0.100 0.358 0.901 0.483 0.633]
    19           36       0.00927834         reflect
  eval: e=0.0095  p=[0.469 0.575 0.460 0.100 0.358 0.900 0.482 0.654]
    20           37       0.00927834         reflect
  eval: e=0.0096  p=[0.467 0.589 0.457 0.100 0.355 0.901 0.477 0.650]
    21           38       0.00927834         reflect
  eval: e=0.0105  p=[0.465 0.582 0.461 0.099 0.356 0.900 0.491 0.643]
  eval: e=0.0094  p=[0.467 0.580 0.457 0.099 0.359 0.889 0.478 0.657]
    22           40       0.00927834         contract inside
  eval: e=0.0115  p=[0.466 0.584 0.462 0.099 0.364 0.903 0.473 0.644]
  eval: e=0.0093  p=[0.467 0.579 0.457 0.099 0.356 0.889 0.485 0.656]
    23           42       0.00927834         contract inside
  eval: e=0.0090  p=[0.470 0.579 0.460 0.097 0.356 0.913 0.480 0.650]
  eval: e=0.0090  p=[0.473 0.578 0.461 0.096 0.354 0.931 0.479 0.647]
    24           44       0.00899218         reflect
  eval: e=0.0094  p=[0.464 0.589 0.460 0.097 0.358 0.891 0.479 0.676]
    25           45       0.00899218         reflect
  eval: e=0.0095  p=[0.474 0.578 0.460 0.100 0.354 0.874 0.479 0.666]
    26           46       0.00899218         reflect
  eval: e=0.0104  p=[0.469 0.571 0.462 0.098 0.360 0.880 0.485 0.669]
  eval: e=0.0092  p=[0.468 0.585 0.458 0.099 0.356 0.896 0.479 0.655]
    27           48       0.00899218         contract inside
  eval: e=0.0096  p=[0.460 0.584 0.459 0.097 0.361 0.912 0.483 0.651]
  eval: e=0.0092  p=[0.471 0.579 0.459 0.099 0.356 0.884 0.480 0.662]
    28           50       0.00899218         contract inside
  eval: e=0.0093  p=[0.466 0.588 0.458 0.097 0.357 0.882 0.479 0.665]
    29           51       0.00899218         reflect
  eval: e=0.0097  p=[0.472 0.574 0.458 0.100 0.357 0.888 0.482 0.640]
  eval: e=0.0092  p=[0.466 0.585 0.459 0.098 0.357 0.891 0.480 0.667]
    30           53       0.00899218         contract inside
  eval: e=0.0091  p=[0.465 0.583 0.460 0.098 0.354 0.901 0.478 0.660]
    31           54       0.00899218         reflect
  eval: e=0.0089  p=[0.467 0.585 0.461 0.098 0.353 0.896 0.482 0.662]
  eval: e=0.0088  p=[0.467 0.588 0.463 0.097 0.350 0.899 0.483 0.664]
    32           56       0.00883111         expand
  eval: e=0.0092  p=[0.469 0.577 0.462 0.099 0.354 0.907 0.483 0.654]
    33           57       0.00883111         reflect
  eval: e=0.0088  p=[0.468 0.585 0.464 0.098 0.354 0.905 0.475 0.662]
  eval: e=0.0087  p=[0.469 0.588 0.467 0.097 0.353 0.913 0.470 0.665]
    34           59       0.00870436         expand
  eval: e=0.0090  p=[0.472 0.586 0.459 0.098 0.351 0.915 0.477 0.658]
    35           60       0.00870436         reflect
  eval: e=0.0087  p=[0.466 0.588 0.463 0.097 0.352 0.925 0.478 0.656]
    36           61       0.00870436         reflect
  eval: e=0.0085  p=[0.471 0.583 0.464 0.098 0.349 0.926 0.477 0.648]
  eval: e=0.0083  p=[0.473 0.583 0.466 0.098 0.345 0.944 0.476 0.639]
    37           63       0.00831389         expand
  eval: e=0.0084  p=[0.470 0.583 0.467 0.096 0.348 0.934 0.477 0.657]
    38           64       0.00831389         reflect
  eval: e=0.0086  p=[0.470 0.593 0.464 0.095 0.348 0.929 0.472 0.659]
    39           65       0.00831389         reflect
  eval: e=0.0086  p=[0.474 0.589 0.467 0.095 0.347 0.942 0.476 0.652]
    40           66       0.00831389         reflect
  eval: e=0.0082  p=[0.470 0.595 0.469 0.096 0.343 0.937 0.472 0.663]
  eval: e=0.0082  p=[0.470 0.603 0.474 0.095 0.337 0.949 0.468 0.670]
    41           68       0.00821955         reflect
  eval: e=0.0095  p=[0.468 0.591 0.472 0.095 0.346 0.940 0.473 0.656]
  eval: e=0.0086  p=[0.471 0.587 0.462 0.097 0.350 0.922 0.476 0.658]
    42           70       0.00821955         contract inside
  eval: e=0.0084  p=[0.473 0.589 0.468 0.096 0.347 0.963 0.466 0.648]
    43           71       0.00821955         reflect
  eval: e=0.0080  p=[0.477 0.588 0.470 0.096 0.343 0.946 0.469 0.654]
  eval: e=0.0077  p=[0.482 0.588 0.474 0.095 0.339 0.957 0.464 0.653]
    44           73       0.00773362         expand
  eval: e=0.0077  p=[0.476 0.588 0.467 0.095 0.339 0.969 0.475 0.642]
    45           74       0.00773362         reflect
  eval: e=0.0078  p=[0.478 0.583 0.471 0.097 0.341 0.963 0.474 0.644]
    46           75       0.00773362         reflect
  eval: e=0.0079  p=[0.475 0.585 0.469 0.097 0.341 0.955 0.469 0.649]
    47           76       0.00773362         reflect
  eval: e=0.0075  p=[0.479 0.586 0.475 0.095 0.336 0.984 0.467 0.641]
  eval: e=2.2747  p=[0.483 0.586 0.482 0.095 0.329 1.000 0.462 0.633]
    48           78       0.00753167         reflect
  eval: e=0.0080  p=[0.482 0.591 0.473 0.096 0.334 0.984 0.464 0.638]
    49           79       0.00753167         reflect
  eval: e=0.0075  p=[0.480 0.586 0.473 0.096 0.333 0.961 0.474 0.644]
  eval: e=0.0076  p=[0.484 0.585 0.476 0.097 0.326 0.959 0.479 0.643]
    50           81       0.00751878         reflect
  eval: e=0.0071  p=[0.482 0.593 0.477 0.094 0.331 0.983 0.464 0.654]
  eval: e=0.0660  p=[0.487 0.598 0.483 0.093 0.324 1.000 0.458 0.662]
    51           83       0.00709555         reflect
  eval: e=0.0346  p=[0.488 0.580 0.476 0.096 0.330 1.000 0.466 0.628]
  eval: e=0.0079  p=[0.475 0.591 0.471 0.096 0.340 0.953 0.471 0.654]
    52           85       0.00709555         contract inside
  eval: e=0.0078  p=[0.475 0.584 0.471 0.096 0.340 0.947 0.476 0.658]
    53           86       0.00709555         reflect
  eval: e=0.0078  p=[0.482 0.590 0.476 0.094 0.334 0.974 0.472 0.649]
    54           87       0.00709555         reflect
  eval: e=0.0072  p=[0.484 0.584 0.476 0.095 0.333 0.981 0.471 0.642]
    55           88       0.00709555         reflect
  eval: e=0.0078  p=[0.477 0.583 0.470 0.097 0.339 0.962 0.470 0.646]
  eval: e=0.0075  p=[0.478 0.585 0.472 0.096 0.338 0.965 0.470 0.646]
    56           90       0.00709555         contract outside
  eval: e=0.0073  p=[0.482 0.591 0.475 0.094 0.331 0.974 0.467 0.651]
    57           91       0.00709555         reflect
  eval: e=0.0079  p=[0.486 0.591 0.476 0.095 0.329 0.996 0.462 0.636]
  eval: e=0.0075  p=[0.478 0.586 0.472 0.095 0.338 0.959 0.473 0.652]
    58           93       0.00709555         contract inside
  eval: e=0.0070  p=[0.485 0.586 0.481 0.095 0.331 0.972 0.463 0.654]
  eval: e=0.0068  p=[0.489 0.585 0.488 0.095 0.327 0.973 0.456 0.660]
    59           95       0.00681612         expand
  eval: e=0.0068  p=[0.481 0.586 0.478 0.095 0.328 0.988 0.471 0.645]
  eval: e=0.1250  p=[0.480 0.585 0.480 0.095 0.322 1.000 0.475 0.641]
    60           97       0.00679359         reflect
  eval: e=0.0072  p=[0.485 0.590 0.482 0.094 0.326 0.986 0.466 0.651]
    61           98       0.00679359         reflect
  eval: e=0.0068  p=[0.487 0.589 0.480 0.095 0.326 0.967 0.469 0.659]
    62           99       0.00679359         reflect
  eval: e=0.0066  p=[0.487 0.590 0.484 0.093 0.327 0.992 0.460 0.659]
  eval: e=0.6266  p=[0.490 0.592 0.490 0.092 0.324 1.000 0.453 0.667]
    63          101       0.00659496         reflect
  eval: e=0.0358  p=[0.491 0.591 0.488 0.094 0.319 1.000 0.458 0.653]
  eval: e=0.0071  p=[0.481 0.587 0.476 0.095 0.333 0.970 0.469 0.652]
    64          103       0.00659496         contract inside
  eval: e=0.0066  p=[0.488 0.585 0.485 0.095 0.327 0.986 0.465 0.655]
  eval: e=0.0063  p=[0.491 0.582 0.491 0.096 0.325 0.993 0.463 0.657]
    65          105        0.0063339         expand
  eval: e=0.0070  p=[0.485 0.584 0.480 0.095 0.331 0.976 0.465 0.656]
    66          106        0.0063339         reflect
  eval: e=0.0064  p=[0.487 0.591 0.488 0.095 0.323 0.980 0.458 0.669]
    67          107        0.0063339         reflect
  eval: e=0.0062  p=[0.491 0.588 0.490 0.095 0.321 0.993 0.458 0.663]
  eval: e=0.2353  p=[0.496 0.588 0.498 0.095 0.315 1.000 0.452 0.668]
    68          109       0.00621276         reflect
  eval: e=0.0063  p=[0.492 0.581 0.493 0.095 0.321 0.982 0.461 0.663]
    69          110       0.00621276         reflect
  eval: e=0.0065  p=[0.491 0.588 0.493 0.094 0.318 0.991 0.459 0.662]
    70          111       0.00621276         reflect
  eval: e=0.0062  p=[0.487 0.588 0.486 0.094 0.320 0.998 0.469 0.659]
    71          112       0.00621276         reflect
  eval: e=1.4849  p=[0.490 0.585 0.496 0.095 0.320 1.000 0.456 0.660]
  eval: e=0.0066  p=[0.487 0.588 0.484 0.095 0.324 0.978 0.465 0.659]
    72          114       0.00621276         contract inside
  eval: e=0.0060  p=[0.497 0.588 0.499 0.094 0.317 0.989 0.452 0.678]
  eval: e=0.0058  p=[0.505 0.588 0.510 0.093 0.312 0.989 0.442 0.694]
    73          116       0.00575735         expand
  eval: e=0.0061  p=[0.496 0.584 0.499 0.096 0.314 0.984 0.459 0.672]
    74          117       0.00575735         reflect
  eval: e=0.0058  p=[0.497 0.585 0.503 0.095 0.315 0.999 0.452 0.675]
    75          118       0.00575735         reflect
  eval: e=0.0063  p=[0.496 0.583 0.497 0.095 0.320 0.989 0.457 0.675]
    76          119       0.00575735         reflect
  eval: e=0.0645  p=[0.502 0.579 0.504 0.095 0.314 1.000 0.457 0.671]
  eval: e=0.0062  p=[0.491 0.588 0.492 0.095 0.321 0.985 0.458 0.669]
    77          121       0.00575735         contract inside
  eval: e=0.0059  p=[0.498 0.589 0.502 0.094 0.312 0.987 0.450 0.686]
    78          122       0.00575735         reflect
  eval: e=0.0063  p=[0.494 0.589 0.497 0.094 0.315 0.991 0.455 0.670]
  eval: e=0.0061  p=[0.495 0.585 0.497 0.095 0.318 0.989 0.456 0.674]
    79          124       0.00575735         contract inside
  eval: e=0.0057  p=[0.498 0.593 0.502 0.094 0.313 0.999 0.450 0.685]
  eval: e=0.5962  p=[0.501 0.599 0.507 0.093 0.308 1.000 0.445 0.696]
    80          126       0.00569382         reflect
  eval: e=0.0059  p=[0.506 0.586 0.513 0.095 0.311 0.984 0.438 0.696]
    81          127       0.00569382         reflect
  eval: e=0.0060  p=[0.506 0.586 0.515 0.094 0.308 0.986 0.444 0.700]
    82          128       0.00569382         reflect
  eval: e=0.0058  p=[0.510 0.586 0.518 0.094 0.305 0.994 0.440 0.701]
    83          129       0.00569382         reflect
  eval: e=0.0055  p=[0.508 0.591 0.516 0.093 0.309 0.998 0.434 0.706]
  eval: e=0.2704  p=[0.514 0.595 0.524 0.091 0.306 1.000 0.421 0.723]
    84          131       0.00554971         reflect
  eval: e=0.0059  p=[0.512 0.592 0.523 0.093 0.302 0.995 0.431 0.712]
    85          132       0.00554971         reflect
  eval: e=0.0068  p=[0.503 0.591 0.507 0.093 0.312 1.000 0.441 0.688]
  eval: e=0.0058  p=[0.505 0.588 0.513 0.094 0.309 0.990 0.443 0.697]
    86          134       0.00554971         contract inside
  eval: e=0.0061  p=[0.495 0.585 0.497 0.095 0.319 0.990 0.456 0.673]
  eval: e=0.0058  p=[0.508 0.590 0.516 0.094 0.306 0.994 0.437 0.702]
    87          136       0.00554971         contract inside
  eval: e=0.0057  p=[0.511 0.588 0.521 0.094 0.308 0.999 0.434 0.704]
    88          137       0.00554971         reflect
  eval: e=0.5481  p=[0.505 0.591 0.512 0.092 0.308 1.000 0.445 0.695]
  eval: e=0.0058  p=[0.506 0.587 0.513 0.094 0.310 0.989 0.440 0.696]
    89          139       0.00554971         contract inside
  eval: e=0.0058  p=[0.500 0.591 0.505 0.093 0.316 0.995 0.443 0.688]
    90          140       0.00554971         reflect
  eval: e=0.0211  p=[0.503 0.591 0.509 0.093 0.314 1.000 0.440 0.690]
  eval: e=0.0057  p=[0.505 0.588 0.512 0.094 0.310 0.993 0.442 0.696]
    91          142       0.00554971         contract inside
  eval: e=0.0057  p=[0.513 0.595 0.520 0.092 0.306 0.990 0.429 0.717]
    92          143       0.00554971         reflect
  eval: e=0.0056  p=[0.506 0.593 0.513 0.092 0.310 1.000 0.438 0.702]
    93          144       0.00554971         reflect
  eval: e=0.0058  p=[0.514 0.590 0.522 0.093 0.303 0.995 0.434 0.713]
  eval: e=0.0057  p=[0.503 0.591 0.509 0.093 0.313 0.995 0.441 0.695]
    94          146       0.00554971         contract inside
  eval: e=0.0829  p=[0.508 0.594 0.518 0.093 0.306 1.000 0.434 0.708]
  eval: e=0.0057  p=[0.506 0.590 0.512 0.093 0.311 0.993 0.440 0.697]
    95          148       0.00554971         contract inside
  eval: e=0.0056  p=[0.505 0.592 0.510 0.093 0.313 0.998 0.440 0.698]
    96          149       0.00554971         reflect
  eval: e=0.0095  p=[0.508 0.595 0.514 0.092 0.311 1.000 0.434 0.705]
  eval: e=0.0056  p=[0.506 0.590 0.512 0.093 0.310 0.995 0.440 0.698]
    97          151       0.00554971         contract inside
  eval: e=0.1914  p=[0.498 0.587 0.504 0.094 0.315 1.000 0.450 0.679]
  eval: e=0.0056  p=[0.509 0.593 0.516 0.093 0.309 0.994 0.434 0.708]
    98          153       0.00554971         contract inside
  eval: e=0.0057  p=[0.515 0.589 0.525 0.092 0.308 0.994 0.425 0.717]
  eval: e=0.0056  p=[0.511 0.590 0.519 0.093 0.309 0.995 0.431 0.709]
    99          155       0.00554971         contract outside
  eval: e=0.0129  p=[0.509 0.592 0.517 0.093 0.309 1.000 0.433 0.707]
  eval: e=0.0056  p=[0.507 0.590 0.513 0.093 0.310 0.995 0.438 0.700]
   100          157       0.00554971         contract inside
  eval: e=0.0056  p=[0.513 0.591 0.520 0.093 0.307 0.998 0.432 0.711]
   101          158       0.00554971         reflect
  eval: e=0.0056  p=[0.505 0.595 0.509 0.092 0.311 0.994 0.438 0.705]
   102          159       0.00554971         reflect
  eval: e=0.0055  p=[0.510 0.594 0.517 0.092 0.309 0.998 0.431 0.712]
  eval: e=0.0055  p=[0.513 0.596 0.519 0.091 0.309 1.000 0.427 0.718]
   103          161       0.00548611         reflect
  eval: e=0.0055  p=[0.510 0.595 0.517 0.092 0.309 0.999 0.431 0.713]
  eval: e=0.0185  p=[0.512 0.597 0.519 0.091 0.308 1.000 0.428 0.719]
   104          163       0.00547718         reflect
  eval: e=0.0278  p=[0.508 0.592 0.514 0.092 0.311 1.000 0.435 0.706]
  eval: e=0.0056  p=[0.509 0.593 0.515 0.092 0.309 0.996 0.434 0.707]
   105          165       0.00547718         contract inside
  eval: e=0.0056  p=[0.505 0.596 0.510 0.092 0.310 1.000 0.438 0.705]
  eval: e=0.0056  p=[0.510 0.591 0.517 0.092 0.309 0.996 0.433 0.708]
   106          167       0.00547718         contract inside
  eval: e=0.0545  p=[0.513 0.590 0.522 0.093 0.308 1.000 0.430 0.710]
  eval: e=0.0056  p=[0.507 0.594 0.512 0.092 0.310 0.996 0.436 0.706]
   107          169       0.00547718         contract inside
  eval: e=0.0056  p=[0.513 0.593 0.522 0.092 0.305 0.997 0.428 0.718]
  eval: e=0.0055  p=[0.507 0.592 0.513 0.092 0.311 0.998 0.437 0.703]
   108          171       0.00547718         contract inside
  eval: e=0.0056  p=[0.504 0.595 0.509 0.092 0.312 0.997 0.437 0.703]
   109          172       0.00547718         reflect
  eval: e=0.0056  p=[0.510 0.593 0.516 0.092 0.310 0.995 0.430 0.712]
   110          173       0.00547718         reflect
  eval: e=0.0055  p=[0.508 0.594 0.514 0.092 0.311 0.999 0.433 0.708]
   111          174       0.00547718         reflect
  eval: e=0.0124  p=[0.506 0.594 0.512 0.092 0.310 1.000 0.438 0.703]
  eval: e=0.0055  p=[0.509 0.593 0.515 0.092 0.310 0.996 0.432 0.710]
   112          176       0.00547718         contract inside
  eval: e=0.0055  p=[0.506 0.595 0.511 0.092 0.311 0.999 0.435 0.707]
   113          177       0.00547718         reflect
  eval: e=0.0058  p=[0.509 0.593 0.516 0.092 0.310 1.000 0.431 0.709]
  eval: e=0.0055  p=[0.507 0.594 0.513 0.092 0.310 0.997 0.435 0.707]
   114          179       0.00547718         contract inside
  eval: e=0.0055  p=[0.512 0.592 0.520 0.092 0.308 0.999 0.430 0.714]
   115          180       0.00547718         reflect
  eval: e=0.0055  p=[0.509 0.596 0.514 0.091 0.311 0.998 0.432 0.712]
  eval: e=0.0055  p=[0.510 0.599 0.513 0.090 0.312 0.998 0.431 0.716]
   116          182       0.00546162         expand
  eval: e=0.0055  p=[0.511 0.596 0.517 0.091 0.309 0.998 0.428 0.718]
   117          183       0.00546162         reflect
  eval: e=0.0095  p=[0.510 0.596 0.515 0.091 0.310 1.000 0.431 0.714]
  eval: e=0.0055  p=[0.509 0.594 0.515 0.092 0.310 0.997 0.432 0.711]
   118          185       0.00546162         contract inside
  eval: e=0.0054  p=[0.512 0.596 0.518 0.091 0.310 1.000 0.428 0.718]
  eval: e=0.0236  p=[0.514 0.597 0.520 0.090 0.309 1.000 0.424 0.723]
   119          187       0.00543509         reflect
  eval: e=0.0055  p=[0.507 0.598 0.511 0.090 0.312 0.998 0.432 0.712]
   120          188       0.00543509         reflect
  eval: e=0.0054  p=[0.513 0.596 0.519 0.091 0.310 0.998 0.427 0.719]
   121          189       0.00543509         reflect
  eval: e=0.0054  p=[0.511 0.598 0.516 0.090 0.310 1.000 0.428 0.718]
  eval: e=0.0197  p=[0.512 0.600 0.517 0.090 0.311 1.000 0.427 0.722]
   122          191       0.00541566         reflect
  eval: e=0.0054  p=[0.514 0.599 0.518 0.090 0.309 0.999 0.426 0.723]
  eval: e=0.0054  p=[0.517 0.602 0.521 0.089 0.309 0.999 0.423 0.731]
   123          193       0.00538327         expand
  eval: e=0.0054  p=[0.512 0.601 0.516 0.089 0.311 0.999 0.426 0.724]
   124          194       0.00538327         reflect
  eval: e=0.0054  p=[0.517 0.597 0.523 0.090 0.307 1.000 0.423 0.727]
   125          195       0.00538327         reflect
  eval: e=0.0054  p=[0.516 0.602 0.519 0.089 0.311 0.999 0.422 0.730]
   126          196       0.00538327         reflect
  eval: e=0.0054  p=[0.516 0.601 0.519 0.089 0.311 1.000 0.424 0.728]
  eval: e=0.0072  p=[0.518 0.604 0.520 0.089 0.312 1.000 0.422 0.732]
   127          198       0.00537656         reflect
  eval: e=0.0077  p=[0.518 0.600 0.525 0.089 0.307 1.000 0.419 0.733]
  eval: e=0.0054  p=[0.512 0.599 0.516 0.090 0.311 0.999 0.428 0.720]
   128          200       0.00537656         contract inside
  eval: e=0.0087  p=[0.515 0.603 0.518 0.089 0.310 1.000 0.424 0.730]
  eval: e=0.0054  p=[0.514 0.598 0.519 0.090 0.310 0.999 0.426 0.722]
   129          202       0.00537656         contract inside
  eval: e=0.0054  p=[0.510 0.602 0.513 0.089 0.313 0.999 0.428 0.720]
  eval: e=0.0054  p=[0.512 0.601 0.515 0.090 0.312 0.999 0.427 0.722]
   130          204       0.00537656         contract outside
  eval: e=0.0054  p=[0.516 0.605 0.518 0.088 0.311 0.998 0.423 0.731]
   131          205       0.00537656         reflect
  eval: e=0.0054  p=[0.516 0.603 0.520 0.089 0.310 0.999 0.422 0.732]
  eval: e=0.0053  p=[0.518 0.605 0.521 0.088 0.310 1.000 0.419 0.737]
   132          207       0.00534537         expand
  eval: e=0.0054  p=[0.516 0.606 0.518 0.088 0.311 1.000 0.422 0.733]
   133          208       0.00534537         reflect
  eval: e=0.0054  p=[0.519 0.608 0.521 0.087 0.311 0.999 0.418 0.741]
   134          209       0.00534537         reflect
  eval: e=0.0054  p=[0.520 0.606 0.522 0.088 0.311 0.999 0.419 0.739]
   135          210       0.00534537         reflect
  eval: e=0.0053  p=[0.522 0.608 0.524 0.087 0.309 0.999 0.416 0.746]
  eval: e=0.0054  p=[0.527 0.611 0.528 0.086 0.308 0.999 0.410 0.757]
   136          212       0.00534285         reflect
  eval: e=0.0053  p=[0.520 0.609 0.522 0.087 0.310 0.999 0.419 0.741]
  eval: e=0.0053  p=[0.522 0.612 0.523 0.087 0.310 1.000 0.417 0.747]
   137          214       0.00534027         reflect
  eval: e=0.0054  p=[0.520 0.610 0.520 0.087 0.312 1.000 0.417 0.743]
   138          215       0.00534027         reflect
  eval: e=0.0079  p=[0.522 0.608 0.524 0.087 0.310 1.000 0.415 0.746]
  eval: e=0.0054  p=[0.517 0.606 0.519 0.088 0.311 0.999 0.421 0.735]
   139          217       0.00534027         contract inside
  eval: e=0.0053  p=[0.522 0.613 0.522 0.086 0.310 0.999 0.413 0.751]
  eval: e=0.0053  p=[0.525 0.618 0.524 0.084 0.310 0.998 0.408 0.763]
   140          219       0.00532916         reflect
  eval: e=0.0053  p=[0.524 0.610 0.525 0.087 0.310 0.999 0.413 0.750]
   141          220       0.00532916         reflect
  eval: e=0.0053  p=[0.524 0.611 0.525 0.086 0.310 0.999 0.412 0.752]
   142          221       0.00532916         reflect
  eval: e=0.0053  p=[0.523 0.610 0.525 0.086 0.310 1.000 0.414 0.749]
   143          222       0.00532916         reflect
  eval: e=0.0054  p=[0.523 0.608 0.526 0.087 0.307 0.999 0.414 0.748]
  eval: e=0.0053  p=[0.521 0.609 0.522 0.087 0.311 1.000 0.416 0.745]
   144          224       0.00532916         contract inside
  eval: e=0.0053  p=[0.524 0.612 0.525 0.086 0.309 1.000 0.412 0.754]
  eval: e=0.0056  p=[0.526 0.615 0.527 0.085 0.309 1.000 0.408 0.761]
   145          226       0.00532474         reflect
  eval: e=0.0071  p=[0.520 0.609 0.521 0.087 0.310 1.000 0.417 0.744]
  eval: e=0.0053  p=[0.523 0.610 0.524 0.087 0.310 0.999 0.414 0.749]
   146          228       0.00532474         contract inside
  eval: e=0.0053  p=[0.527 0.616 0.526 0.085 0.310 0.999 0.410 0.759]
   147          229       0.00532474         reflect
  eval: e=0.0053  p=[0.524 0.615 0.524 0.085 0.311 1.000 0.412 0.755]
   148          230       0.00532474         reflect
  eval: e=0.0053  p=[0.523 0.613 0.523 0.086 0.311 0.999 0.413 0.752]
   149          231       0.00532474         reflect
  eval: e=0.0053  p=[0.527 0.616 0.526 0.084 0.310 0.999 0.407 0.763]
  eval: e=0.0053  p=[0.525 0.614 0.525 0.085 0.310 0.999 0.410 0.758]
   150          233       0.00532474         contract outside
  eval: e=0.0053  p=[0.525 0.616 0.524 0.085 0.311 0.999 0.411 0.758]
  eval: e=0.0053  p=[0.525 0.619 0.523 0.084 0.311 1.000 0.409 0.763]
   151          235       0.00532426         reflect
  eval: e=0.0053  p=[0.528 0.618 0.526 0.084 0.309 0.999 0.407 0.765]
   152          236       0.00532426         reflect
  eval: e=0.0053  p=[0.522 0.613 0.523 0.086 0.310 1.000 0.412 0.752]
   153          237       0.00532426         reflect
  eval: e=0.0053  p=[0.525 0.615 0.526 0.085 0.309 1.000 0.409 0.759]
  eval: e=0.0053  p=[0.524 0.614 0.523 0.086 0.310 0.999 0.412 0.754]
   154          239       0.00532426         contract inside
  eval: e=0.0053  p=[0.520 0.609 0.521 0.087 0.311 1.000 0.417 0.743]
  eval: e=0.0053  p=[0.526 0.616 0.525 0.085 0.310 0.999 0.409 0.760]
   155          241       0.00532426         contract inside
  eval: e=0.0053  p=[0.523 0.617 0.523 0.085 0.311 0.999 0.411 0.758]
   156          242       0.00532426         reflect
  eval: e=0.0053  p=[0.522 0.614 0.522 0.086 0.310 0.999 0.413 0.753]
  eval: e=0.0053  p=[0.520 0.614 0.521 0.086 0.310 1.000 0.415 0.751]
   157          244       0.00531673         expand
  eval: e=0.0053  p=[0.525 0.616 0.524 0.085 0.310 1.000 0.410 0.759]
  eval: e=0.0072  p=[0.526 0.618 0.525 0.084 0.310 1.000 0.408 0.763]
   158          246       0.00531443         reflect
  eval: e=0.0053  p=[0.526 0.617 0.524 0.085 0.310 0.999 0.410 0.760]
   159          247       0.00531443         reflect
  eval: e=0.0053  p=[0.525 0.617 0.524 0.085 0.310 1.000 0.410 0.759]
  eval: e=0.0080  p=[0.525 0.619 0.524 0.084 0.310 1.000 0.409 0.762]
   160          249       0.00531082         reflect
  eval: e=0.0053  p=[0.525 0.614 0.525 0.086 0.310 1.000 0.411 0.756]
  eval: e=0.0053  p=[0.524 0.616 0.523 0.085 0.310 0.999 0.411 0.757]
   161          251       0.00531082         contract inside
  eval: e=0.0053  p=[0.524 0.617 0.524 0.085 0.310 1.000 0.410 0.760]
   162          252       0.00531082         reflect
  eval: e=0.0055  p=[0.522 0.616 0.522 0.085 0.310 1.000 0.413 0.755]
  eval: e=0.0053  p=[0.525 0.616 0.524 0.085 0.310 0.999 0.410 0.759]
   163          254       0.00531082         contract inside
  eval: e=0.0053  p=[0.524 0.620 0.522 0.084 0.311 0.999 0.410 0.762]
  eval: e=0.0053  p=[0.524 0.614 0.524 0.085 0.310 1.000 0.411 0.756]
   164          256       0.00531082         contract inside
  eval: e=0.0053  p=[0.522 0.615 0.523 0.085 0.310 1.000 0.411 0.755]
   165          257       0.00531082         reflect
  eval: e=0.0053  p=[0.523 0.615 0.523 0.085 0.309 1.000 0.412 0.756]
  eval: e=0.0060  p=[0.521 0.615 0.523 0.085 0.309 1.000 0.412 0.755]
   166          259       0.00530995         reflect
  eval: e=0.0053  p=[0.525 0.617 0.524 0.085 0.310 0.999 0.411 0.759]
   167          260       0.00530995         reflect
  eval: e=0.0053  p=[0.523 0.615 0.523 0.085 0.310 1.000 0.412 0.754]
   168          261       0.00530995         reflect
  eval: e=0.0054  p=[0.523 0.615 0.524 0.085 0.309 1.000 0.412 0.756]
  eval: e=0.0053  p=[0.524 0.616 0.523 0.085 0.310 1.000 0.411 0.757]
   169          263       0.00530995         contract inside
  eval: e=0.0055  p=[0.522 0.616 0.522 0.085 0.310 1.000 0.413 0.754]
  eval: e=0.0053  p=[0.524 0.616 0.524 0.085 0.310 1.000 0.411 0.757]
   170          265       0.00530995         contract inside
  eval: e=0.0053  p=[0.522 0.614 0.522 0.086 0.310 1.000 0.412 0.753]
  eval: e=0.0053  p=[0.524 0.616 0.524 0.085 0.310 1.000 0.411 0.758]
   171          267       0.00530995         contract inside
  eval: e=0.0053  p=[0.523 0.617 0.522 0.085 0.310 1.000 0.412 0.757]
   172          268       0.00530995         reflect
  eval: e=0.0053  p=[0.524 0.617 0.523 0.085 0.310 1.000 0.410 0.759]
  eval: e=0.0053  p=[0.524 0.617 0.523 0.085 0.310 1.000 0.411 0.758]
   173          270       0.00530995         contract outside
  eval: e=0.0053  p=[0.527 0.618 0.526 0.084 0.310 1.000 0.407 0.765]
  eval: e=0.0053  p=[0.522 0.615 0.522 0.085 0.310 1.000 0.413 0.754]
   174          272       0.00530995         contract inside
  eval: e=0.0053  p=[0.523 0.617 0.523 0.085 0.310 1.000 0.411 0.758]
  eval: e=0.0053  p=[0.524 0.616 0.523 0.085 0.310 1.000 0.411 0.757]
   175          274       0.00530995         contract inside
  eval: e=0.0053  p=[0.523 0.617 0.523 0.085 0.310 1.000 0.411 0.757]
  eval: e=0.0053  p=[0.524 0.616 0.524 0.085 0.310 1.000 0.411 0.757]
   176          276       0.00530995         contract inside
  eval: e=0.0053  p=[0.523 0.616 0.523 0.085 0.310 1.000 0.411 0.757]
   177          277       0.00530995         reflect
  eval: e=0.0053  p=[0.522 0.616 0.522 0.085 0.310 1.000 0.413 0.755]
  eval: e=0.0053  p=[0.520 0.616 0.521 0.085 0.310 1.000 0.414 0.753]
   178          279       0.00530716         expand
  eval: e=0.0053  p=[0.522 0.617 0.522 0.085 0.310 1.000 0.412 0.756]
  eval: e=0.0055  p=[0.521 0.617 0.521 0.085 0.309 1.000 0.413 0.755]
   179          281        0.0053056         reflect
  eval: e=0.0053  p=[0.521 0.617 0.521 0.085 0.310 1.000 0.413 0.755]
  eval: e=0.0053  p=[0.523 0.616 0.523 0.085 0.310 1.000 0.411 0.757]
   180          283        0.0053056         contract inside
  eval: e=0.0053  p=[0.521 0.616 0.522 0.085 0.310 1.000 0.413 0.754]
  eval: e=0.0054  p=[0.520 0.616 0.521 0.085 0.310 1.000 0.414 0.752]
   181          285       0.00530549         reflect
  eval: e=0.0054  p=[0.523 0.617 0.523 0.085 0.310 1.000 0.411 0.758]
  eval: e=0.0053  p=[0.522 0.616 0.522 0.085 0.310 1.000 0.412 0.755]
   182          287       0.00530549         contract inside
  eval: e=0.0053  p=[0.522 0.616 0.522 0.085 0.310 1.000 0.413 0.755]
   183          288       0.00530549         reflect
  eval: e=0.0053  p=[0.522 0.615 0.522 0.085 0.309 1.000 0.413 0.754]
   184          289       0.00530549         reflect
  eval: e=0.0053  p=[0.521 0.616 0.522 0.085 0.309 1.000 0.413 0.754]
  eval: e=0.0054  p=[0.520 0.616 0.521 0.085 0.309 1.000 0.414 0.752]
   185          291        0.0053028         reflect
  eval: e=0.0053  p=[0.519 0.615 0.520 0.086 0.309 1.000 0.415 0.750]
   186          292        0.0053028         reflect
  eval: e=0.0053  p=[0.520 0.616 0.521 0.085 0.309 1.000 0.414 0.753]
  eval: e=0.0053  p=[0.519 0.615 0.521 0.085 0.309 1.000 0.414 0.751]
   187          294       0.00529976         expand
  eval: e=0.0053  p=[0.519 0.616 0.520 0.085 0.310 1.000 0.415 0.751]
   188          295       0.00529976         reflect
  eval: e=0.0053  p=[0.523 0.617 0.523 0.085 0.310 1.000 0.411 0.757]
   189          296       0.00529976         reflect
  eval: e=0.0053  p=[0.520 0.617 0.520 0.085 0.310 1.000 0.414 0.753]
   190          297       0.00529976         reflect
  eval: e=0.0057  p=[0.522 0.617 0.522 0.085 0.309 1.000 0.412 0.755]
  eval: e=0.0053  p=[0.521 0.616 0.521 0.085 0.310 1.000 0.413 0.753]
   191          299       0.00529976         contract inside
  eval: e=0.0054  p=[0.520 0.616 0.520 0.085 0.309 1.000 0.414 0.752]
  eval: e=0.0053  p=[0.522 0.616 0.522 0.085 0.310 1.000 0.413 0.754]
   192          301       0.00529976         contract inside
  eval: e=0.0053  p=[0.520 0.616 0.520 0.085 0.309 1.000 0.415 0.751]
   193          302       0.00529976         reflect
  eval: e=0.0053  p=[0.520 0.617 0.520 0.085 0.309 1.000 0.414 0.752]
  eval: e=0.0053  p=[0.519 0.617 0.519 0.085 0.309 1.000 0.415 0.752]
   194          304       0.00529467         expand
  eval: e=0.0053  p=[0.517 0.615 0.519 0.086 0.309 1.000 0.417 0.748]
   195          305       0.00529467         reflect
  eval: e=0.0053  p=[0.519 0.616 0.520 0.085 0.309 1.000 0.415 0.750]
   196          306       0.00529467         reflect
  eval: e=0.0053  p=[0.517 0.616 0.518 0.085 0.309 1.000 0.417 0.748]
   197          307       0.00529467         reflect
  eval: e=0.0053  p=[0.519 0.616 0.520 0.085 0.309 1.000 0.415 0.751]
  eval: e=0.0053  p=[0.519 0.616 0.520 0.085 0.308 1.000 0.415 0.751]
   198          309       0.00529445         reflect
  eval: e=0.0053  p=[0.517 0.615 0.519 0.086 0.308 1.000 0.416 0.748]
   199          310       0.00529445         reflect
  eval: e=0.0053  p=[0.521 0.617 0.521 0.085 0.309 1.000 0.414 0.754]
  eval: e=0.0053  p=[0.518 0.616 0.519 0.086 0.309 1.000 0.416 0.749]
   200          312       0.00529445         contract inside
  eval: e=0.0053  p=[0.516 0.616 0.518 0.086 0.308 1.000 0.418 0.747]
   201          313       0.00529445         reflect
  eval: e=0.0053  p=[0.519 0.617 0.520 0.085 0.309 1.000 0.415 0.752]
   202          314       0.00529445         reflect
  eval: e=0.0053  p=[0.517 0.617 0.518 0.085 0.308 1.000 0.417 0.749]
   203          315       0.00529445         reflect
  eval: e=0.0053  p=[0.517 0.617 0.517 0.085 0.309 1.000 0.417 0.748]
   204          316       0.00529445         reflect
  eval: e=0.0053  p=[0.517 0.618 0.518 0.085 0.308 1.000 0.416 0.750]
  eval: e=0.0053  p=[0.517 0.619 0.518 0.085 0.308 1.000 0.417 0.750]
   205          318       0.00528643         expand
  eval: e=0.0053  p=[0.516 0.616 0.518 0.086 0.308 1.000 0.418 0.747]
   206          319       0.00528643         reflect
  eval: e=0.0053  p=[0.518 0.618 0.519 0.085 0.308 1.000 0.416 0.750]
   207          320       0.00528643         reflect
  eval: e=0.0053  p=[0.516 0.618 0.517 0.085 0.308 1.000 0.418 0.748]
   208          321       0.00528643         reflect
  eval: e=0.0053  p=[0.518 0.617 0.519 0.085 0.307 1.000 0.416 0.750]
   209          322       0.00528643         reflect
  eval: e=0.0053  p=[0.515 0.617 0.517 0.086 0.307 1.000 0.418 0.747]
   210          323       0.00528643         reflect
  eval: e=0.0053  p=[0.517 0.617 0.518 0.085 0.308 1.000 0.417 0.749]
  eval: e=0.0053  p=[0.517 0.618 0.518 0.085 0.307 1.000 0.418 0.749]
   211          325       0.00528495         expand
  eval: e=0.0053  p=[0.518 0.618 0.519 0.085 0.307 1.000 0.416 0.751]
  eval: e=0.0053  p=[0.518 0.619 0.519 0.085 0.307 1.000 0.415 0.754]
   212          327       0.00527751         expand
  eval: e=0.0053  p=[0.515 0.619 0.516 0.085 0.307 1.000 0.419 0.748]
   213          328       0.00527751         reflect
  eval: e=0.0053  p=[0.517 0.620 0.518 0.085 0.307 1.000 0.416 0.752]
  eval: e=0.0053  p=[0.518 0.621 0.519 0.084 0.307 1.000 0.415 0.755]
   214          330       0.00527423         expand
  eval: e=0.0053  p=[0.516 0.620 0.516 0.085 0.307 1.000 0.418 0.750]
   215          331       0.00527423         reflect
  eval: e=0.0053  p=[0.519 0.621 0.518 0.084 0.308 1.000 0.416 0.754]
   216          332       0.00527423         reflect
  eval: e=0.0053  p=[0.516 0.621 0.517 0.084 0.307 1.000 0.417 0.752]
  eval: e=0.0053  p=[0.515 0.623 0.516 0.084 0.306 1.000 0.418 0.752]
   217          334        0.0052665         expand
  eval: e=0.0053  p=[0.518 0.622 0.518 0.084 0.307 1.000 0.416 0.755]
   218          335        0.0052665         reflect
  eval: e=0.0053  p=[0.517 0.623 0.517 0.084 0.306 1.000 0.417 0.754]
   219          336        0.0052665         reflect
  eval: e=0.0053  p=[0.517 0.625 0.517 0.084 0.307 1.000 0.416 0.756]
  eval: e=0.0053  p=[0.518 0.628 0.517 0.083 0.306 1.000 0.415 0.760]
   220          338       0.00525493         expand
  eval: e=0.0053  p=[0.515 0.623 0.516 0.084 0.306 1.000 0.418 0.752]
   221          339       0.00525493         reflect
  eval: e=0.0053  p=[0.518 0.624 0.518 0.084 0.306 1.000 0.415 0.758]
   222          340       0.00525493         reflect
  eval: e=0.0055  p=[0.520 0.627 0.519 0.083 0.306 1.000 0.414 0.762]
  eval: e=0.0053  p=[0.516 0.621 0.517 0.084 0.306 1.000 0.418 0.751]
   223          342       0.00525493         contract inside
  eval: e=0.0053  p=[0.515 0.627 0.515 0.083 0.305 1.000 0.418 0.755]
   224          343       0.00525493         reflect
  eval: e=0.0053  p=[0.515 0.625 0.516 0.084 0.305 1.000 0.418 0.755]
  eval: e=0.0052  p=[0.514 0.626 0.515 0.083 0.304 1.000 0.418 0.755]
   225          345       0.00524538         expand
  eval: e=0.0052  p=[0.514 0.627 0.514 0.083 0.304 1.000 0.419 0.755]
  eval: e=0.0052  p=[0.511 0.630 0.512 0.083 0.303 1.000 0.421 0.755]
   226          347       0.00523585         expand
  eval: e=0.0053  p=[0.512 0.626 0.513 0.084 0.305 1.000 0.421 0.751]
   227          348       0.00523585         reflect
  eval: e=0.0052  p=[0.513 0.631 0.513 0.082 0.304 1.000 0.419 0.757]
   228          349       0.00523585         reflect
  eval: e=0.0052  p=[0.514 0.631 0.513 0.082 0.304 1.000 0.419 0.757]
   229          350       0.00523585         reflect
  eval: e=0.0052  p=[0.512 0.633 0.511 0.082 0.303 1.000 0.420 0.757]
  eval: e=0.0052  p=[0.509 0.638 0.508 0.081 0.302 1.000 0.422 0.759]
   230          352       0.00521906         expand
  eval: e=0.0052  p=[0.511 0.636 0.510 0.081 0.302 1.000 0.420 0.760]
   231          353       0.00521906         reflect
  eval: e=0.0052  p=[0.510 0.634 0.510 0.082 0.302 1.000 0.421 0.758]
  eval: e=0.0052  p=[0.508 0.638 0.508 0.081 0.301 1.000 0.422 0.759]
   232          355       0.00519855         expand
  eval: e=0.0052  p=[0.512 0.638 0.511 0.081 0.301 1.000 0.419 0.765]
   233          356       0.00519855         reflect
  eval: e=0.0052  p=[0.506 0.639 0.506 0.081 0.299 1.000 0.424 0.757]
   234          357       0.00519855         reflect
  eval: e=0.0053  p=[0.507 0.639 0.508 0.081 0.300 1.000 0.422 0.759]
  eval: e=0.0052  p=[0.512 0.633 0.512 0.082 0.303 1.000 0.420 0.758]
   235          359       0.00519855         contract inside
  eval: e=0.0052  p=[0.507 0.645 0.505 0.080 0.300 1.000 0.423 0.763]
   236          360       0.00519855         reflect
  eval: e=0.0052  p=[0.506 0.644 0.505 0.080 0.299 1.000 0.424 0.761]
  eval: e=0.0052  p=[0.502 0.650 0.500 0.079 0.297 1.000 0.426 0.763]
   237          362       0.00516838         expand
  eval: e=0.0052  p=[0.506 0.649 0.503 0.079 0.299 1.000 0.423 0.766]
   238          363       0.00516838         reflect
  eval: e=0.0052  p=[0.503 0.651 0.501 0.079 0.297 1.000 0.425 0.765]
  eval: e=0.0052  p=[0.498 0.660 0.496 0.077 0.294 1.000 0.428 0.769]
   239          365       0.00516449         reflect
  eval: e=0.0052  p=[0.502 0.651 0.500 0.078 0.297 1.000 0.426 0.764]
  eval: e=0.0052  p=[0.497 0.659 0.495 0.077 0.294 1.000 0.429 0.766]
   240          367        0.0051518         expand
  eval: e=0.0052  p=[0.501 0.654 0.500 0.078 0.295 1.000 0.426 0.767]
   241          368        0.0051518         reflect
  eval: e=0.0051  p=[0.503 0.657 0.500 0.077 0.296 1.000 0.424 0.772]
  eval: e=0.0054  p=[0.502 0.666 0.497 0.075 0.295 1.000 0.424 0.780]
   242          370       0.00513913         reflect
  eval: e=0.0052  p=[0.501 0.655 0.499 0.078 0.295 1.000 0.425 0.769]
   243          371       0.00513913         reflect
  eval: e=0.0052  p=[0.493 0.665 0.491 0.076 0.292 1.000 0.431 0.768]
   244          372       0.00513913         reflect
  eval: e=0.0051  p=[0.493 0.672 0.490 0.074 0.290 1.000 0.430 0.775]
  eval: e=0.0052  p=[0.486 0.689 0.481 0.071 0.285 1.000 0.435 0.782]
   245          374       0.00512635         reflect
  eval: e=0.0052  p=[0.493 0.667 0.491 0.076 0.291 1.000 0.431 0.770]
   246          375       0.00512635         reflect
  eval: e=0.0052  p=[0.494 0.669 0.491 0.075 0.291 1.000 0.429 0.775]
  eval: e=0.0052  p=[0.500 0.655 0.498 0.078 0.295 1.000 0.427 0.766]
   247          377       0.00512635         contract inside
  eval: e=0.0051  p=[0.493 0.670 0.490 0.075 0.290 1.000 0.431 0.773]
   248          378       0.00512635         reflect
  eval: e=0.0051  p=[0.503 0.655 0.500 0.078 0.297 1.000 0.425 0.769]
   249          379       0.00512635         reflect
  eval: e=0.0051  p=[0.495 0.667 0.491 0.075 0.293 1.000 0.429 0.772]
   250          380       0.00512635         reflect
  eval: e=0.0052  p=[0.503 0.658 0.500 0.077 0.296 1.000 0.424 0.773]
  eval: e=0.0051  p=[0.496 0.663 0.493 0.076 0.293 1.000 0.430 0.769]
   251          382       0.00512635         contract inside
  eval: e=0.0051  p=[0.494 0.670 0.490 0.075 0.292 1.000 0.431 0.772]
   252          383       0.00512635         reflect
  eval: e=0.0051  p=[0.493 0.673 0.489 0.074 0.291 1.000 0.430 0.776]
  eval: e=0.0052  p=[0.490 0.682 0.485 0.072 0.289 1.000 0.432 0.781]
   253          385       0.00511258         reflect
  eval: e=0.0051  p=[0.495 0.673 0.491 0.074 0.292 1.000 0.429 0.778]
  eval: e=0.0051  p=[0.494 0.680 0.488 0.073 0.290 1.000 0.429 0.784]
   254          387       0.00508031         expand
  eval: e=0.0051  p=[0.500 0.664 0.496 0.076 0.295 1.000 0.426 0.774]
   255          388       0.00508031         reflect
  eval: e=0.0052  p=[0.490 0.682 0.485 0.072 0.289 1.000 0.432 0.780]
  eval: e=0.0051  p=[0.499 0.662 0.496 0.076 0.295 1.000 0.427 0.772]
   256          390       0.00508031         contract inside
  eval: e=0.0051  p=[0.498 0.673 0.492 0.074 0.293 1.000 0.427 0.780]
   257          391       0.00508031         reflect
  eval: e=0.0051  p=[0.488 0.683 0.483 0.072 0.288 1.000 0.433 0.779]
   258          392       0.00508031         reflect
  eval: e=0.0051  p=[0.488 0.681 0.484 0.073 0.288 1.000 0.433 0.778]
   259          393       0.00508031         reflect
  eval: e=0.0051  p=[0.493 0.678 0.489 0.073 0.290 1.000 0.429 0.782]
   260          394       0.00508031         reflect
  eval: e=0.0051  p=[0.500 0.666 0.495 0.075 0.295 1.000 0.425 0.777]
   261          395       0.00508031         reflect
  eval: e=0.0051  p=[0.489 0.687 0.483 0.071 0.288 1.000 0.432 0.785]
   262          396       0.00508031         reflect
  eval: e=0.0051  p=[0.493 0.686 0.486 0.071 0.289 1.000 0.430 0.787]
  eval: e=0.0051  p=[0.492 0.695 0.483 0.069 0.287 1.000 0.430 0.795]
   263          398       0.00505699         expand
  eval: e=0.0051  p=[0.488 0.685 0.483 0.072 0.287 1.000 0.433 0.783]
   264          399       0.00505699         reflect
  eval: e=0.0051  p=[0.491 0.690 0.484 0.071 0.289 1.000 0.430 0.790]
   265          400       0.00505699         reflect
  eval: e=0.0051  p=[0.497 0.680 0.491 0.072 0.291 1.000 0.426 0.789]
   266          401       0.00505699         reflect
  eval: e=0.0051  p=[0.485 0.701 0.477 0.069 0.283 1.000 0.434 0.794]
   267          402       0.00505699         reflect
  eval: e=0.0050  p=[0.489 0.701 0.481 0.068 0.285 1.000 0.430 0.799]
  eval: e=0.0050  p=[0.487 0.715 0.476 0.066 0.282 1.000 0.431 0.811]
   268          404       0.00502805         expand
  eval: e=0.0050  p=[0.494 0.696 0.485 0.069 0.288 1.000 0.427 0.800]
   269          405       0.00502805         reflect
  eval: e=0.0050  p=[0.494 0.697 0.485 0.069 0.287 1.000 0.427 0.801]
   270          406       0.00502805         reflect
  eval: e=0.0051  p=[0.501 0.682 0.493 0.072 0.293 1.000 0.423 0.794]
   271          407       0.00502805         reflect
  eval: e=0.0050  p=[0.494 0.706 0.483 0.067 0.287 1.000 0.427 0.809]
  eval: e=0.0050  p=[0.494 0.719 0.480 0.064 0.285 1.000 0.426 0.822]
   272          409       0.00499645         expand
  eval: e=0.0050  p=[0.493 0.713 0.481 0.065 0.285 1.000 0.426 0.816]
   273          410       0.00499645         reflect
  eval: e=0.0050  p=[0.485 0.720 0.473 0.064 0.281 1.000 0.433 0.812]
   274          411       0.00499645         reflect
  eval: e=0.0050  p=[0.485 0.731 0.471 0.062 0.280 1.000 0.431 0.823]
  eval: e=0.0050  p=[0.479 0.757 0.461 0.057 0.274 0.999 0.434 0.840]
   275          413       0.00498922         reflect
  eval: e=0.0050  p=[0.490 0.731 0.475 0.062 0.280 1.000 0.428 0.830]
  eval: e=0.0050  p=[0.489 0.752 0.470 0.057 0.275 0.999 0.427 0.849]
   276          415       0.00498204         reflect
  eval: e=0.0050  p=[0.489 0.736 0.473 0.061 0.280 1.000 0.427 0.834]
   277          416       0.00498204         reflect
  eval: e=0.0050  p=[0.485 0.743 0.468 0.059 0.278 1.000 0.430 0.835]
  eval: e=0.0050  p=[0.481 0.767 0.460 0.054 0.274 1.000 0.431 0.853]
   278          418       0.00497393         reflect
  eval: e=0.0050  p=[0.483 0.756 0.465 0.057 0.275 0.999 0.431 0.846]
   279          419       0.00497393         reflect
  eval: e=0.0050  p=[0.489 0.748 0.470 0.058 0.278 1.000 0.427 0.844]
  eval: e=0.0050  p=[0.490 0.765 0.467 0.054 0.276 0.999 0.426 0.861]
   280          421       0.00496378         reflect
  eval: e=0.0050  p=[0.493 0.750 0.472 0.058 0.279 0.999 0.424 0.851]
   281          422       0.00496378         reflect
  eval: e=0.0050  p=[0.490 0.737 0.473 0.060 0.280 1.000 0.429 0.833]
   282          423       0.00496378         reflect
  eval: e=0.0050  p=[0.484 0.766 0.463 0.055 0.273 0.999 0.430 0.855]
   283          424       0.00496378         reflect
  eval: e=0.0050  p=[0.480 0.771 0.459 0.053 0.271 0.999 0.432 0.857]
  eval: e=0.0050  p=[0.491 0.732 0.475 0.061 0.281 1.000 0.427 0.831]
   284          426       0.00496378         contract inside
  eval: e=0.0050  p=[0.493 0.729 0.477 0.062 0.283 1.000 0.426 0.829]
  eval: e=0.0050  p=[0.491 0.736 0.474 0.061 0.281 1.000 0.427 0.833]
   285          428       0.00496378         contract outside
  eval: e=0.0050  p=[0.493 0.755 0.472 0.056 0.278 1.000 0.424 0.855]
   286          429       0.00496378         reflect
  eval: e=0.0050  p=[0.489 0.753 0.469 0.057 0.277 0.999 0.426 0.851]
  eval: e=0.0050  p=[0.489 0.741 0.472 0.060 0.279 1.000 0.428 0.837]
   287          431       0.00496378         contract inside
  eval: e=0.0050  p=[0.489 0.762 0.466 0.055 0.277 0.999 0.427 0.856]
   288          432       0.00496378         reflect
  eval: e=0.0050  p=[0.485 0.746 0.468 0.059 0.277 1.000 0.431 0.836]
   289          433       0.00496378         reflect
  eval: e=0.0050  p=[0.488 0.730 0.474 0.062 0.279 1.000 0.430 0.826]
  eval: e=0.0050  p=[0.489 0.754 0.468 0.057 0.278 1.000 0.428 0.848]
   290          435       0.00496378         contract inside
  eval: e=0.0050  p=[0.486 0.765 0.464 0.055 0.274 1.000 0.429 0.855]
  eval: e=0.0050  p=[0.483 0.781 0.458 0.051 0.271 1.000 0.430 0.867]
   291          437       0.00495717         reflect
  eval: e=0.0050  p=[0.491 0.759 0.469 0.056 0.277 0.999 0.426 0.855]
   292          438       0.00495717         reflect
  eval: e=0.0050  p=[0.486 0.773 0.462 0.053 0.273 0.999 0.429 0.863]
   293          439       0.00495717         reflect
  eval: e=0.0050  p=[0.491 0.769 0.467 0.053 0.276 0.999 0.424 0.867]
  eval: e=0.0050  p=[0.487 0.752 0.467 0.057 0.277 1.000 0.430 0.844]
   294          441       0.00495717         contract inside
  eval: e=0.0050  p=[0.482 0.759 0.462 0.056 0.275 0.999 0.433 0.846]
  eval: e=0.0050  p=[0.485 0.758 0.465 0.056 0.275 0.999 0.430 0.848]
   295          443       0.00495717         contract outside
  eval: e=0.0050  p=[0.491 0.746 0.472 0.058 0.279 1.000 0.426 0.844]
  eval: e=0.0050  p=[0.486 0.761 0.465 0.055 0.275 0.999 0.429 0.852]
   296          445       0.00495717         contract inside
  eval: e=0.0050  p=[0.485 0.776 0.461 0.052 0.273 0.999 0.429 0.865]
   297          446       0.00495717         reflect
  eval: e=0.0050  p=[0.485 0.769 0.462 0.054 0.273 0.999 0.430 0.858]
   298          447       0.00495717         reflect
  eval: e=0.0050  p=[0.488 0.745 0.470 0.059 0.278 1.000 0.429 0.840]
   299          448       0.00495717         reflect
  eval: e=0.0050  p=[0.484 0.772 0.461 0.053 0.272 0.999 0.431 0.860]
  eval: e=0.0050  p=[0.482 0.785 0.457 0.050 0.269 0.999 0.432 0.868]
   300          450       0.00495699         reflect
  eval: e=0.0050  p=[0.480 0.765 0.460 0.055 0.273 1.000 0.433 0.850]
  eval: e=0.0050  p=[0.488 0.760 0.467 0.055 0.276 0.999 0.428 0.854]
   301          452       0.00495568         contract inside
  eval: e=0.0050  p=[0.483 0.782 0.458 0.051 0.271 0.999 0.430 0.869]
  eval: e=0.0050  p=[0.487 0.754 0.467 0.057 0.276 1.000 0.429 0.847]
   302          454       0.00495568         contract inside
  eval: e=0.0050  p=[0.486 0.750 0.467 0.058 0.277 1.000 0.430 0.841]
  eval: e=0.0050  p=[0.486 0.767 0.464 0.054 0.274 0.999 0.429 0.858]
   303          456       0.00495568         contract inside
  eval: e=0.0050  p=[0.487 0.753 0.467 0.057 0.277 1.000 0.429 0.846]
  eval: e=0.0050  p=[0.485 0.765 0.464 0.055 0.274 0.999 0.430 0.855]
   304          458       0.00495568         contract inside
  eval: e=0.0050  p=[0.487 0.766 0.465 0.054 0.274 0.999 0.428 0.858]
  eval: e=0.0050  p=[0.489 0.770 0.465 0.053 0.273 0.999 0.427 0.863]
   305          460       0.00495451         reflect
  eval: e=0.0050  p=[0.486 0.776 0.462 0.052 0.272 0.999 0.429 0.866]
  eval: e=0.0050  p=[0.487 0.758 0.466 0.056 0.276 1.000 0.429 0.849]
   306          462       0.00495451         contract inside
  eval: e=0.0050  p=[0.487 0.766 0.464 0.054 0.274 1.000 0.429 0.857]
  eval: e=0.0050  p=[0.487 0.768 0.464 0.054 0.273 1.000 0.429 0.860]
   307          464       0.00495316         reflect
  eval: e=0.0050  p=[0.487 0.763 0.466 0.055 0.274 0.999 0.429 0.854]
   308          465       0.00495316         reflect
  eval: e=0.0050  p=[0.490 0.753 0.469 0.057 0.277 1.000 0.427 0.848]
  eval: e=0.0050  p=[0.485 0.767 0.463 0.054 0.273 0.999 0.430 0.857]
   309          467       0.00495316         contract inside
  eval: e=0.0050  p=[0.486 0.774 0.462 0.053 0.273 0.999 0.429 0.864]
   310          468       0.00495316         reflect
  eval: e=0.0050  p=[0.487 0.763 0.466 0.055 0.274 0.999 0.429 0.855]
   311          469       0.00495316         reflect
  eval: e=0.0050  p=[0.488 0.764 0.466 0.055 0.275 0.999 0.428 0.857]
   312          470       0.00495316         reflect
  eval: e=0.0050  p=[0.488 0.773 0.464 0.053 0.273 0.999 0.428 0.865]
   313          471       0.00495316         reflect
  eval: e=0.0050  p=[0.486 0.773 0.462 0.053 0.272 0.999 0.430 0.863]
   314          472       0.00495316         reflect
  eval: e=0.0050  p=[0.485 0.772 0.462 0.053 0.272 0.999 0.430 0.861]
  eval: e=0.0050  p=[0.488 0.766 0.465 0.054 0.274 0.999 0.429 0.858]
   315          474       0.00495316         contract inside
  eval: e=0.0050  p=[0.488 0.761 0.467 0.055 0.275 0.999 0.429 0.853]
  eval: e=0.0050  p=[0.487 0.770 0.463 0.053 0.273 0.999 0.429 0.861]
   316          476       0.00495316         contract inside
  eval: e=0.0050  p=[0.489 0.768 0.466 0.054 0.274 0.999 0.428 0.861]
  eval: e=0.0050  p=[0.490 0.768 0.467 0.054 0.274 0.999 0.427 0.862]
   317          478       0.00495298         reflect
  eval: e=0.0050  p=[0.489 0.760 0.467 0.055 0.276 0.999 0.428 0.854]
  eval: e=0.0050  p=[0.487 0.770 0.464 0.053 0.273 0.999 0.429 0.861]
   318          480       0.00495298         contract inside
  eval: e=0.0050  p=[0.487 0.769 0.464 0.054 0.273 0.999 0.429 0.859]
  eval: e=0.0050  p=[0.487 0.767 0.465 0.054 0.274 0.999 0.429 0.859]
   319          482       0.00495298         contract inside
  eval: e=0.0050  p=[0.487 0.773 0.464 0.053 0.273 0.999 0.428 0.864]
   320          483       0.00495298         reflect
  eval: e=0.0050  p=[0.487 0.763 0.465 0.055 0.274 1.000 0.429 0.854]
   321          484       0.00495298         reflect
  eval: e=0.0050  p=[0.487 0.773 0.463 0.053 0.273 0.999 0.428 0.864]
  eval: e=0.0050  p=[0.487 0.765 0.465 0.054 0.274 0.999 0.429 0.857]
   322          486       0.00495298         contract inside
  eval: e=0.0050  p=[0.487 0.769 0.464 0.053 0.273 0.999 0.429 0.860]
  eval: e=0.0050  p=[0.486 0.771 0.463 0.053 0.273 1.000 0.429 0.862]
   323          488       0.00495279         reflect
  eval: e=0.0050  p=[0.488 0.765 0.466 0.054 0.274 1.000 0.428 0.857]
  eval: e=0.0050  p=[0.488 0.762 0.467 0.055 0.275 1.000 0.428 0.855]
   324          490       0.00495227         reflect
  eval: e=0.0050  p=[0.488 0.764 0.466 0.055 0.275 1.000 0.428 0.857]
   325          491       0.00495227         reflect
  eval: e=0.0050  p=[0.488 0.771 0.465 0.053 0.273 0.999 0.428 0.864]
  eval: e=0.0050  p=[0.487 0.765 0.465 0.054 0.274 1.000 0.429 0.857]
   326          493       0.00495227         contract inside
  eval: e=0.0050  p=[0.488 0.759 0.467 0.056 0.275 0.999 0.429 0.852]
  eval: e=0.0050  p=[0.487 0.769 0.464 0.053 0.273 0.999 0.428 0.861]
   327          495       0.00495227         contract inside
  eval: e=0.0050  p=[0.488 0.767 0.466 0.054 0.274 0.999 0.428 0.860]
   328          496       0.00495227         reflect
  eval: e=0.0050  p=[0.488 0.766 0.465 0.054 0.274 1.000 0.428 0.859]
  eval: e=0.0050  p=[0.488 0.766 0.466 0.054 0.274 1.000 0.428 0.859]
   329          498       0.00495207         reflect
  eval: e=0.0050  p=[0.488 0.768 0.465 0.054 0.274 1.000 0.428 0.861]
   330          499       0.00495207         reflect
  eval: e=0.0050  p=[0.487 0.766 0.465 0.054 0.274 1.000 0.429 0.857]
   331          500       0.00495207         reflect
  eval: e=0.0050  p=[0.489 0.763 0.467 0.055 0.275 1.000 0.428 0.857]
  eval: e=0.0050  p=[0.488 0.765 0.466 0.054 0.274 1.000 0.428 0.858]
   332          502       0.00495207         contract outside
  eval: e=0.0050  p=[0.487 0.769 0.465 0.054 0.273 1.000 0.428 0.861]
  eval: e=0.0050  p=[0.487 0.772 0.464 0.053 0.272 0.999 0.429 0.863]
   333          504       0.00495203         reflect
  eval: e=0.0050  p=[0.489 0.769 0.465 0.053 0.274 1.000 0.428 0.862]
  eval: e=0.0050  p=[0.489 0.771 0.466 0.053 0.273 1.000 0.427 0.865]
   334          506       0.00495198         reflect
  eval: e=0.0050  p=[0.488 0.764 0.466 0.055 0.274 1.000 0.428 0.857]
  eval: e=0.0050  p=[0.489 0.761 0.467 0.055 0.275 1.000 0.428 0.856]
   335          508       0.00495117         expand
  eval: e=0.0050  p=[0.488 0.765 0.465 0.054 0.274 1.000 0.428 0.858]
   336          509       0.00495117         reflect
  eval: e=0.0050  p=[0.489 0.766 0.467 0.054 0.274 1.000 0.427 0.860]
  eval: e=0.0050  p=[0.487 0.766 0.465 0.054 0.274 1.000 0.428 0.858]
   337          511       0.00495117         contract inside
  eval: e=0.0050  p=[0.488 0.768 0.465 0.054 0.273 1.000 0.428 0.860]
   338          512       0.00495117         reflect
  eval: e=0.0050  p=[0.488 0.768 0.465 0.054 0.274 1.000 0.428 0.861]
  eval: e=0.0050  p=[0.488 0.770 0.465 0.053 0.273 1.000 0.427 0.863]
   339          514       0.00495116         reflect
  eval: e=0.0050  p=[0.488 0.765 0.466 0.054 0.274 1.000 0.428 0.858]
   340          515       0.00495116         reflect
  eval: e=0.0050  p=[0.488 0.767 0.466 0.054 0.274 1.000 0.428 0.859]
  eval: e=0.0050  p=[0.488 0.767 0.466 0.054 0.274 1.000 0.428 0.859]
   341          517       0.00495096         reflect
  eval: e=0.0050  p=[0.489 0.763 0.467 0.055 0.275 1.000 0.427 0.857]
  eval: e=0.0050  p=[0.489 0.760 0.468 0.055 0.275 1.000 0.427 0.855]
   342          519       0.00495026         expand
  eval: e=0.0050  p=[0.488 0.761 0.466 0.055 0.275 1.000 0.428 0.854]
   343          520       0.00495026         reflect
  eval: e=0.0050  p=[0.489 0.763 0.467 0.055 0.274 1.000 0.427 0.857]
  eval: e=0.0049  p=[0.490 0.762 0.468 0.055 0.274 1.000 0.427 0.857]
   344          522       0.00494975         expand
  eval: e=0.0050  p=[0.489 0.763 0.467 0.055 0.274 1.000 0.427 0.857]
   345          523       0.00494975         reflect
  eval: e=0.0049  p=[0.489 0.759 0.468 0.055 0.275 1.000 0.427 0.854]
   346          524       0.00494975         reflect
  eval: e=0.0050  p=[0.490 0.760 0.468 0.055 0.275 1.000 0.427 0.856]
   347          525       0.00494975         reflect
  eval: e=0.0049  p=[0.489 0.764 0.467 0.054 0.274 1.000 0.427 0.858]
  eval: e=0.0049  p=[0.489 0.765 0.466 0.054 0.274 1.000 0.427 0.859]
   348          527       0.00494832         expand
  eval: e=0.0049  p=[0.490 0.756 0.469 0.056 0.276 1.000 0.427 0.852]
   349          528       0.00494832         reflect
  eval: e=0.0050  p=[0.490 0.755 0.470 0.056 0.276 1.000 0.426 0.852]
  eval: e=0.0050  p=[0.489 0.764 0.467 0.055 0.274 1.000 0.428 0.857]
   350          530       0.00494832         contract inside
  eval: e=0.0049  p=[0.491 0.761 0.469 0.055 0.275 1.000 0.426 0.858]
   351          531       0.00494832         reflect
  eval: e=0.0049  p=[0.490 0.762 0.468 0.055 0.274 1.000 0.427 0.857]
   352          532       0.00494832         reflect
  eval: e=0.0050  p=[0.490 0.759 0.469 0.055 0.275 1.000 0.426 0.855]
  eval: e=0.0049  p=[0.489 0.762 0.468 0.055 0.274 1.000 0.427 0.857]
   353          534       0.00494832         contract inside
  eval: e=0.0049  p=[0.489 0.762 0.467 0.055 0.274 1.000 0.427 0.857]
   354          535       0.00494832         reflect
  eval: e=0.0050  p=[0.490 0.759 0.469 0.055 0.275 1.000 0.426 0.855]
  eval: e=0.0049  p=[0.489 0.762 0.467 0.055 0.274 1.000 0.427 0.857]
   355          537       0.00494832         contract inside
  eval: e=0.0049  p=[0.489 0.764 0.468 0.054 0.274 1.000 0.427 0.859]
   356          538       0.00494832         reflect
  eval: e=0.0050  p=[0.489 0.762 0.468 0.055 0.274 1.000 0.427 0.857]
  eval: e=0.0049  p=[0.489 0.762 0.468 0.055 0.274 1.000 0.427 0.857]
   357          540       0.00494832         contract inside
  eval: e=0.0050  p=[0.490 0.762 0.468 0.055 0.274 1.000 0.427 0.857]
  eval: e=0.0049  p=[0.489 0.762 0.468 0.055 0.274 1.000 0.427 0.857]
   358          542       0.00494832         contract inside
  eval: e=0.0049  p=[0.488 0.763 0.466 0.055 0.274 1.000 0.428 0.856]
   359          543       0.00494832         reflect
  eval: e=0.0050  p=[0.489 0.762 0.468 0.055 0.274 1.000 0.427 0.857]
  eval: e=0.0049  p=[0.489 0.762 0.467 0.055 0.274 1.000 0.427 0.857]
   360          545       0.00494832         contract inside
  eval: e=0.0049  p=[0.489 0.770 0.466 0.053 0.273 1.000 0.427 0.863]
  eval: e=0.0049  p=[0.489 0.759 0.468 0.055 0.275 1.000 0.427 0.855]
   361          547       0.00494832         contract inside
  eval: e=0.0049  p=[0.488 0.763 0.467 0.055 0.274 1.000 0.427 0.857]
   362          548       0.00494832         reflect
  eval: e=0.0049  p=[0.490 0.762 0.469 0.055 0.275 1.000 0.426 0.858]
   363          549       0.00494832         reflect
  eval: e=0.0049  p=[0.489 0.763 0.467 0.055 0.274 1.000 0.427 0.858]
   364          550       0.00494832         reflect
  eval: e=0.0049  p=[0.488 0.763 0.466 0.055 0.274 1.000 0.428 0.856]
   365          551       0.00494832         reflect
  eval: e=0.0050  p=[0.488 0.764 0.467 0.054 0.274 1.000 0.427 0.857]
  eval: e=0.0049  p=[0.489 0.762 0.468 0.055 0.274 1.000 0.427 0.857]
   366          553       0.00494832         contract inside
  eval: e=0.0050  p=[0.489 0.763 0.467 0.054 0.274 1.000 0.427 0.857]
  eval: e=0.0049  p=[0.489 0.763 0.467 0.055 0.274 1.000 0.427 0.857]
   367          555       0.00494832         contract inside
  eval: e=0.0049  p=[0.489 0.762 0.467 0.055 0.274 1.000 0.427 0.856]
  eval: e=0.0049  p=[0.489 0.763 0.467 0.055 0.274 1.000 0.427 0.857]
   368          557       0.00494824         contract inside
  eval: e=0.0049  p=[0.490 0.762 0.468 0.055 0.275 1.000 0.426 0.858]
  eval: e=0.0049  p=[0.488 0.763 0.467 0.055 0.274 1.000 0.428 0.857]
   369          559       0.00494824         contract inside
  eval: e=0.0049  p=[0.488 0.767 0.466 0.054 0.273 1.000 0.427 0.860]
   370          560       0.00494824         reflect
  eval: e=0.0049  p=[0.488 0.765 0.466 0.054 0.274 1.000 0.427 0.859]
  eval: e=0.0050  p=[0.488 0.766 0.466 0.054 0.273 1.000 0.427 0.860]
   371          562       0.00494808         reflect
  eval: e=0.0049  p=[0.488 0.766 0.466 0.054 0.274 1.000 0.427 0.859]
   372          563       0.00494808         reflect
  eval: e=0.0050  p=[0.488 0.766 0.466 0.054 0.274 1.000 0.427 0.860]
  eval: e=0.0049  p=[0.489 0.763 0.467 0.054 0.274 1.000 0.427 0.858]
   373          565       0.00494808         contract inside
  eval: e=0.0049  p=[0.488 0.765 0.466 0.054 0.274 1.000 0.428 0.857]
   374          566       0.00494808         reflect
  eval: e=0.0049  p=[0.489 0.766 0.466 0.054 0.274 1.000 0.427 0.860]
   375          567       0.00494808         reflect
  eval: e=0.0050  p=[0.488 0.767 0.466 0.054 0.273 1.000 0.427 0.861]
  eval: e=0.0049  p=[0.488 0.764 0.467 0.054 0.274 1.000 0.427 0.858]
   376          569       0.00494808         contract inside
  eval: e=0.0049  p=[0.490 0.765 0.467 0.054 0.274 1.000 0.426 0.860]
  eval: e=0.0049  p=[0.488 0.765 0.466 0.054 0.274 1.000 0.427 0.858]
   377          571       0.00494808         contract inside
  eval: e=0.0049  p=[0.488 0.767 0.466 0.054 0.274 1.000 0.427 0.860]
  eval: e=0.0049  p=[0.489 0.764 0.467 0.054 0.274 1.000 0.427 0.858]
   378          573       0.00494808         contract inside
  eval: e=0.0050  p=[0.489 0.763 0.467 0.055 0.274 1.000 0.427 0.857]
  eval: e=0.0049  p=[0.488 0.766 0.466 0.054 0.274 1.000 0.427 0.859]
   379          575       0.00494808         contract inside
  eval: e=0.0049  p=[0.488 0.765 0.466 0.054 0.274 1.000 0.427 0.858]
  eval: e=0.0049  p=[0.489 0.765 0.466 0.054 0.274 1.000 0.427 0.859]
   380          577       0.00494808         contract inside
  eval: e=0.0049  p=[0.489 0.764 0.467 0.054 0.274 1.000 0.427 0.858]
  eval: e=0.0049  p=[0.488 0.765 0.466 0.054 0.274 1.000 0.427 0.859]
   381          579       0.00494808         contract inside
  eval: e=0.0049  p=[0.489 0.766 0.466 0.054 0.274 1.000 0.427 0.860]
   382          580       0.00494808         reflect
  eval: e=0.0049  p=[0.488 0.766 0.466 0.054 0.274 1.000 0.427 0.860]
   383          581       0.00494808         reflect
  eval: e=0.0050  p=[0.489 0.766 0.467 0.054 0.274 1.000 0.427 0.860]
  eval: e=0.0049  p=[0.488 0.765 0.466 0.054 0.274 1.000 0.427 0.859]
   384          583       0.00494808         contract inside
  eval: e=0.0050  p=[0.489 0.764 0.467 0.054 0.274 1.000 0.427 0.858]
  eval: e=0.0049  p=[0.489 0.765 0.466 0.054 0.274 1.000 0.427 0.859]
   385          585       0.00494808         contract inside
  eval: e=0.0049  p=[0.489 0.764 0.467 0.054 0.274 1.000 0.427 0.858]
  eval: e=0.0049  p=[0.489 0.766 0.466 0.054 0.274 1.000 0.427 0.859]
   386          587       0.00494808         contract inside
  eval: e=0.0049  p=[0.488 0.768 0.465 0.054 0.273 1.000 0.427 0.861]
  eval: e=0.0049  p=[0.489 0.764 0.467 0.054 0.274 1.000 0.427 0.858]
   387          589       0.00494808         contract inside
  eval: e=0.0049  p=[0.489 0.764 0.467 0.054 0.274 1.000 0.427 0.858]
  eval: e=0.0049  p=[0.488 0.766 0.466 0.054 0.274 1.000 0.427 0.859]
   388          591       0.00494808         contract inside
  eval: e=0.0049  p=[0.488 0.766 0.466 0.054 0.274 1.000 0.427 0.859]
   389          592       0.00494808         reflect
  eval: e=0.0049  p=[0.489 0.765 0.466 0.054 0.274 1.000 0.427 0.859]
  eval: e=0.0049  p=[0.489 0.765 0.466 0.054 0.274 1.000 0.427 0.859]
   390          594       0.00494801         expand
  eval: e=0.0049  p=[0.489 0.765 0.466 0.054 0.274 1.000 0.427 0.859]
   391          595       0.00494801         reflect
  eval: e=0.0049  p=[0.489 0.766 0.467 0.054 0.274 1.000 0.427 0.860]
  eval: e=0.0049  p=[0.488 0.765 0.466 0.054 0.274 1.000 0.427 0.859]
   392          597       0.00494801         contract inside
  eval: e=0.0049  p=[0.488 0.765 0.466 0.054 0.274 1.000 0.427 0.858]
   393          598       0.00494801         reflect
  eval: e=0.0049  p=[0.488 0.765 0.467 0.054 0.274 1.000 0.427 0.858]
   394          599       0.00494801         reflect
  eval: e=0.0049  p=[0.488 0.766 0.466 0.054 0.274 1.000 0.427 0.859]
  eval: e=0.0049  p=[0.488 0.767 0.466 0.054 0.273 1.000 0.427 0.860]
   395          601       0.00494797         reflect
  eval: e=0.0049  p=[0.488 0.765 0.466 0.054 0.274 1.000 0.427 0.859]
  eval: e=0.0049  p=[0.488 0.765 0.466 0.054 0.274 1.000 0.427 0.859]
   396          603       0.00494796         reflect
  eval: e=0.0049  p=[0.488 0.765 0.466 0.054 0.274 1.000 0.427 0.859]
  eval: e=0.0049  p=[0.488 0.765 0.466 0.054 0.274 1.000 0.427 0.858]
   397          605       0.00494794         reflect
  eval: e=0.0049  p=[0.488 0.765 0.466 0.054 0.274 1.000 0.427 0.858]
   398          606       0.00494794         reflect
  eval: e=0.0049  p=[0.488 0.765 0.466 0.054 0.274 1.000 0.427 0.859]
  eval: e=0.0049  p=[0.488 0.765 0.466 0.054 0.274 1.000 0.427 0.859]
   399          608       0.00494792         reflect
  eval: e=0.0049  p=[0.488 0.766 0.466 0.054 0.274 1.000 0.427 0.859]
  eval: e=0.0049  p=[0.488 0.766 0.466 0.054 0.274 1.000 0.427 0.860]
   400          610       0.00494791         reflect
  eval: e=0.0049  p=[0.488 0.766 0.466 0.054 0.274 1.000 0.427 0.860]
  eval: e=0.0049  p=[0.488 0.765 0.466 0.054 0.274 1.000 0.427 0.859]
   401          612       0.00494791         contract inside
  eval: e=0.0049  p=[0.488 0.766 0.466 0.054 0.274 1.000 0.427 0.859]
   402          613       0.00494791         reflect
  eval: e=0.0049  p=[0.488 0.766 0.466 0.054 0.274 1.000 0.427 0.860]
   403          614       0.00494791         reflect
  eval: e=0.0049  p=[0.488 0.765 0.466 0.054 0.274 1.000 0.427 0.859]
  eval: e=0.0049  p=[0.488 0.765 0.466 0.054 0.274 1.000 0.427 0.859]
   404          616       0.00494791         contract inside
  eval: e=0.0049  p=[0.488 0.765 0.466 0.054 0.274 1.000 0.427 0.859]
   405          617       0.00494791         reflect
  eval: e=0.0049  p=[0.488 0.766 0.466 0.054 0.274 1.000 0.427 0.860]
  eval: e=0.0049  p=[0.488 0.765 0.466 0.054 0.274 1.000 0.427 0.859]
   406          619       0.00494791         contract inside
  eval: e=0.0049  p=[0.489 0.765 0.467 0.054 0.274 1.000 0.427 0.859]
   407          620       0.00494791         reflect
  eval: e=0.0049  p=[0.488 0.765 0.466 0.054 0.274 1.000 0.427 0.859]
  eval: e=0.0049  p=[0.488 0.765 0.466 0.054 0.274 1.000 0.427 0.859]
   408          622       0.00494791         contract inside
  eval: e=0.0049  p=[0.488 0.764 0.467 0.054 0.274 1.000 0.427 0.858]
  eval: e=0.0049  p=[0.488 0.766 0.466 0.054 0.274 1.000 0.427 0.859]
   409          624       0.00494791         contract inside
  eval: e=0.0049  p=[0.488 0.765 0.466 0.054 0.274 1.000 0.427 0.859]
  eval: e=0.0049  p=[0.488 0.765 0.466 0.054 0.274 1.000 0.427 0.859]
   410          626       0.00494789         reflect
  eval: e=0.0049  p=[0.489 0.765 0.467 0.054 0.274 1.000 0.427 0.859]
  eval: e=0.0049  p=[0.488 0.765 0.466 0.054 0.274 1.000 0.427 0.859]
   411          628       0.00494789         contract inside
  eval: e=0.0049  p=[0.488 0.765 0.466 0.054 0.274 1.000 0.427 0.859]
   412          629       0.00494789         reflect
  eval: e=0.0049  p=[0.488 0.766 0.466 0.054 0.274 1.000 0.427 0.859]
   413          630       0.00494789         reflect
  eval: e=0.0049  p=[0.488 0.765 0.466 0.054 0.274 1.000 0.427 0.859]
   414          631       0.00494789         reflect
  eval: e=0.0049  p=[0.488 0.766 0.466 0.054 0.274 1.000 0.427 0.859]
   415          632       0.00494789         reflect
  eval: e=0.0049  p=[0.488 0.765 0.466 0.054 0.274 1.000 0.427 0.859]
  eval: e=0.0049  p=[0.488 0.765 0.466 0.054 0.274 1.000 0.427 0.859]
   416          634       0.00494789         contract inside
  eval: e=0.0049  p=[0.488 0.765 0.466 0.054 0.274 1.000 0.427 0.859]
   417          635       0.00494789         reflect
  eval: e=0.0049  p=[0.488 0.766 0.466 0.054 0.274 1.000 0.427 0.859]
   418          636       0.00494789         reflect
  eval: e=0.0049  p=[0.488 0.766 0.466 0.054 0.274 1.000 0.427 0.859]
  eval: e=0.0049  p=[0.488 0.765 0.466 0.054 0.274 1.000 0.427 0.859]
   419          638       0.00494788         contract inside
  eval: e=0.0049  p=[0.488 0.765 0.466 0.054 0.274 1.000 0.427 0.858]
   420          639       0.00494788         reflect
  eval: e=0.0049  p=[0.488 0.765 0.466 0.054 0.274 1.000 0.427 0.859]
  eval: e=0.0049  p=[0.489 0.765 0.466 0.054 0.274 1.000 0.427 0.859]
   421          641       0.00494786         expand
  eval: e=0.0049  p=[0.488 0.765 0.466 0.054 0.274 1.000 0.427 0.859]
   422          642       0.00494786         reflect
  eval: e=0.0049  p=[0.488 0.766 0.466 0.054 0.274 1.000 0.427 0.859]
   423          643       0.00494786         reflect
  eval: e=0.0049  p=[0.489 0.765 0.467 0.054 0.274 1.000 0.427 0.858]
  eval: e=0.0049  p=[0.488 0.766 0.466 0.054 0.274 1.000 0.427 0.859]
   424          645       0.00494786         contract inside
  eval: e=0.0049  p=[0.488 0.765 0.466 0.054 0.274 1.000 0.427 0.859]
   425          646       0.00494786         reflect
  eval: e=0.0049  p=[0.488 0.765 0.466 0.054 0.274 1.000 0.427 0.859]
   426          647       0.00494786         reflect
  eval: e=0.0049  p=[0.488 0.765 0.466 0.054 0.274 1.000 0.427 0.859]
   427          648       0.00494786         reflect
  eval: e=0.0049  p=[0.488 0.766 0.466 0.054 0.274 1.000 0.427 0.859]
   428          649       0.00494786         reflect
  eval: e=0.0049  p=[0.488 0.766 0.466 0.054 0.274 1.000 0.427 0.859]
  eval: e=0.0049  p=[0.488 0.765 0.466 0.054 0.274 1.000 0.427 0.859]
   429          651       0.00494786         contract inside
  eval: e=0.0049  p=[0.488 0.766 0.466 0.054 0.274 1.000 0.427 0.859]
  eval: e=0.0049  p=[0.488 0.765 0.466 0.054 0.274 1.000 0.427 0.859]
   430          653       0.00494786         contract inside
  eval: e=0.0049  p=[0.488 0.765 0.466 0.054 0.274 1.000 0.427 0.859]
  eval: e=0.0049  p=[0.488 0.765 0.466 0.054 0.274 1.000 0.427 0.859]
   431          655       0.00494786         contract inside
  eval: e=0.0049  p=[0.488 0.765 0.466 0.054 0.274 1.000 0.427 0.859]
  eval: e=0.0049  p=[0.489 0.764 0.467 0.054 0.274 1.000 0.427 0.858]
   432          657       0.00494785         reflect
  eval: e=0.0049  p=[0.488 0.765 0.466 0.054 0.274 1.000 0.427 0.859]
  eval: e=0.0049  p=[0.488 0.765 0.466 0.054 0.274 1.000 0.427 0.859]
   433          659       0.00494784         reflect
  eval: e=0.0049  p=[0.488 0.765 0.466 0.054 0.274 1.000 0.427 0.858]
  eval: e=0.0049  p=[0.488 0.765 0.466 0.054 0.274 1.000 0.427 0.859]
   434          661       0.00494784         contract inside
  eval: e=0.0049  p=[0.488 0.765 0.466 0.054 0.274 1.000 0.427 0.859]
   435          662       0.00494784         reflect
  eval: e=0.0049  p=[0.488 0.765 0.466 0.054 0.274 1.000 0.427 0.859]
  eval: e=0.0049  p=[0.488 0.765 0.466 0.054 0.274 1.000 0.427 0.859]
   436          664       0.00494784         expand
  eval: e=0.0049  p=[0.488 0.765 0.466 0.054 0.274 1.000 0.427 0.859]
   437          665       0.00494784         reflect
  eval: e=0.0049  p=[0.488 0.765 0.466 0.054 0.274 1.000 0.427 0.859]
  eval: e=0.0049  p=[0.488 0.765 0.466 0.054 0.274 1.000 0.427 0.859]
   438          667       0.00494784         contract inside
  eval: e=0.0049  p=[0.488 0.765 0.466 0.054 0.274 1.000 0.427 0.859]
   439          668       0.00494784         reflect
  eval: e=0.0049  p=[0.489 0.765 0.466 0.054 0.274 1.000 0.427 0.859]
   440          669       0.00494784         reflect
  eval: e=0.0049  p=[0.488 0.765 0.466 0.054 0.274 1.000 0.427 0.859]
  eval: e=0.0049  p=[0.488 0.765 0.466 0.054 0.274 1.000 0.427 0.859]
   441          671       0.00494784         contract inside
  eval: e=0.0049  p=[0.488 0.765 0.466 0.054 0.274 1.000 0.427 0.859]
  eval: e=0.0049  p=[0.488 0.765 0.466 0.054 0.274 1.000 0.427 0.859]
   442          673       0.00494783         reflect
  eval: e=0.0049  p=[0.489 0.765 0.466 0.054 0.274 1.000 0.427 0.859]
   443          674       0.00494783         reflect
  eval: e=0.0049  p=[0.488 0.765 0.466 0.054 0.274 1.000 0.427 0.859]
  eval: e=0.0049  p=[0.488 0.765 0.466 0.054 0.274 1.000 0.427 0.859]
   444          676       0.00494783         contract outside
  eval: e=0.0049  p=[0.488 0.765 0.466 0.054 0.274 1.000 0.427 0.859]
  eval: e=0.0049  p=[0.488 0.765 0.466 0.054 0.274 1.000 0.427 0.859]
   445          678       0.00494782         reflect
  eval: e=0.0049  p=[0.488 0.765 0.466 0.054 0.274 1.000 0.427 0.858]
   446          679       0.00494782         reflect
  eval: e=0.0049  p=[0.488 0.765 0.466 0.054 0.274 1.000 0.427 0.859]
   447          680       0.00494782         reflect
  eval: e=0.0049  p=[0.488 0.765 0.466 0.054 0.274 1.000 0.427 0.859]
   448          681       0.00494782         reflect
  eval: e=0.0049  p=[0.489 0.765 0.467 0.054 0.274 1.000 0.427 0.858]
   449          682       0.00494782         reflect
  eval: e=0.0049  p=[0.488 0.765 0.466 0.054 0.274 1.000 0.427 0.859]
  eval: e=0.0049  p=[0.488 0.765 0.466 0.054 0.274 1.000 0.427 0.858]
   450          684       0.00494781         reflect
  eval: e=0.0049  p=[0.488 0.765 0.466 0.054 0.274 1.000 0.427 0.859]
  eval: e=0.0049  p=[0.489 0.765 0.466 0.054 0.274 1.000 0.427 0.858]
   451          686       0.00494781         contract inside
  eval: e=0.0049  p=[0.488 0.765 0.466 0.054 0.274 1.000 0.427 0.858]
   452          687       0.00494781         reflect
  eval: e=0.0049  p=[0.488 0.765 0.466 0.054 0.274 1.000 0.427 0.859]
   453          688       0.00494781         reflect
  eval: e=0.0049  p=[0.488 0.765 0.466 0.054 0.274 1.000 0.427 0.859]
  eval: e=0.0049  p=[0.488 0.765 0.466 0.054 0.274 1.000 0.427 0.859]
   454          690       0.00494781         contract inside
  eval: e=0.0049  p=[0.488 0.765 0.466 0.054 0.274 1.000 0.427 0.858]
  eval: e=0.0049  p=[0.488 0.765 0.466 0.054 0.274 1.000 0.427 0.859]
   455          692       0.00494781         contract inside
  eval: e=0.0049  p=[0.488 0.765 0.466 0.054 0.274 1.000 0.427 0.859]
   456          693       0.00494781         reflect
  eval: e=0.0049  p=[0.488 0.765 0.466 0.054 0.274 1.000 0.427 0.858]
   457          694       0.00494781         reflect
  eval: e=0.0049  p=[0.489 0.765 0.466 0.054 0.274 1.000 0.427 0.858]
   458          695       0.00494781         reflect
  eval: e=0.0049  p=[0.488 0.765 0.466 0.054 0.274 1.000 0.427 0.859]
  eval: e=0.0049  p=[0.488 0.765 0.466 0.054 0.274 1.000 0.427 0.858]
   459          697       0.00494778         expand
  eval: e=0.0049  p=[0.488 0.765 0.466 0.054 0.274 1.000 0.427 0.858]
  eval: e=0.0049  p=[0.488 0.765 0.466 0.054 0.274 1.000 0.427 0.859]
   460          699       0.00494778         contract inside
  eval: e=0.0049  p=[0.488 0.765 0.466 0.054 0.274 1.000 0.427 0.858]
  eval: e=0.0049  p=[0.488 0.765 0.466 0.054 0.274 1.000 0.427 0.859]
   461          701       0.00494778         contract inside
  eval: e=0.0049  p=[0.489 0.765 0.466 0.054 0.274 1.000 0.427 0.859]
  eval: e=0.0049  p=[0.488 0.765 0.466 0.054 0.274 1.000 0.427 0.858]
   462          703       0.00494778         contract inside
  eval: e=0.0049  p=[0.488 0.765 0.466 0.054 0.274 1.000 0.427 0.858]
  eval: e=0.0049  p=[0.488 0.765 0.466 0.054 0.274 1.000 0.427 0.859]
   463          705       0.00494778         contract inside
  eval: e=0.0049  p=[0.488 0.765 0.466 0.054 0.274 1.000 0.427 0.858]
   464          706       0.00494778         reflect
  eval: e=0.0049  p=[0.488 0.765 0.466 0.054 0.274 1.000 0.427 0.859]
   465          707       0.00494778         reflect
  eval: e=0.0049  p=[0.488 0.765 0.466 0.054 0.274 1.000 0.427 0.858]
   466          708       0.00494778         reflect
  eval: e=0.0049  p=[0.488 0.765 0.466 0.054 0.274 1.000 0.427 0.858]
   467          709       0.00494778         reflect
  eval: e=0.0049  p=[0.488 0.765 0.466 0.054 0.274 1.000 0.427 0.858]
   468          710       0.00494778         reflect
  eval: e=0.0049  p=[0.488 0.765 0.466 0.054 0.274 1.000 0.427 0.859]
   469          711       0.00494778         reflect
  eval: e=0.0049  p=[0.488 0.765 0.466 0.054 0.274 1.000 0.427 0.859]
  eval: e=0.0049  p=[0.488 0.765 0.466 0.054 0.274 1.000 0.427 0.859]
   470          713       0.00494778         contract outside
  eval: e=0.0049  p=[0.488 0.765 0.466 0.054 0.274 1.000 0.427 0.858]
   471          714       0.00494778         reflect
  eval: e=0.0049  p=[0.489 0.765 0.466 0.054 0.274 1.000 0.427 0.858]
  eval: e=0.0049  p=[0.488 0.765 0.466 0.054 0.274 1.000 0.427 0.859]
  eval: e=0.0049  p=[0.488 0.765 0.466 0.054 0.274 1.000 0.427 0.858]
  eval: e=0.0049  p=[0.488 0.765 0.466 0.054 0.274 1.000 0.427 0.858]
  eval: e=0.0049  p=[0.488 0.765 0.466 0.054 0.274 1.000 0.427 0.858]
  eval: e=0.0049  p=[0.488 0.765 0.466 0.054 0.274 1.000 0.427 0.858]
  eval: e=0.0049  p=[0.488 0.765 0.466 0.054 0.274 1.000 0.427 0.858]
  eval: e=0.0049  p=[0.488 0.765 0.466 0.054 0.274 1.000 0.427 0.858]
  eval: e=0.0049  p=[0.488 0.765 0.466 0.054 0.274 1.000 0.427 0.859]
  eval: e=0.0049  p=[0.488 0.765 0.466 0.054 0.274 1.000 0.427 0.859]
   472          724       0.00494778         shrink
  eval: e=0.0049  p=[0.488 0.765 0.466 0.054 0.274 1.000 0.427 0.858]
   473          725       0.00494778         reflect
  eval: e=0.0049  p=[0.488 0.765 0.466 0.054 0.274 1.000 0.427 0.858]
   474          726       0.00494778         reflect
  eval: e=0.0049  p=[0.488 0.765 0.466 0.054 0.274 1.000 0.427 0.858]
   475          727       0.00494778         reflect
  eval: e=0.0049  p=[0.488 0.765 0.466 0.054 0.274 1.000 0.427 0.859]
   476          728       0.00494778         reflect
  eval: e=0.0049  p=[0.489 0.765 0.466 0.054 0.274 1.000 0.427 0.858]
   477          729       0.00494778         reflect
  eval: e=0.0049  p=[0.488 0.765 0.466 0.054 0.274 1.000 0.427 0.858]
   478          730       0.00494778         reflect
  eval: e=0.0049  p=[0.489 0.765 0.466 0.054 0.274 1.000 0.427 0.858]
   479          731       0.00494778         reflect
  eval: e=0.0049  p=[0.488 0.765 0.466 0.054 0.274 1.000 0.427 0.858]
   480          732       0.00494778         reflect
  eval: e=0.0049  p=[0.489 0.765 0.466 0.054 0.274 1.000 0.427 0.858]
   481          733       0.00494778         reflect
  eval: e=0.0049  p=[0.489 0.765 0.466 0.054 0.274 1.000 0.427 0.858]
  eval: e=0.0049  p=[0.488 0.765 0.466 0.054 0.274 1.000 0.427 0.858]
  eval: e=0.0049  p=[0.488 0.765 0.466 0.054 0.274 1.000 0.427 0.858]
  eval: e=0.0049  p=[0.488 0.765 0.466 0.054 0.274 1.000 0.427 0.858]
  eval: e=0.0049  p=[0.488 0.765 0.466 0.054 0.274 1.000 0.427 0.858]
  eval: e=0.0049  p=[0.488 0.765 0.466 0.054 0.274 1.000 0.427 0.858]
  eval: e=0.0049  p=[0.488 0.765 0.466 0.054 0.274 1.000 0.427 0.858]
  eval: e=0.0049  p=[0.488 0.765 0.466 0.054 0.274 1.000 0.427 0.858]
  eval: e=0.0049  p=[0.488 0.765 0.466 0.054 0.274 1.000 0.427 0.858]
  eval: e=0.0049  p=[0.488 0.765 0.466 0.054 0.274 1.000 0.427 0.858]
   482          743       0.00494778         shrink
 
Optimization terminated:
 the current x satisfies the termination criteria using OPTIONS.TolX of 1.000000e-04 
 and F(X) satisfies the convergence criteria using OPTIONS.TolFun of 1.000000e-06 

=== Fit complete: error=0.004948  AIC=-5128.2 ===
