  eval: e=0.0100  p=[0.460 0.585 0.458 0.098 0.361 0.870 0.224 0.649 0.541 0.912]
 
 Iteration   Func-count         f(x)         Procedure
     0            1        0.0100293         
  eval: e=0.0097  p=[0.483 0.585 0.458 0.098 0.361 0.870 0.224 0.649 0.541 0.912]
  eval: e=0.0227  p=[0.460 0.615 0.458 0.098 0.361 0.870 0.224 0.649 0.541 0.912]
  eval: e=0.0182  p=[0.460 0.585 0.481 0.098 0.361 0.870 0.224 0.649 0.541 0.912]
  eval: e=0.0102  p=[0.460 0.585 0.458 0.102 0.361 0.870 0.224 0.649 0.541 0.912]
  eval: e=0.0109  p=[0.460 0.585 0.458 0.098 0.379 0.870 0.224 0.649 0.541 0.912]
  eval: e=0.0109  p=[0.460 0.585 0.458 0.098 0.361 0.913 0.224 0.649 0.541 0.912]
  eval: e=0.0101  p=[0.460 0.585 0.458 0.098 0.361 0.870 0.235 0.649 0.541 0.912]
  eval: e=0.0146  p=[0.460 0.585 0.458 0.098 0.361 0.870 0.224 0.682 0.541 0.912]
  eval: e=0.0100  p=[0.460 0.585 0.458 0.098 0.361 0.870 0.224 0.649 0.568 0.912]
  eval: e=0.0100  p=[0.460 0.585 0.458 0.098 0.361 0.870 0.224 0.649 0.541 0.958]
     1           11       0.00965727         initial simplex
  eval: e=0.0168  p=[0.465 0.556 0.463 0.098 0.365 0.878 0.226 0.656 0.546 0.921]
     2           12       0.00965727         reflect
  eval: e=0.0204  p=[0.466 0.579 0.436 0.099 0.365 0.880 0.227 0.657 0.547 0.923]
  eval: e=0.0109  p=[0.462 0.584 0.470 0.098 0.362 0.872 0.225 0.651 0.543 0.915]
     3           14       0.00965727         contract inside
  eval: e=0.0200  p=[0.461 0.614 0.456 0.098 0.361 0.870 0.224 0.650 0.541 0.913]
  eval: e=0.0120  p=[0.464 0.571 0.461 0.098 0.364 0.876 0.226 0.654 0.545 0.919]
     4           16       0.00965727         contract inside
  eval: e=0.0165  p=[0.466 0.582 0.461 0.099 0.365 0.880 0.227 0.618 0.548 0.923]
  eval: e=0.0112  p=[0.462 0.584 0.459 0.098 0.362 0.872 0.225 0.666 0.543 0.915]
     5           18       0.00965727         contract inside
  eval: e=0.0127  p=[0.462 0.600 0.458 0.098 0.362 0.873 0.225 0.648 0.543 0.915]
  eval: e=0.0104  p=[0.463 0.578 0.460 0.098 0.363 0.875 0.225 0.653 0.545 0.918]
     6           20       0.00965727         contract inside
  eval: e=0.0118  p=[0.464 0.584 0.460 0.098 0.364 0.877 0.226 0.634 0.546 0.920]
  eval: e=0.0102  p=[0.462 0.584 0.459 0.098 0.363 0.874 0.225 0.658 0.543 0.916]
     7           22       0.00965727         contract inside
  eval: e=0.0116  p=[0.465 0.585 0.447 0.098 0.364 0.878 0.226 0.650 0.546 0.920]
  eval: e=0.0100  p=[0.462 0.584 0.464 0.098 0.363 0.874 0.225 0.651 0.543 0.916]
     8           24       0.00965727         contract inside
  eval: e=0.0125  p=[0.466 0.583 0.460 0.099 0.366 0.829 0.227 0.652 0.548 0.924]
  eval: e=0.0100  p=[0.462 0.585 0.459 0.098 0.362 0.892 0.225 0.650 0.543 0.915]
     9           26       0.00965727         contract inside
  eval: e=0.0103  p=[0.467 0.583 0.460 0.099 0.344 0.877 0.227 0.652 0.548 0.925]
    10           27       0.00965727         reflect
  eval: e=0.0103  p=[0.464 0.592 0.458 0.098 0.356 0.871 0.226 0.649 0.546 0.920]
    11           28       0.00965727         reflect
  eval: e=0.0112  p=[0.461 0.588 0.458 0.098 0.378 0.869 0.224 0.649 0.541 0.912]
  eval: e=0.0099  p=[0.465 0.585 0.460 0.099 0.353 0.875 0.226 0.651 0.547 0.922]
    12           30       0.00965727         contract inside
  eval: e=0.0104  p=[0.463 0.578 0.460 0.098 0.365 0.875 0.225 0.653 0.544 0.917]
  eval: e=0.0099  p=[0.464 0.588 0.459 0.098 0.358 0.872 0.226 0.650 0.545 0.919]
    13           32       0.00965727         contract inside
  eval: e=0.0097  p=[0.468 0.585 0.460 0.093 0.360 0.877 0.228 0.652 0.550 0.927]
    14           33       0.00965727         reflect
  eval: e=0.0106  p=[0.467 0.586 0.459 0.097 0.358 0.874 0.227 0.642 0.549 0.925]
  eval: e=0.0098  p=[0.464 0.585 0.459 0.098 0.361 0.874 0.226 0.654 0.545 0.918]
    15           35       0.00965727         contract inside
  eval: e=0.0095  p=[0.470 0.585 0.460 0.097 0.359 0.879 0.215 0.652 0.552 0.930]
  eval: e=0.0093  p=[0.474 0.585 0.462 0.097 0.358 0.883 0.205 0.653 0.557 0.939]
    16           37       0.00933606         expand
  eval: e=0.0094  p=[0.472 0.585 0.461 0.097 0.359 0.882 0.222 0.652 0.555 0.936]
    17           38       0.00933606         reflect
  eval: e=0.0094  p=[0.475 0.585 0.462 0.097 0.358 0.884 0.222 0.653 0.525 0.940]
    18           39       0.00933606         reflect
  eval: e=0.0093  p=[0.478 0.585 0.462 0.097 0.358 0.887 0.222 0.654 0.549 0.891]
  eval: e=0.0093  p=[0.486 0.585 0.464 0.097 0.356 0.895 0.221 0.656 0.553 0.858]
    19           41       0.00927847         expand
  eval: e=0.0097  p=[0.480 0.587 0.456 0.096 0.355 0.887 0.220 0.653 0.549 0.921]
    20           42       0.00927847         reflect
  eval: e=0.0095  p=[0.484 0.587 0.462 0.096 0.354 0.868 0.219 0.655 0.551 0.923]
    21           43       0.00927847         reflect
  eval: e=0.0094  p=[0.486 0.583 0.462 0.095 0.356 0.887 0.217 0.656 0.549 0.920]
    22           44       0.00927847         reflect
  eval: e=0.0093  p=[0.489 0.586 0.462 0.094 0.363 0.886 0.214 0.655 0.548 0.917]
    23           45       0.00927847         reflect
  eval: e=0.0089  p=[0.496 0.586 0.463 0.094 0.355 0.890 0.213 0.653 0.551 0.920]
  eval: e=0.0085  p=[0.512 0.586 0.464 0.093 0.351 0.898 0.206 0.653 0.554 0.921]
    24           47       0.00853341         expand
  eval: e=0.0095  p=[0.486 0.584 0.467 0.095 0.361 0.879 0.216 0.654 0.548 0.918]
    25           48       0.00853341         reflect
  eval: e=0.0093  p=[0.502 0.585 0.465 0.098 0.356 0.889 0.206 0.655 0.547 0.910]
    26           49       0.00853341         reflect
  eval: e=0.0088  p=[0.490 0.585 0.468 0.094 0.353 0.901 0.205 0.659 0.556 0.925]
    27           50       0.00853341         reflect
  eval: e=0.0096  p=[0.490 0.584 0.466 0.096 0.361 0.909 0.208 0.655 0.548 0.913]
  eval: e=0.0092  p=[0.486 0.586 0.463 0.096 0.355 0.878 0.216 0.655 0.550 0.921]
    28           52       0.00853341         contract inside
  eval: e=0.0100  p=[0.489 0.587 0.459 0.097 0.353 0.898 0.211 0.656 0.551 0.920]
  eval: e=0.0091  p=[0.487 0.585 0.465 0.095 0.359 0.884 0.215 0.654 0.549 0.918]
    29           54       0.00853341         contract inside
  eval: e=0.0088  p=[0.505 0.585 0.466 0.094 0.354 0.896 0.203 0.657 0.543 0.898]
    30           55       0.00853341         reflect
  eval: e=0.0089  p=[0.495 0.588 0.466 0.096 0.356 0.892 0.206 0.654 0.547 0.910]
    31           56       0.00853341         reflect
  eval: e=0.0087  p=[0.511 0.586 0.467 0.094 0.354 0.897 0.197 0.657 0.576 0.883]
    32           57       0.00853341         reflect
  eval: e=0.0086  p=[0.519 0.586 0.468 0.093 0.353 0.900 0.213 0.658 0.547 0.873]
    33           58       0.00853341         reflect
  eval: e=0.0085  p=[0.509 0.586 0.469 0.096 0.347 0.900 0.203 0.656 0.556 0.886]
  eval: e=0.0082  p=[0.519 0.585 0.473 0.097 0.339 0.906 0.198 0.657 0.560 0.871]
    34           60       0.00823383         expand
  eval: e=0.0085  p=[0.500 0.587 0.468 0.091 0.351 0.900 0.210 0.657 0.561 0.885]
    35           61       0.00823383         reflect
  eval: e=0.0085  p=[0.519 0.587 0.469 0.092 0.349 0.895 0.193 0.656 0.555 0.943]
    36           62       0.00823383         reflect
  eval: e=0.0082  p=[0.525 0.586 0.472 0.092 0.348 0.916 0.193 0.658 0.560 0.885]
  eval: e=0.0081  p=[0.545 0.587 0.477 0.091 0.345 0.934 0.182 0.659 0.565 0.867]
    37           64       0.00808865         expand
  eval: e=0.0080  p=[0.536 0.588 0.472 0.092 0.343 0.920 0.188 0.659 0.564 0.877]
  eval: e=0.0077  p=[0.561 0.590 0.476 0.090 0.335 0.939 0.175 0.662 0.572 0.857]
    38           66       0.00771925         expand
  eval: e=0.0079  p=[0.541 0.584 0.474 0.090 0.340 0.921 0.191 0.661 0.570 0.875]
    39           67       0.00771925         reflect
  eval: e=0.0076  p=[0.538 0.588 0.475 0.091 0.340 0.923 0.191 0.658 0.580 0.882]
  eval: e=0.0072  p=[0.555 0.589 0.479 0.089 0.332 0.936 0.185 0.659 0.599 0.873]
    40           69       0.00721882         expand
  eval: e=0.0076  p=[0.566 0.588 0.475 0.090 0.337 0.925 0.185 0.657 0.575 0.845]
    41           70       0.00721882         reflect
  eval: e=0.0072  p=[0.557 0.588 0.478 0.089 0.332 0.934 0.190 0.658 0.556 0.879]
    42           71       0.00721882         reflect
  eval: e=0.0070  p=[0.556 0.588 0.479 0.089 0.329 0.938 0.170 0.657 0.586 0.890]
  eval: e=0.0065  p=[0.575 0.588 0.484 0.087 0.317 0.957 0.149 0.657 0.605 0.899]
    43           73       0.00650931         expand
  eval: e=0.0067  p=[0.575 0.588 0.487 0.089 0.324 0.951 0.165 0.664 0.590 0.837]
    44           74       0.00650931         reflect
  eval: e=0.0067  p=[0.580 0.588 0.485 0.088 0.321 0.965 0.173 0.662 0.595 0.794]
    45           75       0.00650931         reflect
  eval: e=0.0064  p=[0.615 0.588 0.489 0.088 0.314 0.973 0.148 0.662 0.597 0.834]
  eval: e=0.9619  p=[0.672 0.589 0.500 0.087 0.295 1.000 0.117 0.665 0.615 0.808]
    46           77       0.00642676         reflect
  eval: e=0.0067  p=[0.615 0.590 0.488 0.081 0.321 0.981 0.151 0.664 0.605 0.841]
    47           78       0.00642676         reflect
  eval: e=0.0063  p=[0.603 0.590 0.486 0.086 0.309 0.962 0.161 0.662 0.609 0.840]
  eval: e=0.0066  p=[0.632 0.591 0.490 0.083 0.291 0.976 0.151 0.663 0.631 0.827]
    48           80       0.00634256         reflect
  eval: e=0.0064  p=[0.619 0.593 0.492 0.085 0.308 0.984 0.146 0.660 0.610 0.825]
    49           81       0.00634256         reflect
  eval: e=0.0068  p=[0.611 0.588 0.493 0.085 0.308 0.975 0.156 0.659 0.617 0.837]
    50           82       0.00634256         reflect
  eval: e=0.0057  p=[0.615 0.590 0.496 0.084 0.300 0.999 0.140 0.665 0.621 0.847]
  eval: e=13.0445  p=[0.639 0.591 0.507 0.081 0.282 1.000 0.118 0.669 0.644 0.847]
    51           84       0.00571605         reflect
  eval: e=0.0598  p=[0.636 0.591 0.498 0.083 0.299 1.000 0.124 0.664 0.654 0.807]
  eval: e=0.0067  p=[0.576 0.588 0.483 0.088 0.324 0.951 0.174 0.660 0.581 0.861]
    52           86       0.00571605         contract inside
  eval: e=0.1227  p=[0.642 0.590 0.497 0.083 0.297 1.000 0.127 0.664 0.607 0.810]
  eval: e=0.0067  p=[0.577 0.589 0.484 0.088 0.323 0.953 0.171 0.660 0.601 0.857]
    53           88       0.00571605         contract inside
  eval: e=0.0071  p=[0.579 0.590 0.482 0.088 0.324 0.960 0.160 0.664 0.586 0.850]
  eval: e=0.0064  p=[0.603 0.589 0.490 0.085 0.312 0.971 0.157 0.660 0.609 0.840]
    54           90       0.00571605         contract inside
  eval: e=0.0068  p=[0.614 0.591 0.490 0.084 0.309 0.971 0.140 0.661 0.610 0.902]
  eval: e=0.0064  p=[0.589 0.589 0.486 0.087 0.318 0.967 0.164 0.662 0.599 0.821]
    55           92       0.00571605         contract inside
  eval: e=0.0059  p=[0.621 0.590 0.493 0.084 0.305 0.988 0.137 0.663 0.629 0.828]
    56           93       0.00571605         reflect
  eval: e=0.0066  p=[0.583 0.589 0.490 0.091 0.305 0.960 0.157 0.660 0.609 0.844]
    57           94       0.00571605         reflect
  eval: e=0.0059  p=[0.623 0.590 0.495 0.086 0.299 0.989 0.134 0.663 0.615 0.826]
    58           95       0.00571605         reflect
  eval: e=0.0058  p=[0.634 0.591 0.494 0.084 0.294 0.999 0.133 0.659 0.631 0.843]
    59           96       0.00571605         reflect
  eval: e=0.0062  p=[0.636 0.591 0.491 0.080 0.310 0.998 0.137 0.663 0.616 0.836]
    60           97       0.00571605         reflect
  eval: e=0.8867  p=[0.656 0.592 0.499 0.083 0.297 1.000 0.142 0.667 0.622 0.769]
  eval: e=0.0062  p=[0.596 0.589 0.487 0.086 0.312 0.970 0.147 0.659 0.609 0.866]
    61           99       0.00571605         contract inside
  eval: e=0.0067  p=[0.613 0.592 0.493 0.081 0.300 0.992 0.143 0.661 0.633 0.841]
  eval: e=0.0061  p=[0.614 0.589 0.490 0.086 0.310 0.978 0.147 0.662 0.606 0.836]
    62          101       0.00571605         contract inside
  eval: e=0.0116  p=[0.644 0.592 0.496 0.082 0.294 1.000 0.123 0.662 0.632 0.856]
  eval: e=0.0061  p=[0.603 0.589 0.489 0.086 0.312 0.975 0.154 0.662 0.607 0.830]
    63          103       0.00571605         contract inside
  eval: e=0.0057  p=[0.630 0.592 0.493 0.084 0.300 0.997 0.130 0.663 0.622 0.835]
  eval: e=1.0375  p=[0.643 0.593 0.494 0.083 0.294 1.000 0.117 0.665 0.628 0.832]
    64          105       0.00566702         reflect
  eval: e=0.0059  p=[0.616 0.587 0.491 0.084 0.303 0.987 0.138 0.664 0.623 0.852]
    65          106       0.00566702         reflect
  eval: e=2.0711  p=[0.634 0.590 0.498 0.083 0.300 1.000 0.119 0.663 0.627 0.840]
  eval: e=0.0061  p=[0.611 0.590 0.489 0.085 0.307 0.975 0.150 0.662 0.613 0.840]
    66          108       0.00566702         contract inside
  eval: e=0.5576  p=[0.645 0.591 0.497 0.083 0.296 1.000 0.133 0.666 0.627 0.808]
  eval: e=0.0060  p=[0.608 0.590 0.490 0.085 0.308 0.979 0.144 0.661 0.614 0.852]
    67          110       0.00566702         contract inside
  eval: e=0.0064  p=[0.599 0.589 0.493 0.090 0.298 0.976 0.145 0.662 0.620 0.841]
  eval: e=0.0059  p=[0.627 0.590 0.492 0.082 0.307 0.992 0.139 0.663 0.617 0.837]
    68          112       0.00566702         contract inside
  eval: e=0.0324  p=[0.637 0.590 0.496 0.083 0.295 1.000 0.124 0.663 0.631 0.849]
  eval: e=0.0060  p=[0.611 0.590 0.491 0.085 0.308 0.982 0.147 0.662 0.613 0.835]
    69          114       0.00566702         contract inside
  eval: e=0.0058  p=[0.625 0.591 0.494 0.082 0.296 1.000 0.132 0.663 0.633 0.843]
    70          115       0.00566702         reflect
  eval: e=0.5967  p=[0.631 0.590 0.497 0.083 0.297 1.000 0.124 0.663 0.630 0.840]
  eval: e=0.0059  p=[0.616 0.590 0.491 0.084 0.304 0.983 0.144 0.662 0.617 0.840]
    71          117       0.00566702         contract inside
  eval: e=0.1846  p=[0.635 0.591 0.496 0.083 0.295 1.000 0.131 0.664 0.630 0.825]
  eval: e=0.0059  p=[0.615 0.590 0.491 0.085 0.305 0.985 0.141 0.662 0.618 0.845]
    72          119       0.00566702         contract inside
  eval: e=0.0580  p=[0.633 0.591 0.495 0.083 0.295 1.000 0.127 0.663 0.632 0.845]
  eval: e=0.0059  p=[0.617 0.590 0.492 0.085 0.304 0.987 0.142 0.662 0.618 0.837]
    73          121       0.00566702         contract inside
  eval: e=0.0057  p=[0.622 0.590 0.492 0.084 0.297 0.996 0.138 0.662 0.614 0.854]
    74          122       0.00566702         reflect
  eval: e=0.1138  p=[0.629 0.590 0.495 0.083 0.296 1.000 0.130 0.663 0.625 0.844]
  eval: e=0.0058  p=[0.619 0.590 0.492 0.084 0.302 0.988 0.140 0.662 0.619 0.841]
    75          124       0.00566702         contract inside
  eval: e=0.0061  p=[0.630 0.593 0.495 0.084 0.298 0.999 0.135 0.661 0.619 0.829]
  eval: e=0.0058  p=[0.619 0.589 0.492 0.084 0.302 0.990 0.138 0.663 0.622 0.847]
    76          126       0.00566702         contract inside
  eval: e=0.0059  p=[0.617 0.590 0.495 0.086 0.293 0.994 0.135 0.662 0.626 0.846]
  eval: e=0.0058  p=[0.624 0.590 0.492 0.083 0.303 0.993 0.138 0.663 0.619 0.840]
    77          128       0.00566702         contract inside
  eval: e=0.0531  p=[0.631 0.591 0.495 0.083 0.295 1.000 0.132 0.663 0.625 0.837]
  eval: e=0.0058  p=[0.619 0.590 0.492 0.084 0.302 0.990 0.139 0.662 0.620 0.843]
    78          130       0.00566702         contract inside
  eval: e=0.0201  p=[0.629 0.591 0.495 0.083 0.295 1.000 0.131 0.663 0.625 0.846]
  eval: e=0.0058  p=[0.620 0.590 0.493 0.084 0.302 0.991 0.139 0.662 0.620 0.840]
    79          132       0.00566702         contract inside
  eval: e=0.0056  p=[0.622 0.591 0.491 0.082 0.300 0.999 0.139 0.662 0.630 0.861]
  eval: e=0.1588  p=[0.622 0.591 0.490 0.080 0.301 1.000 0.142 0.662 0.637 0.878]
    80          134       0.00564863         reflect
  eval: e=0.0635  p=[0.627 0.591 0.494 0.083 0.297 1.000 0.133 0.662 0.627 0.849]
  eval: e=0.0058  p=[0.621 0.590 0.492 0.084 0.301 0.992 0.138 0.662 0.621 0.843]
    81          136       0.00564863         contract inside
  eval: e=0.0058  p=[0.609 0.589 0.492 0.083 0.307 0.990 0.141 0.667 0.613 0.847]
    82          137       0.00564863         reflect
  eval: e=0.0056  p=[0.623 0.590 0.494 0.082 0.299 1.000 0.136 0.664 0.623 0.848]
  eval: e=0.2091  p=[0.625 0.590 0.494 0.081 0.298 1.000 0.135 0.665 0.625 0.850]
    83          139       0.00562485         reflect
  eval: e=0.0078  p=[0.622 0.590 0.493 0.082 0.299 1.000 0.135 0.664 0.624 0.853]
  eval: e=0.0057  p=[0.620 0.590 0.493 0.084 0.301 0.993 0.138 0.663 0.621 0.843]
    84          141       0.00562485         contract inside
  eval: e=0.0057  p=[0.617 0.590 0.494 0.083 0.297 0.998 0.136 0.664 0.625 0.854]
    85          142       0.00562485         reflect
  eval: e=0.0577  p=[0.622 0.592 0.494 0.082 0.298 1.000 0.136 0.664 0.623 0.848]
  eval: e=0.0057  p=[0.620 0.590 0.493 0.083 0.301 0.993 0.137 0.663 0.622 0.847]
    86          144       0.00562485         contract inside
  eval: e=0.1146  p=[0.634 0.591 0.494 0.084 0.292 1.000 0.132 0.660 0.633 0.848]
  eval: e=0.0057  p=[0.615 0.590 0.493 0.083 0.303 0.993 0.139 0.665 0.618 0.847]
    87          146       0.00562485         contract inside
  eval: e=0.0058  p=[0.617 0.590 0.492 0.084 0.304 0.992 0.143 0.664 0.610 0.852]
  eval: e=0.0057  p=[0.623 0.590 0.494 0.083 0.298 0.998 0.134 0.663 0.628 0.846]
    88          148       0.00562485         contract inside
  eval: e=0.0296  p=[0.620 0.590 0.494 0.082 0.299 1.000 0.135 0.664 0.624 0.853]
  eval: e=0.0057  p=[0.621 0.590 0.493 0.083 0.300 0.994 0.138 0.663 0.622 0.846]
    89          150       0.00562485         contract inside
  eval: e=0.0082  p=[0.621 0.590 0.494 0.083 0.298 1.000 0.136 0.664 0.624 0.854]
  eval: e=0.0057  p=[0.621 0.590 0.493 0.083 0.300 0.995 0.137 0.663 0.622 0.846]
    90          152       0.00562485         contract inside
  eval: e=0.0057  p=[0.619 0.591 0.494 0.082 0.303 0.998 0.136 0.665 0.632 0.841]
    91          153       0.00562485         reflect
  eval: e=0.0127  p=[0.621 0.591 0.494 0.082 0.300 1.000 0.136 0.664 0.626 0.847]
  eval: e=0.0057  p=[0.620 0.590 0.493 0.083 0.301 0.995 0.137 0.664 0.623 0.847]
    92          155       0.00562485         contract inside
  eval: e=0.0061  p=[0.620 0.591 0.494 0.082 0.300 1.000 0.136 0.665 0.627 0.849]
  eval: e=0.0057  p=[0.621 0.590 0.493 0.083 0.300 0.996 0.137 0.663 0.623 0.846]
    93          157       0.00562485         contract inside
  eval: e=0.0290  p=[0.626 0.591 0.494 0.083 0.297 1.000 0.134 0.662 0.631 0.847]
  eval: e=0.0057  p=[0.618 0.590 0.493 0.083 0.302 0.995 0.138 0.664 0.622 0.847]
    94          159       0.00562485         contract inside
  eval: e=0.0057  p=[0.628 0.591 0.490 0.082 0.300 0.995 0.132 0.663 0.628 0.847]
    95          160       0.00562485         reflect
  eval: e=0.0056  p=[0.623 0.591 0.493 0.082 0.300 0.999 0.134 0.664 0.629 0.849]
  eval: e=0.0311  p=[0.625 0.591 0.493 0.082 0.299 1.000 0.132 0.664 0.633 0.850]
    96          162       0.00561767         reflect
  eval: e=0.0057  p=[0.621 0.591 0.492 0.083 0.302 0.997 0.137 0.664 0.624 0.849]
    97          163       0.00561767         reflect
  eval: e=0.0057  p=[0.626 0.590 0.491 0.083 0.297 0.997 0.136 0.662 0.617 0.855]
  eval: e=0.0057  p=[0.620 0.591 0.493 0.083 0.302 0.997 0.136 0.664 0.629 0.845]
    98          165       0.00561767         contract inside
  eval: e=0.0056  p=[0.624 0.591 0.492 0.082 0.300 0.999 0.134 0.664 0.628 0.850]
    99          166       0.00561767         reflect
  eval: e=0.0061  p=[0.625 0.591 0.492 0.082 0.300 1.000 0.133 0.664 0.629 0.850]
  eval: e=0.0057  p=[0.621 0.590 0.493 0.083 0.300 0.996 0.136 0.664 0.625 0.848]
   100          168       0.00561767         contract inside
  eval: e=0.0075  p=[0.616 0.590 0.495 0.083 0.301 1.000 0.139 0.665 0.623 0.850]
  eval: e=0.0057  p=[0.625 0.591 0.491 0.082 0.300 0.997 0.134 0.663 0.627 0.848]
   101          170       0.00561767         contract inside
  eval: e=0.0084  p=[0.627 0.591 0.492 0.082 0.299 1.000 0.133 0.663 0.631 0.850]
  eval: e=0.0057  p=[0.620 0.590 0.493 0.083 0.301 0.997 0.136 0.664 0.624 0.848]
   102          172       0.00561767         contract inside
  eval: e=0.0057  p=[0.624 0.591 0.493 0.082 0.298 0.999 0.134 0.663 0.628 0.847]
   103          173       0.00561767         reflect
  eval: e=0.0056  p=[0.624 0.591 0.493 0.082 0.299 1.000 0.134 0.664 0.628 0.849]
  eval: e=0.0369  p=[0.626 0.591 0.493 0.082 0.298 1.000 0.133 0.664 0.630 0.850]
   104          175       0.00561082         reflect
  eval: e=0.0056  p=[0.615 0.590 0.493 0.081 0.299 1.000 0.140 0.664 0.633 0.865]
   105          176       0.00561082         reflect
  eval: e=0.0059  p=[0.623 0.590 0.492 0.082 0.297 1.000 0.136 0.663 0.626 0.859]
  eval: e=0.0056  p=[0.621 0.591 0.493 0.082 0.301 0.998 0.136 0.664 0.628 0.848]
   106          178       0.00561082         contract inside
  eval: e=0.0056  p=[0.619 0.590 0.492 0.082 0.302 0.998 0.138 0.664 0.627 0.856]
   107          179       0.00561082         reflect
  eval: e=0.0138  p=[0.622 0.591 0.492 0.081 0.299 1.000 0.136 0.664 0.632 0.858]
  eval: e=0.0056  p=[0.621 0.590 0.493 0.082 0.300 0.998 0.136 0.664 0.626 0.850]
   108          181       0.00561082         contract inside
  eval: e=0.0218  p=[0.617 0.590 0.494 0.082 0.300 1.000 0.139 0.664 0.628 0.858]
  eval: e=0.0056  p=[0.623 0.591 0.492 0.082 0.300 0.998 0.135 0.663 0.627 0.850]
   109          183       0.00561082         contract inside
  eval: e=0.0057  p=[0.626 0.591 0.491 0.081 0.303 0.999 0.136 0.663 0.631 0.852]
  eval: e=0.0056  p=[0.624 0.591 0.492 0.082 0.301 0.999 0.136 0.664 0.629 0.852]
   110          185       0.00561082         contract outside
  eval: e=0.0056  p=[0.621 0.590 0.493 0.082 0.300 0.999 0.133 0.666 0.626 0.843]
   111          186       0.00561082         reflect
  eval: e=0.0056  p=[0.622 0.590 0.492 0.082 0.300 1.000 0.135 0.664 0.627 0.854]
  eval: e=0.0085  p=[0.623 0.590 0.491 0.081 0.299 1.000 0.135 0.664 0.627 0.857]
   112          188       0.00560432         reflect
  eval: e=0.0078  p=[0.623 0.591 0.492 0.081 0.300 1.000 0.135 0.664 0.630 0.853]
  eval: e=0.0056  p=[0.621 0.591 0.493 0.082 0.300 0.998 0.136 0.664 0.627 0.851]
   113          190       0.00560432         contract inside
  eval: e=0.0093  p=[0.620 0.590 0.493 0.082 0.300 1.000 0.136 0.665 0.628 0.853]
  eval: e=0.0056  p=[0.622 0.591 0.492 0.082 0.300 0.998 0.135 0.664 0.628 0.851]
   114          192       0.00560432         contract inside
  eval: e=0.0070  p=[0.625 0.591 0.493 0.082 0.298 1.000 0.132 0.664 0.629 0.846]
  eval: e=0.0056  p=[0.621 0.590 0.492 0.082 0.301 0.999 0.137 0.664 0.627 0.854]
   115          194       0.00560432         contract inside
  eval: e=0.0056  p=[0.619 0.590 0.493 0.082 0.298 0.999 0.135 0.665 0.626 0.851]
   116          195       0.00560432         reflect
  eval: e=0.0057  p=[0.622 0.590 0.493 0.082 0.299 1.000 0.135 0.665 0.628 0.852]
  eval: e=0.0056  p=[0.621 0.591 0.493 0.082 0.300 0.999 0.136 0.664 0.627 0.851]
   117          197       0.00560432         contract inside
  eval: e=0.0058  p=[0.620 0.590 0.493 0.082 0.299 1.000 0.135 0.665 0.628 0.851]
  eval: e=0.0056  p=[0.622 0.591 0.492 0.082 0.300 0.999 0.135 0.664 0.628 0.851]
   118          199       0.00560432         contract inside
  eval: e=0.0056  p=[0.620 0.591 0.492 0.082 0.300 0.999 0.134 0.664 0.633 0.855]
   119          200       0.00560432         reflect
  eval: e=0.0056  p=[0.623 0.591 0.491 0.081 0.301 0.999 0.136 0.664 0.631 0.854]
  eval: e=0.0056  p=[0.622 0.591 0.492 0.082 0.301 0.999 0.135 0.664 0.630 0.853]
   120          202       0.00560432         contract outside
  eval: e=0.0056  p=[0.622 0.591 0.493 0.082 0.299 1.000 0.133 0.664 0.631 0.850]
   121          203       0.00560432         reflect
  eval: e=0.0056  p=[0.630 0.592 0.492 0.083 0.300 0.999 0.129 0.664 0.625 0.836]
  eval: e=0.0056  p=[0.619 0.590 0.492 0.081 0.300 1.000 0.137 0.664 0.631 0.858]
   122          205       0.00560432         contract inside
  eval: e=0.0056  p=[0.622 0.591 0.492 0.082 0.300 1.000 0.133 0.664 0.631 0.851]
  eval: e=0.0061  p=[0.623 0.591 0.492 0.082 0.299 1.000 0.132 0.664 0.633 0.851]
   123          207        0.0055998         reflect
  eval: e=0.0056  p=[0.622 0.591 0.492 0.082 0.300 1.000 0.133 0.664 0.631 0.851]
  eval: e=0.0075  p=[0.622 0.591 0.492 0.082 0.299 1.000 0.132 0.665 0.633 0.851]
   124          209       0.00559656         reflect
  eval: e=0.0072  p=[0.623 0.591 0.491 0.081 0.299 1.000 0.136 0.662 0.634 0.861]
  eval: e=0.0056  p=[0.622 0.591 0.493 0.082 0.300 0.999 0.133 0.665 0.628 0.847]
   125          211       0.00559656         contract inside
  eval: e=0.0056  p=[0.620 0.590 0.493 0.081 0.299 1.000 0.135 0.665 0.632 0.854]
  eval: e=0.0056  p=[0.623 0.591 0.492 0.082 0.300 0.999 0.134 0.664 0.629 0.851]
   126          213       0.00559656         contract inside
  eval: e=0.0056  p=[0.620 0.591 0.492 0.081 0.300 1.000 0.135 0.665 0.630 0.855]
   127          214       0.00559656         reflect
  eval: e=0.0056  p=[0.621 0.591 0.493 0.082 0.298 1.000 0.133 0.665 0.630 0.852]
   128          215       0.00559656         reflect
  eval: e=0.0062  p=[0.622 0.591 0.492 0.081 0.299 1.000 0.135 0.664 0.632 0.858]
  eval: e=0.0056  p=[0.622 0.591 0.493 0.082 0.300 0.999 0.134 0.665 0.629 0.850]
   129          217       0.00559656         contract inside
  eval: e=0.0056  p=[0.625 0.591 0.492 0.082 0.299 1.000 0.131 0.664 0.629 0.846]
   130          218       0.00559656         reflect
  eval: e=0.0057  p=[0.622 0.591 0.492 0.082 0.299 1.000 0.133 0.665 0.631 0.852]
  eval: e=0.0056  p=[0.623 0.591 0.492 0.082 0.300 0.999 0.134 0.664 0.629 0.851]
   131          220       0.00559656         contract inside
  eval: e=0.0056  p=[0.620 0.590 0.492 0.081 0.300 0.999 0.133 0.665 0.632 0.854]
   132          221       0.00559656         reflect
  eval: e=0.0078  p=[0.624 0.591 0.493 0.082 0.299 1.000 0.133 0.665 0.627 0.848]
  eval: e=0.0056  p=[0.621 0.591 0.492 0.082 0.300 0.999 0.134 0.664 0.631 0.853]
   133          223       0.00559656         contract inside
  eval: e=0.0056  p=[0.622 0.591 0.492 0.082 0.299 1.000 0.133 0.664 0.631 0.854]
  eval: e=0.0063  p=[0.623 0.591 0.491 0.081 0.299 1.000 0.133 0.664 0.632 0.856]
   134          225       0.00559543         reflect
  eval: e=0.0056  p=[0.622 0.591 0.491 0.082 0.300 1.000 0.134 0.665 0.630 0.854]
  eval: e=0.0056  p=[0.622 0.591 0.492 0.082 0.299 1.000 0.133 0.664 0.630 0.851]
   135          227       0.00559543         contract inside
  eval: e=0.0059  p=[0.625 0.591 0.492 0.082 0.299 1.000 0.134 0.664 0.628 0.850]
  eval: e=0.0056  p=[0.621 0.591 0.492 0.082 0.300 0.999 0.133 0.665 0.631 0.853]
   136          229       0.00559543         contract inside
  eval: e=0.0056  p=[0.622 0.591 0.492 0.082 0.299 1.000 0.133 0.665 0.631 0.853]
  eval: e=0.0062  p=[0.621 0.591 0.492 0.081 0.299 1.000 0.133 0.665 0.632 0.854]
   137          231       0.00559465         reflect
  eval: e=0.0066  p=[0.623 0.591 0.492 0.082 0.299 1.000 0.133 0.665 0.629 0.851]
  eval: e=0.0056  p=[0.622 0.591 0.492 0.082 0.300 1.000 0.134 0.664 0.631 0.853]
   138          233       0.00559465         contract inside
  eval: e=0.0056  p=[0.618 0.590 0.492 0.081 0.299 1.000 0.137 0.665 0.632 0.859]
   139          234       0.00559465         reflect
  eval: e=0.0056  p=[0.620 0.591 0.492 0.082 0.299 1.000 0.132 0.665 0.634 0.852]
  eval: e=0.0056  p=[0.619 0.591 0.492 0.082 0.299 1.000 0.131 0.665 0.638 0.852]
   140          236       0.00558895         expand
  eval: e=0.0059  p=[0.621 0.591 0.492 0.082 0.299 1.000 0.134 0.664 0.632 0.853]
  eval: e=0.0056  p=[0.621 0.591 0.492 0.082 0.299 1.000 0.134 0.665 0.631 0.853]
   141          238       0.00558895         contract inside
  eval: e=0.0058  p=[0.621 0.591 0.492 0.081 0.299 1.000 0.133 0.665 0.632 0.854]
  eval: e=0.0056  p=[0.621 0.591 0.492 0.082 0.299 1.000 0.134 0.665 0.631 0.853]
   142          240       0.00558895         contract inside
  eval: e=0.0056  p=[0.620 0.591 0.492 0.081 0.299 1.000 0.134 0.665 0.633 0.855]
   143          241       0.00558895         reflect
  eval: e=0.0056  p=[0.621 0.591 0.492 0.081 0.300 1.000 0.134 0.665 0.634 0.856]
   144          242       0.00558895         reflect
  eval: e=0.0056  p=[0.619 0.590 0.492 0.081 0.299 1.000 0.134 0.665 0.634 0.857]
   145          243       0.00558895         reflect
  eval: e=0.0056  p=[0.620 0.591 0.492 0.081 0.299 1.000 0.134 0.665 0.634 0.856]
  eval: e=0.0058  p=[0.619 0.590 0.492 0.081 0.299 1.000 0.134 0.665 0.635 0.858]
   146          245       0.00558866         reflect
  eval: e=0.0057  p=[0.620 0.591 0.492 0.081 0.299 1.000 0.132 0.665 0.635 0.854]
  eval: e=0.0056  p=[0.620 0.591 0.492 0.081 0.300 1.000 0.134 0.665 0.632 0.855]
   147          247       0.00558866         contract inside
  eval: e=0.0056  p=[0.623 0.591 0.492 0.082 0.299 1.000 0.130 0.665 0.634 0.849]
   148          248       0.00558866         reflect
  eval: e=0.0057  p=[0.621 0.591 0.492 0.081 0.299 1.000 0.133 0.665 0.635 0.855]
  eval: e=0.0056  p=[0.621 0.591 0.492 0.082 0.299 1.000 0.133 0.665 0.632 0.853]
   149          250       0.00558866         contract inside
  eval: e=0.0056  p=[0.619 0.591 0.492 0.081 0.299 1.000 0.133 0.665 0.635 0.857]
   150          251       0.00558866         reflect
  eval: e=0.0056  p=[0.621 0.591 0.492 0.081 0.299 1.000 0.131 0.665 0.636 0.853]
  eval: e=0.0057  p=[0.621 0.591 0.492 0.081 0.299 1.000 0.130 0.665 0.638 0.853]
   151          253       0.00558806         reflect
  eval: e=0.0056  p=[0.620 0.591 0.492 0.081 0.299 1.000 0.132 0.665 0.636 0.855]
  eval: e=0.0056  p=[0.621 0.591 0.492 0.081 0.299 1.000 0.133 0.665 0.633 0.854]
   152          255       0.00558806         contract inside
  eval: e=0.0056  p=[0.618 0.591 0.492 0.081 0.299 1.000 0.132 0.665 0.637 0.855]
  eval: e=0.0056  p=[0.616 0.591 0.492 0.081 0.299 1.000 0.131 0.666 0.640 0.855]
   153          257       0.00558158         expand
  eval: e=0.0056  p=[0.618 0.591 0.492 0.081 0.299 1.000 0.132 0.665 0.639 0.856]
   154          258       0.00558158         reflect
  eval: e=0.0057  p=[0.619 0.591 0.492 0.081 0.298 1.000 0.130 0.666 0.637 0.853]
  eval: e=0.0056  p=[0.620 0.591 0.492 0.081 0.300 1.000 0.133 0.665 0.635 0.855]
   155          260       0.00558158         contract inside
  eval: e=0.0056  p=[0.618 0.591 0.492 0.081 0.299 1.000 0.132 0.665 0.638 0.855]
   156          261       0.00558158         reflect
  eval: e=0.0056  p=[0.615 0.590 0.492 0.081 0.299 1.000 0.135 0.665 0.638 0.861]
   157          262       0.00558158         reflect
  eval: e=0.0056  p=[0.618 0.591 0.492 0.081 0.299 1.000 0.133 0.665 0.638 0.854]
   158          263       0.00558158         reflect
  eval: e=0.0056  p=[0.617 0.591 0.492 0.081 0.299 1.000 0.131 0.666 0.641 0.856]
  eval: e=0.0056  p=[0.616 0.591 0.492 0.081 0.299 1.000 0.130 0.666 0.645 0.856]
   159          265       0.00557691         expand
  eval: e=0.0056  p=[0.617 0.591 0.492 0.081 0.299 1.000 0.130 0.666 0.642 0.854]
   160          266       0.00557691         reflect
  eval: e=0.0056  p=[0.616 0.591 0.492 0.081 0.299 1.000 0.131 0.666 0.643 0.855]
   161          267       0.00557691         reflect
  eval: e=0.0056  p=[0.616 0.590 0.492 0.080 0.300 1.000 0.133 0.666 0.641 0.860]
   162          268       0.00557691         reflect
  eval: e=0.0056  p=[0.615 0.591 0.492 0.081 0.299 1.000 0.130 0.666 0.646 0.856]
  eval: e=0.0056  p=[0.612 0.591 0.492 0.080 0.299 1.000 0.128 0.667 0.652 0.856]
   163          270       0.00556978         expand
  eval: e=0.0056  p=[0.612 0.590 0.492 0.080 0.299 1.000 0.131 0.667 0.647 0.859]
   164          271       0.00556978         reflect
  eval: e=0.0056  p=[0.617 0.591 0.492 0.081 0.299 1.000 0.127 0.667 0.647 0.851]
   165          272       0.00556978         reflect
  eval: e=0.0056  p=[0.614 0.591 0.492 0.080 0.299 1.000 0.129 0.667 0.649 0.857]
   166          273       0.00556978         reflect
  eval: e=0.0056  p=[0.613 0.591 0.492 0.080 0.299 1.000 0.129 0.667 0.650 0.856]
  eval: e=0.0056  p=[0.610 0.591 0.493 0.080 0.299 1.000 0.127 0.668 0.655 0.856]
   167          275       0.00556588         expand
  eval: e=0.0056  p=[0.611 0.591 0.492 0.080 0.299 1.000 0.128 0.668 0.654 0.856]
   168          276       0.00556588         reflect
  eval: e=0.0056  p=[0.611 0.591 0.492 0.080 0.299 1.000 0.127 0.667 0.655 0.857]
  eval: e=0.0056  p=[0.609 0.591 0.492 0.080 0.299 1.000 0.125 0.668 0.663 0.857]
   169          278       0.00556231         expand
  eval: e=0.0056  p=[0.611 0.591 0.492 0.080 0.299 1.000 0.127 0.668 0.656 0.857]
  eval: e=0.0056  p=[0.608 0.591 0.492 0.079 0.300 0.999 0.125 0.668 0.663 0.857]
   170          280       0.00555029         expand
  eval: e=0.0056  p=[0.607 0.591 0.492 0.080 0.299 1.000 0.126 0.668 0.661 0.859]
   171          281       0.00555029         reflect
  eval: e=0.0056  p=[0.608 0.591 0.493 0.080 0.298 1.000 0.122 0.669 0.666 0.853]
   172          282       0.00555029         reflect
  eval: e=0.0056  p=[0.606 0.591 0.492 0.080 0.299 1.000 0.124 0.669 0.667 0.856]
   173          283       0.00555029         reflect
  eval: e=0.0055  p=[0.608 0.591 0.492 0.080 0.299 1.000 0.121 0.669 0.668 0.853]
  eval: e=0.0055  p=[0.607 0.592 0.492 0.079 0.298 1.000 0.116 0.670 0.678 0.850]
   174          285       0.00553685         expand
  eval: e=0.0056  p=[0.605 0.591 0.493 0.079 0.299 1.000 0.121 0.670 0.672 0.853]
   175          286       0.00553685         reflect
  eval: e=0.0056  p=[0.600 0.591 0.492 0.079 0.298 0.999 0.121 0.671 0.679 0.860]
   176          287       0.00553685         reflect
  eval: e=0.0055  p=[0.602 0.591 0.492 0.079 0.299 1.000 0.119 0.671 0.680 0.856]
   177          288       0.00553685         reflect
  eval: e=0.0055  p=[0.602 0.592 0.492 0.079 0.298 0.999 0.118 0.671 0.683 0.855]
   178          289       0.00553685         reflect
  eval: e=0.0055  p=[0.601 0.592 0.492 0.079 0.299 0.999 0.117 0.671 0.687 0.856]
  eval: e=0.0055  p=[0.596 0.592 0.491 0.078 0.299 0.999 0.111 0.672 0.703 0.856]
   179          291       0.00552492         expand
  eval: e=0.0055  p=[0.599 0.592 0.492 0.078 0.299 0.999 0.116 0.672 0.688 0.854]
   180          292       0.00552492         reflect
  eval: e=0.0055  p=[0.599 0.591 0.492 0.078 0.299 0.999 0.117 0.672 0.688 0.858]
   181          293       0.00552492         reflect
  eval: e=0.0055  p=[0.607 0.592 0.492 0.079 0.299 0.999 0.117 0.670 0.677 0.851]
   182          294       0.00552492         reflect
  eval: e=0.0055  p=[0.599 0.592 0.492 0.078 0.299 0.999 0.110 0.673 0.699 0.850]
  eval: e=0.0055  p=[0.594 0.593 0.492 0.078 0.299 0.999 0.103 0.675 0.718 0.846]
   183          296       0.00550403         expand
  eval: e=0.0055  p=[0.599 0.592 0.491 0.078 0.299 0.999 0.112 0.672 0.697 0.855]
   184          297       0.00550403         reflect
  eval: e=0.0055  p=[0.597 0.593 0.491 0.078 0.299 0.999 0.107 0.673 0.708 0.851]
   185          298       0.00550403         reflect
  eval: e=0.0055  p=[0.592 0.593 0.492 0.077 0.298 0.999 0.102 0.675 0.721 0.849]
   186          299       0.00550403         reflect
  eval: e=0.0055  p=[0.596 0.593 0.491 0.078 0.299 0.999 0.104 0.674 0.713 0.849]
  eval: e=0.0055  p=[0.593 0.594 0.491 0.077 0.299 0.998 0.097 0.676 0.729 0.846]
   187          301       0.00548046         expand
  eval: e=0.0055  p=[0.595 0.593 0.491 0.077 0.299 0.999 0.102 0.675 0.719 0.848]
   188          302       0.00548046         reflect
  eval: e=0.0055  p=[0.587 0.593 0.491 0.076 0.300 0.998 0.101 0.676 0.731 0.853]
   189          303       0.00548046         reflect
  eval: e=0.0055  p=[0.593 0.594 0.491 0.077 0.299 0.999 0.098 0.675 0.731 0.849]
  eval: e=0.0055  p=[0.589 0.595 0.490 0.076 0.299 0.998 0.090 0.677 0.752 0.846]
   190          305       0.00545095         expand
  eval: e=0.0055  p=[0.582 0.594 0.491 0.075 0.299 0.998 0.091 0.678 0.756 0.850]
   191          306       0.00545095         reflect
  eval: e=0.0055  p=[0.586 0.595 0.491 0.076 0.298 0.998 0.086 0.678 0.759 0.841]
   192          307       0.00545095         reflect
  eval: e=0.0055  p=[0.587 0.595 0.491 0.076 0.299 0.998 0.086 0.679 0.755 0.841]
   193          308       0.00545095         reflect
  eval: e=0.0055  p=[0.590 0.595 0.490 0.076 0.300 0.998 0.093 0.677 0.744 0.846]
   194          309       0.00545095         reflect
  eval: e=0.0054  p=[0.582 0.596 0.490 0.075 0.299 0.998 0.079 0.680 0.777 0.839]
  eval: e=0.0054  p=[0.573 0.598 0.490 0.074 0.299 0.997 0.062 0.684 0.817 0.831]
   195          311       0.00543071         expand
  eval: e=0.0054  p=[0.579 0.596 0.490 0.075 0.299 0.998 0.075 0.682 0.788 0.839]
   196          312       0.00543071         reflect
  eval: e=0.0054  p=[0.578 0.596 0.489 0.074 0.299 0.997 0.074 0.682 0.792 0.842]
  eval: e=0.0054  p=[0.570 0.598 0.487 0.072 0.300 0.997 0.060 0.685 0.829 0.840]
   197          314       0.00540025         expand
  eval: e=0.0054  p=[0.581 0.597 0.489 0.075 0.298 0.998 0.067 0.682 0.798 0.833]
   198          315       0.00540025         reflect
  eval: e=0.0054  p=[0.587 0.597 0.489 0.075 0.300 0.998 0.073 0.680 0.782 0.832]
   199          316       0.00540025         reflect
  eval: e=0.0054  p=[0.572 0.599 0.488 0.073 0.299 0.997 0.056 0.685 0.832 0.831]
  eval: e=0.0054  p=[0.561 0.601 0.487 0.071 0.299 0.996 0.033 0.691 0.889 0.823]
   200          318       0.00536828         expand
  eval: e=0.0054  p=[0.567 0.599 0.488 0.072 0.299 0.997 0.048 0.687 0.853 0.829]
   201          319       0.00536828         reflect
  eval: e=0.0054  p=[0.571 0.599 0.488 0.072 0.300 0.997 0.051 0.686 0.843 0.831]
  eval: e=0.0053  p=[0.563 0.601 0.486 0.070 0.301 0.996 0.034 0.690 0.885 0.825]
   202          321       0.00533338         expand
  eval: e=0.0054  p=[0.561 0.601 0.488 0.071 0.298 0.996 0.033 0.691 0.886 0.822]
   203          322       0.00533338         reflect
  eval: e=0.0053  p=[0.560 0.602 0.486 0.070 0.300 0.996 0.028 0.691 0.901 0.823]
   204          323       0.00533338         reflect
  eval: e=0.0054  p=[0.551 0.603 0.486 0.069 0.299 0.995 0.013 0.696 0.933 0.814]
   205          324       0.00533338         reflect
  eval: e=0.0053  p=[0.556 0.603 0.485 0.069 0.299 0.995 0.015 0.694 0.927 0.816]
  eval: e=2.1092  p=[0.545 0.607 0.483 0.066 0.300 0.994 0.000 0.701 0.996 0.805]
   206          326       0.00532872         reflect
  eval: e=0.0053  p=[0.558 0.603 0.485 0.069 0.300 0.995 0.018 0.693 0.919 0.820]
   207          327       0.00532872         reflect
  eval: e=0.0053  p=[0.546 0.605 0.484 0.067 0.301 0.995 0.004 0.698 0.962 0.816]
   208          328       0.00532872         reflect
  eval: e=4.6423  p=[0.532 0.606 0.484 0.065 0.300 0.994 0.000 0.703 1.000 0.814]
  eval: e=0.0054  p=[0.573 0.599 0.488 0.073 0.300 0.997 0.051 0.686 0.840 0.827]
   209          330       0.00532872         contract inside
  eval: e=0.1812  p=[0.550 0.606 0.485 0.068 0.299 0.995 0.000 0.698 0.970 0.803]
  eval: e=0.0054  p=[0.565 0.600 0.487 0.071 0.300 0.996 0.044 0.689 0.864 0.831]
   210          332       0.00532872         contract inside
  eval: e=0.0053  p=[0.552 0.605 0.484 0.068 0.300 0.995 0.006 0.696 0.948 0.814]
   211          333       0.00532872         reflect
  eval: e=0.0053  p=[0.556 0.604 0.484 0.069 0.301 0.995 0.017 0.694 0.928 0.820]
  eval: e=0.0053  p=[0.553 0.605 0.482 0.068 0.303 0.994 0.009 0.696 0.949 0.820]
   212          335       0.00530833         expand
  eval: e=0.0250  p=[0.550 0.606 0.484 0.068 0.300 0.995 0.000 0.698 0.966 0.809]
  eval: e=0.0053  p=[0.561 0.601 0.486 0.070 0.300 0.996 0.032 0.691 0.890 0.825]
   213          337       0.00530833         contract inside
  eval: e=0.0053  p=[0.554 0.604 0.484 0.068 0.302 0.995 0.010 0.696 0.942 0.817]
   214          338       0.00530833         reflect
  eval: e=3.9747  p=[0.537 0.607 0.482 0.065 0.301 0.994 0.000 0.702 1.000 0.811]
  eval: e=0.0053  p=[0.564 0.601 0.486 0.071 0.300 0.996 0.034 0.690 0.883 0.823]
   215          340       0.00530833         contract inside
  eval: e=0.0053  p=[0.562 0.603 0.484 0.069 0.301 0.995 0.025 0.691 0.907 0.826]
   216          341       0.00530833         reflect
  eval: e=0.0053  p=[0.553 0.605 0.483 0.068 0.301 0.995 0.004 0.696 0.955 0.815]
  eval: e=0.9244  p=[0.548 0.607 0.482 0.067 0.302 0.994 0.000 0.699 0.987 0.809]
   217          343       0.00529827         reflect
  eval: e=0.0053  p=[0.552 0.605 0.482 0.068 0.302 0.994 0.004 0.697 0.955 0.816]
   218          344       0.00529827         reflect
  eval: e=0.6172  p=[0.545 0.607 0.482 0.066 0.302 0.994 0.000 0.699 0.987 0.814]
  eval: e=0.0053  p=[0.559 0.603 0.485 0.070 0.300 0.995 0.023 0.692 0.909 0.821]
   219          346       0.00529827         contract inside
  eval: e=1.1278  p=[0.546 0.607 0.482 0.067 0.301 0.994 0.000 0.700 0.990 0.811]
  eval: e=0.0053  p=[0.559 0.603 0.485 0.069 0.301 0.995 0.023 0.693 0.911 0.822]
   220          348       0.00529827         contract inside
  eval: e=0.0053  p=[0.559 0.603 0.484 0.069 0.302 0.995 0.021 0.693 0.919 0.823]
   221          349       0.00529827         reflect
  eval: e=0.0053  p=[0.552 0.605 0.483 0.068 0.302 0.994 0.009 0.696 0.948 0.818]
  eval: e=0.0053  p=[0.549 0.605 0.483 0.067 0.304 0.994 0.005 0.697 0.963 0.817]
   222          351       0.00529316         expand
  eval: e=0.0053  p=[0.566 0.603 0.483 0.070 0.302 0.995 0.024 0.691 0.905 0.822]
   223          352       0.00529316         reflect
  eval: e=0.0053  p=[0.557 0.604 0.482 0.068 0.304 0.994 0.014 0.694 0.936 0.824]
  eval: e=0.0053  p=[0.557 0.604 0.483 0.068 0.303 0.994 0.015 0.694 0.934 0.822]
   224          354       0.00529316         contract outside
  eval: e=0.0053  p=[0.553 0.606 0.481 0.067 0.304 0.994 0.004 0.696 0.959 0.819]
   225          355       0.00529316         reflect
  eval: e=0.0053  p=[0.544 0.605 0.483 0.067 0.302 0.994 0.000 0.699 0.974 0.817]
   226          356       0.00529316         reflect
  eval: e=0.1492  p=[0.548 0.607 0.481 0.066 0.304 0.993 0.000 0.698 0.981 0.817]
  eval: e=0.0053  p=[0.556 0.604 0.484 0.069 0.302 0.995 0.016 0.694 0.928 0.820]
   227          358       0.00529316         contract inside
  eval: e=0.0053  p=[0.556 0.604 0.484 0.068 0.303 0.995 0.018 0.693 0.931 0.824]
   228          359       0.00529316         reflect
  eval: e=0.0053  p=[0.555 0.604 0.482 0.068 0.303 0.994 0.014 0.694 0.942 0.824]
   229          360       0.00529316         reflect
  eval: e=0.0053  p=[0.551 0.605 0.483 0.068 0.302 0.994 0.009 0.696 0.952 0.819]
   230          361       0.00529316         reflect
  eval: e=0.2677  p=[0.543 0.606 0.482 0.066 0.303 0.993 0.000 0.700 0.987 0.813]
  eval: e=0.0053  p=[0.557 0.604 0.483 0.069 0.302 0.995 0.018 0.693 0.927 0.823]
   231          363       0.00529316         contract inside
  eval: e=0.0053  p=[0.550 0.606 0.482 0.067 0.303 0.994 0.004 0.697 0.966 0.820]
  eval: e=0.0548  p=[0.546 0.606 0.481 0.066 0.304 0.993 0.000 0.698 0.985 0.819]
   232          365       0.00528735         reflect
  eval: e=0.0053  p=[0.563 0.604 0.483 0.069 0.303 0.995 0.021 0.692 0.919 0.824]
   233          366       0.00528735         reflect
  eval: e=0.0053  p=[0.556 0.604 0.483 0.068 0.303 0.995 0.015 0.694 0.938 0.822]
   234          367       0.00528735         reflect
  eval: e=0.0053  p=[0.550 0.606 0.482 0.067 0.304 0.994 0.002 0.697 0.971 0.818]
  eval: e=0.6482  p=[0.545 0.607 0.481 0.066 0.304 0.993 0.000 0.699 0.997 0.816]
   235          369       0.00528318         reflect
  eval: e=0.0727  p=[0.543 0.606 0.483 0.066 0.302 0.994 0.000 0.699 0.982 0.816]
  eval: e=0.0053  p=[0.558 0.604 0.483 0.068 0.303 0.994 0.015 0.693 0.935 0.822]
   236          371       0.00528318         contract inside
  eval: e=0.0055  p=[0.551 0.606 0.482 0.067 0.303 0.994 0.000 0.697 0.970 0.816]
  eval: e=0.0053  p=[0.554 0.604 0.483 0.068 0.303 0.994 0.014 0.694 0.941 0.822]
   237          373       0.00528318         contract inside
  eval: e=0.0076  p=[0.548 0.606 0.482 0.066 0.304 0.994 0.000 0.698 0.977 0.816]
  eval: e=0.0053  p=[0.555 0.604 0.483 0.068 0.302 0.995 0.013 0.694 0.940 0.821]
   238          375       0.00528318         contract inside
  eval: e=0.0053  p=[0.553 0.604 0.484 0.068 0.302 0.995 0.014 0.694 0.941 0.821]
  eval: e=0.0053  p=[0.553 0.605 0.482 0.067 0.303 0.994 0.007 0.696 0.955 0.820]
   239          377       0.00528318         contract inside
  eval: e=0.0053  p=[0.555 0.605 0.482 0.067 0.304 0.994 0.010 0.695 0.949 0.821]
   240          378       0.00528318         reflect
  eval: e=0.0053  p=[0.554 0.604 0.482 0.067 0.305 0.994 0.015 0.694 0.945 0.827]
  eval: e=0.0053  p=[0.553 0.605 0.483 0.068 0.302 0.994 0.007 0.696 0.952 0.818]
   241          380       0.00528318         contract inside
  eval: e=0.0053  p=[0.552 0.606 0.482 0.067 0.304 0.994 0.005 0.696 0.961 0.819]
   242          381       0.00528318         reflect
  eval: e=0.0053  p=[0.551 0.605 0.483 0.067 0.302 0.994 0.008 0.696 0.955 0.819]
   243          382       0.00528318         reflect
  eval: e=0.0053  p=[0.547 0.606 0.482 0.066 0.303 0.994 0.001 0.698 0.974 0.818]
   244          383       0.00528318         reflect
  eval: e=0.0053  p=[0.548 0.606 0.482 0.066 0.304 0.994 0.000 0.698 0.976 0.817]
   245          384       0.00528318         reflect
  eval: e=0.0053  p=[0.552 0.606 0.481 0.067 0.304 0.994 0.004 0.696 0.964 0.819]
   246          385       0.00528318         reflect
  eval: e=0.1667  p=[0.547 0.606 0.482 0.066 0.304 0.994 0.000 0.699 0.982 0.814]
  eval: e=0.0053  p=[0.553 0.605 0.482 0.067 0.303 0.994 0.009 0.695 0.952 0.821]
   247          387       0.00528318         contract inside
  eval: e=0.0053  p=[0.554 0.606 0.482 0.067 0.303 0.994 0.006 0.695 0.959 0.821]
  eval: e=0.0053  p=[0.556 0.606 0.481 0.067 0.303 0.995 0.006 0.694 0.957 0.822]
   248          389       0.00527606         expand
  eval: e=0.0053  p=[0.550 0.606 0.482 0.067 0.303 0.994 0.004 0.696 0.967 0.819]
   249          390       0.00527606         reflect
  eval: e=0.0053  p=[0.550 0.606 0.481 0.066 0.305 0.994 0.003 0.697 0.973 0.821]
   250          391       0.00527606         reflect
  eval: e=0.5755  p=[0.545 0.607 0.480 0.066 0.304 0.993 0.000 0.699 0.994 0.817]
  eval: e=0.0053  p=[0.553 0.605 0.483 0.067 0.303 0.994 0.009 0.695 0.952 0.821]
   251          393       0.00527606         contract inside
  eval: e=0.0444  p=[0.549 0.606 0.481 0.066 0.304 0.994 0.000 0.698 0.980 0.818]
  eval: e=0.0053  p=[0.552 0.605 0.482 0.067 0.303 0.994 0.007 0.696 0.959 0.820]
   252          395       0.00527606         contract inside
  eval: e=0.0053  p=[0.550 0.606 0.482 0.067 0.303 0.994 0.004 0.696 0.967 0.820]
   253          396       0.00527606         reflect
  eval: e=0.0053  p=[0.552 0.606 0.482 0.067 0.303 0.994 0.004 0.696 0.965 0.819]
  eval: e=0.0053  p=[0.553 0.606 0.482 0.067 0.303 0.995 0.004 0.696 0.965 0.819]
   254          398       0.00527092         expand
  eval: e=0.0053  p=[0.556 0.606 0.481 0.067 0.304 0.994 0.008 0.694 0.956 0.822]
   255          399       0.00527092         reflect
  eval: e=0.0053  p=[0.552 0.606 0.482 0.067 0.303 0.994 0.002 0.696 0.970 0.819]
   256          400       0.00527092         reflect
  eval: e=0.0053  p=[0.551 0.606 0.482 0.067 0.303 0.994 0.004 0.696 0.970 0.821]
   257          401       0.00527092         reflect
  eval: e=0.0563  p=[0.549 0.607 0.481 0.066 0.304 0.994 0.000 0.697 0.982 0.819]
  eval: e=0.0053  p=[0.552 0.605 0.482 0.067 0.303 0.994 0.006 0.696 0.960 0.820]
   258          403       0.00527092         contract inside
  eval: e=0.0053  p=[0.554 0.606 0.482 0.067 0.302 0.995 0.005 0.695 0.959 0.818]
   259          404       0.00527092         reflect
  eval: e=0.0053  p=[0.557 0.605 0.482 0.068 0.302 0.995 0.009 0.694 0.952 0.823]
  eval: e=0.0053  p=[0.561 0.605 0.482 0.068 0.302 0.995 0.013 0.692 0.941 0.825]
   260          406       0.00526713         expand
  eval: e=0.0053  p=[0.557 0.605 0.482 0.067 0.302 0.995 0.009 0.694 0.951 0.823]
   261          407       0.00526713         reflect
  eval: e=0.0053  p=[0.558 0.606 0.481 0.068 0.303 0.995 0.008 0.694 0.952 0.822]
   262          408       0.00526713         reflect
  eval: e=0.0053  p=[0.560 0.606 0.481 0.068 0.302 0.995 0.010 0.693 0.948 0.824]
  eval: e=0.0053  p=[0.564 0.605 0.481 0.068 0.302 0.996 0.013 0.691 0.938 0.826]
   263          410       0.00526376         expand
  eval: e=0.0053  p=[0.560 0.606 0.481 0.068 0.302 0.995 0.008 0.693 0.952 0.823]
  eval: e=0.0053  p=[0.564 0.606 0.481 0.068 0.301 0.996 0.009 0.692 0.948 0.825]
   264          412        0.0052518         expand
  eval: e=0.0053  p=[0.558 0.606 0.482 0.068 0.301 0.996 0.007 0.693 0.954 0.823]
   265          413        0.0052518         reflect
  eval: e=0.0053  p=[0.564 0.605 0.481 0.068 0.301 0.996 0.012 0.692 0.937 0.823]
   266          414        0.0052518         reflect
  eval: e=0.0053  p=[0.561 0.606 0.482 0.068 0.302 0.996 0.010 0.692 0.946 0.822]
   267          415        0.0052518         reflect
  eval: e=0.0053  p=[0.565 0.606 0.480 0.068 0.302 0.996 0.012 0.691 0.942 0.827]
   268          416        0.0052518         reflect
  eval: e=0.0053  p=[0.570 0.605 0.481 0.069 0.301 0.997 0.017 0.689 0.925 0.828]
   269          417        0.0052518         reflect
  eval: e=0.0052  p=[0.565 0.605 0.481 0.068 0.300 0.996 0.013 0.691 0.938 0.826]
  eval: e=0.0052  p=[0.568 0.605 0.481 0.069 0.299 0.997 0.015 0.689 0.930 0.828]
   270          419       0.00524461         expand
  eval: e=0.0053  p=[0.574 0.605 0.481 0.069 0.299 0.997 0.019 0.687 0.918 0.831]
   271          420       0.00524461         reflect
  eval: e=0.0053  p=[0.573 0.606 0.480 0.069 0.300 0.997 0.016 0.688 0.925 0.829]
   272          421       0.00524461         reflect
  eval: e=0.0052  p=[0.567 0.606 0.481 0.068 0.300 0.997 0.014 0.689 0.936 0.829]
   273          422       0.00524461         reflect
  eval: e=0.0052  p=[0.572 0.606 0.480 0.069 0.300 0.997 0.013 0.689 0.932 0.828]
  eval: e=0.0052  p=[0.577 0.606 0.479 0.069 0.299 0.998 0.014 0.687 0.928 0.830]
   274          424       0.00522855         expand
  eval: e=0.0052  p=[0.571 0.606 0.481 0.069 0.299 0.997 0.014 0.688 0.932 0.829]
   275          425       0.00522855         reflect
  eval: e=0.0052  p=[0.572 0.606 0.481 0.069 0.298 0.997 0.015 0.688 0.927 0.827]
   276          426       0.00522855         reflect
  eval: e=0.0052  p=[0.578 0.606 0.480 0.070 0.298 0.998 0.018 0.686 0.918 0.833]
   277          427       0.00522855         reflect
  eval: e=0.0052  p=[0.585 0.605 0.480 0.070 0.298 0.999 0.023 0.683 0.903 0.835]
   278          428       0.00522855         reflect
  eval: e=0.0052  p=[0.576 0.606 0.480 0.069 0.298 0.998 0.014 0.687 0.928 0.832]
  eval: e=0.0052  p=[0.579 0.607 0.479 0.069 0.297 0.999 0.013 0.685 0.930 0.833]
   279          430       0.00521482         expand
  eval: e=0.0052  p=[0.573 0.606 0.480 0.069 0.299 0.998 0.010 0.688 0.938 0.829]
   280          431       0.00521482         reflect
  eval: e=0.0052  p=[0.585 0.606 0.480 0.070 0.296 1.000 0.022 0.683 0.905 0.836]
   281          432       0.00521482         reflect
  eval: e=0.0052  p=[0.578 0.606 0.480 0.069 0.297 0.999 0.016 0.685 0.925 0.833]
   282          433       0.00521482         reflect
  eval: e=0.0052  p=[0.586 0.606 0.479 0.070 0.295 1.000 0.017 0.683 0.911 0.833]
   283          434       0.00521482         reflect
  eval: e=0.0052  p=[0.588 0.607 0.479 0.070 0.296 1.000 0.018 0.682 0.913 0.836]
   284          435       0.00521482         reflect
  eval: e=0.0052  p=[0.581 0.606 0.480 0.070 0.297 0.999 0.014 0.685 0.924 0.831]
  eval: e=0.0052  p=[0.583 0.607 0.480 0.070 0.296 1.000 0.013 0.685 0.926 0.830]
   285          437       0.00520286         expand
  eval: e=0.0052  p=[0.574 0.607 0.480 0.069 0.297 0.999 0.007 0.688 0.944 0.828]
   286          438       0.00520286         reflect
  eval: e=0.0057  p=[0.587 0.607 0.478 0.070 0.296 1.000 0.014 0.683 0.923 0.836]
  eval: e=0.0052  p=[0.576 0.606 0.481 0.069 0.298 0.998 0.014 0.687 0.926 0.830]
   287          440       0.00520286         contract inside
  eval: e=0.0073  p=[0.589 0.607 0.479 0.070 0.295 1.000 0.015 0.682 0.917 0.835]
  eval: e=0.0052  p=[0.576 0.606 0.480 0.069 0.298 0.998 0.014 0.687 0.928 0.830]
   288          442       0.00520286         contract inside
  eval: e=0.0052  p=[0.582 0.606 0.480 0.070 0.294 1.000 0.015 0.684 0.921 0.834]
   289          443       0.00520286         reflect
  eval: e=0.0052  p=[0.573 0.607 0.480 0.069 0.298 0.998 0.011 0.687 0.940 0.830]
   290          444       0.00520286         reflect
  eval: e=0.0052  p=[0.583 0.607 0.479 0.070 0.296 1.000 0.013 0.684 0.928 0.834]
  eval: e=0.0081  p=[0.586 0.607 0.479 0.070 0.295 1.000 0.012 0.683 0.929 0.836]
   291          446       0.00520034         reflect
  eval: e=0.0052  p=[0.573 0.607 0.480 0.068 0.297 0.998 0.004 0.688 0.953 0.828]
   292          447       0.00520034         reflect
  eval: e=0.0052  p=[0.582 0.607 0.479 0.069 0.295 1.000 0.010 0.685 0.935 0.833]
  eval: e=0.0092  p=[0.585 0.608 0.479 0.069 0.294 1.000 0.007 0.683 0.939 0.834]
   293          449       0.00519653         reflect
  eval: e=0.0052  p=[0.575 0.607 0.479 0.068 0.299 0.998 0.008 0.688 0.945 0.829]
   294          450       0.00519653         reflect
  eval: e=0.0052  p=[0.585 0.607 0.479 0.070 0.296 1.000 0.011 0.684 0.927 0.832]
   295          451       0.00519653         reflect
  eval: e=0.0084  p=[0.587 0.607 0.479 0.070 0.294 1.000 0.012 0.683 0.927 0.834]
  eval: e=0.0052  p=[0.576 0.607 0.480 0.069 0.298 0.998 0.011 0.687 0.935 0.830]
   296          453       0.00519653         contract inside
  eval: e=0.0052  p=[0.582 0.608 0.479 0.069 0.297 0.999 0.006 0.686 0.943 0.829]
  eval: e=0.0052  p=[0.583 0.609 0.478 0.069 0.296 1.000 0.001 0.686 0.952 0.827]
   297          455       0.00517408         expand
  eval: e=0.0052  p=[0.570 0.608 0.480 0.068 0.297 0.999 0.000 0.689 0.962 0.825]
   298          456       0.00517408         reflect
  eval: e=0.0052  p=[0.578 0.608 0.480 0.069 0.297 1.000 0.003 0.687 0.952 0.826]
   299          457       0.00517408         reflect
  eval: e=0.0052  p=[0.581 0.608 0.479 0.069 0.296 1.000 0.003 0.686 0.950 0.828]
   300          458       0.00517408         reflect
  eval: e=0.0098  p=[0.583 0.608 0.480 0.070 0.294 1.000 0.005 0.685 0.941 0.829]
  eval: e=0.0052  p=[0.577 0.607 0.479 0.069 0.298 0.999 0.007 0.687 0.944 0.829]
   301          460       0.00517408         contract inside
  eval: e=0.0052  p=[0.585 0.608 0.478 0.069 0.296 1.000 0.006 0.684 0.942 0.830]
   302          461       0.00517408         reflect
  eval: e=0.0188  p=[0.576 0.609 0.478 0.068 0.297 0.999 0.000 0.688 0.963 0.829]
  eval: e=0.0052  p=[0.581 0.607 0.480 0.069 0.296 1.000 0.009 0.685 0.935 0.829]
   303          463       0.00517408         contract inside
  eval: e=0.0052  p=[0.574 0.608 0.480 0.068 0.297 0.999 0.000 0.688 0.964 0.825]
  eval: e=0.0052  p=[0.582 0.607 0.479 0.069 0.296 1.000 0.008 0.685 0.936 0.831]
   304          465       0.00517408         contract inside
  eval: e=0.0106  p=[0.587 0.608 0.479 0.070 0.295 1.000 0.008 0.684 0.934 0.831]
  eval: e=0.0052  p=[0.577 0.608 0.479 0.069 0.297 0.999 0.005 0.687 0.948 0.828]
   305          467       0.00517408         contract inside
  eval: e=0.0616  p=[0.577 0.609 0.479 0.068 0.297 0.999 0.000 0.688 0.963 0.823]
  eval: e=0.0052  p=[0.581 0.607 0.479 0.069 0.296 1.000 0.009 0.685 0.937 0.831]
   306          469       0.00517408         contract inside
  eval: e=0.0090  p=[0.591 0.608 0.478 0.070 0.296 1.000 0.012 0.682 0.924 0.833]
  eval: e=0.0052  p=[0.576 0.608 0.480 0.068 0.297 0.999 0.003 0.688 0.953 0.827]
   307          471       0.00517408         contract inside
  eval: e=0.0052  p=[0.578 0.608 0.479 0.068 0.298 0.999 0.001 0.688 0.954 0.825]
   308          472       0.00517408         reflect
  eval: e=0.0059  p=[0.583 0.608 0.479 0.069 0.295 1.000 0.003 0.685 0.948 0.828]
  eval: e=0.0052  p=[0.579 0.608 0.479 0.069 0.297 0.999 0.006 0.687 0.945 0.829]
   309          474       0.00517408         contract inside
  eval: e=0.0052  p=[0.578 0.609 0.478 0.068 0.297 0.999 0.000 0.687 0.958 0.827]
  eval: e=0.0052  p=[0.581 0.608 0.479 0.069 0.296 1.000 0.007 0.686 0.941 0.829]
   310          476       0.00517408         contract inside
  eval: e=0.0054  p=[0.584 0.608 0.479 0.069 0.296 1.000 0.005 0.685 0.944 0.828]
  eval: e=0.0052  p=[0.578 0.608 0.479 0.069 0.297 0.999 0.005 0.687 0.947 0.828]
   311          478       0.00517408         contract inside
  eval: e=0.0060  p=[0.579 0.609 0.479 0.068 0.297 0.999 0.000 0.687 0.958 0.824]
  eval: e=0.0052  p=[0.581 0.608 0.479 0.069 0.296 1.000 0.007 0.686 0.942 0.830]
   312          480       0.00517408         contract inside
  eval: e=0.0052  p=[0.574 0.608 0.480 0.069 0.297 0.999 0.003 0.688 0.952 0.825]
   313          481       0.00517408         reflect
  eval: e=0.0052  p=[0.583 0.608 0.479 0.069 0.297 1.000 0.006 0.685 0.942 0.828]
   314          482       0.00517408         reflect
  eval: e=0.0056  p=[0.577 0.608 0.479 0.068 0.297 0.999 0.000 0.688 0.959 0.824]
  eval: e=0.0052  p=[0.581 0.608 0.479 0.069 0.296 1.000 0.006 0.686 0.942 0.829]
   315          484       0.00517408         contract inside
  eval: e=0.0052  p=[0.581 0.608 0.479 0.069 0.296 1.000 0.002 0.686 0.950 0.826]
   316          485       0.00517408         reflect
  eval: e=0.0061  p=[0.587 0.608 0.478 0.069 0.296 1.000 0.006 0.684 0.942 0.830]
  eval: e=0.0052  p=[0.577 0.608 0.479 0.069 0.297 0.999 0.003 0.687 0.950 0.826]
   317          487       0.00517408         contract inside
  eval: e=0.0052  p=[0.580 0.609 0.479 0.069 0.297 1.000 0.000 0.687 0.955 0.826]
  eval: e=0.0855  p=[0.579 0.609 0.478 0.068 0.297 1.000 0.000 0.688 0.962 0.824]
   318          489       0.00517291         reflect
  eval: e=0.0052  p=[0.582 0.609 0.479 0.069 0.296 1.000 0.002 0.686 0.950 0.826]
  eval: e=0.0064  p=[0.584 0.609 0.478 0.069 0.296 1.000 0.000 0.686 0.952 0.824]
   319          491       0.00517113         reflect
  eval: e=0.0217  p=[0.580 0.609 0.479 0.069 0.297 1.000 0.000 0.687 0.957 0.824]
  eval: e=0.0052  p=[0.580 0.608 0.479 0.069 0.296 1.000 0.005 0.686 0.946 0.828]
   320          493       0.00517113         contract inside
  eval: e=0.0165  p=[0.580 0.609 0.479 0.069 0.297 1.000 0.000 0.687 0.958 0.824]
  eval: e=0.0052  p=[0.581 0.608 0.479 0.069 0.296 1.000 0.004 0.686 0.946 0.828]
   321          495       0.00517113         contract inside
  eval: e=0.0053  p=[0.584 0.609 0.478 0.069 0.296 1.000 0.002 0.685 0.950 0.827]
  eval: e=0.0052  p=[0.579 0.608 0.479 0.069 0.297 0.999 0.003 0.687 0.950 0.827]
   322          497       0.00517113         contract inside
  eval: e=0.0057  p=[0.583 0.608 0.479 0.069 0.295 1.000 0.004 0.685 0.944 0.829]
  eval: e=0.0052  p=[0.579 0.608 0.479 0.069 0.297 0.999 0.002 0.687 0.952 0.826]
   323          499       0.00517113         contract inside
  eval: e=0.0052  p=[0.584 0.609 0.478 0.069 0.296 1.000 0.003 0.685 0.946 0.828]
   324          500       0.00517113         reflect
  eval: e=0.0052  p=[0.582 0.609 0.478 0.069 0.296 1.000 0.000 0.686 0.952 0.826]
  eval: e=0.0360  p=[0.583 0.609 0.478 0.069 0.296 1.000 0.000 0.686 0.956 0.824]
   325          502       0.00517037         reflect
  eval: e=0.0052  p=[0.582 0.609 0.478 0.069 0.296 1.000 0.000 0.686 0.954 0.826]
  eval: e=0.0052  p=[0.581 0.608 0.479 0.069 0.296 1.000 0.003 0.686 0.948 0.827]
   326          504       0.00517037         contract inside
  eval: e=0.0302  p=[0.579 0.609 0.479 0.069 0.296 1.000 0.000 0.687 0.959 0.825]
  eval: e=0.0052  p=[0.582 0.608 0.479 0.069 0.296 1.000 0.004 0.686 0.946 0.827]
   327          506       0.00517037         contract inside
  eval: e=0.0052  p=[0.584 0.609 0.478 0.069 0.296 1.000 0.001 0.685 0.951 0.827]
  eval: e=0.0059  p=[0.587 0.609 0.478 0.069 0.296 1.000 0.000 0.685 0.951 0.827]
   328          508       0.00516939         reflect
  eval: e=0.0053  p=[0.585 0.609 0.478 0.069 0.295 1.000 0.002 0.685 0.948 0.828]
  eval: e=0.0052  p=[0.581 0.608 0.479 0.069 0.297 1.000 0.002 0.687 0.951 0.826]
   329          510       0.00516939         contract inside
  eval: e=0.0052  p=[0.583 0.609 0.478 0.069 0.297 1.000 0.001 0.686 0.950 0.825]
  eval: e=0.0052  p=[0.581 0.608 0.479 0.069 0.296 1.000 0.002 0.686 0.950 0.827]
   330          512       0.00516939         contract inside
  eval: e=0.0052  p=[0.583 0.609 0.478 0.069 0.296 1.000 0.000 0.686 0.953 0.826]
  eval: e=0.0246  p=[0.584 0.609 0.478 0.069 0.296 1.000 0.000 0.686 0.955 0.825]
   331          514       0.00516882         reflect
  eval: e=0.0147  p=[0.582 0.609 0.478 0.069 0.296 1.000 0.000 0.686 0.956 0.826]
  eval: e=0.0052  p=[0.582 0.608 0.479 0.069 0.296 1.000 0.003 0.686 0.948 0.827]
   332          516       0.00516882         contract inside
  eval: e=0.0052  p=[0.580 0.609 0.479 0.069 0.297 1.000 0.000 0.687 0.956 0.825]
   333          517       0.00516882         reflect
  eval: e=0.0052  p=[0.583 0.609 0.478 0.069 0.296 1.000 0.000 0.686 0.952 0.826]
  eval: e=0.0094  p=[0.584 0.609 0.478 0.069 0.296 1.000 0.000 0.686 0.953 0.826]
   334          519       0.00516812         reflect
  eval: e=0.0101  p=[0.582 0.609 0.479 0.069 0.296 1.000 0.000 0.686 0.956 0.825]
  eval: e=0.0052  p=[0.582 0.609 0.479 0.069 0.296 1.000 0.002 0.686 0.950 0.826]
   335          521       0.00516812         contract inside
  eval: e=0.0071  p=[0.583 0.609 0.478 0.069 0.297 1.000 0.000 0.686 0.954 0.826]
  eval: e=0.0052  p=[0.582 0.608 0.479 0.069 0.296 1.000 0.002 0.686 0.951 0.826]
   336          523       0.00516812         contract inside
  eval: e=0.0127  p=[0.583 0.609 0.478 0.069 0.297 1.000 0.000 0.686 0.955 0.825]
  eval: e=0.0052  p=[0.582 0.609 0.479 0.069 0.296 1.000 0.002 0.686 0.951 0.827]
   337          525       0.00516812         contract inside
  eval: e=0.0053  p=[0.581 0.608 0.479 0.069 0.296 1.000 0.001 0.687 0.953 0.825]
  eval: e=0.0052  p=[0.583 0.609 0.478 0.069 0.296 1.000 0.001 0.686 0.952 0.826]
   338          527       0.00516812         contract inside
  eval: e=0.0054  p=[0.582 0.609 0.479 0.069 0.296 1.000 0.000 0.686 0.954 0.825]
  eval: e=0.0052  p=[0.582 0.609 0.479 0.069 0.296 1.000 0.001 0.686 0.951 0.826]
   339          529       0.00516812         contract inside
  eval: e=0.0056  p=[0.585 0.609 0.478 0.069 0.296 1.000 0.001 0.685 0.949 0.826]
  eval: e=0.0052  p=[0.581 0.609 0.479 0.069 0.296 1.000 0.001 0.687 0.953 0.826]
   340          531       0.00516812         contract inside
  eval: e=0.0052  p=[0.583 0.609 0.478 0.069 0.296 1.000 0.000 0.686 0.953 0.826]
   341          532       0.00516812         reflect
  eval: e=0.0066  p=[0.583 0.609 0.478 0.069 0.296 1.000 0.000 0.686 0.954 0.825]
  eval: e=0.0052  p=[0.582 0.609 0.479 0.069 0.296 1.000 0.001 0.686 0.952 0.826]
   342          534       0.00516812         contract inside
  eval: e=0.0052  p=[0.585 0.609 0.478 0.069 0.296 1.000 0.001 0.685 0.948 0.828]
  eval: e=0.0052  p=[0.581 0.609 0.479 0.069 0.296 1.000 0.000 0.687 0.954 0.825]
   343          536       0.00516812         contract inside
  eval: e=0.0052  p=[0.582 0.609 0.479 0.069 0.296 1.000 0.001 0.686 0.953 0.826]
  eval: e=0.0052  p=[0.582 0.609 0.478 0.069 0.296 1.000 0.001 0.686 0.952 0.826]
   344          538       0.00516812         contract inside
  eval: e=0.0052  p=[0.583 0.609 0.478 0.069 0.296 1.000 0.000 0.686 0.953 0.826]
  eval: e=0.0090  p=[0.583 0.609 0.478 0.069 0.296 1.000 0.000 0.686 0.954 0.825]
   345          540       0.00516791         reflect
  eval: e=0.0052  p=[0.584 0.609 0.478 0.069 0.296 1.000 0.000 0.686 0.951 0.826]
  eval: e=0.0052  p=[0.582 0.609 0.479 0.069 0.296 1.000 0.001 0.686 0.953 0.826]
   346          542       0.00516791         contract inside
  eval: e=0.0086  p=[0.583 0.609 0.478 0.069 0.296 1.000 0.000 0.686 0.955 0.826]
  eval: e=0.0052  p=[0.582 0.609 0.479 0.069 0.296 1.000 0.001 0.686 0.951 0.826]
   347          544       0.00516791         contract inside
  eval: e=0.0055  p=[0.583 0.609 0.478 0.069 0.296 1.000 0.000 0.686 0.953 0.826]
  eval: e=0.0052  p=[0.582 0.609 0.478 0.069 0.296 1.000 0.001 0.686 0.952 0.826]
   348          546       0.00516791         contract inside
  eval: e=0.0052  p=[0.583 0.609 0.478 0.069 0.296 1.000 0.000 0.686 0.953 0.826]
  eval: e=0.0053  p=[0.583 0.609 0.478 0.069 0.296 1.000 0.000 0.686 0.953 0.825]
   349          548       0.00516755         reflect
  eval: e=0.0052  p=[0.584 0.609 0.478 0.069 0.296 1.000 0.000 0.686 0.952 0.826]
  eval: e=0.0052  p=[0.582 0.609 0.478 0.069 0.296 1.000 0.001 0.686 0.953 0.826]
   350          550       0.00516755         contract inside
  eval: e=0.0052  p=[0.583 0.609 0.478 0.069 0.296 1.000 0.000 0.686 0.953 0.826]
  eval: e=0.0052  p=[0.582 0.609 0.478 0.069 0.296 1.000 0.000 0.686 0.953 0.826]
   351          552       0.00516755         contract inside
  eval: e=0.0058  p=[0.583 0.609 0.478 0.069 0.296 1.000 0.000 0.686 0.954 0.826]
  eval: e=0.0052  p=[0.582 0.609 0.478 0.069 0.296 1.000 0.001 0.686 0.952 0.826]
   352          554       0.00516755         contract inside
  eval: e=0.0052  p=[0.583 0.609 0.478 0.069 0.296 1.000 0.000 0.686 0.953 0.826]
  eval: e=0.0052  p=[0.582 0.609 0.478 0.069 0.296 1.000 0.001 0.686 0.952 0.826]
   353          556       0.00516755         contract inside
  eval: e=0.0052  p=[0.585 0.609 0.478 0.069 0.296 1.000 0.000 0.685 0.951 0.827]
   354          557       0.00516755         reflect
  eval: e=0.0052  p=[0.584 0.609 0.478 0.069 0.296 1.000 0.000 0.686 0.952 0.826]
   355          558       0.00516755         reflect
  eval: e=0.0052  p=[0.584 0.609 0.478 0.069 0.296 1.000 0.000 0.686 0.952 0.826]
  eval: e=0.0052  p=[0.583 0.609 0.478 0.069 0.296 1.000 0.000 0.686 0.952 0.826]
   356          560       0.00516755         contract inside
  eval: e=0.0052  p=[0.584 0.609 0.478 0.069 0.296 1.000 0.000 0.686 0.953 0.826]
  eval: e=0.0052  p=[0.583 0.609 0.478 0.069 0.296 1.000 0.001 0.686 0.952 0.826]
   357          562       0.00516755         contract inside
  eval: e=0.0052  p=[0.584 0.609 0.478 0.069 0.296 1.000 0.000 0.686 0.952 0.826]
   358          563       0.00516755         reflect
  eval: e=0.0087  p=[0.582 0.609 0.478 0.069 0.296 1.000 0.000 0.686 0.954 0.825]
  eval: e=0.0052  p=[0.584 0.609 0.478 0.069 0.296 1.000 0.001 0.686 0.952 0.826]
   359          565       0.00516755         contract inside
  eval: e=0.0052  p=[0.584 0.609 0.478 0.069 0.296 1.000 0.000 0.686 0.952 0.826]
  eval: e=0.0052  p=[0.583 0.609 0.478 0.069 0.296 1.000 0.000 0.686 0.952 0.826]
   360          567       0.00516755         contract inside
  eval: e=0.0052  p=[0.584 0.609 0.478 0.069 0.296 1.000 0.000 0.686 0.953 0.826]
  eval: e=0.0052  p=[0.583 0.609 0.478 0.069 0.296 1.000 0.000 0.686 0.952 0.826]
   361          569       0.00516755         contract inside
  eval: e=0.0052  p=[0.584 0.609 0.478 0.069 0.296 1.000 0.000 0.686 0.952 0.826]
  eval: e=0.0052  p=[0.583 0.609 0.478 0.069 0.296 1.000 0.000 0.686 0.953 0.826]
   362          571       0.00516755         contract inside
  eval: e=0.0056  p=[0.583 0.609 0.478 0.069 0.296 1.000 0.000 0.686 0.953 0.826]
  eval: e=0.0052  p=[0.584 0.609 0.478 0.069 0.296 1.000 0.000 0.686 0.952 0.826]
   363          573       0.00516755         contract inside
  eval: e=0.0052  p=[0.582 0.609 0.479 0.069 0.296 1.000 0.000 0.686 0.954 0.825]
   364          574       0.00516755         reflect
  eval: e=0.0052  p=[0.583 0.609 0.478 0.069 0.296 1.000 0.000 0.686 0.953 0.826]
  eval: e=0.0053  p=[0.583 0.609 0.478 0.069 0.296 1.000 0.000 0.686 0.953 0.826]
   365          576       0.00516724         reflect
  eval: e=0.0052  p=[0.583 0.609 0.478 0.069 0.296 1.000 0.000 0.686 0.952 0.826]
  eval: e=0.0052  p=[0.583 0.609 0.478 0.069 0.296 1.000 0.000 0.686 0.953 0.826]
   366          578       0.00516724         contract inside
  eval: e=0.0052  p=[0.583 0.609 0.478 0.069 0.296 1.000 0.000 0.686 0.953 0.826]
  eval: e=0.0052  p=[0.583 0.609 0.478 0.069 0.296 1.000 0.000 0.686 0.953 0.826]
   367          580       0.00516724         contract inside
  eval: e=0.0052  p=[0.583 0.609 0.478 0.069 0.296 1.000 0.000 0.686 0.953 0.826]
  eval: e=0.0052  p=[0.583 0.609 0.478 0.069 0.296 1.000 0.000 0.686 0.953 0.826]
   368          582       0.00516724         contract inside
  eval: e=0.0054  p=[0.583 0.609 0.478 0.069 0.296 1.000 0.000 0.686 0.954 0.826]
  eval: e=0.0052  p=[0.583 0.609 0.478 0.069 0.296 1.000 0.000 0.686 0.952 0.826]
   369          584       0.00516724         contract inside
  eval: e=0.0052  p=[0.583 0.609 0.478 0.069 0.296 1.000 0.000 0.686 0.953 0.826]
  eval: e=0.0052  p=[0.583 0.609 0.478 0.069 0.296 1.000 0.000 0.686 0.953 0.826]
   370          586       0.00516724         contract inside
  eval: e=0.0052  p=[0.583 0.609 0.478 0.069 0.296 1.000 0.000 0.686 0.953 0.826]
  eval: e=0.0052  p=[0.583 0.609 0.478 0.069 0.296 1.000 0.000 0.686 0.953 0.826]
   371          588       0.00516724         contract inside
  eval: e=0.0052  p=[0.585 0.609 0.478 0.069 0.296 1.000 0.000 0.686 0.951 0.826]
  eval: e=0.0052  p=[0.583 0.609 0.478 0.069 0.296 1.000 0.000 0.686 0.953 0.826]
   372          590       0.00516724         contract inside
  eval: e=0.0052  p=[0.583 0.609 0.478 0.069 0.296 1.000 0.000 0.686 0.953 0.826]
  eval: e=0.0053  p=[0.583 0.609 0.478 0.069 0.296 1.000 0.000 0.686 0.953 0.826]
   373          592        0.0051672         reflect
  eval: e=0.0052  p=[0.582 0.609 0.478 0.069 0.296 1.000 0.000 0.686 0.954 0.826]
   374          593        0.0051672         reflect
  eval: e=0.0052  p=[0.583 0.609 0.478 0.069 0.296 1.000 0.000 0.686 0.953 0.826]
  eval: e=0.0052  p=[0.583 0.609 0.478 0.069 0.296 1.000 0.000 0.686 0.954 0.826]
   375          595       0.00516716         reflect
  eval: e=0.0053  p=[0.583 0.609 0.478 0.069 0.296 1.000 0.000 0.686 0.954 0.826]
  eval: e=0.0052  p=[0.583 0.609 0.478 0.069 0.296 1.000 0.000 0.686 0.953 0.826]
   376          597       0.00516716         contract inside
  eval: e=0.0052  p=[0.583 0.609 0.478 0.069 0.296 1.000 0.000 0.686 0.953 0.826]
  eval: e=0.0052  p=[0.583 0.609 0.478 0.069 0.296 1.000 0.000 0.686 0.953 0.826]
   377          599       0.00516716         contract inside
  eval: e=0.0052  p=[0.583 0.609 0.478 0.069 0.296 1.000 0.000 0.686 0.953 0.826]
  eval: e=0.0052  p=[0.583 0.609 0.478 0.069 0.296 1.000 0.000 0.686 0.953 0.826]
   378          601       0.00516707         reflect
  eval: e=0.0052  p=[0.583 0.609 0.478 0.069 0.296 1.000 0.000 0.686 0.953 0.826]
   379          602       0.00516707         reflect
  eval: e=0.0052  p=[0.584 0.609 0.478 0.069 0.296 1.000 0.000 0.686 0.952 0.826]
  eval: e=0.0052  p=[0.583 0.609 0.478 0.069 0.296 1.000 0.000 0.686 0.953 0.826]
   380          604       0.00516707         contract inside
  eval: e=0.0052  p=[0.583 0.609 0.478 0.069 0.296 1.000 0.000 0.686 0.953 0.826]
  eval: e=0.0052  p=[0.583 0.609 0.478 0.069 0.296 1.000 0.000 0.686 0.953 0.826]
   381          606       0.00516707         contract inside
  eval: e=0.0052  p=[0.582 0.609 0.479 0.069 0.296 1.000 0.000 0.686 0.954 0.825]
  eval: e=0.0052  p=[0.584 0.609 0.478 0.069 0.296 1.000 0.000 0.686 0.953 0.826]
   382          608       0.00516707         contract inside
  eval: e=0.0052  p=[0.583 0.609 0.478 0.069 0.296 1.000 0.000 0.686 0.953 0.826]
  eval: e=0.0052  p=[0.583 0.609 0.478 0.069 0.296 1.000 0.000 0.686 0.953 0.826]
   383          610       0.00516707         contract inside
  eval: e=0.0052  p=[0.584 0.609 0.478 0.069 0.296 1.000 0.000 0.686 0.953 0.826]
  eval: e=0.0052  p=[0.583 0.609 0.478 0.069 0.296 1.000 0.000 0.686 0.953 0.826]
   384          612       0.00516707         contract inside
  eval: e=0.0052  p=[0.583 0.609 0.478 0.069 0.296 1.000 0.000 0.686 0.953 0.826]
  eval: e=0.0052  p=[0.583 0.609 0.478 0.069 0.296 1.000 0.000 0.686 0.953 0.826]
   385          614       0.00516707         contract inside
  eval: e=0.0052  p=[0.583 0.609 0.478 0.069 0.296 1.000 0.000 0.686 0.953 0.826]
  eval: e=0.0052  p=[0.583 0.609 0.478 0.069 0.296 1.000 0.000 0.686 0.953 0.826]
   386          616       0.00516707         contract inside
  eval: e=0.0052  p=[0.583 0.609 0.478 0.069 0.296 1.000 0.000 0.686 0.953 0.826]
  eval: e=0.0052  p=[0.583 0.609 0.478 0.069 0.296 1.000 0.000 0.686 0.953 0.826]
   387          618       0.00516701         reflect
  eval: e=0.0052  p=[0.583 0.609 0.478 0.069 0.296 1.000 0.000 0.686 0.953 0.826]
  eval: e=0.0052  p=[0.583 0.609 0.478 0.069 0.296 1.000 0.000 0.686 0.953 0.826]
   388          620       0.00516701         contract inside
  eval: e=0.0052  p=[0.583 0.609 0.478 0.069 0.296 1.000 0.000 0.686 0.953 0.826]
  eval: e=0.0052  p=[0.583 0.609 0.478 0.069 0.296 1.000 0.000 0.686 0.953 0.826]
   389          622       0.00516701         contract inside
  eval: e=0.0052  p=[0.583 0.609 0.478 0.069 0.296 1.000 0.000 0.686 0.953 0.826]
  eval: e=0.0052  p=[0.583 0.609 0.478 0.069 0.296 1.000 0.000 0.686 0.953 0.826]
   390          624       0.00516701         contract inside
  eval: e=0.0052  p=[0.583 0.609 0.478 0.069 0.296 1.000 0.000 0.686 0.953 0.826]
  eval: e=0.0052  p=[0.583 0.609 0.478 0.069 0.296 1.000 0.000 0.686 0.953 0.826]
   391          626       0.00516701         contract inside
  eval: e=0.0052  p=[0.583 0.609 0.478 0.069 0.296 1.000 0.000 0.686 0.953 0.826]
   392          627       0.00516701         reflect
  eval: e=0.0052  p=[0.583 0.609 0.478 0.069 0.296 1.000 0.000 0.686 0.953 0.826]
  eval: e=0.0052  p=[0.583 0.609 0.478 0.069 0.296 1.000 0.000 0.686 0.953 0.826]
   393          629         0.005167         reflect
  eval: e=0.0052  p=[0.583 0.609 0.478 0.069 0.296 1.000 0.000 0.686 0.953 0.826]
  eval: e=0.0052  p=[0.583 0.609 0.478 0.069 0.296 1.000 0.000 0.686 0.953 0.826]
   394          631         0.005167         contract inside
  eval: e=0.0052  p=[0.583 0.609 0.478 0.069 0.296 1.000 0.000 0.686 0.953 0.826]
  eval: e=0.0052  p=[0.583 0.609 0.478 0.069 0.296 1.000 0.000 0.686 0.953 0.826]
   395          633         0.005167         contract inside
  eval: e=0.0052  p=[0.583 0.609 0.478 0.069 0.296 1.000 0.000 0.686 0.953 0.826]
   396          634         0.005167         reflect
  eval: e=0.0052  p=[0.583 0.609 0.478 0.069 0.296 1.000 0.000 0.686 0.953 0.826]
   397          635         0.005167         reflect
  eval: e=0.0052  p=[0.583 0.609 0.478 0.069 0.296 1.000 0.000 0.686 0.954 0.826]
  eval: e=0.0052  p=[0.583 0.609 0.478 0.069 0.296 1.000 0.000 0.686 0.953 0.826]
   398          637         0.005167         contract inside
  eval: e=0.0052  p=[0.583 0.609 0.478 0.069 0.296 1.000 0.000 0.686 0.953 0.826]
   399          638         0.005167         reflect
  eval: e=0.0052  p=[0.583 0.609 0.478 0.069 0.296 1.000 0.000 0.686 0.953 0.826]
  eval: e=0.0052  p=[0.583 0.609 0.478 0.069 0.296 1.000 0.000 0.686 0.953 0.826]
   400          640         0.005167         contract inside
  eval: e=0.0052  p=[0.583 0.609 0.478 0.069 0.296 1.000 0.000 0.686 0.953 0.826]
  eval: e=0.0052  p=[0.583 0.609 0.478 0.069 0.296 1.000 0.000 0.686 0.953 0.826]
   401          642         0.005167         contract inside
  eval: e=0.0052  p=[0.583 0.609 0.478 0.069 0.296 1.000 0.000 0.686 0.953 0.826]
  eval: e=0.0052  p=[0.583 0.609 0.478 0.069 0.296 1.000 0.000 0.686 0.953 0.826]
   402          644         0.005167         contract inside
  eval: e=0.0052  p=[0.583 0.609 0.478 0.069 0.296 1.000 0.000 0.686 0.953 0.826]
   403          645         0.005167         reflect
  eval: e=0.0052  p=[0.583 0.609 0.478 0.069 0.296 1.000 0.000 0.686 0.953 0.826]
  eval: e=0.0052  p=[0.583 0.609 0.478 0.069 0.296 1.000 0.000 0.686 0.953 0.826]
   404          647       0.00516693         reflect
  eval: e=0.0052  p=[0.583 0.609 0.478 0.069 0.296 1.000 0.000 0.686 0.953 0.826]
   405          648       0.00516693         reflect
  eval: e=0.0052  p=[0.583 0.609 0.478 0.069 0.296 1.000 0.000 0.686 0.953 0.826]
   406          649       0.00516693         reflect
  eval: e=0.0052  p=[0.583 0.609 0.478 0.069 0.296 1.000 0.000 0.686 0.953 0.826]
  eval: e=0.0052  p=[0.583 0.609 0.478 0.069 0.296 1.000 0.000 0.686 0.953 0.826]
   407          651       0.00516693         contract inside
  eval: e=0.0052  p=[0.583 0.609 0.478 0.069 0.296 1.000 0.000 0.686 0.953 0.826]
   408          652       0.00516693         reflect
  eval: e=0.0052  p=[0.583 0.609 0.478 0.069 0.296 1.000 0.000 0.686 0.953 0.826]
  eval: e=0.0052  p=[0.583 0.609 0.478 0.069 0.296 1.000 0.000 0.686 0.953 0.826]
   409          654       0.00516693         contract inside
  eval: e=0.0052  p=[0.583 0.609 0.478 0.069 0.296 1.000 0.000 0.686 0.953 0.826]
  eval: e=0.0052  p=[0.583 0.609 0.478 0.069 0.296 1.000 0.000 0.686 0.953 0.826]
   410          656       0.00516693         contract inside
  eval: e=0.0052  p=[0.583 0.609 0.478 0.069 0.296 1.000 0.000 0.686 0.953 0.826]
  eval: e=0.0052  p=[0.583 0.609 0.478 0.069 0.296 1.000 0.000 0.686 0.953 0.826]
   411          658       0.00516693         contract inside
  eval: e=0.0052  p=[0.583 0.609 0.478 0.069 0.296 1.000 0.000 0.686 0.953 0.826]
  eval: e=0.0052  p=[0.583 0.609 0.478 0.069 0.296 1.000 0.000 0.686 0.953 0.826]
   412          660       0.00516693         contract inside
  eval: e=0.0052  p=[0.583 0.609 0.478 0.069 0.296 1.000 0.000 0.686 0.953 0.826]
  eval: e=0.0052  p=[0.583 0.609 0.478 0.069 0.296 1.000 0.000 0.686 0.953 0.826]
   413          662       0.00516693         contract inside
  eval: e=0.0052  p=[0.583 0.609 0.478 0.069 0.296 1.000 0.000 0.686 0.953 0.826]
  eval: e=0.0052  p=[0.583 0.609 0.478 0.069 0.296 1.000 0.000 0.686 0.953 0.826]
   414          664       0.00516693         contract inside
  eval: e=0.0052  p=[0.583 0.609 0.478 0.069 0.296 1.000 0.000 0.686 0.953 0.826]
  eval: e=0.0052  p=[0.583 0.609 0.478 0.069 0.296 1.000 0.000 0.686 0.953 0.826]
   415          666       0.00516693         contract inside
  eval: e=0.0052  p=[0.583 0.609 0.478 0.069 0.296 1.000 0.000 0.686 0.953 0.826]
   416          667       0.00516693         reflect
  eval: e=0.0052  p=[0.583 0.609 0.478 0.069 0.296 1.000 0.000 0.686 0.953 0.826]
  eval: e=0.0052  p=[0.583 0.609 0.478 0.069 0.296 1.000 0.000 0.686 0.953 0.826]
   417          669       0.00516693         contract inside
  eval: e=0.0052  p=[0.583 0.609 0.478 0.069 0.296 1.000 0.000 0.686 0.953 0.826]
  eval: e=0.0052  p=[0.583 0.609 0.478 0.069 0.296 1.000 0.000 0.686 0.953 0.826]
   418          671       0.00516693         contract inside
  eval: e=0.0052  p=[0.583 0.609 0.478 0.069 0.296 1.000 0.000 0.686 0.953 0.826]
   419          672       0.00516693         reflect
  eval: e=0.0052  p=[0.583 0.609 0.478 0.069 0.296 1.000 0.000 0.686 0.953 0.826]
   420          673       0.00516693         reflect
  eval: e=0.0052  p=[0.583 0.609 0.478 0.069 0.296 1.000 0.000 0.686 0.953 0.826]
  eval: e=0.0052  p=[0.583 0.609 0.478 0.069 0.296 1.000 0.000 0.686 0.953 0.826]
   421          675       0.00516693         contract inside
  eval: e=0.0052  p=[0.583 0.609 0.478 0.069 0.296 1.000 0.000 0.686 0.953 0.826]
  eval: e=0.0052  p=[0.583 0.609 0.478 0.069 0.296 1.000 0.000 0.686 0.953 0.826]
   422          677       0.00516693         contract inside
  eval: e=0.0052  p=[0.583 0.609 0.478 0.069 0.296 1.000 0.000 0.686 0.953 0.826]
   423          678       0.00516693         reflect
  eval: e=0.0052  p=[0.583 0.609 0.478 0.069 0.296 1.000 0.000 0.686 0.953 0.826]
  eval: e=0.0052  p=[0.583 0.609 0.478 0.069 0.296 1.000 0.000 0.686 0.953 0.826]
   424          680       0.00516693         contract inside
  eval: e=0.0052  p=[0.583 0.609 0.478 0.069 0.296 1.000 0.000 0.686 0.953 0.826]
   425          681       0.00516693         reflect
  eval: e=0.0052  p=[0.583 0.609 0.478 0.069 0.296 1.000 0.000 0.686 0.953 0.826]
   426          682       0.00516693         reflect
  eval: e=0.0052  p=[0.583 0.609 0.478 0.069 0.296 1.000 0.000 0.686 0.953 0.826]
  eval: e=0.0052  p=[0.583 0.609 0.478 0.069 0.296 1.000 0.000 0.686 0.953 0.826]
   427          684       0.00516693         contract inside
  eval: e=0.0052  p=[0.583 0.609 0.478 0.069 0.296 1.000 0.000 0.686 0.953 0.826]
  eval: e=0.0052  p=[0.583 0.609 0.478 0.069 0.296 1.000 0.000 0.686 0.953 0.826]
   428          686       0.00516693         contract inside
  eval: e=0.0052  p=[0.583 0.609 0.478 0.069 0.296 1.000 0.000 0.686 0.953 0.826]
   429          687       0.00516693         reflect
  eval: e=0.0052  p=[0.583 0.609 0.478 0.069 0.296 1.000 0.000 0.686 0.953 0.826]
   430          688       0.00516693         reflect
  eval: e=0.0052  p=[0.583 0.609 0.478 0.069 0.296 1.000 0.000 0.686 0.953 0.826]
  eval: e=0.0052  p=[0.583 0.609 0.478 0.069 0.296 1.000 0.000 0.686 0.953 0.826]
   431          690       0.00516693         contract inside
  eval: e=0.0052  p=[0.583 0.609 0.478 0.069 0.296 1.000 0.000 0.686 0.953 0.826]
   432          691       0.00516693         reflect
  eval: e=0.0052  p=[0.583 0.609 0.478 0.069 0.296 1.000 0.000 0.686 0.953 0.826]
  eval: e=0.0052  p=[0.583 0.609 0.478 0.069 0.296 1.000 0.000 0.686 0.953 0.826]
   433          693       0.00516692         reflect
  eval: e=0.0052  p=[0.583 0.609 0.478 0.069 0.296 1.000 0.000 0.686 0.953 0.826]
   434          694       0.00516692         reflect
  eval: e=0.0052  p=[0.583 0.609 0.478 0.069 0.296 1.000 0.000 0.686 0.953 0.826]
   435          695       0.00516692         reflect
  eval: e=0.0052  p=[0.583 0.609 0.478 0.069 0.296 1.000 0.000 0.686 0.953 0.826]
   436          696       0.00516692         reflect
  eval: e=0.0052  p=[0.583 0.609 0.478 0.069 0.296 1.000 0.000 0.686 0.953 0.826]
   437          697       0.00516692         reflect
  eval: e=0.0052  p=[0.583 0.609 0.478 0.069 0.296 1.000 0.000 0.686 0.953 0.826]
  eval: e=0.0052  p=[0.583 0.609 0.478 0.069 0.296 1.000 0.000 0.686 0.953 0.826]
   438          699       0.00516692         contract inside
  eval: e=0.0052  p=[0.583 0.609 0.478 0.069 0.296 1.000 0.000 0.686 0.953 0.826]
  eval: e=0.0052  p=[0.583 0.609 0.478 0.069 0.296 1.000 0.000 0.686 0.953 0.826]
   439          701       0.00516692         contract inside
  eval: e=0.0052  p=[0.583 0.609 0.478 0.069 0.296 1.000 0.000 0.686 0.953 0.826]
  eval: e=0.0052  p=[0.583 0.609 0.478 0.069 0.296 1.000 0.000 0.686 0.953 0.826]
   440          703       0.00516692         contract inside
  eval: e=0.0052  p=[0.583 0.609 0.478 0.069 0.296 1.000 0.000 0.686 0.953 0.826]
  eval: e=0.0052  p=[0.583 0.609 0.478 0.069 0.296 1.000 0.000 0.686 0.953 0.826]
   441          705       0.00516692         contract inside
  eval: e=0.0052  p=[0.583 0.609 0.478 0.069 0.296 1.000 0.000 0.686 0.953 0.826]
   442          706       0.00516692         reflect
  eval: e=0.0052  p=[0.583 0.609 0.478 0.069 0.296 1.000 0.000 0.686 0.953 0.826]
   443          707       0.00516692         reflect
  eval: e=0.0052  p=[0.583 0.609 0.478 0.069 0.296 1.000 0.000 0.686 0.953 0.826]
   444          708       0.00516692         reflect
  eval: e=0.0052  p=[0.583 0.609 0.478 0.069 0.296 1.000 0.000 0.686 0.953 0.826]
  eval: e=0.0052  p=[0.583 0.609 0.478 0.069 0.296 1.000 0.000 0.686 0.953 0.826]
   445          710       0.00516692         contract inside
  eval: e=0.0052  p=[0.583 0.609 0.478 0.069 0.296 1.000 0.000 0.686 0.953 0.826]
   446          711       0.00516692         reflect
  eval: e=0.0052  p=[0.583 0.609 0.478 0.069 0.296 1.000 0.000 0.686 0.953 0.826]
   447          712       0.00516692         reflect
  eval: e=0.0052  p=[0.583 0.609 0.478 0.069 0.296 1.000 0.000 0.686 0.953 0.826]
   448          713       0.00516692         reflect
  eval: e=0.0052  p=[0.583 0.609 0.478 0.069 0.296 1.000 0.000 0.686 0.953 0.826]
   449          714       0.00516692         reflect
  eval: e=0.0052  p=[0.583 0.609 0.478 0.069 0.296 1.000 0.000 0.686 0.953 0.826]
  eval: e=0.0052  p=[0.583 0.609 0.478 0.069 0.296 1.000 0.000 0.686 0.953 0.826]
   450          716       0.00516692         contract inside
  eval: e=0.0052  p=[0.583 0.609 0.478 0.069 0.296 1.000 0.000 0.686 0.953 0.826]
  eval: e=0.0052  p=[0.583 0.609 0.478 0.069 0.296 1.000 0.000 0.686 0.953 0.826]
   451          718       0.00516692         contract inside
  eval: e=0.0052  p=[0.583 0.609 0.478 0.069 0.296 1.000 0.000 0.686 0.953 0.826]
  eval: e=0.0052  p=[0.583 0.609 0.478 0.069 0.296 1.000 0.000 0.686 0.953 0.826]
   452          720       0.00516692         reflect
  eval: e=0.0052  p=[0.583 0.609 0.478 0.069 0.296 1.000 0.000 0.686 0.953 0.826]
  eval: e=0.0052  p=[0.583 0.609 0.478 0.069 0.296 1.000 0.000 0.686 0.953 0.826]
   453          722       0.00516692         contract inside
  eval: e=0.0052  p=[0.583 0.609 0.478 0.069 0.296 1.000 0.000 0.686 0.953 0.826]
   454          723       0.00516692         reflect
  eval: e=0.0052  p=[0.583 0.609 0.478 0.069 0.296 1.000 0.000 0.686 0.953 0.826]
  eval: e=0.0052  p=[0.583 0.609 0.478 0.069 0.296 1.000 0.000 0.686 0.953 0.826]
   455          725       0.00516692         contract inside
  eval: e=0.0052  p=[0.583 0.609 0.478 0.069 0.296 1.000 0.000 0.686 0.953 0.826]
  eval: e=0.0052  p=[0.583 0.609 0.478 0.069 0.296 1.000 0.000 0.686 0.953 0.826]
   456          727       0.00516692         contract inside
  eval: e=0.0052  p=[0.583 0.609 0.478 0.069 0.296 1.000 0.000 0.686 0.953 0.826]
  eval: e=0.0052  p=[0.583 0.609 0.478 0.069 0.296 1.000 0.000 0.686 0.953 0.826]
   457          729       0.00516692         contract inside
  eval: e=0.0052  p=[0.583 0.609 0.478 0.069 0.296 1.000 0.000 0.686 0.953 0.826]
  eval: e=0.0052  p=[0.583 0.609 0.478 0.069 0.296 1.000 0.000 0.686 0.953 0.826]
   458          731       0.00516692         reflect
  eval: e=0.0052  p=[0.583 0.609 0.478 0.069 0.296 1.000 0.000 0.686 0.953 0.826]
  eval: e=0.0052  p=[0.583 0.609 0.478 0.069 0.296 1.000 0.000 0.686 0.953 0.826]
   459          733       0.00516692         contract inside
  eval: e=0.0052  p=[0.583 0.609 0.478 0.069 0.296 1.000 0.000 0.686 0.953 0.826]
  eval: e=0.0052  p=[0.583 0.609 0.478 0.069 0.296 1.000 0.000 0.686 0.953 0.826]
   460          735       0.00516692         contract inside
  eval: e=0.0052  p=[0.583 0.609 0.478 0.069 0.296 1.000 0.000 0.686 0.953 0.826]
  eval: e=0.0052  p=[0.583 0.609 0.478 0.069 0.296 1.000 0.000 0.686 0.953 0.826]
   461          737       0.00516692         contract inside
  eval: e=0.0052  p=[0.583 0.609 0.478 0.069 0.296 1.000 0.000 0.686 0.953 0.826]
   462          738       0.00516692         reflect
  eval: e=0.0052  p=[0.583 0.609 0.478 0.069 0.296 1.000 0.000 0.686 0.953 0.826]
  eval: e=0.0052  p=[0.583 0.609 0.478 0.069 0.296 1.000 0.000 0.686 0.953 0.826]
   463          740       0.00516692         contract inside
  eval: e=0.0052  p=[0.583 0.609 0.478 0.069 0.296 1.000 0.000 0.686 0.953 0.826]
   464          741       0.00516692         reflect
  eval: e=0.0052  p=[0.583 0.609 0.478 0.069 0.296 1.000 0.000 0.686 0.953 0.826]
   465          742       0.00516692         reflect
  eval: e=0.0052  p=[0.583 0.609 0.478 0.069 0.296 1.000 0.000 0.686 0.953 0.826]
  eval: e=0.0052  p=[0.583 0.609 0.478 0.069 0.296 1.000 0.000 0.686 0.953 0.826]
   466          744       0.00516692         reflect
  eval: e=0.0052  p=[0.583 0.609 0.478 0.069 0.296 1.000 0.000 0.686 0.953 0.826]
  eval: e=0.0052  p=[0.583 0.609 0.478 0.069 0.296 1.000 0.000 0.686 0.953 0.826]
   467          746       0.00516692         contract inside
  eval: e=0.0052  p=[0.583 0.609 0.478 0.069 0.296 1.000 0.000 0.686 0.953 0.826]
   468          747       0.00516692         reflect
  eval: e=0.0052  p=[0.583 0.609 0.478 0.069 0.296 1.000 0.000 0.686 0.953 0.826]
  eval: e=0.0052  p=[0.583 0.609 0.478 0.069 0.296 1.000 0.000 0.686 0.953 0.826]
   469          749       0.00516692         reflect
  eval: e=0.0052  p=[0.583 0.609 0.478 0.069 0.296 1.000 0.000 0.686 0.953 0.826]
  eval: e=0.0052  p=[0.583 0.609 0.478 0.069 0.296 1.000 0.000 0.686 0.953 0.826]
   470          751       0.00516691         reflect
  eval: e=0.0052  p=[0.583 0.609 0.478 0.069 0.296 1.000 0.000 0.686 0.953 0.826]
   471          752       0.00516691         reflect
  eval: e=0.0052  p=[0.583 0.609 0.478 0.069 0.296 1.000 0.000 0.686 0.953 0.826]
   472          753       0.00516691         reflect
  eval: e=0.0052  p=[0.583 0.609 0.478 0.069 0.296 1.000 0.000 0.686 0.953 0.826]
   473          754       0.00516691         reflect
  eval: e=0.0052  p=[0.583 0.609 0.478 0.069 0.296 1.000 0.000 0.686 0.953 0.826]
   474          755       0.00516691         reflect
  eval: e=0.0052  p=[0.583 0.609 0.478 0.069 0.296 1.000 0.000 0.686 0.953 0.826]
   475          756       0.00516691         reflect
  eval: e=0.0052  p=[0.583 0.609 0.478 0.069 0.296 1.000 0.000 0.686 0.953 0.826]
  eval: e=0.0052  p=[0.583 0.609 0.478 0.069 0.296 1.000 0.000 0.686 0.953 0.826]
   476          758       0.00516691         reflect
  eval: e=0.0052  p=[0.583 0.609 0.478 0.069 0.296 1.000 0.000 0.686 0.953 0.826]
  eval: e=0.0052  p=[0.583 0.609 0.478 0.069 0.296 1.000 0.000 0.686 0.953 0.826]
  eval: e=0.0052  p=[0.583 0.609 0.478 0.069 0.296 1.000 0.000 0.686 0.953 0.826]
  eval: e=0.0052  p=[0.583 0.609 0.478 0.069 0.296 1.000 0.000 0.686 0.953 0.826]
  eval: e=0.0052  p=[0.583 0.609 0.478 0.069 0.296 1.000 0.000 0.686 0.953 0.826]
  eval: e=0.0052  p=[0.583 0.609 0.478 0.069 0.296 1.000 0.000 0.686 0.953 0.826]
  eval: e=0.0052  p=[0.583 0.609 0.478 0.069 0.296 1.000 0.000 0.686 0.953 0.826]
  eval: e=0.0052  p=[0.583 0.609 0.478 0.069 0.296 1.000 0.000 0.686 0.953 0.826]
  eval: e=0.0052  p=[0.583 0.609 0.478 0.069 0.296 1.000 0.000 0.686 0.953 0.826]
  eval: e=0.0052  p=[0.583 0.609 0.478 0.069 0.296 1.000 0.000 0.686 0.953 0.826]
  eval: e=0.0052  p=[0.583 0.609 0.478 0.069 0.296 1.000 0.000 0.686 0.953 0.826]
  eval: e=0.0052  p=[0.583 0.609 0.478 0.069 0.296 1.000 0.000 0.686 0.953 0.826]
   477          770       0.00516691         shrink
 
Optimization terminated:
 the current x satisfies the termination criteria using OPTIONS.TolX of 1.000000e-04 
 and F(X) satisfies the convergence criteria using OPTIONS.TolFun of 1.000000e-06 

=== Fit complete: error=0.005167  AIC=-5082.3 ===
