  eval: e=0.2925  p=[0.750 0.500 0.500 0.500 0.500]
 
 Iteration   Func-count         f(x)         Procedure
     0            1         0.292492         
  eval: e=0.2927  p=[0.788 0.500 0.500 0.500 0.500]
  eval: e=0.2756  p=[0.750 0.525 0.500 0.500 0.500]
  eval: e=0.2827  p=[0.750 0.500 0.525 0.500 0.500]
  eval: e=0.3005  p=[0.750 0.500 0.500 0.525 0.500]
  eval: e=0.2943  p=[0.750 0.500 0.500 0.500 0.525]
     1            6         0.275604         initial simplex
  eval: e=0.2734  p=[0.765 0.510 0.510 0.475 0.510]
  eval: e=0.2575  p=[0.772 0.515 0.515 0.450 0.515]
     2            8         0.257476         expand
  eval: e=0.2661  p=[0.774 0.516 0.516 0.480 0.481]
     3            9         0.257476         reflect
  eval: e=0.2554  p=[0.731 0.522 0.522 0.472 0.498]
  eval: e=0.2327  p=[0.703 0.534 0.534 0.458 0.498]
     4           11         0.232721         expand
  eval: e=0.2285  p=[0.750 0.536 0.536 0.455 0.497]
  eval: e=0.1878  p=[0.750 0.554 0.554 0.433 0.496]
     5           13         0.187758         expand
  eval: e=0.2004  p=[0.750 0.557 0.522 0.428 0.496]
     6           14         0.187758         reflect
  eval: e=0.1785  p=[0.749 0.545 0.556 0.400 0.494]
  eval: e=0.1287  p=[0.749 0.555 0.584 0.349 0.491]
     7           16          0.12869         expand
  eval: e=0.1286  p=[0.716 0.570 0.568 0.367 0.517]
  eval: e=0.0778  p=[0.686 0.597 0.593 0.311 0.536]
     8           18        0.0778259         expand
  eval: e=0.0804  p=[0.683 0.604 0.600 0.342 0.492]
     9           19        0.0778259         reflect
  eval: e=0.0732  p=[0.744 0.613 0.608 0.287 0.507]
  eval: e=0.1264  p=[0.765 0.653 0.645 0.202 0.511]
    10           21        0.0732445         reflect
  eval: e=0.0847  p=[0.695 0.612 0.654 0.261 0.513]
    11           22        0.0732445         reflect
  eval: e=0.1282  p=[0.673 0.639 0.662 0.188 0.519]
    12           23        0.0732445         reflect
  eval: e=0.1620  p=[0.643 0.671 0.662 0.206 0.535]
  eval: e=0.0856  p=[0.723 0.584 0.604 0.314 0.502]
    13           25        0.0732445         contract inside
  eval: e=0.1626  p=[0.739 0.565 0.562 0.418 0.501]
  eval: e=0.0868  p=[0.690 0.621 0.637 0.245 0.514]
    14           27        0.0732445         contract inside
  eval: e=0.1037  p=[0.723 0.584 0.587 0.361 0.505]
  eval: e=0.0763  p=[0.698 0.611 0.624 0.274 0.512]
    15           29        0.0732445         contract inside
  eval: e=0.0817  p=[0.680 0.631 0.628 0.277 0.521]
    16           30        0.0732445         reflect
  eval: e=0.0809  p=[0.701 0.611 0.568 0.336 0.514]
    17           31        0.0732445         reflect
  eval: e=0.1041  p=[0.725 0.584 0.570 0.344 0.503]
  eval: e=0.0732  p=[0.691 0.619 0.613 0.293 0.517]
    18           33        0.0732389         contract inside
  eval: e=0.0810  p=[0.700 0.607 0.648 0.267 0.511]
  eval: e=0.0749  p=[0.701 0.610 0.588 0.319 0.513]
    19           35        0.0732389         contract inside
  eval: e=0.0758  p=[0.725 0.616 0.611 0.252 0.542]
    20           36        0.0732389         reflect
  eval: e=0.0842  p=[0.737 0.631 0.624 0.259 0.501]
  eval: e=0.0732  p=[0.699 0.606 0.601 0.298 0.527]
    21           38        0.0732066         contract inside
  eval: e=0.0716  p=[0.726 0.614 0.584 0.306 0.530]
  eval: e=0.0751  p=[0.740 0.616 0.564 0.321 0.539]
    22           40        0.0715865         reflect
  eval: e=0.0816  p=[0.699 0.608 0.587 0.349 0.495]
  eval: e=0.0724  p=[0.719 0.614 0.605 0.276 0.530]
    23           42        0.0715865         contract inside
  eval: e=0.0756  p=[0.731 0.617 0.617 0.266 0.531]
  eval: e=0.0726  p=[0.708 0.612 0.595 0.305 0.518]
    24           44        0.0715865         contract inside
  eval: e=0.0711  p=[0.673 0.613 0.591 0.304 0.542]
  eval: e=0.0714  p=[0.638 0.612 0.583 0.312 0.560]
    25           46        0.0710536         reflect
  eval: e=0.0751  p=[0.719 0.604 0.577 0.303 0.542]
  eval: e=0.0718  p=[0.698 0.615 0.604 0.296 0.523]
    26           48        0.0710536         contract inside
  eval: e=0.0700  p=[0.711 0.622 0.591 0.297 0.531]
  eval: e=0.0692  p=[0.717 0.630 0.586 0.296 0.532]
    27           50        0.0691992         expand
  eval: e=0.0698  p=[0.705 0.623 0.593 0.286 0.546]
    28           51        0.0691992         reflect
  eval: e=0.0698  p=[0.689 0.624 0.578 0.319 0.539]
    29           52        0.0691992         reflect
  eval: e=0.0682  p=[0.706 0.626 0.569 0.308 0.553]
  eval: e=0.0683  p=[0.710 0.631 0.551 0.315 0.567]
    30           54        0.0682492         reflect
  eval: e=0.0679  p=[0.670 0.632 0.583 0.299 0.554]
  eval: e=0.0687  p=[0.641 0.640 0.582 0.296 0.566]
    31           56        0.0679148         reflect
  eval: e=0.0673  p=[0.721 0.641 0.572 0.299 0.547]
  eval: e=0.0682  p=[0.745 0.655 0.562 0.297 0.550]
    32           58        0.0673108         reflect
  eval: e=0.0672  p=[0.696 0.638 0.562 0.323 0.545]
  eval: e=0.0684  p=[0.691 0.645 0.546 0.341 0.544]
    33           60        0.0671845         reflect
  eval: e=0.0676  p=[0.715 0.643 0.570 0.292 0.554]
    34           61        0.0671845         reflect
  eval: e=0.0651  p=[0.686 0.642 0.557 0.313 0.569]
  eval: e=0.0644  p=[0.671 0.648 0.542 0.321 0.587]
    35           63        0.0643926         expand
  eval: e=0.0669  p=[0.683 0.655 0.563 0.305 0.562]
    36           64        0.0643926         reflect
  eval: e=0.0639  p=[0.725 0.658 0.541 0.317 0.563]
  eval: e=0.0628  p=[0.753 0.671 0.520 0.325 0.568]
    37           66         0.062788         expand
  eval: e=0.0650  p=[0.695 0.658 0.534 0.337 0.570]
    38           67         0.062788         reflect
  eval: e=0.0657  p=[0.678 0.667 0.516 0.345 0.585]
    39           68         0.062788         reflect
  eval: e=0.0617  p=[0.696 0.682 0.508 0.331 0.604]
  eval: e=0.0615  p=[0.696 0.704 0.480 0.335 0.634]
    40           70        0.0614608         expand
  eval: e=0.0749  p=[0.714 0.685 0.474 0.360 0.615]
  eval: e=0.0635  p=[0.691 0.662 0.541 0.319 0.575]
    41           72        0.0614608         contract inside
  eval: e=0.0632  p=[0.724 0.671 0.530 0.309 0.588]
    42           73        0.0614608         reflect
  eval: e=0.0626  p=[0.719 0.684 0.512 0.306 0.611]
    43           74        0.0614608         reflect
  eval: e=0.0649  p=[0.762 0.709 0.491 0.317 0.604]
  eval: e=0.0625  p=[0.694 0.663 0.529 0.320 0.591]
    44           76        0.0614608         contract inside
  eval: e=0.0610  p=[0.743 0.695 0.488 0.319 0.622]
  eval: e=0.0613  p=[0.770 0.712 0.462 0.319 0.645]
    45           78        0.0609734         reflect
  eval: e=0.0618  p=[0.718 0.697 0.481 0.333 0.622]
    46           79        0.0609734         reflect
  eval: e=0.0612  p=[0.675 0.706 0.477 0.320 0.664]
    47           80        0.0609734         reflect
  eval: e=0.0647  p=[0.691 0.702 0.471 0.344 0.642]
  eval: e=0.0613  p=[0.712 0.689 0.501 0.316 0.619]
    48           82        0.0609734         contract inside
  eval: e=0.0631  p=[0.724 0.733 0.442 0.329 0.673]
  eval: e=0.0613  p=[0.701 0.681 0.507 0.322 0.612]
    49           84        0.0609734         contract inside
  eval: e=0.0618  p=[0.694 0.693 0.500 0.312 0.638]
  eval: e=0.0612  p=[0.700 0.694 0.496 0.317 0.634]
    50           86        0.0609734         contract outside
  eval: e=0.0614  p=[0.717 0.682 0.507 0.303 0.626]
  eval: e=0.0611  p=[0.712 0.687 0.501 0.311 0.628]
    51           88        0.0609734         contract outside
  eval: e=0.0617  p=[0.716 0.708 0.478 0.311 0.655]
  eval: e=0.0610  p=[0.705 0.687 0.500 0.319 0.622]
    52           90        0.0609734         contract inside
  eval: e=0.0609  p=[0.702 0.699 0.483 0.319 0.649]
  eval: e=0.0613  p=[0.697 0.705 0.474 0.320 0.664]
    53           92        0.0609054         reflect
  eval: e=0.0616  p=[0.749 0.679 0.510 0.314 0.598]
  eval: e=0.0609  p=[0.694 0.699 0.485 0.318 0.647]
    54           94        0.0609054         contract inside
  eval: e=0.0608  p=[0.723 0.693 0.487 0.317 0.633]
  eval: e=0.0609  p=[0.734 0.693 0.483 0.318 0.633]
    55           96         0.060797         reflect
  eval: e=0.0613  p=[0.715 0.703 0.477 0.326 0.642]
  eval: e=0.0609  p=[0.712 0.691 0.495 0.315 0.631]
    56           98         0.060797         contract inside
  eval: e=0.0610  p=[0.725 0.704 0.475 0.316 0.651]
    57           99         0.060797         reflect
  eval: e=0.0609  p=[0.679 0.700 0.482 0.315 0.663]
    58          100         0.060797         reflect
  eval: e=0.0608  p=[0.679 0.689 0.497 0.318 0.639]
  eval: e=0.0609  p=[0.656 0.682 0.509 0.319 0.633]
    59          102         0.060796         reflect
  eval: e=0.0607  p=[0.704 0.690 0.492 0.315 0.639]
  eval: e=0.0607  p=[0.709 0.685 0.496 0.313 0.635]
    60          104        0.0606696         expand
  eval: e=0.0607  p=[0.699 0.684 0.500 0.313 0.632]
    61          105        0.0606696         reflect
  eval: e=0.0607  p=[0.683 0.689 0.490 0.316 0.649]
    62          106        0.0606696         reflect
  eval: e=0.0612  p=[0.718 0.677 0.507 0.316 0.612]
  eval: e=0.0607  p=[0.689 0.694 0.488 0.315 0.650]
    63          108        0.0606696         contract inside
  eval: e=0.0605  p=[0.661 0.683 0.502 0.312 0.649]
  eval: e=0.0604  p=[0.630 0.678 0.509 0.310 0.656]
    64          110        0.0604243         expand
  eval: e=0.0604  p=[0.685 0.683 0.496 0.309 0.650]
  eval: e=0.0603  p=[0.688 0.680 0.495 0.305 0.656]
    65          112        0.0603258         expand
  eval: e=0.0605  p=[0.661 0.687 0.492 0.311 0.667]
    66          113        0.0603258         reflect
  eval: e=0.0604  p=[0.660 0.674 0.505 0.307 0.655]
    67          114        0.0603258         reflect
  eval: e=0.0602  p=[0.656 0.672 0.508 0.302 0.658]
  eval: e=0.0600  p=[0.643 0.663 0.517 0.296 0.662]
    68          116        0.0600399         expand
  eval: e=0.0598  p=[0.603 0.668 0.511 0.298 0.684]
  eval: e=0.0594  p=[0.551 0.659 0.518 0.290 0.708]
    69          118        0.0593517         expand
  eval: e=0.0600  p=[0.608 0.655 0.526 0.292 0.668]
    70          119        0.0593517         reflect
  eval: e=0.0599  p=[0.629 0.654 0.516 0.286 0.683]
    71          120        0.0593517         reflect
  eval: e=0.0592  p=[0.588 0.651 0.524 0.281 0.696]
  eval: e=0.0587  p=[0.551 0.639 0.534 0.268 0.717]
    72          122        0.0587205         expand
  eval: e=0.0594  p=[0.505 0.628 0.550 0.268 0.720]
    73          123        0.0587205         reflect
  eval: e=0.0586  p=[0.544 0.643 0.528 0.271 0.728]
  eval: e=0.0580  p=[0.511 0.636 0.529 0.261 0.758]
    74          125        0.0580399         expand
  eval: e=0.0578  p=[0.456 0.624 0.541 0.253 0.772]
  eval: e=0.0576  p=[0.363 0.604 0.553 0.231 0.827]
    75          127        0.0575674         expand
  eval: e=0.0589  p=[0.363 0.612 0.558 0.241 0.809]
    76          128        0.0575674         reflect
  eval: e=0.0575  p=[0.431 0.632 0.527 0.249 0.808]
  eval: e=0.0587  p=[0.394 0.634 0.516 0.239 0.852]
    77          130        0.0574953         reflect
  eval: e=0.0576  p=[0.337 0.591 0.562 0.210 0.859]
    78          131        0.0574953         reflect
  eval: e=0.0579  p=[0.515 0.628 0.524 0.246 0.779]
    79          132        0.0574953         reflect
  eval: e=0.0568  p=[0.312 0.597 0.544 0.211 0.896]
  eval: e=0.0609  p=[0.192 0.576 0.549 0.182 0.985]
    80          134        0.0567921         reflect
  eval: e=0.0578  p=[0.272 0.584 0.556 0.198 0.909]
    81          135        0.0567921         reflect
  eval: e=0.0668  p=[0.171 0.575 0.573 0.193 0.941]
  eval: e=0.0567  p=[0.429 0.615 0.536 0.233 0.819]
    82          137        0.0567431         contract inside
  eval: e=0.0577  p=[0.477 0.631 0.533 0.255 0.774]
  eval: e=0.0570  p=[0.426 0.619 0.539 0.241 0.808]
    83          139        0.0567431         contract outside
  eval: e=0.0593  p=[0.447 0.636 0.518 0.256 0.804]
  eval: e=0.0566  p=[0.365 0.602 0.551 0.221 0.845]
    84          141        0.0566495         contract inside
  eval: e=0.0570  p=[0.422 0.622 0.526 0.230 0.843]
    85          142        0.0566495         reflect
  eval: e=0.0559  p=[0.350 0.590 0.551 0.206 0.877]
  eval: e=0.0564  p=[0.309 0.569 0.563 0.185 0.911]
    86          144        0.0558545         reflect
  eval: e=0.0557  p=[0.325 0.591 0.544 0.199 0.904]
  eval: e=0.0556  p=[0.275 0.577 0.547 0.179 0.952]
    87          146         0.055642         expand
  eval: e=0.0586  p=[0.270 0.570 0.566 0.189 0.912]
  eval: e=0.0562  p=[0.384 0.609 0.536 0.220 0.861]
    88          148         0.055642         contract inside
  eval: e=0.0556  p=[0.409 0.600 0.545 0.213 0.846]
  eval: e=0.0557  p=[0.458 0.602 0.545 0.214 0.821]
    89          150        0.0555629         reflect
  eval: e=0.0560  p=[0.284 0.577 0.555 0.183 0.933]
    90          151        0.0555629         reflect
  eval: e=0.0545  p=[0.316 0.580 0.543 0.179 0.942]
  eval: e=0.0539  p=[0.292 0.569 0.538 0.158 0.991]
    91          153        0.0539073         expand
  eval: e=0.0557  p=[0.260 0.556 0.559 0.155 0.979]
    92          154        0.0539073         reflect
  eval: e=0.0545  p=[0.350 0.580 0.541 0.181 0.925]
    93          155        0.0539073         reflect
  eval: e=0.0530  p=[0.284 0.563 0.541 0.148 1.000]
  eval: e=37.8108  p=[0.252 0.549 0.535 0.119 1.000]
    94          157        0.0529603         reflect
  eval: e=0.0566  p=[0.384 0.600 0.526 0.196 0.906]
  eval: e=0.0543  p=[0.291 0.567 0.551 0.165 0.961]
    95          159        0.0529603         contract inside
  eval: e=0.0532  p=[0.376 0.574 0.539 0.167 0.937]
    96          160        0.0529603         reflect
  eval: e=62.4788  p=[0.228 0.541 0.539 0.115 1.000]
  eval: e=0.0544  p=[0.364 0.586 0.543 0.188 0.904]
    97          162        0.0529603         contract inside
  eval: e=0.0526  p=[0.293 0.563 0.544 0.149 0.992]
  eval: e=6.8382  p=[0.264 0.554 0.546 0.133 1.000]
    98          164          0.05258         reflect
  eval: e=22.9011  p=[0.250 0.549 0.542 0.127 1.000]
  eval: e=0.0537  p=[0.336 0.576 0.543 0.173 0.940]
    99          166          0.05258         contract inside
  eval: e=0.0531  p=[0.341 0.571 0.531 0.153 0.983]
   100          167          0.05258         reflect
  eval: e=0.0522  p=[0.360 0.570 0.541 0.159 0.950]
  eval: e=0.0521  p=[0.394 0.571 0.542 0.159 0.930]
   101          169         0.052088         expand
  eval: e=0.0509  p=[0.340 0.561 0.536 0.138 0.997]
  eval: e=6.2909  p=[0.342 0.553 0.532 0.120 1.000]
   102          171         0.050897         reflect
  eval: e=5.8824  p=[0.285 0.557 0.538 0.132 1.000]
  eval: e=0.0525  p=[0.353 0.570 0.539 0.158 0.959]
   103          173         0.050897         contract inside
  eval: e=0.0523  p=[0.325 0.560 0.549 0.148 0.968]
   104          174         0.050897         reflect
  eval: e=0.0516  p=[0.397 0.567 0.543 0.153 0.938]
   105          175         0.050897         reflect
  eval: e=0.0519  p=[0.431 0.569 0.539 0.153 0.924]
   106          176         0.050897         reflect
  eval: e=0.0512  p=[0.402 0.561 0.545 0.142 0.944]
   107          177         0.050897         reflect
  eval: e=0.0517  p=[0.461 0.572 0.533 0.150 0.926]
   108          178         0.050897         reflect
  eval: e=0.0503  p=[0.418 0.561 0.537 0.135 0.962]
  eval: e=0.0493  p=[0.430 0.555 0.534 0.123 0.977]
   109          180        0.0493276         expand
  eval: e=0.0495  p=[0.381 0.558 0.537 0.129 0.989]
   110          181        0.0493276         reflect
  eval: e=1.6172  p=[0.319 0.549 0.545 0.124 1.000]
  eval: e=0.0509  p=[0.425 0.566 0.536 0.144 0.947]
   111          183        0.0493276         contract inside
  eval: e=0.1726  p=[0.394 0.553 0.532 0.117 1.000]
  eval: e=0.0509  p=[0.397 0.564 0.540 0.144 0.955]
   112          185        0.0493276         contract inside
  eval: e=0.0713  p=[0.387 0.560 0.529 0.129 1.000]
  eval: e=0.0505  p=[0.398 0.561 0.541 0.139 0.959]
   113          187        0.0493276         contract inside
  eval: e=0.0506  p=[0.473 0.561 0.540 0.134 0.934]
   114          188        0.0493276         reflect
  eval: e=0.0495  p=[0.406 0.553 0.541 0.124 0.978]
   115          189        0.0493276         reflect
  eval: e=0.0488  p=[0.439 0.551 0.537 0.116 0.980]
  eval: e=0.0479  p=[0.460 0.545 0.535 0.102 0.993]
   116          191        0.0479324         expand
  eval: e=5.9056  p=[0.357 0.548 0.535 0.113 1.000]
  eval: e=0.0499  p=[0.444 0.558 0.539 0.129 0.957]
   117          193        0.0479324         contract inside
  eval: e=0.0477  p=[0.450 0.547 0.533 0.104 0.999]
  eval: e=3.5156  p=[0.476 0.539 0.530 0.087 1.000]
   118          195        0.0477231         reflect
  eval: e=3.1560  p=[0.407 0.546 0.533 0.104 1.000]
  eval: e=0.0493  p=[0.435 0.555 0.537 0.123 0.972]
   119          197        0.0477231         contract inside
  eval: e=0.0485  p=[0.491 0.544 0.535 0.101 0.979]
   120          198        0.0477231         reflect
  eval: e=0.0477  p=[0.500 0.545 0.529 0.097 0.990]
   121          199        0.0477231         reflect
  eval: e=0.0478  p=[0.504 0.539 0.534 0.087 0.995]
   122          200        0.0477231         reflect
  eval: e=1.1274  p=[0.527 0.533 0.529 0.074 1.000]
  eval: e=0.0485  p=[0.458 0.549 0.535 0.111 0.981]
   123          202        0.0477231         contract inside
  eval: e=0.2408  p=[0.458 0.546 0.531 0.099 1.000]
  eval: e=0.0482  p=[0.483 0.545 0.534 0.101 0.985]
   124          204        0.0477231         contract inside
  eval: e=0.1562  p=[0.501 0.539 0.531 0.086 1.000]
  eval: e=0.0481  p=[0.469 0.547 0.534 0.104 0.987]
   125          206        0.0477231         contract inside
  eval: e=0.0478  p=[0.470 0.544 0.532 0.097 1.000]
   126          207        0.0477231         reflect
  eval: e=0.1934  p=[0.485 0.541 0.531 0.091 1.000]
  eval: e=0.0479  p=[0.473 0.545 0.533 0.101 0.991]
   127          209        0.0477231         contract inside
  eval: e=0.0473  p=[0.499 0.543 0.530 0.093 0.997]
  eval: e=0.0471  p=[0.519 0.542 0.527 0.088 1.000]
   128          211        0.0471003         expand
  eval: e=0.0995  p=[0.505 0.541 0.529 0.089 1.000]
  eval: e=0.0476  p=[0.481 0.544 0.532 0.098 0.994]
   129          213        0.0471003         contract inside
  eval: e=0.0480  p=[0.464 0.550 0.528 0.106 0.998]
  eval: e=0.0475  p=[0.494 0.542 0.532 0.092 0.996]
   130          215        0.0471003         contract inside
  eval: e=0.0477  p=[0.507 0.543 0.530 0.095 0.991]
   131          216        0.0471003         reflect
  eval: e=0.0767  p=[0.480 0.542 0.533 0.094 1.000]
  eval: e=0.0476  p=[0.495 0.544 0.530 0.096 0.993]
   132          218        0.0471003         contract inside
  eval: e=0.0475  p=[0.549 0.540 0.527 0.083 0.991]
   133          219        0.0471003         reflect
  eval: e=0.0472  p=[0.508 0.541 0.530 0.089 0.998]
   134          220        0.0471003         reflect
  eval: e=0.0472  p=[0.545 0.539 0.526 0.082 0.997]
   135          221        0.0471003         reflect
  eval: e=0.0471  p=[0.551 0.537 0.527 0.077 1.000]
   136          222        0.0471003         reflect
  eval: e=0.0470  p=[0.575 0.538 0.523 0.076 0.998]
  eval: e=0.0468  p=[0.615 0.536 0.518 0.067 0.999]
   137          224        0.0468073         expand
  eval: e=0.4951  p=[0.546 0.539 0.524 0.078 1.000]
  eval: e=0.0473  p=[0.548 0.539 0.526 0.082 0.995]
   138          226        0.0468073         contract inside
  eval: e=0.1183  p=[0.547 0.539 0.525 0.079 1.000]
  eval: e=0.0472  p=[0.548 0.539 0.526 0.081 0.997]
   139          228        0.0468073         contract inside
  eval: e=0.0469  p=[0.603 0.536 0.520 0.070 0.999]
   140          229        0.0468073         reflect
  eval: e=0.0491  p=[0.589 0.537 0.521 0.072 1.000]
  eval: e=0.0471  p=[0.556 0.539 0.525 0.079 0.998]
   141          231        0.0468073         contract inside
  eval: e=0.0604  p=[0.590 0.537 0.521 0.072 1.000]
  eval: e=0.0471  p=[0.558 0.539 0.525 0.079 0.998]
   142          233        0.0468073         contract inside
  eval: e=0.0470  p=[0.590 0.539 0.519 0.076 0.997]
   143          234        0.0468073         reflect
  eval: e=0.0470  p=[0.650 0.534 0.516 0.060 0.997]
   144          235        0.0468073         reflect
  eval: e=0.0468  p=[0.650 0.535 0.514 0.062 0.998]
   145          236        0.0468073         reflect
  eval: e=0.0468  p=[0.685 0.533 0.510 0.055 0.998]
   146          237        0.0468073         reflect
  eval: e=0.0470  p=[0.691 0.530 0.512 0.050 0.999]
   147          238        0.0468073         reflect
  eval: e=0.0477  p=[0.648 0.535 0.514 0.061 1.000]
  eval: e=0.0469  p=[0.649 0.534 0.515 0.061 0.998]
   148          240        0.0468073         contract inside
  eval: e=0.0470  p=[0.590 0.539 0.519 0.076 0.998]
  eval: e=0.0469  p=[0.666 0.533 0.514 0.056 0.999]
   149          242        0.0468073         contract inside
  eval: e=0.0468  p=[0.703 0.532 0.509 0.051 0.998]
  eval: e=0.0467  p=[0.753 0.530 0.503 0.041 0.998]
   150          244        0.0466872         expand
  eval: e=0.0467  p=[0.698 0.533 0.508 0.052 0.999]
   151          245        0.0466872         reflect
  eval: e=0.0467  p=[0.694 0.534 0.508 0.055 0.998]
   152          246        0.0466872         reflect
  eval: e=0.0466  p=[0.728 0.532 0.505 0.046 0.999]
  eval: e=0.0465  p=[0.766 0.531 0.500 0.039 0.999]
   153          248        0.0465048         expand
  eval: e=0.0465  p=[0.725 0.532 0.504 0.046 0.999]
   154          249        0.0465048         reflect
  eval: e=0.0464  p=[0.840 0.528 0.491 0.026 0.998]
  eval: e=0.0461  p=[0.952 0.524 0.477 0.005 0.998]
   155          251        0.0461365         expand
  eval: e=0.0464  p=[0.863 0.526 0.489 0.019 0.999]
   156          252        0.0461365         reflect
  eval: e=0.0462  p=[0.926 0.525 0.481 0.008 0.998]
   157          253        0.0461365         reflect
  eval: e=0.0459  p=[0.941 0.525 0.478 0.006 1.000]
  eval: e=13.7387  p=[1.000 0.522 0.466 0.000 1.000]
   158          255        0.0459435         reflect
  eval: e=31.9771  p=[1.000 0.520 0.466 0.000 0.999]
  eval: e=0.0464  p=[0.808 0.529 0.495 0.031 0.999]
   159          257        0.0459435         contract inside
  eval: e=10.3701  p=[1.000 0.521 0.468 0.000 0.999]
  eval: e=0.0464  p=[0.832 0.528 0.492 0.026 0.999]
   160          259        0.0459435         contract inside
  eval: e=0.3525  p=[0.998 0.522 0.472 0.000 0.999]
  eval: e=0.0463  p=[0.855 0.527 0.489 0.022 0.999]
   161          261        0.0459435         contract inside
  eval: e=0.0460  p=[0.939 0.526 0.477 0.008 0.999]
   162          262        0.0459435         reflect
  eval: e=2.3174  p=[1.000 0.523 0.469 0.000 0.999]
  eval: e=0.0462  p=[0.877 0.527 0.486 0.018 0.999]
   163          264        0.0459435         contract inside
  eval: e=0.2164  p=[0.999 0.523 0.471 0.000 0.999]
  eval: e=0.0462  p=[0.891 0.526 0.485 0.015 0.999]
   164          266        0.0459435         contract inside
  eval: e=0.0641  p=[0.982 0.524 0.473 0.000 0.999]
  eval: e=0.0462  p=[0.904 0.526 0.483 0.013 0.999]
   165          268        0.0459435         contract inside
  eval: e=0.0459  p=[0.974 0.524 0.474 0.000 0.999]
   166          269        0.0459435         reflect
  eval: e=0.1073  p=[0.989 0.523 0.472 0.000 0.999]
  eval: e=0.0461  p=[0.925 0.525 0.480 0.009 0.999]
   167          271        0.0459435         contract inside
  eval: e=0.0460  p=[0.966 0.525 0.474 0.003 0.999]
   168          272        0.0459435         reflect
  eval: e=0.0460  p=[0.946 0.526 0.476 0.006 1.000]
   169          273        0.0459435         reflect
  eval: e=0.0459  p=[0.981 0.525 0.472 0.000 1.000]
  eval: e=1.1200  p=[1.000 0.525 0.467 0.000 1.000]
   170          275        0.0458537         reflect
  eval: e=0.0815  p=[0.984 0.524 0.472 0.000 1.000]
  eval: e=0.0460  p=[0.950 0.525 0.476 0.005 0.999]
   171          277        0.0458537         contract inside
  eval: e=0.0460  p=[0.979 0.524 0.473 0.000 0.999]
  eval: e=0.0459  p=[0.971 0.524 0.474 0.002 0.999]
   172          279        0.0458537         contract outside
  eval: e=0.0459  p=[0.960 0.524 0.476 0.002 0.999]
   173          280        0.0458537         reflect
  eval: e=0.0747  p=[0.980 0.523 0.473 0.000 1.000]
  eval: e=0.0459  p=[0.958 0.525 0.475 0.004 0.999]
   174          282        0.0458537         contract inside
  eval: e=0.0467  p=[0.951 0.525 0.476 0.005 1.000]
  eval: e=0.0459  p=[0.968 0.524 0.474 0.001 0.999]
   175          284        0.0458537         contract inside
  eval: e=0.0458  p=[0.952 0.525 0.476 0.003 1.000]
  eval: e=0.0479  p=[0.943 0.525 0.477 0.004 1.000]
   176          286        0.0458417         reflect
  eval: e=0.0704  p=[0.987 0.524 0.471 0.000 0.999]
  eval: e=0.0459  p=[0.952 0.525 0.476 0.004 1.000]
   177          288        0.0458417         contract inside
  eval: e=0.0458  p=[0.968 0.524 0.474 0.000 1.000]
  eval: e=0.0603  p=[0.973 0.524 0.474 0.000 1.000]
   178          290         0.045803         reflect
  eval: e=0.0479  p=[0.958 0.525 0.475 0.002 1.000]
  eval: e=0.0459  p=[0.965 0.524 0.475 0.002 0.999]
   179          292         0.045803         contract inside
  eval: e=0.0556  p=[0.978 0.524 0.473 0.000 1.000]
  eval: e=0.0459  p=[0.959 0.525 0.475 0.003 1.000]
   180          294         0.045803         contract inside
  eval: e=0.0463  p=[0.970 0.525 0.473 0.001 1.000]
  eval: e=0.0459  p=[0.963 0.524 0.475 0.002 1.000]
   181          296         0.045803         contract inside
  eval: e=0.0462  p=[0.964 0.525 0.474 0.001 1.000]
  eval: e=0.0459  p=[0.965 0.524 0.475 0.002 1.000]
   182          298         0.045803         contract inside
  eval: e=0.0458  p=[0.973 0.524 0.473 0.000 1.000]
  eval: e=0.0569  p=[0.980 0.524 0.472 0.000 1.000]
   183          300        0.0457802         reflect
  eval: e=0.0460  p=[0.973 0.525 0.473 0.001 1.000]
  eval: e=0.0458  p=[0.965 0.524 0.474 0.001 1.000]
   184          302        0.0457802         contract inside
  eval: e=0.0460  p=[0.971 0.525 0.473 0.000 1.000]
  eval: e=0.0458  p=[0.966 0.524 0.474 0.001 1.000]
   185          304        0.0457802         contract inside
  eval: e=0.0459  p=[0.949 0.524 0.477 0.003 1.000]
  eval: e=0.0458  p=[0.973 0.525 0.473 0.001 1.000]
   186          306        0.0457802         contract inside
  eval: e=0.0751  p=[0.986 0.524 0.472 0.000 1.000]
  eval: e=0.0458  p=[0.961 0.525 0.475 0.002 1.000]
   187          308        0.0457802         contract inside
  eval: e=0.0458  p=[0.971 0.524 0.473 0.000 1.000]
   188          309        0.0457802         reflect
  eval: e=0.0459  p=[0.972 0.524 0.473 0.000 1.000]
  eval: e=0.0458  p=[0.968 0.524 0.474 0.001 1.000]
   189          311        0.0457802         contract inside
  eval: e=0.0547  p=[0.980 0.524 0.472 0.000 1.000]
  eval: e=0.0458  p=[0.966 0.524 0.474 0.001 1.000]
   190          313        0.0457802         contract inside
  eval: e=0.0458  p=[0.972 0.524 0.473 0.000 1.000]
  eval: e=0.0467  p=[0.975 0.524 0.473 0.000 1.000]
   191          315        0.0457775         reflect
  eval: e=0.0489  p=[0.977 0.524 0.473 0.000 1.000]
  eval: e=0.0458  p=[0.968 0.524 0.474 0.001 1.000]
   192          317        0.0457775         contract inside
  eval: e=0.0458  p=[0.975 0.525 0.472 0.000 1.000]
   193          318        0.0457775         reflect
  eval: e=0.0458  p=[0.971 0.524 0.473 0.000 1.000]
   194          319        0.0457775         reflect
  eval: e=0.0464  p=[0.976 0.525 0.472 0.000 1.000]
  eval: e=0.0458  p=[0.970 0.524 0.473 0.001 1.000]
   195          321        0.0457775         contract inside
  eval: e=0.0458  p=[0.974 0.525 0.473 0.001 1.000]
  eval: e=0.0458  p=[0.973 0.525 0.473 0.000 1.000]
   196          323        0.0457775         contract outside
  eval: e=0.0458  p=[0.975 0.525 0.473 0.000 1.000]
   197          324        0.0457775         reflect
  eval: e=0.0458  p=[0.973 0.524 0.473 0.000 1.000]
  eval: e=0.0458  p=[0.973 0.524 0.473 0.000 1.000]
   198          326        0.0457627         expand
  eval: e=0.0459  p=[0.977 0.525 0.472 0.000 1.000]
  eval: e=0.0458  p=[0.972 0.525 0.473 0.000 1.000]
   199          328        0.0457627         contract inside
  eval: e=0.0458  p=[0.972 0.524 0.473 0.000 1.000]
  eval: e=0.0458  p=[0.974 0.525 0.473 0.000 1.000]
   200          330        0.0457627         contract inside
  eval: e=0.0458  p=[0.974 0.525 0.473 0.000 1.000]
   201          331        0.0457627         reflect
  eval: e=0.0458  p=[0.975 0.525 0.473 0.000 1.000]
  eval: e=0.0458  p=[0.977 0.525 0.472 0.000 1.000]
   202          333        0.0457592         expand
  eval: e=0.0459  p=[0.973 0.524 0.473 0.000 1.000]
  eval: e=0.0458  p=[0.975 0.525 0.473 0.000 1.000]
   203          335        0.0457592         contract inside
  eval: e=0.0458  p=[0.976 0.525 0.472 0.000 1.000]
   204          336        0.0457592         reflect
  eval: e=0.0458  p=[0.976 0.525 0.472 0.000 1.000]
  eval: e=0.0458  p=[0.976 0.525 0.472 0.000 1.000]
   205          338        0.0457592         contract outside
  eval: e=0.0458  p=[0.977 0.525 0.472 0.000 1.000]
  eval: e=0.0458  p=[0.975 0.525 0.473 0.000 1.000]
   206          340        0.0457592         contract inside
  eval: e=0.0458  p=[0.976 0.525 0.472 0.000 1.000]
  eval: e=0.0461  p=[0.977 0.525 0.472 0.000 1.000]
   207          342        0.0457511         reflect
  eval: e=0.0458  p=[0.974 0.524 0.473 0.000 1.000]
  eval: e=0.0458  p=[0.976 0.525 0.472 0.000 1.000]
   208          344        0.0457511         contract inside
  eval: e=0.0459  p=[0.976 0.525 0.472 0.000 1.000]
  eval: e=0.0458  p=[0.975 0.525 0.473 0.000 1.000]
   209          346        0.0457511         contract inside
  eval: e=0.0458  p=[0.979 0.525 0.472 0.000 1.000]
  eval: e=0.0458  p=[0.974 0.525 0.473 0.000 1.000]
   210          348        0.0457511         contract inside
  eval: e=0.0458  p=[0.975 0.525 0.473 0.000 1.000]
  eval: e=0.0458  p=[0.976 0.525 0.472 0.000 1.000]
   211          350        0.0457511         contract inside
  eval: e=0.0458  p=[0.976 0.525 0.472 0.000 1.000]
   212          351        0.0457511         reflect
  eval: e=0.0459  p=[0.976 0.525 0.472 0.000 1.000]
  eval: e=0.0458  p=[0.976 0.525 0.472 0.000 1.000]
   213          353        0.0457511         contract inside
  eval: e=0.0458  p=[0.974 0.525 0.473 0.000 1.000]
   214          354        0.0457511         reflect
  eval: e=0.0457  p=[0.977 0.525 0.472 0.000 1.000]
  eval: e=0.0458  p=[0.978 0.525 0.472 0.000 1.000]
   215          356        0.0457494         reflect
  eval: e=0.0458  p=[0.976 0.525 0.472 0.000 1.000]
  eval: e=0.0458  p=[0.976 0.525 0.472 0.000 1.000]
   216          358        0.0457494         contract inside
  eval: e=0.0458  p=[0.975 0.525 0.472 0.000 1.000]
   217          359        0.0457494         reflect
  eval: e=0.0457  p=[0.976 0.525 0.472 0.000 1.000]
  eval: e=0.0457  p=[0.975 0.525 0.472 0.000 1.000]
   218          361        0.0457439         expand
  eval: e=0.0457  p=[0.975 0.525 0.472 0.000 1.000]
   219          362        0.0457439         reflect
  eval: e=0.0458  p=[0.976 0.525 0.472 0.000 1.000]
  eval: e=0.0458  p=[0.975 0.525 0.472 0.000 1.000]
   220          364        0.0457439         contract inside
  eval: e=0.0458  p=[0.977 0.525 0.472 0.000 1.000]
  eval: e=0.0458  p=[0.975 0.525 0.472 0.000 1.000]
   221          366        0.0457439         contract inside
  eval: e=0.0457  p=[0.975 0.525 0.472 0.000 1.000]
   222          367        0.0457439         reflect
  eval: e=0.0457  p=[0.976 0.525 0.472 0.000 1.000]
  eval: e=0.0457  p=[0.976 0.525 0.472 0.000 1.000]
   223          369        0.0457423         expand
  eval: e=0.0457  p=[0.976 0.525 0.472 0.000 1.000]
  eval: e=0.0457  p=[0.977 0.525 0.472 0.000 1.000]
   224          371         0.045739         reflect
  eval: e=0.0457  p=[0.975 0.525 0.472 0.000 1.000]
  eval: e=0.0457  p=[0.973 0.525 0.473 0.000 1.000]
   225          373        0.0457322         expand
  eval: e=0.0458  p=[0.975 0.525 0.472 0.000 1.000]
  eval: e=0.0457  p=[0.975 0.525 0.472 0.000 1.000]
   226          375        0.0457322         contract inside
  eval: e=0.0457  p=[0.975 0.525 0.472 0.000 1.000]
   227          376        0.0457322         reflect
  eval: e=0.0457  p=[0.975 0.525 0.472 0.000 1.000]
  eval: e=0.0457  p=[0.975 0.525 0.472 0.000 1.000]
   228          378        0.0457228         expand
  eval: e=0.0458  p=[0.975 0.525 0.472 0.000 1.000]
  eval: e=0.0457  p=[0.975 0.525 0.472 0.000 1.000]
   229          380        0.0457228         contract inside
  eval: e=0.0457  p=[0.974 0.525 0.472 0.000 1.000]
   230          381        0.0457228         reflect
  eval: e=0.0457  p=[0.973 0.525 0.473 0.000 1.000]
   231          382        0.0457228         reflect
  eval: e=0.0457  p=[0.973 0.525 0.473 0.000 1.000]
  eval: e=0.0457  p=[0.972 0.525 0.473 0.000 1.000]
   232          384        0.0457085         expand
  eval: e=0.0457  p=[0.972 0.525 0.473 0.000 1.000]
   233          385        0.0457085         reflect
  eval: e=0.0457  p=[0.973 0.525 0.472 0.000 1.000]
  eval: e=0.0457  p=[0.973 0.525 0.472 0.000 1.000]
   234          387        0.0456917         expand
  eval: e=0.0457  p=[0.972 0.525 0.473 0.000 1.000]
   235          388        0.0456917         reflect
  eval: e=0.0457  p=[0.972 0.525 0.472 0.000 1.000]
  eval: e=0.0457  p=[0.972 0.525 0.472 0.000 1.000]
   236          390        0.0456722         expand
  eval: e=0.0457  p=[0.969 0.525 0.473 0.000 1.000]
   237          391        0.0456722         reflect
  eval: e=0.0457  p=[0.971 0.525 0.472 0.000 1.000]
  eval: e=0.0457  p=[0.971 0.525 0.472 0.000 1.000]
   238          393        0.0456664         reflect
  eval: e=0.0456  p=[0.971 0.525 0.472 0.000 1.000]
  eval: e=0.0456  p=[0.970 0.525 0.472 0.000 1.000]
   239          395          0.04562         expand
  eval: e=0.0456  p=[0.971 0.525 0.472 0.000 1.000]
   240          396          0.04562         reflect
  eval: e=0.0456  p=[0.968 0.525 0.472 0.000 0.999]
  eval: e=0.0456  p=[0.966 0.525 0.473 0.000 0.999]
   241          398        0.0456091         expand
  eval: e=0.0456  p=[0.971 0.526 0.472 0.000 0.999]
   242          399        0.0456091         reflect
  eval: e=0.0456  p=[0.968 0.526 0.472 0.000 0.999]
  eval: e=0.0455  p=[0.965 0.526 0.472 0.000 0.999]
   243          401        0.0455131         expand
  eval: e=0.0455  p=[0.966 0.526 0.472 0.000 0.999]
  eval: e=0.0454  p=[0.963 0.527 0.472 0.000 0.999]
   244          403        0.0454318         expand
  eval: e=0.0455  p=[0.964 0.526 0.472 0.000 0.999]
   245          404        0.0454318         reflect
  eval: e=0.0455  p=[0.962 0.527 0.472 0.000 0.999]
   246          405        0.0454318         reflect
  eval: e=0.0454  p=[0.957 0.527 0.472 0.000 0.998]
  eval: e=0.0453  p=[0.950 0.527 0.472 0.000 0.998]
   247          407        0.0453275         expand
  eval: e=0.0453  p=[0.955 0.528 0.471 0.000 0.998]
  eval: e=0.0451  p=[0.950 0.529 0.470 0.000 0.998]
   248          409        0.0451488         expand
  eval: e=0.0453  p=[0.955 0.527 0.472 0.000 0.998]
   249          410        0.0451488         reflect
  eval: e=0.0452  p=[0.948 0.528 0.471 0.000 0.998]
   250          411        0.0451488         reflect
  eval: e=0.0450  p=[0.943 0.529 0.471 0.000 0.997]
  eval: e=0.0449  p=[0.932 0.530 0.471 0.000 0.996]
   251          413        0.0448727         expand
  eval: e=0.0449  p=[0.931 0.530 0.471 0.000 0.996]
   252          414        0.0448727         reflect
  eval: e=0.0448  p=[0.936 0.531 0.470 0.000 0.996]
  eval: e=0.0447  p=[0.929 0.532 0.468 0.000 0.995]
   253          416        0.0446621         expand
  eval: e=0.0446  p=[0.921 0.533 0.469 0.000 0.995]
  eval: e=0.0444  p=[0.903 0.535 0.467 0.000 0.993]
   254          418        0.0444458         expand
  eval: e=0.0445  p=[0.910 0.534 0.468 0.000 0.994]
   255          419        0.0444458         reflect
  eval: e=0.0443  p=[0.892 0.536 0.468 0.000 0.992]
  eval: e=0.0442  p=[0.863 0.540 0.466 0.000 0.990]
   256          421        0.0442441         expand
  eval: e=0.0442  p=[0.884 0.539 0.465 0.000 0.991]
  eval: e=0.0441  p=[0.861 0.543 0.463 0.000 0.989]
   257          423         0.044077         expand
  eval: e=0.0441  p=[0.855 0.544 0.462 0.000 0.988]
   258          424         0.044077         reflect
  eval: e=0.0443  p=[0.828 0.546 0.462 0.000 0.986]
   259          425         0.044077         reflect
  eval: e=0.0444  p=[0.814 0.549 0.460 0.000 0.985]
   260          426         0.044077         reflect
  eval: e=0.0449  p=[0.785 0.554 0.458 0.000 0.982]
  eval: e=0.0442  p=[0.874 0.540 0.465 0.000 0.990]
   261          428         0.044077         contract inside
  eval: e=0.0443  p=[0.898 0.536 0.467 0.000 0.993]
  eval: e=0.0442  p=[0.877 0.539 0.465 0.000 0.991]
   262          430         0.044077         contract outside
  eval: e=0.0443  p=[0.904 0.536 0.466 0.000 0.993]
  eval: e=0.0442  p=[0.885 0.539 0.465 0.000 0.991]
   263          432         0.044077         contract outside
  eval: e=0.0440  p=[0.878 0.542 0.462 0.000 0.990]
  eval: e=0.0440  p=[0.885 0.542 0.460 0.000 0.990]
   264          434        0.0440205         expand
  eval: e=0.0440  p=[0.856 0.545 0.461 0.000 0.988]
   265          435        0.0440205         reflect
  eval: e=0.0440  p=[0.855 0.546 0.459 0.000 0.988]
  eval: e=0.0441  p=[0.844 0.550 0.456 0.000 0.986]
   266          437        0.0440158         reflect
  eval: e=0.0440  p=[0.851 0.548 0.457 0.000 0.987]
   267          438        0.0440158         reflect
  eval: e=0.0440  p=[0.868 0.546 0.458 0.000 0.988]
  eval: e=0.0440  p=[0.875 0.547 0.455 0.000 0.988]
   268          440        0.0439812         reflect
  eval: e=0.0440  p=[0.865 0.548 0.455 0.000 0.987]
   269          441        0.0439812         reflect
  eval: e=0.0440  p=[0.874 0.548 0.455 0.000 0.988]
  eval: e=0.0440  p=[0.869 0.547 0.456 0.000 0.988]
   270          443        0.0439812         contract outside
  eval: e=0.0440  p=[0.886 0.544 0.458 0.000 0.990]
   271          444        0.0439812         reflect
  eval: e=0.0440  p=[0.852 0.550 0.455 0.000 0.986]
  eval: e=0.0440  p=[0.877 0.544 0.459 0.000 0.989]
   272          446        0.0439812         contract inside
  eval: e=0.0441  p=[0.891 0.545 0.455 0.000 0.989]
  eval: e=0.0440  p=[0.864 0.546 0.458 0.000 0.988]
   273          448        0.0439812         contract inside
  eval: e=0.0440  p=[0.851 0.549 0.456 0.000 0.986]
  eval: e=0.0440  p=[0.877 0.545 0.458 0.000 0.989]
   274          450        0.0439812         contract inside
  eval: e=0.0440  p=[0.877 0.543 0.460 0.000 0.989]
  eval: e=0.0440  p=[0.868 0.547 0.457 0.000 0.988]
   275          452        0.0439812         contract inside
  eval: e=0.0440  p=[0.873 0.544 0.459 0.000 0.989]
   276          453        0.0439812         reflect
  eval: e=0.0440  p=[0.863 0.547 0.457 0.000 0.988]
   277          454        0.0439812         reflect
  eval: e=0.0440  p=[0.857 0.547 0.458 0.000 0.987]
  eval: e=0.0440  p=[0.872 0.545 0.458 0.000 0.988]
   278          456        0.0439796         contract inside
  eval: e=0.0440  p=[0.862 0.548 0.456 0.000 0.987]
  eval: e=0.0440  p=[0.870 0.545 0.458 0.000 0.988]
   279          458        0.0439792         contract inside
  eval: e=0.0440  p=[0.867 0.545 0.459 0.000 0.988]
  eval: e=0.0440  p=[0.868 0.546 0.457 0.000 0.988]
   280          460        0.0439792         contract inside
  eval: e=0.0440  p=[0.874 0.545 0.459 0.000 0.989]
  eval: e=0.0440  p=[0.871 0.545 0.458 0.000 0.988]
   281          462        0.0439792         contract outside
  eval: e=0.0440  p=[0.876 0.545 0.457 0.000 0.989]
  eval: e=0.0440  p=[0.867 0.546 0.458 0.000 0.988]
   282          464        0.0439792         contract inside
  eval: e=0.0440  p=[0.871 0.545 0.458 0.000 0.988]
  eval: e=0.0440  p=[0.872 0.545 0.459 0.000 0.989]
   283          466        0.0439775         reflect
  eval: e=0.0440  p=[0.873 0.544 0.459 0.000 0.989]
  eval: e=0.0440  p=[0.869 0.546 0.458 0.000 0.988]
   284          468        0.0439775         contract inside
  eval: e=0.0440  p=[0.869 0.546 0.458 0.000 0.988]
  eval: e=0.0440  p=[0.867 0.546 0.458 0.000 0.988]
   285          470        0.0439767         expand
  eval: e=0.0440  p=[0.873 0.545 0.458 0.000 0.989]
   286          471        0.0439767         reflect
  eval: e=0.0440  p=[0.868 0.546 0.458 0.000 0.988]
   287          472        0.0439767         reflect
  eval: e=0.0440  p=[0.869 0.546 0.457 0.000 0.988]
  eval: e=0.0440  p=[0.870 0.545 0.458 0.000 0.988]
   288          474        0.0439767         contract inside
  eval: e=0.0440  p=[0.870 0.545 0.458 0.000 0.988]
  eval: e=0.0440  p=[0.869 0.546 0.458 0.000 0.988]
   289          476        0.0439767         contract inside
  eval: e=0.0440  p=[0.869 0.546 0.458 0.000 0.988]
  eval: e=0.0440  p=[0.869 0.546 0.458 0.000 0.988]
   290          478        0.0439759         contract outside
  eval: e=0.0440  p=[0.868 0.546 0.457 0.000 0.988]
   291          479        0.0439759         reflect
  eval: e=0.0440  p=[0.869 0.546 0.458 0.000 0.988]
  eval: e=0.0440  p=[0.869 0.546 0.458 0.000 0.988]
   292          481        0.0439759         contract inside
  eval: e=0.0440  p=[0.864 0.546 0.458 0.000 0.988]
  eval: e=0.0440  p=[0.870 0.546 0.458 0.000 0.988]
   293          483        0.0439759         contract inside
  eval: e=0.0440  p=[0.870 0.546 0.457 0.000 0.988]
  eval: e=0.0440  p=[0.868 0.546 0.458 0.000 0.988]
   294          485        0.0439759         contract inside
  eval: e=0.0440  p=[0.871 0.546 0.458 0.000 0.988]
   295          486        0.0439759         reflect
  eval: e=0.0440  p=[0.870 0.546 0.458 0.000 0.988]
  eval: e=0.0440  p=[0.869 0.546 0.458 0.000 0.988]
   296          488        0.0439759         contract inside
  eval: e=0.0440  p=[0.872 0.545 0.458 0.000 0.989]
  eval: e=0.0440  p=[0.869 0.546 0.458 0.000 0.988]
   297          490        0.0439759         contract inside
  eval: e=0.0440  p=[0.868 0.546 0.458 0.000 0.988]
  eval: e=0.0440  p=[0.868 0.546 0.458 0.000 0.988]
   298          492        0.0439759         contract outside
  eval: e=0.0440  p=[0.869 0.546 0.458 0.000 0.988]
  eval: e=0.0440  p=[0.869 0.546 0.458 0.000 0.988]
   299          494        0.0439759         contract inside
  eval: e=0.0440  p=[0.870 0.546 0.458 0.000 0.988]
  eval: e=0.0440  p=[0.870 0.546 0.458 0.000 0.988]
   300          496        0.0439759         contract outside
  eval: e=0.0440  p=[0.870 0.546 0.458 0.000 0.988]
   301          497        0.0439759         reflect
  eval: e=0.0440  p=[0.870 0.546 0.458 0.000 0.988]
   302          498        0.0439759         reflect
  eval: e=0.0440  p=[0.871 0.546 0.458 0.000 0.988]
  eval: e=0.0440  p=[0.869 0.546 0.458 0.000 0.988]
   303          500        0.0439759         contract inside
  eval: e=0.0440  p=[0.869 0.546 0.458 0.000 0.988]
  eval: e=0.0440  p=[0.869 0.546 0.458 0.000 0.988]
   304          502        0.0439759         contract outside
  eval: e=0.0440  p=[0.868 0.546 0.458 0.000 0.988]
   305          503        0.0439759         reflect
  eval: e=0.0440  p=[0.869 0.546 0.458 0.000 0.988]
  eval: e=0.0440  p=[0.869 0.546 0.458 0.000 0.988]
   306          505        0.0439759         contract outside
  eval: e=0.0440  p=[0.869 0.546 0.458 0.000 0.988]
   307          506        0.0439759         reflect
  eval: e=0.0440  p=[0.870 0.546 0.458 0.000 0.988]
   308          507        0.0439759         reflect
  eval: e=0.0440  p=[0.870 0.546 0.458 0.000 0.988]
  eval: e=0.0440  p=[0.869 0.546 0.458 0.000 0.988]
   309          509        0.0439759         contract inside
  eval: e=0.0440  p=[0.870 0.546 0.458 0.000 0.988]
  eval: e=0.0440  p=[0.869 0.546 0.458 0.000 0.988]
   310          511        0.0439759         contract inside
  eval: e=0.0440  p=[0.870 0.546 0.458 0.000 0.988]
   311          512        0.0439759         reflect
  eval: e=0.0440  p=[0.870 0.546 0.458 0.000 0.988]
  eval: e=0.0440  p=[0.870 0.546 0.458 0.000 0.988]
   312          514        0.0439759         contract inside
  eval: e=0.0440  p=[0.870 0.546 0.458 0.000 0.988]
  eval: e=0.0440  p=[0.869 0.546 0.458 0.000 0.988]
   313          516        0.0439759         contract inside
  eval: e=0.0440  p=[0.869 0.546 0.458 0.000 0.988]
  eval: e=0.0440  p=[0.870 0.546 0.458 0.000 0.988]
   314          518        0.0439759         contract inside
  eval: e=0.0440  p=[0.869 0.546 0.458 0.000 0.988]
  eval: e=0.0440  p=[0.870 0.546 0.458 0.000 0.988]
   315          520        0.0439759         contract inside
  eval: e=0.0440  p=[0.870 0.546 0.458 0.000 0.988]
  eval: e=0.0440  p=[0.870 0.546 0.458 0.000 0.988]
   316          522        0.0439759         reflect
  eval: e=0.0440  p=[0.870 0.546 0.458 0.000 0.988]
  eval: e=0.0440  p=[0.870 0.546 0.458 0.000 0.988]
   317          524        0.0439759         reflect
  eval: e=0.0440  p=[0.870 0.546 0.458 0.000 0.988]
   318          525        0.0439759         reflect
  eval: e=0.0440  p=[0.869 0.546 0.458 0.000 0.988]
  eval: e=0.0440  p=[0.869 0.546 0.458 0.000 0.988]
   319          527        0.0439759         expand
  eval: e=0.0440  p=[0.870 0.546 0.458 0.000 0.988]
   320          528        0.0439759         reflect
  eval: e=0.0440  p=[0.870 0.546 0.458 0.000 0.988]
  eval: e=0.0440  p=[0.869 0.546 0.458 0.000 0.988]
   321          530        0.0439758         expand
  eval: e=0.0440  p=[0.869 0.546 0.458 0.000 0.988]
  eval: e=0.0440  p=[0.870 0.546 0.458 0.000 0.988]
   322          532        0.0439758         contract inside
  eval: e=0.0440  p=[0.870 0.546 0.458 0.000 0.988]
  eval: e=0.0440  p=[0.870 0.546 0.458 0.000 0.988]
   323          534        0.0439758         contract inside
  eval: e=0.0440  p=[0.869 0.546 0.458 0.000 0.988]
   324          535        0.0439758         reflect
  eval: e=0.0440  p=[0.869 0.546 0.458 0.000 0.988]
   325          536        0.0439758         reflect
  eval: e=0.0440  p=[0.869 0.546 0.458 0.000 0.988]
  eval: e=0.0440  p=[0.869 0.546 0.458 0.000 0.988]
   326          538        0.0439758         expand
  eval: e=0.0440  p=[0.869 0.546 0.458 0.000 0.988]
  eval: e=0.0440  p=[0.870 0.546 0.458 0.000 0.988]
   327          540        0.0439758         contract inside
  eval: e=0.0440  p=[0.869 0.546 0.458 0.000 0.988]
  eval: e=0.0440  p=[0.869 0.546 0.458 0.000 0.988]
   328          542        0.0439758         contract inside
  eval: e=0.0440  p=[0.869 0.546 0.458 0.000 0.988]
  eval: e=0.0440  p=[0.869 0.546 0.458 0.000 0.988]
   329          544        0.0439758         reflect
  eval: e=0.0440  p=[0.869 0.546 0.458 0.000 0.988]
  eval: e=0.0440  p=[0.869 0.546 0.458 0.000 0.988]
   330          546        0.0439758         contract inside
  eval: e=0.0440  p=[0.869 0.546 0.458 0.000 0.988]
  eval: e=0.0440  p=[0.869 0.546 0.458 0.000 0.988]
   331          548        0.0439758         contract inside
  eval: e=0.0440  p=[0.869 0.546 0.458 0.000 0.988]
   332          549        0.0439758         reflect
  eval: e=0.0440  p=[0.869 0.546 0.458 0.000 0.988]
   333          550        0.0439758         reflect
  eval: e=0.0440  p=[0.869 0.546 0.458 0.000 0.988]
  eval: e=0.0440  p=[0.869 0.546 0.458 0.000 0.988]
   334          552        0.0439758         reflect
  eval: e=0.0440  p=[0.869 0.546 0.458 0.000 0.988]
   335          553        0.0439758         reflect
  eval: e=0.0440  p=[0.869 0.546 0.458 0.000 0.988]
  eval: e=0.0440  p=[0.869 0.546 0.458 0.000 0.988]
   336          555        0.0439758         contract inside
  eval: e=0.0440  p=[0.870 0.546 0.458 0.000 0.988]
   337          556        0.0439758         reflect
  eval: e=0.0440  p=[0.869 0.546 0.458 0.000 0.988]
  eval: e=0.0440  p=[0.870 0.546 0.458 0.000 0.988]
   338          558        0.0439758         reflect
  eval: e=0.0440  p=[0.869 0.546 0.458 0.000 0.988]
  eval: e=0.0440  p=[0.869 0.546 0.458 0.000 0.988]
   339          560        0.0439758         contract inside
  eval: e=0.0440  p=[0.869 0.546 0.458 0.000 0.988]
  eval: e=0.0440  p=[0.870 0.546 0.458 0.000 0.988]
   340          562        0.0439758         expand
  eval: e=0.0440  p=[0.869 0.546 0.458 0.000 0.988]
   341          563        0.0439758         reflect
  eval: e=0.0440  p=[0.869 0.546 0.458 0.000 0.988]
  eval: e=0.0440  p=[0.869 0.546 0.458 0.000 0.988]
   342          565        0.0439758         reflect
  eval: e=0.0440  p=[0.869 0.546 0.458 0.000 0.988]
   343          566        0.0439758         reflect
  eval: e=0.0440  p=[0.869 0.546 0.458 0.000 0.988]
  eval: e=0.0440  p=[0.869 0.546 0.458 0.000 0.988]
   344          568        0.0439758         contract inside
  eval: e=0.0440  p=[0.870 0.546 0.458 0.000 0.988]
   345          569        0.0439758         reflect
  eval: e=0.0440  p=[0.869 0.546 0.458 0.000 0.988]
   346          570        0.0439758         reflect
  eval: e=0.0440  p=[0.869 0.546 0.458 0.000 0.988]
  eval: e=0.0440  p=[0.869 0.546 0.458 0.000 0.988]
   347          572        0.0439758         expand
  eval: e=0.0440  p=[0.869 0.546 0.458 0.000 0.988]
  eval: e=0.0440  p=[0.869 0.546 0.458 0.000 0.988]
   348          574        0.0439758         contract outside
  eval: e=0.0440  p=[0.869 0.546 0.458 0.000 0.988]
  eval: e=0.0440  p=[0.869 0.546 0.458 0.000 0.988]
   349          576        0.0439758         contract outside
  eval: e=0.0440  p=[0.869 0.546 0.458 0.000 0.988]
   350          577        0.0439758         reflect
  eval: e=0.0440  p=[0.869 0.546 0.458 0.000 0.988]
  eval: e=0.0440  p=[0.869 0.546 0.458 0.000 0.988]
   351          579        0.0439758         contract inside
  eval: e=0.0440  p=[0.869 0.546 0.458 0.000 0.988]
  eval: e=0.0440  p=[0.869 0.546 0.458 0.000 0.988]
   352          581        0.0439758         contract inside
  eval: e=0.0440  p=[0.869 0.546 0.458 0.000 0.988]
  eval: e=0.0440  p=[0.869 0.546 0.458 0.000 0.988]
   353          583        0.0439758         contract inside
  eval: e=0.0440  p=[0.869 0.546 0.458 0.000 0.988]
   354          584        0.0439758         reflect
  eval: e=0.0440  p=[0.869 0.546 0.458 0.000 0.988]
  eval: e=0.0440  p=[0.870 0.546 0.458 0.000 0.988]
   355          586        0.0439758         expand
  eval: e=0.0440  p=[0.869 0.546 0.458 0.000 0.988]
   356          587        0.0439758         reflect
  eval: e=0.0440  p=[0.869 0.546 0.458 0.000 0.988]
  eval: e=0.0440  p=[0.870 0.546 0.458 0.000 0.988]
   357          589        0.0439758         expand
  eval: e=0.0440  p=[0.870 0.546 0.458 0.000 0.988]
   358          590        0.0439758         reflect
  eval: e=0.0440  p=[0.870 0.546 0.458 0.000 0.988]
   359          591        0.0439758         reflect
  eval: e=0.0440  p=[0.870 0.546 0.458 0.000 0.988]
   360          592        0.0439758         reflect
  eval: e=0.0440  p=[0.870 0.546 0.458 0.000 0.988]
   361          593        0.0439758         reflect
  eval: e=0.0440  p=[0.869 0.546 0.458 0.000 0.988]
   362          594        0.0439758         reflect
  eval: e=0.0440  p=[0.870 0.546 0.458 0.000 0.988]
  eval: e=0.0440  p=[0.870 0.546 0.458 0.000 0.988]
   363          596        0.0439758         expand
  eval: e=0.0440  p=[0.870 0.546 0.458 0.000 0.988]
   364          597        0.0439758         reflect
  eval: e=0.0440  p=[0.869 0.546 0.458 0.000 0.988]
   365          598        0.0439758         reflect
  eval: e=0.0440  p=[0.870 0.546 0.458 0.000 0.988]
   366          599        0.0439758         reflect
  eval: e=0.0440  p=[0.869 0.546 0.458 0.000 0.988]
  eval: e=0.0440  p=[0.869 0.546 0.458 0.000 0.988]
   367          601        0.0439757         expand
  eval: e=0.0440  p=[0.869 0.546 0.458 0.000 0.988]
   368          602        0.0439757         reflect
  eval: e=0.0440  p=[0.870 0.546 0.458 0.000 0.988]
  eval: e=0.0440  p=[0.870 0.546 0.458 0.000 0.988]
   369          604        0.0439757         contract outside
  eval: e=0.0440  p=[0.869 0.546 0.458 0.000 0.988]
  eval: e=0.0440  p=[0.869 0.546 0.458 0.000 0.988]
   370          606        0.0439757         expand
  eval: e=0.0440  p=[0.869 0.546 0.458 0.000 0.988]
   371          607        0.0439757         reflect
  eval: e=0.0440  p=[0.869 0.546 0.458 0.000 0.988]
  eval: e=0.0440  p=[0.869 0.546 0.458 0.000 0.988]
   372          609        0.0439757         reflect
  eval: e=0.0440  p=[0.869 0.546 0.458 0.000 0.988]
   373          610        0.0439757         reflect
  eval: e=0.0440  p=[0.869 0.546 0.458 0.000 0.988]
  eval: e=0.0440  p=[0.869 0.546 0.458 0.000 0.988]
   374          612        0.0439757         expand
  eval: e=0.0440  p=[0.869 0.546 0.458 0.000 0.988]
  eval: e=0.0440  p=[0.869 0.546 0.458 0.000 0.988]
   375          614        0.0439757         expand
  eval: e=0.0440  p=[0.869 0.546 0.458 0.000 0.988]
   376          615        0.0439757         reflect
  eval: e=0.0440  p=[0.869 0.546 0.458 0.000 0.988]
  eval: e=0.0440  p=[0.869 0.546 0.458 0.000 0.988]
   377          617        0.0439757         reflect
  eval: e=0.0440  p=[0.869 0.546 0.458 0.000 0.988]
  eval: e=0.0440  p=[0.869 0.546 0.458 0.000 0.988]
   378          619        0.0439757         expand
  eval: e=0.0440  p=[0.869 0.546 0.458 0.000 0.988]
   379          620        0.0439757         reflect
  eval: e=0.0440  p=[0.869 0.546 0.458 0.000 0.988]
   380          621        0.0439757         reflect
  eval: e=0.0440  p=[0.869 0.546 0.458 0.000 0.988]
   381          622        0.0439757         reflect
  eval: e=0.0440  p=[0.869 0.546 0.458 0.000 0.988]
   382          623        0.0439757         reflect
  eval: e=0.0440  p=[0.869 0.546 0.458 0.000 0.988]
   383          624        0.0439757         reflect
  eval: e=0.0440  p=[0.869 0.546 0.458 0.000 0.988]
  eval: e=0.0440  p=[0.868 0.546 0.458 0.000 0.988]
   384          626        0.0439756         expand
  eval: e=0.0440  p=[0.869 0.546 0.458 0.000 0.988]
   385          627        0.0439756         reflect
  eval: e=0.0440  p=[0.869 0.546 0.458 0.000 0.988]
   386          628        0.0439756         reflect
  eval: e=0.0440  p=[0.869 0.546 0.458 0.000 0.988]
  eval: e=0.0440  p=[0.869 0.546 0.458 0.000 0.988]
   387          630        0.0439756         expand
  eval: e=0.0440  p=[0.869 0.546 0.458 0.000 0.988]
  eval: e=0.0440  p=[0.869 0.546 0.458 0.000 0.988]
   388          632        0.0439755         expand
  eval: e=0.0440  p=[0.869 0.546 0.458 0.000 0.988]
   389          633        0.0439755         reflect
  eval: e=0.0440  p=[0.869 0.546 0.458 0.000 0.988]
  eval: e=0.0440  p=[0.869 0.546 0.457 0.000 0.988]
   390          635        0.0439755         expand
  eval: e=0.0440  p=[0.869 0.546 0.458 0.000 0.988]
  eval: e=0.0440  p=[0.868 0.546 0.458 0.000 0.988]
   391          637        0.0439754         expand
  eval: e=0.0440  p=[0.869 0.546 0.458 0.000 0.988]
   392          638        0.0439754         reflect
  eval: e=0.0440  p=[0.868 0.546 0.457 0.000 0.988]
   393          639        0.0439754         reflect
  eval: e=0.0440  p=[0.869 0.546 0.458 0.000 0.988]
  eval: e=0.0440  p=[0.869 0.546 0.457 0.000 0.988]
   394          641        0.0439752         expand
  eval: e=0.0440  p=[0.869 0.546 0.457 0.000 0.988]
   395          642        0.0439752         reflect
  eval: e=0.0440  p=[0.869 0.546 0.457 0.000 0.988]
  eval: e=0.0440  p=[0.868 0.546 0.457 0.000 0.988]
   396          644        0.0439752         expand
  eval: e=0.0440  p=[0.869 0.546 0.457 0.000 0.988]
  eval: e=0.0440  p=[0.869 0.546 0.458 0.000 0.988]
   397          646        0.0439751         expand
  eval: e=0.0440  p=[0.868 0.546 0.457 0.000 0.988]
  eval: e=0.0440  p=[0.868 0.546 0.457 0.000 0.988]
   398          648        0.0439748         expand
  eval: e=0.0440  p=[0.869 0.546 0.457 0.000 0.988]
  eval: e=0.0440  p=[0.869 0.546 0.457 0.000 0.988]
   399          650        0.0439746         expand
  eval: e=0.0440  p=[0.869 0.546 0.457 0.000 0.988]
   400          651        0.0439746         reflect
  eval: e=0.0440  p=[0.869 0.546 0.457 0.000 0.988]
  eval: e=0.0440  p=[0.869 0.546 0.457 0.000 0.988]
   401          653        0.0439741         expand
  eval: e=0.0440  p=[0.869 0.546 0.457 0.000 0.988]
   402          654        0.0439741         reflect
  eval: e=0.0440  p=[0.868 0.546 0.457 0.000 0.988]
  eval: e=0.0440  p=[0.868 0.546 0.457 0.000 0.988]
   403          656        0.0439737         expand
  eval: e=0.0440  p=[0.869 0.546 0.457 0.000 0.988]
   404          657        0.0439737         reflect
  eval: e=0.0440  p=[0.869 0.546 0.457 0.000 0.988]
  eval: e=0.0440  p=[0.869 0.546 0.457 0.000 0.988]
   405          659        0.0439737         reflect
  eval: e=0.0440  p=[0.869 0.546 0.457 0.000 0.988]
  eval: e=0.0440  p=[0.869 0.546 0.457 0.000 0.988]
   406          661        0.0439729         expand
  eval: e=0.0440  p=[0.868 0.546 0.457 0.000 0.988]
   407          662        0.0439729         reflect
  eval: e=0.0440  p=[0.868 0.547 0.457 0.000 0.988]
   408          663        0.0439729         reflect
  eval: e=0.0440  p=[0.869 0.546 0.457 0.000 0.988]
   409          664        0.0439729         reflect
  eval: e=0.0440  p=[0.868 0.547 0.457 0.000 0.988]
   410          665        0.0439729         reflect
  eval: e=0.0440  p=[0.869 0.546 0.457 0.000 0.988]
   411          666        0.0439729         reflect
  eval: e=0.0440  p=[0.868 0.547 0.457 0.000 0.988]
  eval: e=0.0440  p=[0.868 0.547 0.457 0.000 0.988]
   412          668        0.0439727         reflect
  eval: e=0.0440  p=[0.869 0.546 0.457 0.000 0.988]
  eval: e=0.0440  p=[0.869 0.546 0.457 0.000 0.988]
   413          670        0.0439722         expand
  eval: e=0.0440  p=[0.868 0.547 0.457 0.000 0.988]
   414          671        0.0439722         reflect
  eval: e=0.0440  p=[0.870 0.546 0.457 0.000 0.988]
  eval: e=0.0440  p=[0.871 0.546 0.457 0.000 0.989]
   415          673        0.0439721         expand
  eval: e=0.0440  p=[0.870 0.546 0.457 0.000 0.988]
   416          674        0.0439721         reflect
  eval: e=0.0440  p=[0.870 0.546 0.457 0.000 0.988]
  eval: e=0.0440  p=[0.870 0.546 0.457 0.000 0.988]
   417          676        0.0439716         expand
  eval: e=0.0440  p=[0.871 0.546 0.457 0.000 0.989]
  eval: e=0.0440  p=[0.872 0.546 0.457 0.000 0.989]
   418          678        0.0439713         expand
  eval: e=0.0440  p=[0.870 0.546 0.457 0.000 0.988]
  eval: e=0.0440  p=[0.869 0.546 0.457 0.000 0.989]
   419          680        0.0439698         expand
  eval: e=0.0440  p=[0.872 0.546 0.457 0.000 0.989]
   420          681        0.0439698         reflect
  eval: e=0.0440  p=[0.872 0.546 0.457 0.000 0.989]
   421          682        0.0439698         reflect
  eval: e=0.0440  p=[0.871 0.546 0.458 0.000 0.989]
  eval: e=0.0440  p=[0.872 0.545 0.458 0.000 0.989]
   422          684        0.0439689         expand
  eval: e=0.0440  p=[0.873 0.546 0.457 0.000 0.989]
  eval: e=0.0440  p=[0.875 0.545 0.457 0.000 0.989]
   423          686        0.0439679         expand
  eval: e=0.0440  p=[0.872 0.546 0.457 0.000 0.989]
  eval: e=0.0440  p=[0.872 0.546 0.457 0.000 0.989]
   424          688        0.0439656         expand
  eval: e=0.0440  p=[0.872 0.546 0.457 0.000 0.989]
  eval: e=0.0440  p=[0.872 0.546 0.457 0.000 0.989]
   425          690        0.0439634         expand
  eval: e=0.0440  p=[0.871 0.546 0.457 0.000 0.989]
  eval: e=0.0440  p=[0.871 0.546 0.457 0.000 0.989]
   426          692        0.0439565         expand
  eval: e=0.0440  p=[0.875 0.545 0.458 0.000 0.990]
   427          693        0.0439565         reflect
  eval: e=0.0440  p=[0.874 0.546 0.457 0.000 0.990]
   428          694        0.0439565         reflect
  eval: e=0.0440  p=[0.871 0.546 0.457 0.000 0.990]
   429          695        0.0439565         reflect
  eval: e=0.0440  p=[0.873 0.545 0.457 0.000 0.990]
  eval: e=0.0439  p=[0.874 0.545 0.457 0.000 0.991]
   430          697        0.0439463         expand
  eval: e=0.0439  p=[0.875 0.545 0.458 0.000 0.991]
   431          698        0.0439463         reflect
  eval: e=0.0439  p=[0.872 0.545 0.458 0.000 0.990]
   432          699        0.0439463         reflect
  eval: e=0.0439  p=[0.870 0.546 0.457 0.000 0.991]
  eval: e=0.0439  p=[0.867 0.546 0.457 0.000 0.991]
   433          701        0.0439394         expand
  eval: e=0.0439  p=[0.872 0.545 0.458 0.000 0.991]
  eval: e=0.0439  p=[0.872 0.545 0.458 0.000 0.991]
   434          703        0.0439235         expand
  eval: e=0.0439  p=[0.873 0.545 0.458 0.000 0.992]
   435          704        0.0439235         reflect
  eval: e=0.0439  p=[0.868 0.546 0.457 0.000 0.991]
  eval: e=0.0439  p=[0.865 0.546 0.457 0.000 0.992]
   436          706        0.0439114         expand
  eval: e=0.0439  p=[0.868 0.546 0.457 0.000 0.992]
   437          707        0.0439114         reflect
  eval: e=0.0439  p=[0.864 0.546 0.457 0.000 0.993]
  eval: e=0.0439  p=[0.860 0.546 0.457 0.000 0.994]
   438          709        0.0438777         expand
  eval: e=0.0439  p=[0.868 0.545 0.458 0.000 0.994]
  eval: e=0.0438  p=[0.869 0.545 0.458 0.000 0.995]
   439          711         0.043849         expand
  eval: e=0.0439  p=[0.861 0.546 0.457 0.000 0.994]
   440          712         0.043849         reflect
  eval: e=0.0439  p=[0.857 0.547 0.457 0.000 0.995]
   441          713         0.043849         reflect
  eval: e=0.0438  p=[0.857 0.546 0.458 0.000 0.995]
  eval: e=0.0438  p=[0.852 0.546 0.458 0.000 0.997]
   442          715        0.0437864         expand
  eval: e=0.0438  p=[0.854 0.546 0.458 0.000 0.998]
  eval: e=0.0540  p=[0.849 0.546 0.458 0.000 1.000]
   443          717        0.0437786         reflect
  eval: e=0.0438  p=[0.858 0.546 0.458 0.000 0.998]
  eval: e=0.0438  p=[0.857 0.545 0.458 0.000 1.000]
   444          719        0.0437763         reflect
  eval: e=0.0437  p=[0.855 0.545 0.458 0.000 1.000]
  eval: e=0.1090  p=[0.852 0.545 0.459 0.000 1.000]
   445          721        0.0437385         reflect
  eval: e=0.0437  p=[0.858 0.544 0.459 0.000 1.000]
  eval: e=0.0721  p=[0.859 0.543 0.461 0.000 1.000]
   446          723        0.0437259         reflect
  eval: e=0.0701  p=[0.841 0.546 0.459 0.000 1.000]
  eval: e=0.0438  p=[0.862 0.545 0.458 0.000 0.997]
   447          725        0.0437259         contract inside
  eval: e=0.0437  p=[0.848 0.546 0.458 0.000 1.000]
  eval: e=0.0701  p=[0.841 0.546 0.459 0.000 1.000]
   448          727        0.0437201         reflect
  eval: e=0.0593  p=[0.858 0.545 0.458 0.000 1.000]
  eval: e=0.0438  p=[0.853 0.546 0.458 0.000 0.998]
   449          729        0.0437201         contract inside
  eval: e=0.0437  p=[0.855 0.545 0.459 0.000 1.000]
   450          730        0.0437201         reflect
  eval: e=0.0519  p=[0.850 0.544 0.460 0.000 1.000]
  eval: e=0.0438  p=[0.856 0.545 0.458 0.000 0.999]
   451          732        0.0437201         contract inside
  eval: e=0.0595  p=[0.856 0.544 0.459 0.000 1.000]
  eval: e=0.0437  p=[0.854 0.545 0.459 0.000 0.999]
   452          734        0.0437201         contract inside
  eval: e=0.0462  p=[0.852 0.545 0.459 0.000 1.000]
  eval: e=0.0437  p=[0.855 0.545 0.459 0.000 0.999]
   453          736        0.0437201         contract inside
  eval: e=0.0472  p=[0.855 0.545 0.459 0.000 1.000]
  eval: e=0.0437  p=[0.854 0.545 0.459 0.000 0.999]
   454          738        0.0437201         contract inside
  eval: e=0.0437  p=[0.853 0.545 0.459 0.000 1.000]
  eval: e=0.0437  p=[0.852 0.544 0.460 0.000 1.000]
   455          740        0.0437175         expand
  eval: e=0.0442  p=[0.852 0.544 0.460 0.000 1.000]
  eval: e=0.0437  p=[0.854 0.545 0.459 0.000 0.999]
   456          742        0.0437175         contract inside
  eval: e=0.0443  p=[0.853 0.544 0.460 0.000 1.000]
  eval: e=0.0437  p=[0.854 0.545 0.459 0.000 0.999]
   457          744        0.0437175         contract inside
  eval: e=0.0437  p=[0.853 0.545 0.460 0.000 1.000]
  eval: e=0.0437  p=[0.854 0.545 0.459 0.000 1.000]
   458          746        0.0437175         contract inside
  eval: e=0.0437  p=[0.847 0.546 0.459 0.000 1.000]
  eval: e=0.0437  p=[0.841 0.546 0.458 0.000 1.000]
   459          748        0.0437167         reflect
  eval: e=0.0440  p=[0.849 0.545 0.459 0.000 1.000]
  eval: e=0.0437  p=[0.852 0.545 0.459 0.000 1.000]
   460          750        0.0437167         contract inside
  eval: e=0.0438  p=[0.848 0.545 0.459 0.000 1.000]
  eval: e=0.0437  p=[0.852 0.545 0.459 0.000 1.000]
   461          752        0.0437167         contract inside
  eval: e=0.0437  p=[0.849 0.545 0.459 0.000 1.000]
  eval: e=0.0437  p=[0.852 0.545 0.459 0.000 1.000]
   462          754        0.0437167         contract inside
  eval: e=0.0437  p=[0.846 0.546 0.459 0.000 1.000]
  eval: e=0.0437  p=[0.852 0.545 0.459 0.000 1.000]
   463          756        0.0437136         contract inside
  eval: e=0.0437  p=[0.854 0.544 0.460 0.000 1.000]
  eval: e=0.0437  p=[0.852 0.545 0.460 0.000 1.000]
   464          758        0.0437136         contract outside
  eval: e=0.0437  p=[0.850 0.545 0.459 0.000 1.000]
  eval: e=0.0437  p=[0.849 0.545 0.460 0.000 1.000]
   465          760        0.0437109         expand
  eval: e=0.0437  p=[0.849 0.545 0.460 0.000 1.000]
   466          761        0.0437109         reflect
  eval: e=0.0437  p=[0.848 0.545 0.459 0.000 1.000]
  eval: e=0.0437  p=[0.851 0.545 0.460 0.000 1.000]
   467          763        0.0437109         contract inside
  eval: e=0.0437  p=[0.847 0.545 0.459 0.000 1.000]
  eval: e=0.0441  p=[0.844 0.546 0.459 0.000 1.000]
   468          765        0.0437108         reflect
  eval: e=0.0437  p=[0.852 0.544 0.460 0.000 1.000]
   469          766        0.0437108         reflect
  eval: e=0.0437  p=[0.849 0.545 0.460 0.000 1.000]
  eval: e=0.0437  p=[0.851 0.545 0.460 0.000 1.000]
   470          768        0.0437108         contract inside
  eval: e=0.0437  p=[0.847 0.545 0.460 0.000 1.000]
   471          769        0.0437108         reflect
  eval: e=0.0437  p=[0.847 0.545 0.460 0.000 1.000]
  eval: e=0.0437  p=[0.845 0.545 0.460 0.000 1.000]
   472          771        0.0437088         reflect
  eval: e=0.0437  p=[0.851 0.545 0.459 0.000 1.000]
   473          772        0.0437088         reflect
  eval: e=0.0437  p=[0.849 0.545 0.460 0.000 1.000]
  eval: e=0.0437  p=[0.849 0.545 0.460 0.000 1.000]
   474          774        0.0437088         contract inside
  eval: e=0.0437  p=[0.845 0.546 0.459 0.000 1.000]
  eval: e=0.0437  p=[0.851 0.544 0.460 0.000 1.000]
   475          776        0.0437088         contract inside
  eval: e=0.0437  p=[0.849 0.545 0.460 0.000 1.000]
  eval: e=0.0438  p=[0.850 0.545 0.460 0.000 1.000]
   476          778        0.0437081         reflect
  eval: e=0.0437  p=[0.852 0.544 0.460 0.000 1.000]
  eval: e=0.0437  p=[0.848 0.545 0.459 0.000 1.000]
   477          780        0.0437081         contract inside
  eval: e=0.0437  p=[0.849 0.545 0.460 0.000 1.000]
  eval: e=0.0437  p=[0.849 0.545 0.460 0.000 1.000]
   478          782        0.0437081         contract inside
  eval: e=0.0437  p=[0.847 0.545 0.460 0.000 1.000]
   479          783        0.0437081         reflect
  eval: e=0.0437  p=[0.846 0.545 0.460 0.000 1.000]
  eval: e=0.0437  p=[0.849 0.545 0.460 0.000 1.000]
   480          785        0.0437081         contract inside
  eval: e=0.0437  p=[0.851 0.545 0.459 0.000 1.000]
  eval: e=0.0437  p=[0.848 0.545 0.460 0.000 1.000]
   481          787        0.0437081         contract inside
  eval: e=0.0437  p=[0.847 0.545 0.460 0.000 1.000]
  eval: e=0.0437  p=[0.846 0.545 0.460 0.000 1.000]
   482          789        0.0437075         reflect
  eval: e=0.0437  p=[0.848 0.544 0.460 0.000 1.000]
   483          790        0.0437075         reflect
  eval: e=0.0437  p=[0.847 0.545 0.460 0.000 1.000]
  eval: e=0.0437  p=[0.849 0.545 0.460 0.000 1.000]
   484          792        0.0437075         contract inside
  eval: e=0.0437  p=[0.849 0.545 0.460 0.000 1.000]
  eval: e=0.0437  p=[0.850 0.545 0.460 0.000 1.000]
   485          794        0.0437074         reflect
  eval: e=0.0437  p=[0.850 0.545 0.460 0.000 1.000]
  eval: e=0.0437  p=[0.848 0.545 0.460 0.000 1.000]
   486          796        0.0437074         contract inside
  eval: e=0.0437  p=[0.849 0.545 0.459 0.000 1.000]
  eval: e=0.0437  p=[0.848 0.545 0.460 0.000 1.000]
   487          798        0.0437074         contract inside
  eval: e=0.0437  p=[0.848 0.545 0.460 0.000 1.000]
  eval: e=0.0437  p=[0.849 0.545 0.460 0.000 1.000]
   488          800        0.0437074         contract inside
  eval: e=0.0437  p=[0.849 0.545 0.460 0.000 1.000]
  eval: e=0.0437  p=[0.848 0.545 0.460 0.000 1.000]
   489          802        0.0437074         contract inside
  eval: e=0.0437  p=[0.848 0.545 0.460 0.000 1.000]
  eval: e=0.0437  p=[0.849 0.545 0.460 0.000 1.000]
   490          804        0.0437074         contract inside
  eval: e=0.0437  p=[0.848 0.545 0.460 0.000 1.000]
  eval: e=0.0437  p=[0.848 0.545 0.460 0.000 1.000]
   491          806        0.0437073         reflect
  eval: e=0.0437  p=[0.849 0.545 0.460 0.000 1.000]
  eval: e=0.0437  p=[0.848 0.545 0.460 0.000 1.000]
   492          808        0.0437073         contract inside
  eval: e=0.0437  p=[0.849 0.545 0.460 0.000 1.000]
  eval: e=0.0437  p=[0.848 0.545 0.460 0.000 1.000]
   493          810        0.0437073         contract inside
  eval: e=0.0437  p=[0.849 0.545 0.460 0.000 1.000]
  eval: e=0.0437  p=[0.848 0.545 0.460 0.000 1.000]
   494          812        0.0437073         contract inside
  eval: e=0.0437  p=[0.849 0.545 0.460 0.000 1.000]
  eval: e=0.0437  p=[0.848 0.545 0.460 0.000 1.000]
   495          814        0.0437073         contract inside
  eval: e=0.0437  p=[0.850 0.545 0.460 0.000 1.000]
  eval: e=0.0437  p=[0.848 0.545 0.460 0.000 1.000]
   496          816        0.0437073         contract inside
  eval: e=0.0437  p=[0.849 0.545 0.460 0.000 1.000]
  eval: e=0.0437  p=[0.849 0.545 0.460 0.000 1.000]
   497          818        0.0437072         reflect
  eval: e=0.0437  p=[0.849 0.545 0.460 0.000 1.000]
  eval: e=0.0437  p=[0.849 0.545 0.460 0.000 1.000]
   498          820        0.0437072         contract inside
  eval: e=0.0437  p=[0.848 0.545 0.460 0.000 1.000]
  eval: e=0.0437  p=[0.848 0.545 0.460 0.000 1.000]
   499          822         0.043707         reflect
  eval: e=0.0437  p=[0.848 0.545 0.460 0.000 1.000]
   500          823         0.043707         reflect
  eval: e=0.0437  p=[0.848 0.545 0.460 0.000 1.000]
  eval: e=0.0437  p=[0.848 0.545 0.460 0.000 1.000]
   501          825         0.043707         contract inside
  eval: e=0.0437  p=[0.849 0.545 0.460 0.000 1.000]
   502          826         0.043707         reflect
  eval: e=0.0437  p=[0.849 0.545 0.460 0.000 1.000]
   503          827         0.043707         reflect
  eval: e=0.0437  p=[0.848 0.545 0.460 0.000 1.000]
  eval: e=0.0437  p=[0.849 0.545 0.460 0.000 1.000]
   504          829         0.043707         contract inside
  eval: e=0.0437  p=[0.849 0.545 0.460 0.000 1.000]
   505          830         0.043707         reflect
  eval: e=0.0437  p=[0.849 0.545 0.460 0.000 1.000]
  eval: e=0.0437  p=[0.849 0.545 0.460 0.000 1.000]
   506          832         0.043707         contract outside
  eval: e=0.0437  p=[0.849 0.545 0.460 0.000 1.000]
  eval: e=0.0437  p=[0.849 0.545 0.460 0.000 1.000]
   507          834         0.043707         contract inside
  eval: e=0.0437  p=[0.849 0.545 0.460 0.000 1.000]
  eval: e=0.0437  p=[0.849 0.545 0.460 0.000 1.000]
   508          836         0.043707         contract inside
  eval: e=0.0437  p=[0.849 0.545 0.460 0.000 1.000]
   509          837         0.043707         reflect
  eval: e=0.0437  p=[0.849 0.545 0.460 0.000 1.000]
   510          838         0.043707         reflect
  eval: e=0.0437  p=[0.849 0.545 0.460 0.000 1.000]
  eval: e=0.0437  p=[0.849 0.545 0.460 0.000 1.000]
   511          840         0.043707         contract inside
  eval: e=0.0437  p=[0.849 0.545 0.460 0.000 1.000]
  eval: e=0.0437  p=[0.848 0.545 0.460 0.000 1.000]
   512          842        0.0437069         reflect
  eval: e=0.0437  p=[0.849 0.545 0.460 0.000 1.000]
   513          843        0.0437069         reflect
  eval: e=0.0437  p=[0.849 0.545 0.460 0.000 1.000]
  eval: e=0.0437  p=[0.849 0.545 0.460 0.000 1.000]
   514          845        0.0437069         contract outside
  eval: e=0.0437  p=[0.848 0.545 0.460 0.000 1.000]
  eval: e=0.0437  p=[0.849 0.545 0.460 0.000 1.000]
   515          847        0.0437069         contract inside
  eval: e=0.0437  p=[0.849 0.545 0.460 0.000 1.000]
  eval: e=0.0437  p=[0.849 0.545 0.460 0.000 1.000]
  eval: e=0.0437  p=[0.849 0.545 0.460 0.000 1.000]
  eval: e=0.0437  p=[0.849 0.545 0.460 0.000 1.000]
  eval: e=0.0437  p=[0.849 0.545 0.460 0.000 1.000]
  eval: e=0.0437  p=[0.849 0.545 0.460 0.000 1.000]
  eval: e=0.0437  p=[0.849 0.545 0.460 0.000 1.000]
   516          854        0.0437069         shrink
  eval: e=0.0437  p=[0.849 0.545 0.460 0.000 1.000]
  eval: e=0.0437  p=[0.849 0.545 0.460 0.000 1.000]
   517          856        0.0437069         contract outside
  eval: e=0.0437  p=[0.848 0.545 0.460 0.000 1.000]
  eval: e=0.0437  p=[0.849 0.545 0.460 0.000 1.000]
   518          858        0.0437069         contract inside
  eval: e=0.0437  p=[0.849 0.545 0.460 0.000 1.000]
  eval: e=0.0437  p=[0.849 0.545 0.460 0.000 1.000]
   519          860        0.0437069         contract inside
  eval: e=0.0437  p=[0.849 0.545 0.460 0.000 1.000]
  eval: e=0.0437  p=[0.849 0.545 0.460 0.000 1.000]
   520          862        0.0437069         contract inside
  eval: e=0.0437  p=[0.849 0.545 0.460 0.000 1.000]
  eval: e=0.0437  p=[0.849 0.545 0.460 0.000 1.000]
   521          864        0.0437069         contract inside
  eval: e=0.0437  p=[0.849 0.545 0.460 0.000 1.000]
   522          865        0.0437069         reflect
  eval: e=0.0437  p=[0.849 0.545 0.460 0.000 1.000]
  eval: e=0.0437  p=[0.849 0.545 0.460 0.000 1.000]
   523          867        0.0437069         contract inside
  eval: e=0.0437  p=[0.849 0.545 0.460 0.000 1.000]
  eval: e=0.0437  p=[0.849 0.545 0.460 0.000 1.000]
   524          869        0.0437069         reflect
  eval: e=0.0437  p=[0.849 0.545 0.460 0.000 1.000]
   525          870        0.0437069         reflect
  eval: e=0.0437  p=[0.849 0.545 0.460 0.000 1.000]
  eval: e=0.0437  p=[0.849 0.545 0.460 0.000 1.000]
   526          872        0.0437069         reflect
  eval: e=0.0437  p=[0.849 0.545 0.460 0.000 1.000]
  eval: e=0.0437  p=[0.849 0.545 0.460 0.000 1.000]
   527          874        0.0437069         contract inside
  eval: e=0.0437  p=[0.849 0.545 0.460 0.000 1.000]
  eval: e=0.0437  p=[0.849 0.545 0.460 0.000 1.000]
   528          876        0.0437069         contract inside
  eval: e=0.0437  p=[0.849 0.545 0.460 0.000 1.000]
   529          877        0.0437069         reflect
  eval: e=0.0437  p=[0.849 0.545 0.460 0.000 1.000]
  eval: e=0.0437  p=[0.849 0.545 0.460 0.000 1.000]
   530          879        0.0437069         expand
  eval: e=0.0437  p=[0.849 0.545 0.460 0.000 1.000]
   531          880        0.0437069         reflect
  eval: e=0.0437  p=[0.849 0.545 0.460 0.000 1.000]
   532          881        0.0437069         reflect
  eval: e=0.0437  p=[0.849 0.545 0.460 0.000 1.000]
  eval: e=0.0437  p=[0.849 0.545 0.460 0.000 1.000]
   533          883        0.0437069         expand
  eval: e=0.0437  p=[0.849 0.545 0.460 0.000 1.000]
  eval: e=0.0437  p=[0.849 0.545 0.460 0.000 1.000]
   534          885        0.0437069         contract inside
  eval: e=0.0437  p=[0.849 0.545 0.460 0.000 1.000]
   535          886        0.0437069         reflect
  eval: e=0.0437  p=[0.849 0.545 0.460 0.000 1.000]
   536          887        0.0437069         reflect
  eval: e=0.0437  p=[0.849 0.545 0.460 0.000 1.000]
  eval: e=0.0437  p=[0.849 0.545 0.460 0.000 1.000]
   537          889        0.0437069         expand
  eval: e=0.0437  p=[0.849 0.545 0.460 0.000 1.000]
  eval: e=0.0437  p=[0.849 0.545 0.460 0.000 1.000]
   538          891        0.0437069         contract inside
  eval: e=0.0437  p=[0.849 0.545 0.460 0.000 1.000]
   539          892        0.0437069         reflect
  eval: e=0.0437  p=[0.849 0.545 0.460 0.000 1.000]
   540          893        0.0437069         reflect
  eval: e=0.0437  p=[0.849 0.545 0.460 0.000 1.000]
   541          894        0.0437069         reflect
  eval: e=0.0437  p=[0.849 0.545 0.460 0.000 1.000]
  eval: e=0.0437  p=[0.849 0.545 0.460 0.000 1.000]
   542          896        0.0437069         reflect
  eval: e=0.0437  p=[0.849 0.545 0.460 0.000 1.000]
  eval: e=0.0437  p=[0.849 0.545 0.460 0.000 1.000]
   543          898        0.0437069         contract inside
  eval: e=0.0437  p=[0.849 0.545 0.460 0.000 1.000]
   544          899        0.0437069         reflect
  eval: e=0.0437  p=[0.849 0.545 0.460 0.000 1.000]
   545          900        0.0437069         reflect
  eval: e=0.0437  p=[0.849 0.545 0.460 0.000 1.000]
   546          901        0.0437069         reflect
  eval: e=0.0437  p=[0.849 0.545 0.460 0.000 1.000]
  eval: e=0.0437  p=[0.849 0.545 0.460 0.000 1.000]
   547          903        0.0437069         reflect
  eval: e=0.0437  p=[0.849 0.545 0.460 0.000 1.000]
   548          904        0.0437069         reflect
  eval: e=0.0437  p=[0.849 0.545 0.460 0.000 1.000]
  eval: e=0.0437  p=[0.849 0.545 0.460 0.000 1.000]
   549          906        0.0437069         reflect
  eval: e=0.0437  p=[0.849 0.545 0.460 0.000 1.000]
  eval: e=0.0437  p=[0.849 0.545 0.460 0.000 1.000]
   550          908        0.0437069         contract outside
  eval: e=0.0437  p=[0.849 0.545 0.460 0.000 1.000]
  eval: e=0.0437  p=[0.849 0.545 0.460 0.000 1.000]
  eval: e=0.0437  p=[0.849 0.545 0.460 0.000 1.000]
  eval: e=0.0437  p=[0.849 0.545 0.460 0.000 1.000]
  eval: e=0.0437  p=[0.849 0.545 0.460 0.000 1.000]
  eval: e=0.0437  p=[0.849 0.545 0.460 0.000 1.000]
  eval: e=0.0437  p=[0.849 0.545 0.460 0.000 1.000]
   551          915        0.0437069         shrink
 
Optimization terminated:
 the current x satisfies the termination criteria using OPTIONS.TolX of 1.000000e-04 
 and F(X) satisfies the convergence criteria using OPTIONS.TolFun of 1.000000e-06 

=== Fit complete: error=0.043707  AIC=-3054.5 ===
