  eval: e=0.2366  p=[0.500 0.500 0.500 0.300 0.500]
 
 Iteration   Func-count         f(x)         Procedure
     0            1         0.236557         
  eval: e=0.2390  p=[0.525 0.500 0.500 0.300 0.500]
  eval: e=0.3785  p=[0.500 0.525 0.500 0.300 0.500]
  eval: e=0.2941  p=[0.500 0.500 0.525 0.300 0.500]
  eval: e=0.2070  p=[0.500 0.500 0.500 0.315 0.500]
  eval: e=0.2370  p=[0.500 0.500 0.500 0.300 0.525]
     1            6         0.206971         initial simplex
  eval: e=0.1601  p=[0.510 0.475 0.510 0.306 0.510]
  eval: e=0.1174  p=[0.515 0.450 0.515 0.309 0.515]
     2            8         0.117372         expand
  eval: e=0.1423  p=[0.516 0.480 0.481 0.310 0.516]
     3            9         0.117372         reflect
  eval: e=0.1356  p=[0.487 0.472 0.498 0.313 0.522]
     4           10         0.117372         reflect
  eval: e=0.1117  p=[0.507 0.461 0.498 0.319 0.496]
  eval: e=0.0897  p=[0.511 0.441 0.497 0.328 0.482]
     5           12        0.0896831         expand
  eval: e=0.0986  p=[0.512 0.437 0.496 0.330 0.514]
     6           13        0.0896831         reflect
  eval: e=0.0957  p=[0.516 0.412 0.495 0.321 0.520]
     7           14        0.0896831         reflect
  eval: e=0.0876  p=[0.501 0.405 0.520 0.331 0.505]
  eval: e=0.0905  p=[0.493 0.368 0.539 0.342 0.500]
     8           16        0.0876446         reflect
  eval: e=0.0918  p=[0.535 0.386 0.511 0.334 0.492]
     9           17        0.0876446         reflect
  eval: e=0.0994  p=[0.515 0.383 0.492 0.349 0.490]
  eval: e=0.0926  p=[0.515 0.400 0.498 0.339 0.497]
    10           19        0.0876446         contract outside
  eval: e=0.0884  p=[0.519 0.380 0.512 0.331 0.484]
    11           20        0.0876446         reflect
  eval: e=0.0822  p=[0.516 0.393 0.520 0.345 0.464]
  eval: e=0.0792  p=[0.515 0.383 0.532 0.356 0.437]
    12           22        0.0791838         expand
  eval: e=0.0765  p=[0.517 0.399 0.530 0.334 0.464]
  eval: e=0.0699  p=[0.519 0.399 0.546 0.331 0.447]
    13           24        0.0699313         expand
  eval: e=0.0724  p=[0.491 0.417 0.532 0.337 0.450]
    14           25        0.0699313         reflect
  eval: e=0.0812  p=[0.507 0.353 0.560 0.346 0.447]
    15           26        0.0699313         reflect
  eval: e=0.0658  p=[0.494 0.402 0.564 0.349 0.430]
  eval: e=0.0638  p=[0.481 0.413 0.590 0.358 0.403]
    16           28        0.0637804         expand
  eval: e=0.0583  p=[0.505 0.381 0.584 0.360 0.368]
  eval: e=0.0538  p=[0.507 0.368 0.617 0.375 0.300]
    17           30        0.0537746         expand
  eval: e=0.0775  p=[0.499 0.440 0.567 0.356 0.367]
    18           31        0.0537746         reflect
  eval: e=0.0893  p=[0.484 0.431 0.609 0.346 0.350]
  eval: e=0.0668  p=[0.507 0.395 0.551 0.354 0.415]
    19           33        0.0537746         contract inside
  eval: e=0.0752  p=[0.504 0.357 0.567 0.345 0.439]
  eval: e=0.0663  p=[0.503 0.378 0.567 0.348 0.421]
    20           35        0.0537746         contract outside
  eval: e=0.0573  p=[0.516 0.364 0.617 0.369 0.344]
    21           36        0.0537746         reflect
  eval: e=0.0544  p=[0.487 0.369 0.631 0.391 0.306]
    22           37        0.0537746         reflect
  eval: e=0.0501  p=[0.490 0.362 0.658 0.383 0.295]
  eval: e=0.0492  p=[0.481 0.345 0.711 0.397 0.235]
    23           39        0.0491556         expand
  eval: e=0.0459  p=[0.486 0.366 0.699 0.408 0.214]
  eval: e=0.0448  p=[0.478 0.360 0.765 0.438 0.111]
    24           41        0.0447535         expand
  eval: e=0.0700  p=[0.506 0.310 0.746 0.430 0.115]
  eval: e=0.0507  p=[0.488 0.387 0.629 0.376 0.331]
    25           43        0.0447535         contract inside
  eval: e=0.0449  p=[0.461 0.367 0.724 0.421 0.169]
    26           44        0.0447535         reflect
  eval: e=0.0439  p=[0.479 0.362 0.748 0.412 0.152]
  eval: e=0.0457  p=[0.476 0.359 0.806 0.422 0.075]
    27           46        0.0438822         reflect
  eval: e=0.0467  p=[0.448 0.360 0.814 0.443 0.099]
    28           47        0.0438822         reflect
  eval: e=6.2464  p=[0.452 0.331 0.875 0.468 0.000]
  eval: e=0.0454  p=[0.479 0.373 0.691 0.399 0.242]
    29           49        0.0438822         contract inside
  eval: e=0.0533  p=[0.457 0.384 0.785 0.448 0.075]
  eval: e=0.0455  p=[0.475 0.355 0.730 0.410 0.195]
    30           51        0.0438822         contract inside
  eval: e=0.0497  p=[0.501 0.367 0.649 0.389 0.248]
  eval: e=0.0447  p=[0.461 0.362 0.773 0.429 0.137]
    31           53        0.0438822         contract inside
  eval: e=0.0457  p=[0.468 0.375 0.750 0.430 0.130]
  eval: e=0.0447  p=[0.473 0.360 0.735 0.415 0.178]
    32           55        0.0438822         contract inside
  eval: e=0.0453  p=[0.463 0.351 0.807 0.447 0.057]
  eval: e=0.0447  p=[0.467 0.357 0.778 0.435 0.103]
    33           57        0.0438822         contract outside
  eval: e=0.0443  p=[0.483 0.353 0.795 0.430 0.104]
    34           58        0.0438822         reflect
  eval: e=0.0441  p=[0.467 0.357 0.766 0.411 0.158]
    35           59        0.0438822         reflect
  eval: e=0.0452  p=[0.469 0.356 0.809 0.432 0.083]
  eval: e=0.0443  p=[0.472 0.359 0.753 0.419 0.155]
    36           61        0.0438822         contract inside
  eval: e=0.0438  p=[0.478 0.360 0.756 0.406 0.179]
  eval: e=0.0439  p=[0.484 0.362 0.745 0.391 0.217]
    37           63        0.0438294         reflect
  eval: e=0.0435  p=[0.491 0.355 0.755 0.402 0.162]
  eval: e=0.0432  p=[0.505 0.351 0.746 0.388 0.175]
    38           65        0.0431954         expand
  eval: e=0.0436  p=[0.478 0.363 0.712 0.384 0.224]
    39           66        0.0431954         reflect
  eval: e=0.0431  p=[0.491 0.359 0.738 0.381 0.201]
  eval: e=0.0430  p=[0.500 0.359 0.730 0.362 0.224]
    40           68        0.0430242         expand
  eval: e=0.0429  p=[0.510 0.361 0.711 0.370 0.224]
  eval: e=0.0430  p=[0.531 0.363 0.683 0.349 0.256]
    41           70         0.042907         reflect
  eval: e=0.0424  p=[0.510 0.356 0.714 0.352 0.258]
  eval: e=0.0420  p=[0.525 0.353 0.698 0.322 0.312]
    42           72        0.0419998         expand
  eval: e=0.0419  p=[0.529 0.355 0.683 0.324 0.284]
  eval: e=0.0418  p=[0.554 0.352 0.646 0.284 0.337]
    43           74        0.0417588         expand
  eval: e=0.0407  p=[0.559 0.347 0.700 0.306 0.285]
  eval: e=0.0395  p=[0.600 0.339 0.693 0.267 0.315]
    44           76        0.0395103         expand
  eval: e=0.0439  p=[0.570 0.354 0.645 0.254 0.389]
  eval: e=0.0421  p=[0.522 0.352 0.721 0.354 0.229]
    45           78        0.0395103         contract inside
  eval: e=0.0412  p=[0.584 0.344 0.657 0.277 0.342]
    46           79        0.0395103         reflect
  eval: e=0.0391  p=[0.604 0.335 0.655 0.232 0.390]
  eval: e=0.0375  p=[0.651 0.321 0.628 0.163 0.474]
    47           81        0.0374584         expand
  eval: e=0.0414  p=[0.644 0.332 0.608 0.171 0.483]
    48           82        0.0374584         reflect
  eval: e=0.0373  p=[0.689 0.322 0.595 0.143 0.469]
  eval: e=0.0351  p=[0.771 0.307 0.543 0.054 0.547]
    49           84        0.0351236         expand
  eval: e=0.0345  p=[0.745 0.305 0.606 0.089 0.528]
  eval: e=0.6671  p=[0.841 0.281 0.586 0.000 0.623]
    50           86        0.0345268         reflect
  eval: e=0.0362  p=[0.696 0.315 0.643 0.170 0.399]
    51           87        0.0345268         reflect
  eval: e=0.0352  p=[0.801 0.291 0.588 0.020 0.563]
    52           88        0.0345268         reflect
  eval: e=47.3766  p=[0.866 0.277 0.510 0.000 0.690]
  eval: e=0.0369  p=[0.666 0.323 0.647 0.183 0.409]
    53           90        0.0345268         contract inside
  eval: e=0.0329  p=[0.821 0.295 0.583 0.043 0.505]
  eval: e=2.7609  p=[0.906 0.281 0.560 0.000 0.520]
    54           92        0.0329339         reflect
  eval: e=10.7130  p=[0.867 0.281 0.538 0.000 0.608]
  eval: e=0.0350  p=[0.717 0.313 0.620 0.129 0.459]
    55           94        0.0329339         contract inside
  eval: e=12.2433  p=[0.846 0.289 0.533 0.000 0.641]
  eval: e=0.0344  p=[0.734 0.308 0.615 0.118 0.460]
    56           96        0.0329339         contract inside
  eval: e=0.0367  p=[0.713 0.320 0.599 0.153 0.436]
  eval: e=0.0337  p=[0.779 0.298 0.591 0.054 0.531]
    57           98        0.0329339         contract inside
  eval: e=0.0361  p=[0.748 0.301 0.663 0.120 0.445]
  eval: e=0.0338  p=[0.765 0.305 0.573 0.070 0.522]
    58          100        0.0329339         contract inside
  eval: e=0.0328  p=[0.821 0.292 0.567 0.021 0.560]
  eval: e=11.3084  p=[0.873 0.281 0.541 0.000 0.610]
    59          102        0.0328368         reflect
  eval: e=0.0322  p=[0.823 0.294 0.566 0.033 0.503]
  eval: e=0.0319  p=[0.861 0.289 0.546 0.005 0.491]
    60          104        0.0319336         expand
  eval: e=16.8040  p=[0.885 0.283 0.528 0.000 0.584]
  eval: e=0.0333  p=[0.771 0.302 0.593 0.079 0.491]
    61          106        0.0319336         contract inside
  eval: e=0.0341  p=[0.857 0.285 0.579 0.010 0.509]
  eval: e=0.0329  p=[0.788 0.300 0.574 0.055 0.519]
    62          108        0.0319336         contract inside
  eval: e=0.0318  p=[0.845 0.293 0.555 0.028 0.495]
  eval: e=0.0315  p=[0.878 0.290 0.537 0.015 0.476]
    63          110        0.0314961         expand
  eval: e=5.1707  p=[0.896 0.284 0.529 0.000 0.529]
  eval: e=0.0326  p=[0.803 0.298 0.577 0.053 0.500]
    64          112        0.0314961         contract inside
  eval: e=0.0312  p=[0.840 0.293 0.538 0.016 0.514]
  eval: e=0.0305  p=[0.849 0.292 0.515 0.003 0.518]
    65          114        0.0304635         expand
  eval: e=2.7592  p=[0.897 0.284 0.523 0.000 0.500]
  eval: e=0.0321  p=[0.815 0.296 0.561 0.037 0.514]
    66          116        0.0304635         contract inside
  eval: e=0.0318  p=[0.862 0.294 0.528 0.025 0.441]
    67          117        0.0304635         reflect
  eval: e=3.6751  p=[0.904 0.287 0.498 0.000 0.476]
  eval: e=0.0319  p=[0.828 0.295 0.558 0.035 0.494]
    68          119        0.0304635         contract inside
  eval: e=0.2022  p=[0.896 0.288 0.512 0.000 0.454]
  eval: e=0.0316  p=[0.835 0.294 0.549 0.027 0.499]
    69          121        0.0304635         contract inside
  eval: e=0.0315  p=[0.840 0.297 0.529 0.036 0.480]
    70          122        0.0304635         reflect
  eval: e=0.0307  p=[0.878 0.292 0.506 0.007 0.472]
    71          123        0.0304635         reflect
  eval: e=0.0308  p=[0.851 0.292 0.527 0.011 0.538]
    72          124        0.0304635         reflect
  eval: e=0.0303  p=[0.883 0.291 0.497 0.002 0.495]
  eval: e=1.2009  p=[0.907 0.290 0.470 0.000 0.493]
    73          126        0.0302716         reflect
  eval: e=4.6595  p=[0.896 0.286 0.504 0.000 0.519]
  eval: e=0.0310  p=[0.854 0.294 0.523 0.022 0.490]
    74          128        0.0302716         contract inside
  eval: e=0.0308  p=[0.847 0.295 0.490 0.003 0.529]
    75          129        0.0302716         reflect
  eval: e=1.4035  p=[0.869 0.290 0.491 0.000 0.530]
  eval: e=0.0307  p=[0.858 0.293 0.515 0.014 0.500]
    76          131        0.0302716         contract inside
  eval: e=0.0303  p=[0.875 0.293 0.482 0.001 0.468]
    77          132        0.0302716         reflect
  eval: e=0.0313  p=[0.890 0.290 0.516 0.008 0.452]
  eval: e=0.0304  p=[0.858 0.294 0.496 0.004 0.510]
    78          134        0.0302716         contract inside
  eval: e=0.4835  p=[0.880 0.292 0.484 0.000 0.485]
  eval: e=0.0305  p=[0.863 0.293 0.507 0.008 0.496]
    79          136        0.0302716         contract inside
  eval: e=0.0303  p=[0.854 0.293 0.493 0.000 0.523]
    80          137        0.0302716         reflect
  eval: e=0.2365  p=[0.864 0.292 0.487 0.000 0.509]
  eval: e=0.0303  p=[0.864 0.293 0.502 0.005 0.500]
    81          139        0.0302716         contract inside
  eval: e=0.0306  p=[0.884 0.294 0.473 0.002 0.479]
  eval: e=0.0303  p=[0.858 0.292 0.505 0.003 0.509]
    82          141        0.0302716         contract inside
  eval: e=0.0302  p=[0.875 0.292 0.495 0.000 0.488]
  eval: e=0.0682  p=[0.884 0.291 0.494 0.000 0.477]
    83          143        0.0302059         reflect
  eval: e=0.0307  p=[0.889 0.292 0.499 0.004 0.460]
  eval: e=0.0302  p=[0.862 0.293 0.495 0.001 0.507]
    84          145        0.0302059         contract inside
  eval: e=0.0982  p=[0.878 0.292 0.487 0.000 0.487]
  eval: e=0.0303  p=[0.867 0.293 0.498 0.003 0.496]
    85          147        0.0302059         contract inside
  eval: e=0.0304  p=[0.863 0.291 0.514 0.003 0.530]
  eval: e=0.0302  p=[0.872 0.293 0.490 0.001 0.483]
    86          149        0.0302059         contract inside
  eval: e=0.0303  p=[0.886 0.292 0.485 0.000 0.479]
  eval: e=0.0302  p=[0.865 0.292 0.500 0.002 0.501]
    87          151        0.0302059         contract inside
  eval: e=0.0351  p=[0.876 0.292 0.492 0.000 0.493]
  eval: e=0.0302  p=[0.869 0.292 0.497 0.002 0.496]
    88          153        0.0302059         contract inside
  eval: e=0.0302  p=[0.855 0.293 0.494 0.001 0.496]
  eval: e=0.0301  p=[0.841 0.294 0.493 0.001 0.496]
    89          155        0.0301403         expand
  eval: e=0.0302  p=[0.853 0.293 0.502 0.001 0.512]
    90          156        0.0301403         reflect
  eval: e=0.0310  p=[0.849 0.293 0.497 0.000 0.506]
  eval: e=0.0302  p=[0.864 0.293 0.497 0.002 0.498]
    91          158        0.0301403         contract inside
  eval: e=0.0302  p=[0.870 0.293 0.490 0.001 0.484]
    92          159        0.0301403         reflect
  eval: e=0.0313  p=[0.860 0.293 0.488 0.000 0.488]
  eval: e=0.0302  p=[0.864 0.293 0.497 0.001 0.498]
    93          161        0.0301403         contract inside
  eval: e=0.0302  p=[0.852 0.293 0.500 0.001 0.511]
  eval: e=0.0302  p=[0.857 0.293 0.498 0.001 0.504]
    94          163        0.0301403         contract outside
  eval: e=0.0302  p=[0.858 0.293 0.497 0.001 0.486]
    95          164        0.0301403         reflect
  eval: e=0.0303  p=[0.838 0.294 0.497 0.002 0.505]
  eval: e=0.0302  p=[0.866 0.292 0.496 0.001 0.492]
    96          166        0.0301403         contract inside
  eval: e=0.0301  p=[0.850 0.294 0.495 0.000 0.492]
  eval: e=0.0347  p=[0.843 0.294 0.494 0.000 0.489]
    97          168         0.030127         reflect
  eval: e=0.0312  p=[0.845 0.294 0.494 0.000 0.490]
  eval: e=0.0302  p=[0.859 0.293 0.496 0.001 0.496]
    98          170         0.030127         contract inside
  eval: e=0.0302  p=[0.851 0.293 0.494 0.000 0.506]
  eval: e=0.0302  p=[0.853 0.293 0.495 0.001 0.501]
    99          172         0.030127         contract outside
  eval: e=0.0301  p=[0.850 0.294 0.492 0.000 0.487]
  eval: e=0.0303  p=[0.847 0.294 0.489 0.000 0.478]
   100          174        0.0301183         reflect
  eval: e=0.0301  p=[0.835 0.295 0.493 0.000 0.497]
   101          175        0.0301183         reflect
  eval: e=0.0312  p=[0.832 0.295 0.491 0.000 0.493]
  eval: e=0.0302  p=[0.852 0.293 0.495 0.001 0.495]
   102          177        0.0301183         contract inside
  eval: e=0.0301  p=[0.839 0.295 0.492 0.000 0.486]
  eval: e=0.0301  p=[0.832 0.295 0.491 0.000 0.478]
   103          179        0.0300821         expand
  eval: e=0.0305  p=[0.831 0.295 0.491 0.000 0.485]
  eval: e=0.0301  p=[0.847 0.294 0.494 0.000 0.493]
   104          181        0.0300821         contract inside
  eval: e=0.0301  p=[0.853 0.294 0.493 0.000 0.482]
   105          182        0.0300821         reflect
  eval: e=0.0304  p=[0.852 0.294 0.493 0.000 0.477]
  eval: e=0.0301  p=[0.843 0.294 0.493 0.000 0.491]
   106          184        0.0300821         contract inside
  eval: e=0.0301  p=[0.836 0.295 0.493 0.000 0.495]
   107          185        0.0300821         reflect
  eval: e=0.0301  p=[0.838 0.295 0.492 0.000 0.485]
  eval: e=0.0301  p=[0.845 0.294 0.493 0.000 0.491]
   108          187        0.0300821         contract inside
  eval: e=0.0301  p=[0.852 0.294 0.493 0.000 0.481]
  eval: e=0.0301  p=[0.840 0.294 0.493 0.000 0.491]
   109          189        0.0300821         contract inside
  eval: e=0.0301  p=[0.834 0.295 0.490 0.000 0.483]
   110          190        0.0300821         reflect
  eval: e=0.0301  p=[0.835 0.295 0.490 0.000 0.482]
   111          191        0.0300821         reflect
  eval: e=0.0301  p=[0.833 0.295 0.489 0.000 0.477]
  eval: e=0.0302  p=[0.828 0.296 0.488 0.000 0.470]
   112          193        0.0300722         reflect
  eval: e=0.0301  p=[0.819 0.296 0.489 0.000 0.478]
  eval: e=0.0300  p=[0.804 0.298 0.488 0.000 0.473]
   113          195        0.0300469         expand
  eval: e=0.0300  p=[0.815 0.297 0.486 0.000 0.466]
  eval: e=0.0300  p=[0.803 0.299 0.483 0.000 0.453]
   114          197        0.0300251         reflect
  eval: e=0.0306  p=[0.813 0.297 0.488 0.000 0.467]
  eval: e=0.0301  p=[0.829 0.296 0.489 0.000 0.479]
   115          199        0.0300251         contract inside
  eval: e=0.0300  p=[0.810 0.297 0.487 0.000 0.468]
   116          200        0.0300251         reflect
  eval: e=0.0300  p=[0.805 0.298 0.485 0.000 0.467]
  eval: e=0.0300  p=[0.791 0.299 0.482 0.000 0.461]
   117          202        0.0299675         expand
  eval: e=0.0300  p=[0.786 0.300 0.483 0.000 0.462]
   118          203        0.0299675         reflect
  eval: e=0.0300  p=[0.774 0.301 0.481 0.000 0.453]
  eval: e=0.0300  p=[0.746 0.303 0.477 0.000 0.440]
   119          205        0.0299572         reflect
  eval: e=0.0299  p=[0.787 0.300 0.480 0.000 0.451]
  eval: e=0.0299  p=[0.778 0.301 0.477 0.000 0.440]
   120          207        0.0298864         expand
  eval: e=0.0299  p=[0.768 0.302 0.477 0.000 0.445]
  eval: e=0.0298  p=[0.748 0.304 0.471 0.000 0.433]
   121          209        0.0297911         expand
  eval: e=0.0298  p=[0.736 0.305 0.472 0.000 0.434]
   122          210        0.0297911         reflect
  eval: e=0.0298  p=[0.744 0.304 0.470 0.000 0.427]
  eval: e=0.0296  p=[0.723 0.307 0.463 0.000 0.409]
   123          212        0.0296358         expand
  eval: e=0.0297  p=[0.712 0.307 0.464 0.000 0.406]
   124          213        0.0296358         reflect
  eval: e=0.0295  p=[0.705 0.309 0.457 0.000 0.396]
  eval: e=0.0293  p=[0.671 0.313 0.445 0.000 0.368]
   125          215        0.0293415         expand
  eval: e=0.0295  p=[0.657 0.313 0.449 0.000 0.380]
   126          216        0.0293415         reflect
  eval: e=0.0294  p=[0.669 0.313 0.445 0.000 0.365]
   127          217        0.0293415         reflect
  eval: e=0.0293  p=[0.625 0.317 0.435 0.000 0.338]
  eval: e=0.0297  p=[0.564 0.324 0.417 0.000 0.291]
   128          219        0.0293401         reflect
  eval: e=0.0292  p=[0.626 0.318 0.431 0.001 0.338]
  eval: e=0.0291  p=[0.583 0.323 0.415 0.001 0.304]
   129          221         0.029112         expand
  eval: e=0.0295  p=[0.559 0.325 0.413 0.001 0.293]
  eval: e=0.0293  p=[0.600 0.320 0.425 0.001 0.322]
   130          223         0.029112         contract outside
  eval: e=0.0291  p=[0.602 0.321 0.417 0.000 0.299]
  eval: e=0.0290  p=[0.574 0.325 0.401 0.001 0.258]
   131          225        0.0290437         expand
  eval: e=0.0294  p=[0.553 0.327 0.403 0.001 0.271]
  eval: e=0.0292  p=[0.582 0.323 0.414 0.001 0.295]
   132          227        0.0290437         contract outside
  eval: e=0.0300  p=[0.515 0.331 0.391 0.001 0.239]
  eval: e=0.0292  p=[0.632 0.317 0.432 0.000 0.336]
   133          229        0.0290437         contract inside
  eval: e=0.0290  p=[0.563 0.326 0.400 0.001 0.267]
  eval: e=0.0291  p=[0.532 0.331 0.382 0.001 0.232]
   134          231        0.0290155         reflect
  eval: e=0.0289  p=[0.573 0.326 0.399 0.001 0.262]
  eval: e=0.0288  p=[0.560 0.328 0.386 0.001 0.232]
   135          233        0.0288246         expand
  eval: e=0.0295  p=[0.513 0.333 0.375 0.001 0.207]
  eval: e=0.0290  p=[0.602 0.321 0.417 0.001 0.303]
   136          235        0.0288246         contract inside
  eval: e=0.0288  p=[0.571 0.327 0.394 0.001 0.251]
  eval: e=0.0287  p=[0.566 0.328 0.383 0.001 0.230]
   137          237        0.0286935         expand
  eval: e=0.0288  p=[0.563 0.329 0.380 0.001 0.212]
   138          238        0.0286935         reflect
  eval: e=0.0287  p=[0.568 0.328 0.385 0.001 0.240]
  eval: e=0.0285  p=[0.565 0.329 0.378 0.001 0.231]
   139          240         0.028493         expand
  eval: e=0.0287  p=[0.525 0.335 0.354 0.001 0.165]
   140          241         0.028493         reflect
  eval: e=0.0285  p=[0.549 0.333 0.353 0.001 0.160]
  eval: e=0.0283  p=[0.542 0.337 0.330 0.001 0.107]
   141          243        0.0283288         expand
  eval: e=0.0284  p=[0.544 0.335 0.344 0.002 0.146]
   142          244        0.0283288         reflect
  eval: e=0.0283  p=[0.533 0.337 0.335 0.002 0.140]
  eval: e=0.0281  p=[0.518 0.341 0.312 0.002 0.104]
   143          246        0.0281313         expand
  eval: e=0.0282  p=[0.511 0.342 0.303 0.002 0.071]
   144          247        0.0281313         reflect
  eval: e=0.0282  p=[0.547 0.338 0.313 0.002 0.098]
   145          248        0.0281313         reflect
  eval: e=4.2856  p=[0.500 0.348 0.263 0.002 0.000]
  eval: e=0.0283  p=[0.549 0.334 0.349 0.002 0.168]
   146          250        0.0281313         contract inside
  eval: e=0.0281  p=[0.523 0.342 0.299 0.002 0.073]
  eval: e=0.0281  p=[0.512 0.345 0.277 0.003 0.036]
   147          252        0.0281128         reflect
  eval: e=0.0280  p=[0.518 0.342 0.301 0.003 0.099]
  eval: e=0.0280  p=[0.506 0.344 0.287 0.004 0.095]
   148          254        0.0279996         expand
  eval: e=0.0283  p=[0.494 0.349 0.257 0.004 0.008]
  eval: e=0.0281  p=[0.507 0.345 0.280 0.003 0.048]
   149          256        0.0279996         contract outside
  eval: e=0.0280  p=[0.530 0.342 0.293 0.003 0.096]
   150          257        0.0279996         reflect
  eval: e=0.0281  p=[0.487 0.347 0.275 0.004 0.068]
  eval: e=0.0281  p=[0.502 0.345 0.285 0.003 0.075]
   151          259        0.0279996         contract outside
  eval: e=0.0282  p=[0.509 0.347 0.265 0.004 0.051]
  eval: e=0.0281  p=[0.516 0.342 0.300 0.003 0.090]
   152          261        0.0279996         contract inside
  eval: e=0.0279  p=[0.523 0.341 0.306 0.003 0.124]
  eval: e=0.0279  p=[0.531 0.339 0.319 0.003 0.161]
   153          263        0.0278592         expand
  eval: e=0.0279  p=[0.511 0.343 0.295 0.004 0.134]
  eval: e=0.0277  p=[0.505 0.343 0.293 0.005 0.165]
   154          265        0.0277468         expand
  eval: e=0.0278  p=[0.533 0.339 0.312 0.004 0.167]
   155          266        0.0277468         reflect
  eval: e=0.0277  p=[0.526 0.341 0.301 0.005 0.183]
  eval: e=0.0277  p=[0.530 0.340 0.301 0.006 0.229]
   156          268        0.0277175         expand
  eval: e=0.0275  p=[0.512 0.340 0.311 0.006 0.231]
  eval: e=0.0274  p=[0.504 0.339 0.321 0.007 0.299]
   157          270        0.0274222         expand
  eval: e=0.0276  p=[0.535 0.336 0.331 0.006 0.314]
   158          271        0.0274222         reflect
  eval: e=0.0278  p=[0.512 0.341 0.304 0.008 0.309]
   159          272        0.0274222         reflect
  eval: e=0.0283  p=[0.501 0.341 0.308 0.009 0.359]
  eval: e=0.0276  p=[0.525 0.339 0.311 0.005 0.215]
   160          274        0.0274222         contract inside
  eval: e=0.0278  p=[0.528 0.339 0.318 0.004 0.181]
  eval: e=0.0276  p=[0.524 0.339 0.315 0.005 0.213]
   161          276        0.0274222         contract outside
  eval: e=0.0278  p=[0.543 0.334 0.339 0.007 0.343]
  eval: e=0.0276  p=[0.514 0.341 0.304 0.006 0.209]
   162          278        0.0274222         contract inside
  eval: e=0.0275  p=[0.510 0.338 0.332 0.005 0.271]
   163          279        0.0274222         reflect
  eval: e=0.0274  p=[0.510 0.338 0.330 0.006 0.307]
   164          280        0.0274222         reflect
  eval: e=0.0277  p=[0.505 0.338 0.332 0.007 0.348]
  eval: e=0.0275  p=[0.519 0.339 0.319 0.005 0.246]
   165          282        0.0274222         contract inside
  eval: e=0.0279  p=[0.517 0.335 0.349 0.007 0.366]
  eval: e=0.0275  p=[0.515 0.340 0.315 0.006 0.248]
   166          284        0.0274222         contract inside
  eval: e=0.0276  p=[0.488 0.342 0.316 0.006 0.235]
  eval: e=0.0274  p=[0.523 0.337 0.327 0.006 0.294]
   167          286        0.0274222         contract inside
  eval: e=0.0275  p=[0.518 0.339 0.313 0.007 0.287]
  eval: e=0.0274  p=[0.512 0.338 0.327 0.006 0.275]
   168          288        0.0274193         contract inside
  eval: e=0.0275  p=[0.506 0.338 0.329 0.007 0.323]
  eval: e=0.0274  p=[0.516 0.339 0.322 0.006 0.266]
   169          290        0.0274182         contract inside
  eval: e=0.0275  p=[0.511 0.337 0.335 0.007 0.328]
  eval: e=0.0274  p=[0.514 0.339 0.320 0.006 0.268]
   170          292        0.0274117         contract inside
  eval: e=0.0274  p=[0.518 0.339 0.317 0.006 0.254]
  eval: e=0.0274  p=[0.512 0.338 0.327 0.006 0.294]
   171          294        0.0274087         contract inside
  eval: e=0.0274  p=[0.500 0.340 0.319 0.006 0.266]
  eval: e=0.0274  p=[0.506 0.339 0.321 0.006 0.273]
   172          296        0.0274087         contract outside
  eval: e=0.0275  p=[0.520 0.338 0.326 0.005 0.251]
  eval: e=0.0274  p=[0.508 0.339 0.322 0.006 0.287]
   173          298        0.0274025         contract inside
  eval: e=0.0274  p=[0.510 0.339 0.318 0.007 0.280]
   174          299        0.0274025         reflect
  eval: e=0.0274  p=[0.504 0.339 0.322 0.007 0.296]
   175          300        0.0274025         reflect
  eval: e=0.0274  p=[0.502 0.339 0.323 0.007 0.304]
  eval: e=0.0274  p=[0.511 0.339 0.321 0.006 0.277]
   176          302        0.0274021         contract inside
  eval: e=0.0274  p=[0.515 0.339 0.322 0.006 0.269]
  eval: e=0.0274  p=[0.506 0.339 0.322 0.006 0.289]
   177          304        0.0274021         contract inside
  eval: e=0.0274  p=[0.513 0.339 0.322 0.007 0.298]
  eval: e=0.0274  p=[0.508 0.339 0.322 0.006 0.279]
   178          306        0.0274014         contract inside
  eval: e=0.0274  p=[0.505 0.340 0.315 0.007 0.271]
  eval: e=0.0274  p=[0.510 0.339 0.324 0.006 0.288]
   179          308        0.0274014         contract inside
  eval: e=0.0274  p=[0.507 0.339 0.326 0.006 0.288]
  eval: e=0.0274  p=[0.509 0.339 0.320 0.006 0.282]
   180          310        0.0274014         contract inside
  eval: e=0.0274  p=[0.512 0.339 0.322 0.006 0.277]
  eval: e=0.0274  p=[0.508 0.339 0.322 0.006 0.286]
   181          312         0.027401         contract inside
  eval: e=0.0274  p=[0.510 0.339 0.321 0.006 0.278]
  eval: e=0.0274  p=[0.512 0.339 0.321 0.006 0.274]
   182          314        0.0274005         reflect
  eval: e=0.0274  p=[0.509 0.339 0.324 0.006 0.281]
  eval: e=0.0274  p=[0.509 0.339 0.321 0.006 0.282]
   183          316        0.0274005         contract inside
  eval: e=0.0274  p=[0.508 0.339 0.319 0.006 0.273]
  eval: e=0.0274  p=[0.510 0.339 0.323 0.006 0.284]
   184          318        0.0274004         contract inside
  eval: e=0.0274  p=[0.507 0.339 0.322 0.006 0.287]
   185          319        0.0274004         reflect
  eval: e=0.0274  p=[0.510 0.339 0.322 0.006 0.287]
  eval: e=0.0274  p=[0.508 0.339 0.322 0.006 0.281]
   186          321        0.0274003         contract inside
  eval: e=0.0274  p=[0.511 0.339 0.321 0.006 0.278]
  eval: e=0.0274  p=[0.508 0.339 0.322 0.006 0.285]
   187          323        0.0274001         contract inside
  eval: e=0.0274  p=[0.510 0.339 0.322 0.006 0.278]
  eval: e=0.0274  p=[0.510 0.339 0.322 0.006 0.280]
   188          325           0.0274         contract outside
  eval: e=0.0274  p=[0.509 0.339 0.323 0.006 0.281]
   189          326           0.0274         reflect
  eval: e=0.0274  p=[0.508 0.339 0.323 0.006 0.287]
  eval: e=0.0274  p=[0.510 0.339 0.322 0.006 0.280]
   190          328        0.0273999         contract inside
  eval: e=0.0274  p=[0.508 0.339 0.321 0.006 0.279]
   191          329        0.0273999         reflect
  eval: e=0.0274  p=[0.510 0.339 0.322 0.006 0.281]
  eval: e=0.0274  p=[0.510 0.339 0.322 0.006 0.280]
   192          331        0.0273994         expand
  eval: e=0.0274  p=[0.511 0.339 0.323 0.006 0.284]
  eval: e=0.0274  p=[0.510 0.339 0.322 0.006 0.283]
   193          333        0.0273994         contract outside
  eval: e=0.0274  p=[0.510 0.339 0.321 0.006 0.282]
  eval: e=0.0274  p=[0.509 0.339 0.322 0.006 0.281]
   194          335        0.0273994         contract inside
  eval: e=0.0274  p=[0.512 0.339 0.322 0.006 0.277]
  eval: e=0.0274  p=[0.509 0.339 0.322 0.006 0.283]
   195          337        0.0273994         contract inside
  eval: e=0.0274  p=[0.510 0.339 0.322 0.006 0.283]
  eval: e=0.0274  p=[0.510 0.339 0.323 0.006 0.284]
   196          339        0.0273991         expand
  eval: e=0.0274  p=[0.510 0.339 0.323 0.006 0.284]
   197          340        0.0273991         reflect
  eval: e=0.0274  p=[0.509 0.339 0.322 0.006 0.282]
  eval: e=0.0274  p=[0.509 0.339 0.323 0.006 0.282]
   198          342        0.0273988         expand
  eval: e=0.0274  p=[0.510 0.339 0.323 0.006 0.284]
  eval: e=0.0274  p=[0.510 0.339 0.323 0.006 0.285]
   199          344        0.0273982         expand
  eval: e=0.0274  p=[0.510 0.339 0.323 0.006 0.284]
  eval: e=0.0274  p=[0.511 0.339 0.324 0.006 0.284]
   200          346        0.0273976         expand
  eval: e=0.0274  p=[0.510 0.339 0.323 0.006 0.282]
  eval: e=0.0274  p=[0.510 0.339 0.323 0.006 0.281]
   201          348        0.0273967         expand
  eval: e=0.0274  p=[0.509 0.339 0.324 0.006 0.287]
   202          349        0.0273967         reflect
  eval: e=0.0274  p=[0.510 0.339 0.324 0.006 0.284]
  eval: e=0.0274  p=[0.511 0.339 0.324 0.006 0.284]
   203          351        0.0273945         expand
  eval: e=0.0274  p=[0.512 0.338 0.325 0.006 0.286]
   204          352        0.0273945         reflect
  eval: e=0.0274  p=[0.511 0.338 0.325 0.006 0.283]
   205          353        0.0273945         reflect
  eval: e=0.0274  p=[0.513 0.338 0.324 0.006 0.281]
   206          354        0.0273945         reflect
  eval: e=0.0274  p=[0.512 0.338 0.324 0.006 0.282]
  eval: e=0.0274  p=[0.512 0.338 0.324 0.006 0.280]
   207          356        0.0273903         expand
  eval: e=0.0274  p=[0.513 0.338 0.326 0.006 0.284]
   208          357        0.0273903         reflect
  eval: e=0.0274  p=[0.512 0.338 0.325 0.006 0.279]
   209          358        0.0273903         reflect
  eval: e=0.0274  p=[0.513 0.338 0.324 0.006 0.280]
  eval: e=0.0274  p=[0.513 0.338 0.324 0.006 0.278]
   210          360        0.0273879         expand
  eval: e=0.0274  p=[0.512 0.338 0.325 0.006 0.282]
  eval: e=0.0274  p=[0.511 0.338 0.326 0.006 0.282]
   211          362        0.0273851         expand
  eval: e=0.0274  p=[0.514 0.338 0.326 0.005 0.278]
   212          363        0.0273851         reflect
  eval: e=0.0274  p=[0.513 0.338 0.325 0.006 0.282]
  eval: e=0.0274  p=[0.514 0.338 0.326 0.005 0.284]
   213          365        0.0273782         expand
  eval: e=0.0274  p=[0.513 0.338 0.324 0.005 0.277]
   214          366        0.0273782         reflect
  eval: e=0.0274  p=[0.514 0.338 0.326 0.005 0.279]
  eval: e=0.0274  p=[0.515 0.338 0.327 0.005 0.279]
   215          368        0.0273694         expand
  eval: e=0.0274  p=[0.513 0.338 0.327 0.005 0.282]
   216          369        0.0273694         reflect
  eval: e=0.0274  p=[0.512 0.338 0.326 0.005 0.283]
  eval: e=0.0274  p=[0.511 0.338 0.326 0.005 0.286]
   217          371        0.0273585         expand
  eval: e=0.0274  p=[0.515 0.338 0.326 0.005 0.281]
  eval: e=0.0273  p=[0.517 0.338 0.326 0.004 0.280]
   218          373        0.0273441         expand
  eval: e=0.0274  p=[0.516 0.338 0.329 0.005 0.287]
   219          374        0.0273441         reflect
  eval: e=0.0273  p=[0.515 0.338 0.328 0.004 0.281]
  eval: e=0.0273  p=[0.516 0.337 0.329 0.003 0.280]
   220          376        0.0273279         expand
  eval: e=0.0273  p=[0.517 0.337 0.327 0.004 0.283]
  eval: e=0.0273  p=[0.519 0.337 0.328 0.003 0.283]
   221          378        0.0273018         expand
  eval: e=0.0273  p=[0.517 0.337 0.328 0.003 0.288]
   222          379        0.0273018         reflect
  eval: e=0.0273  p=[0.522 0.337 0.330 0.003 0.281]
  eval: e=0.0273  p=[0.528 0.336 0.333 0.001 0.279]
   223          381        0.0272793         expand
  eval: e=0.0273  p=[0.523 0.337 0.329 0.002 0.277]
  eval: e=0.0272  p=[0.527 0.336 0.329 0.001 0.272]
   224          383         0.027239         expand
  eval: e=0.0272  p=[0.525 0.336 0.332 0.001 0.281]
   225          384         0.027239         reflect
  eval: e=0.0272  p=[0.530 0.336 0.331 0.000 0.281]
  eval: e=0.0441  p=[0.537 0.335 0.332 0.000 0.282]
   226          386        0.0272149         reflect
  eval: e=0.0360  p=[0.535 0.335 0.333 0.000 0.271]
  eval: e=0.0273  p=[0.521 0.337 0.330 0.002 0.283]
   227          388        0.0272149         contract inside
  eval: e=0.0446  p=[0.534 0.335 0.334 0.000 0.275]
  eval: e=0.0273  p=[0.523 0.337 0.329 0.002 0.281]
   228          390        0.0272149         contract inside
  eval: e=0.0272  p=[0.522 0.337 0.328 0.001 0.280]
  eval: e=0.0272  p=[0.520 0.337 0.326 0.001 0.281]
   229          392        0.0271818         expand
  eval: e=0.0308  p=[0.529 0.336 0.330 0.000 0.275]
  eval: e=0.0272  p=[0.523 0.336 0.330 0.002 0.281]
   230          394        0.0271818         contract inside
  eval: e=0.0323  p=[0.528 0.336 0.330 0.000 0.277]
  eval: e=0.0272  p=[0.524 0.336 0.329 0.001 0.280]
   231          396        0.0271818         contract inside
  eval: e=0.0274  p=[0.527 0.336 0.330 0.000 0.277]
  eval: e=0.0272  p=[0.524 0.336 0.330 0.001 0.280]
   232          398        0.0271818         contract inside
  eval: e=0.0274  p=[0.527 0.336 0.330 0.000 0.278]
  eval: e=0.0272  p=[0.525 0.336 0.330 0.001 0.280]
   233          400        0.0271818         contract inside
  eval: e=0.0272  p=[0.525 0.337 0.326 0.001 0.277]
   234          401        0.0271818         reflect
  eval: e=0.0272  p=[0.522 0.337 0.327 0.001 0.288]
   235          402        0.0271818         reflect
  eval: e=0.0272  p=[0.524 0.337 0.326 0.001 0.282]
  eval: e=0.0271  p=[0.525 0.337 0.325 0.000 0.283]
   236          404        0.0271469         expand
  eval: e=0.0271  p=[0.524 0.337 0.324 0.000 0.284]
  eval: e=0.0274  p=[0.524 0.337 0.322 0.000 0.286]
   237          406        0.0271451         reflect
  eval: e=0.0271  p=[0.516 0.338 0.320 0.001 0.283]
   238          407        0.0271451         reflect
  eval: e=0.0271  p=[0.518 0.337 0.323 0.000 0.291]
  eval: e=0.0271  p=[0.514 0.337 0.322 0.000 0.298]
   239          409        0.0271034         expand
  eval: e=0.0278  p=[0.517 0.338 0.319 0.000 0.284]
  eval: e=0.0272  p=[0.521 0.337 0.325 0.001 0.287]
   240          411        0.0271034         contract inside
  eval: e=0.0271  p=[0.520 0.337 0.320 0.000 0.293]
   241          412        0.0271034         reflect
  eval: e=0.0273  p=[0.519 0.338 0.319 0.000 0.290]
  eval: e=0.0271  p=[0.520 0.337 0.324 0.001 0.288]
   242          414        0.0271034         contract inside
  eval: e=0.0271  p=[0.513 0.338 0.319 0.001 0.296]
   243          415        0.0271034         reflect
  eval: e=0.0289  p=[0.521 0.337 0.324 0.000 0.300]
  eval: e=0.0271  p=[0.517 0.338 0.321 0.001 0.288]
   244          417        0.0271034         contract inside
  eval: e=0.0271  p=[0.510 0.338 0.318 0.001 0.301]
  eval: e=0.0271  p=[0.503 0.339 0.315 0.001 0.309]
   245          419        0.0270977         reflect
  eval: e=0.0271  p=[0.510 0.338 0.317 0.000 0.303]
  eval: e=0.0271  p=[0.504 0.339 0.313 0.000 0.310]
   246          421         0.027069         expand
  eval: e=0.0273  p=[0.508 0.338 0.316 0.000 0.312]
  eval: e=0.0271  p=[0.515 0.338 0.320 0.000 0.294]
   247          423         0.027069         contract inside
  eval: e=0.0273  p=[0.512 0.338 0.318 0.000 0.303]
  eval: e=0.0271  p=[0.513 0.338 0.319 0.000 0.297]
   248          425         0.027069         contract inside
  eval: e=0.0271  p=[0.510 0.338 0.317 0.000 0.306]
   249          426         0.027069         reflect
  eval: e=0.0271  p=[0.500 0.339 0.315 0.000 0.312]
   250          427         0.027069         reflect
  eval: e=0.0271  p=[0.501 0.339 0.311 0.000 0.313]
   251          428         0.027069         reflect
  eval: e=0.0271  p=[0.501 0.339 0.312 0.000 0.315]
  eval: e=0.0271  p=[0.508 0.338 0.317 0.000 0.304]
   252          430         0.027069         contract inside
  eval: e=0.0271  p=[0.496 0.340 0.310 0.000 0.321]
   253          431         0.027069         reflect
  eval: e=0.0277  p=[0.507 0.338 0.318 0.000 0.309]
  eval: e=0.0271  p=[0.502 0.339 0.313 0.000 0.312]
   254          433         0.027069         contract inside
  eval: e=0.0271  p=[0.514 0.338 0.320 0.000 0.297]
  eval: e=0.0271  p=[0.501 0.339 0.313 0.000 0.315]
   255          435         0.027069         contract inside
  eval: e=0.0272  p=[0.499 0.339 0.312 0.000 0.318]
  eval: e=0.0271  p=[0.506 0.339 0.315 0.000 0.308]
   256          437         0.027069         contract inside
  eval: e=0.0271  p=[0.509 0.339 0.313 0.000 0.308]
   257          438         0.027069         reflect
  eval: e=0.0273  p=[0.509 0.338 0.316 0.000 0.307]
  eval: e=0.0271  p=[0.504 0.339 0.314 0.000 0.311]
   258          440         0.027069         contract inside
  eval: e=0.0271  p=[0.513 0.338 0.316 0.000 0.303]
   259          441         0.027069         reflect
  eval: e=0.0271  p=[0.504 0.339 0.312 0.000 0.309]
  eval: e=0.0271  p=[0.506 0.339 0.313 0.000 0.309]
   260          443         0.027069         contract outside
  eval: e=0.0271  p=[0.509 0.339 0.312 0.000 0.309]
   261          444         0.027069         reflect
  eval: e=0.0271  p=[0.512 0.338 0.314 0.000 0.305]
  eval: e=0.0271  p=[0.506 0.339 0.314 0.000 0.309]
   262          446         0.027069         contract inside
  eval: e=0.0271  p=[0.510 0.338 0.315 0.000 0.307]
  eval: e=0.0271  p=[0.507 0.339 0.313 0.000 0.308]
   263          448         0.027069         contract inside
  eval: e=0.0271  p=[0.501 0.339 0.310 0.000 0.315]
  eval: e=0.0271  p=[0.510 0.338 0.315 0.000 0.306]
   264          450         0.027069         contract inside
  eval: e=0.0271  p=[0.505 0.339 0.313 0.000 0.308]
   265          451         0.027069         reflect
  eval: e=0.0271  p=[0.508 0.339 0.313 0.000 0.307]
  eval: e=0.0271  p=[0.509 0.339 0.313 0.000 0.306]
   266          453        0.0270668         reflect
  eval: e=0.0271  p=[0.507 0.339 0.313 0.000 0.308]
  eval: e=0.0271  p=[0.507 0.339 0.313 0.000 0.308]
   267          455        0.0270668         contract inside
  eval: e=0.0271  p=[0.505 0.339 0.315 0.000 0.307]
   268          456        0.0270668         reflect
  eval: e=0.0271  p=[0.502 0.339 0.312 0.000 0.311]
   269          457        0.0270668         reflect
  eval: e=0.0271  p=[0.506 0.339 0.311 0.000 0.311]
  eval: e=0.0271  p=[0.505 0.339 0.314 0.000 0.308]
   270          459        0.0270668         contract inside
  eval: e=0.0271  p=[0.503 0.339 0.313 0.000 0.310]
  eval: e=0.0271  p=[0.501 0.339 0.313 0.000 0.311]
   271          461        0.0270664         reflect
  eval: e=0.0271  p=[0.504 0.339 0.313 0.000 0.310]
   272          462        0.0270664         reflect
  eval: e=0.0271  p=[0.503 0.339 0.312 0.000 0.311]
  eval: e=0.0271  p=[0.505 0.339 0.313 0.000 0.309]
   273          464        0.0270664         contract inside
  eval: e=0.0271  p=[0.507 0.339 0.314 0.000 0.308]
   274          465        0.0270664         reflect
  eval: e=0.0271  p=[0.506 0.339 0.313 0.000 0.307]
  eval: e=0.0271  p=[0.507 0.339 0.313 0.000 0.306]
   275          467        0.0270652         reflect
  eval: e=0.0271  p=[0.507 0.339 0.313 0.000 0.308]
  eval: e=0.0271  p=[0.505 0.339 0.313 0.000 0.309]
   276          469        0.0270652         contract inside
  eval: e=0.0271  p=[0.503 0.339 0.312 0.000 0.310]
   277          470        0.0270652         reflect
  eval: e=0.0271  p=[0.507 0.339 0.313 0.000 0.307]
   278          471        0.0270652         reflect
  eval: e=0.0271  p=[0.502 0.339 0.313 0.000 0.310]
  eval: e=0.0271  p=[0.503 0.339 0.313 0.000 0.309]
   279          473        0.0270652         contract outside
  eval: e=0.0271  p=[0.507 0.339 0.313 0.000 0.307]
  eval: e=0.0271  p=[0.509 0.339 0.313 0.000 0.305]
   280          475        0.0270646         reflect
  eval: e=0.0271  p=[0.505 0.339 0.313 0.000 0.307]
  eval: e=0.0271  p=[0.505 0.339 0.313 0.000 0.306]
   281          477        0.0270607         expand
  eval: e=0.0271  p=[0.503 0.339 0.313 0.000 0.309]
   282          478        0.0270607         reflect
  eval: e=0.0271  p=[0.507 0.339 0.313 0.000 0.306]
  eval: e=0.0271  p=[0.504 0.339 0.313 0.000 0.308]
   283          480        0.0270607         contract inside
  eval: e=0.0271  p=[0.507 0.339 0.313 0.000 0.305]
   284          481        0.0270607         reflect
  eval: e=0.0271  p=[0.504 0.339 0.313 0.000 0.307]
   285          482        0.0270607         reflect
  eval: e=0.0271  p=[0.502 0.339 0.312 0.000 0.309]
  eval: e=0.0271  p=[0.504 0.339 0.312 0.000 0.308]
   286          484        0.0270607         contract outside
  eval: e=0.0271  p=[0.502 0.339 0.312 0.000 0.309]
   287          485        0.0270607         reflect
  eval: e=0.0271  p=[0.504 0.339 0.313 0.000 0.307]
   288          486        0.0270607         reflect
  eval: e=0.0271  p=[0.504 0.339 0.312 0.000 0.306]
  eval: e=0.0271  p=[0.503 0.339 0.311 0.000 0.306]
   289          488        0.0270572         expand
  eval: e=0.0271  p=[0.504 0.339 0.312 0.000 0.305]
   290          489        0.0270572         reflect
  eval: e=0.0271  p=[0.503 0.339 0.312 0.000 0.306]
   291          490        0.0270572         reflect
  eval: e=0.0271  p=[0.506 0.339 0.312 0.000 0.303]
   292          491        0.0270572         reflect
  eval: e=0.0271  p=[0.506 0.339 0.313 0.000 0.305]
   293          492        0.0270572         reflect
  eval: e=0.0271  p=[0.505 0.339 0.312 0.000 0.303]
  eval: e=0.0271  p=[0.506 0.339 0.312 0.000 0.301]
   294          494        0.0270548         expand
  eval: e=0.0271  p=[0.504 0.339 0.311 0.000 0.304]
   295          495        0.0270548         reflect
  eval: e=0.0271  p=[0.504 0.339 0.311 0.000 0.301]
  eval: e=0.0270  p=[0.503 0.340 0.310 0.000 0.299]
   296          497         0.027049         expand
  eval: e=0.0271  p=[0.505 0.339 0.311 0.000 0.302]
   297          498         0.027049         reflect
  eval: e=0.0271  p=[0.502 0.340 0.310 0.000 0.302]
   298          499         0.027049         reflect
  eval: e=0.0271  p=[0.504 0.339 0.310 0.000 0.298]
   299          500         0.027049         reflect
  eval: e=0.0271  p=[0.505 0.339 0.310 0.000 0.295]
   300          501         0.027049         reflect
  eval: e=0.0270  p=[0.503 0.340 0.309 0.000 0.297]
  eval: e=0.0271  p=[0.502 0.340 0.308 0.000 0.294]
   301          503        0.0270471         reflect
  eval: e=0.0270  p=[0.501 0.340 0.308 0.000 0.295]
  eval: e=0.0270  p=[0.499 0.340 0.306 0.000 0.292]
   302          505         0.027046         expand
  eval: e=0.0270  p=[0.503 0.340 0.307 0.000 0.291]
   303          506         0.027046         reflect
  eval: e=0.0270  p=[0.501 0.340 0.307 0.000 0.291]
  eval: e=0.0271  p=[0.500 0.340 0.306 0.000 0.288]
   304          508        0.0270455         reflect
  eval: e=0.0270  p=[0.499 0.340 0.306 0.000 0.293]
   305          509        0.0270455         reflect
  eval: e=0.0270  p=[0.499 0.341 0.305 0.000 0.286]
   306          510        0.0270455         reflect
  eval: e=0.0270  p=[0.497 0.340 0.306 0.000 0.293]
   307          511        0.0270455         reflect
  eval: e=0.0270  p=[0.501 0.340 0.307 0.000 0.291]
   308          512        0.0270455         reflect
  eval: e=0.0270  p=[0.501 0.340 0.310 0.000 0.299]
  eval: e=0.0270  p=[0.499 0.340 0.306 0.000 0.290]
   309          514        0.0270455         contract inside
  eval: e=0.0270  p=[0.496 0.341 0.304 0.000 0.286]
  eval: e=0.0270  p=[0.501 0.340 0.308 0.000 0.294]
   310          516        0.0270453         contract inside
  eval: e=0.0270  p=[0.504 0.340 0.308 0.000 0.290]
  eval: e=0.0270  p=[0.498 0.340 0.306 0.000 0.292]
   311          518        0.0270449         contract inside
  eval: e=0.0270  p=[0.499 0.340 0.306 0.000 0.293]
   312          519        0.0270449         reflect
  eval: e=0.0271  p=[0.501 0.340 0.307 0.000 0.292]
  eval: e=0.0270  p=[0.499 0.340 0.306 0.000 0.292]
   313          521        0.0270449         contract inside
  eval: e=0.0270  p=[0.501 0.340 0.307 0.000 0.291]
  eval: e=0.0270  p=[0.499 0.340 0.307 0.000 0.292]
   314          523        0.0270449         contract inside
  eval: e=0.0270  p=[0.500 0.340 0.308 0.000 0.295]
   315          524        0.0270449         reflect
  eval: e=0.0270  p=[0.498 0.340 0.307 0.000 0.295]
  eval: e=0.0270  p=[0.499 0.340 0.307 0.000 0.294]
   316          526        0.0270449         contract outside
  eval: e=0.0270  p=[0.497 0.340 0.306 0.000 0.292]
  eval: e=0.0270  p=[0.500 0.340 0.307 0.000 0.294]
   317          528        0.0270449         contract inside
  eval: e=0.0270  p=[0.500 0.340 0.307 0.000 0.295]
  eval: e=0.0270  p=[0.499 0.340 0.307 0.000 0.293]
   318          530        0.0270449         contract inside
  eval: e=0.0270  p=[0.498 0.340 0.306 0.000 0.291]
  eval: e=0.0270  p=[0.500 0.340 0.307 0.000 0.294]
   319          532        0.0270448         contract inside
  eval: e=0.0270  p=[0.499 0.340 0.307 0.000 0.294]
   320          533        0.0270448         reflect
  eval: e=0.0270  p=[0.498 0.340 0.306 0.000 0.293]
  eval: e=0.0270  p=[0.500 0.340 0.307 0.000 0.293]
   321          535        0.0270447         contract inside
  eval: e=0.0270  p=[0.499 0.340 0.307 0.000 0.293]
   322          536        0.0270447         reflect
  eval: e=0.0270  p=[0.500 0.340 0.307 0.000 0.292]
  eval: e=0.0270  p=[0.499 0.340 0.307 0.000 0.293]
   323          538        0.0270447         contract inside
  eval: e=0.0270  p=[0.499 0.340 0.307 0.000 0.292]
   324          539        0.0270447         reflect
  eval: e=0.0270  p=[0.499 0.340 0.307 0.000 0.293]
  eval: e=0.0270  p=[0.499 0.340 0.307 0.000 0.293]
  eval: e=0.0270  p=[0.499 0.340 0.307 0.000 0.293]
  eval: e=0.0270  p=[0.500 0.340 0.307 0.000 0.294]
  eval: e=0.0270  p=[0.499 0.340 0.307 0.000 0.293]
  eval: e=0.0270  p=[0.499 0.340 0.307 0.000 0.293]
  eval: e=0.0270  p=[0.499 0.340 0.307 0.000 0.293]
   325          546        0.0270447         shrink
  eval: e=0.0270  p=[0.500 0.340 0.307 0.000 0.293]
  eval: e=0.0270  p=[0.499 0.340 0.307 0.000 0.293]
   326          548        0.0270447         contract outside
  eval: e=0.0270  p=[0.499 0.340 0.307 0.000 0.293]
  eval: e=0.0270  p=[0.499 0.340 0.307 0.000 0.293]
   327          550        0.0270447         reflect
  eval: e=0.0270  p=[0.499 0.340 0.307 0.000 0.292]
  eval: e=0.0270  p=[0.499 0.340 0.307 0.000 0.293]
   328          552        0.0270447         contract outside
  eval: e=0.0270  p=[0.500 0.340 0.307 0.000 0.293]
  eval: e=0.0270  p=[0.499 0.340 0.307 0.000 0.293]
   329          554        0.0270447         contract inside
  eval: e=0.0270  p=[0.499 0.340 0.307 0.000 0.293]
  eval: e=0.0270  p=[0.499 0.340 0.307 0.000 0.293]
   330          556        0.0270447         contract inside
  eval: e=0.0270  p=[0.499 0.340 0.307 0.000 0.293]
  eval: e=0.0270  p=[0.499 0.340 0.307 0.000 0.293]
   331          558        0.0270447         reflect
  eval: e=0.0270  p=[0.499 0.340 0.307 0.000 0.293]
   332          559        0.0270447         reflect
  eval: e=0.0270  p=[0.499 0.340 0.307 0.000 0.293]
   333          560        0.0270447         reflect
  eval: e=0.0270  p=[0.499 0.340 0.307 0.000 0.293]
  eval: e=0.0270  p=[0.499 0.340 0.307 0.000 0.293]
   334          562        0.0270447         contract inside
  eval: e=0.0270  p=[0.499 0.340 0.307 0.000 0.293]
  eval: e=0.0270  p=[0.499 0.340 0.307 0.000 0.293]
   335          564        0.0270447         contract inside
  eval: e=0.0270  p=[0.499 0.340 0.307 0.000 0.293]
  eval: e=0.0270  p=[0.499 0.340 0.307 0.000 0.293]
   336          566        0.0270447         reflect
  eval: e=0.0270  p=[0.499 0.340 0.307 0.000 0.293]
  eval: e=0.0270  p=[0.499 0.340 0.307 0.000 0.293]
  eval: e=0.0270  p=[0.499 0.340 0.307 0.000 0.293]
  eval: e=0.0270  p=[0.499 0.340 0.307 0.000 0.293]
  eval: e=0.0270  p=[0.499 0.340 0.307 0.000 0.293]
  eval: e=0.0270  p=[0.499 0.340 0.307 0.000 0.293]
  eval: e=0.0270  p=[0.499 0.340 0.307 0.000 0.293]
   337          573        0.0270447         shrink
  eval: e=0.0270  p=[0.499 0.340 0.307 0.000 0.293]
   338          574        0.0270447         reflect
  eval: e=0.0270  p=[0.499 0.340 0.307 0.000 0.293]
   339          575        0.0270447         reflect
  eval: e=0.0270  p=[0.499 0.340 0.307 0.000 0.293]
  eval: e=0.0270  p=[0.499 0.340 0.307 0.000 0.293]
  eval: e=0.0270  p=[0.499 0.340 0.307 0.000 0.293]
  eval: e=0.0270  p=[0.499 0.340 0.307 0.000 0.293]
  eval: e=0.0270  p=[0.499 0.340 0.307 0.000 0.293]
  eval: e=0.0270  p=[0.499 0.340 0.307 0.000 0.293]
  eval: e=0.0270  p=[0.499 0.340 0.307 0.000 0.293]
   340          582        0.0270447         shrink
  eval: e=0.0270  p=[0.499 0.340 0.307 0.000 0.293]
   341          583        0.0270447         reflect
  eval: e=0.0270  p=[0.499 0.340 0.307 0.000 0.293]
  eval: e=0.0270  p=[0.499 0.340 0.307 0.000 0.293]
   342          585        0.0270447         contract outside
  eval: e=0.0270  p=[0.499 0.340 0.307 0.000 0.293]
  eval: e=0.0270  p=[0.499 0.340 0.307 0.000 0.293]
   343          587        0.0270447         contract inside
 
Optimization terminated:
 the current x satisfies the termination criteria using OPTIONS.TolX of 1.000000e-04 
 and F(X) satisfies the convergence criteria using OPTIONS.TolFun of 1.000000e-06 

=== Fit complete: error=0.027045  AIC=-3488.3 ===
